<?xml version="1.0" encoding="UTF-8"?>
<testsuites name="VeraBot2.0 Test Suite" tests="3462" failures="31" errors="0" time="12.708">
  <testsuite name="Submodule Migration Compatibility Tests" errors="0" failures="31" skipped="0" timestamp="2026-06-29T10:38:33" time="0.297" tests="35">
    <testcase classname="Submodule Migration Compatibility Tests › 1. Submodule Structure Verification" name="should have all submodules initialized" time="0.004">
    </testcase>
    <testcase classname="Submodule Migration Compatibility Tests › 1. Submodule Structure Verification" name="should have package.json in each submodule" time="0.009">
      <failure>assert(received)

Expected value to be equal to:
  true
Received:
  false

Message:
  Submodule core should have package.json
    at ok (/home/runner/work/verabot2.0/verabot2.0/tests/integration/test-submodule-migration-compatibility.test.js:43:16)
    at Array.forEach (&lt;anonymous&gt;)
    at Object.forEach (/home/runner/work/verabot2.0/verabot2.0/tests/integration/test-submodule-migration-compatibility.test.js:41:34)
    at Promise.finally.completed (/home/runner/work/verabot2.0/verabot2.0/node_modules/jest-circus/build/jestAdapterInit.js:1557:28)
    at new Promise (&lt;anonymous&gt;)
    at callAsyncCircusFn (/home/runner/work/verabot2.0/verabot2.0/node_modules/jest-circus/build/jestAdapterInit.js:1497:10)
    at _callCircusTest (/home/runner/work/verabot2.0/verabot2.0/node_modules/jest-circus/build/jestAdapterInit.js:1007:40)
    at _runTest (/home/runner/work/verabot2.0/verabot2.0/node_modules/jest-circus/build/jestAdapterInit.js:947:3)
    at /home/runner/work/verabot2.0/verabot2.0/node_modules/jest-circus/build/jestAdapterInit.js:849:7
    at _runTestsForDescribeBlock (/home/runner/work/verabot2.0/verabot2.0/node_modules/jest-circus/build/jestAdapterInit.js:862:11)
    at _runTestsForDescribeBlock (/home/runner/work/verabot2.0/verabot2.0/node_modules/jest-circus/build/jestAdapterInit.js:857:11)
    at _runTestsForDescribeBlock (/home/runner/work/verabot2.0/verabot2.0/node_modules/jest-circus/build/jestAdapterInit.js:857:11)
    at run (/home/runner/work/verabot2.0/verabot2.0/node_modules/jest-circus/build/jestAdapterInit.js:761:3)
    at runAndTransformResultsToJestFormat (/home/runner/work/verabot2.0/verabot2.0/node_modules/jest-circus/build/jestAdapterInit.js:1918:21)
    at jestAdapter (/home/runner/work/verabot2.0/verabot2.0/node_modules/jest-circus/build/runner.js:101:19)
    at runTestInternal (/home/runner/work/verabot2.0/verabot2.0/node_modules/jest-runner/build/index.js:275:16)
    at runTest (/home/runner/work/verabot2.0/verabot2.0/node_modules/jest-runner/build/index.js:343:7)</failure>
    </testcase>
    <testcase classname="Submodule Migration Compatibility Tests › 1. Submodule Structure Verification" name="should have src directory in each submodule" time="0.001">
      <failure>assert(received)

Expected value to be equal to:
  true
Received:
  false

Message:
  Submodule core should have src directory
    at ok (/home/runner/work/verabot2.0/verabot2.0/tests/integration/test-submodule-migration-compatibility.test.js:53:16)
    at Array.forEach (&lt;anonymous&gt;)
    at Object.forEach (/home/runner/work/verabot2.0/verabot2.0/tests/integration/test-submodule-migration-compatibility.test.js:51:34)
    at Promise.finally.completed (/home/runner/work/verabot2.0/verabot2.0/node_modules/jest-circus/build/jestAdapterInit.js:1557:28)
    at new Promise (&lt;anonymous&gt;)
    at callAsyncCircusFn (/home/runner/work/verabot2.0/verabot2.0/node_modules/jest-circus/build/jestAdapterInit.js:1497:10)
    at _callCircusTest (/home/runner/work/verabot2.0/verabot2.0/node_modules/jest-circus/build/jestAdapterInit.js:1007:40)
    at _runTest (/home/runner/work/verabot2.0/verabot2.0/node_modules/jest-circus/build/jestAdapterInit.js:947:3)
    at /home/runner/work/verabot2.0/verabot2.0/node_modules/jest-circus/build/jestAdapterInit.js:849:7
    at _runTestsForDescribeBlock (/home/runner/work/verabot2.0/verabot2.0/node_modules/jest-circus/build/jestAdapterInit.js:862:11)
    at _runTestsForDescribeBlock (/home/runner/work/verabot2.0/verabot2.0/node_modules/jest-circus/build/jestAdapterInit.js:857:11)
    at _runTestsForDescribeBlock (/home/runner/work/verabot2.0/verabot2.0/node_modules/jest-circus/build/jestAdapterInit.js:857:11)
    at run (/home/runner/work/verabot2.0/verabot2.0/node_modules/jest-circus/build/jestAdapterInit.js:761:3)
    at runAndTransformResultsToJestFormat (/home/runner/work/verabot2.0/verabot2.0/node_modules/jest-circus/build/jestAdapterInit.js:1918:21)
    at jestAdapter (/home/runner/work/verabot2.0/verabot2.0/node_modules/jest-circus/build/runner.js:101:19)
    at runTestInternal (/home/runner/work/verabot2.0/verabot2.0/node_modules/jest-runner/build/index.js:275:16)
    at runTest (/home/runner/work/verabot2.0/verabot2.0/node_modules/jest-runner/build/index.js:343:7)</failure>
    </testcase>
    <testcase classname="Submodule Migration Compatibility Tests › 1. Submodule Structure Verification" name="should have git repository in each submodule" time="0.001">
      <failure>assert(received)

Expected value to be equal to:
  true
Received:
  false

Message:
  Submodule core should have .git directory
    at ok (/home/runner/work/verabot2.0/verabot2.0/tests/integration/test-submodule-migration-compatibility.test.js:63:16)
    at Array.forEach (&lt;anonymous&gt;)
    at Object.forEach (/home/runner/work/verabot2.0/verabot2.0/tests/integration/test-submodule-migration-compatibility.test.js:61:34)
    at Promise.finally.completed (/home/runner/work/verabot2.0/verabot2.0/node_modules/jest-circus/build/jestAdapterInit.js:1557:28)
    at new Promise (&lt;anonymous&gt;)
    at callAsyncCircusFn (/home/runner/work/verabot2.0/verabot2.0/node_modules/jest-circus/build/jestAdapterInit.js:1497:10)
    at _callCircusTest (/home/runner/work/verabot2.0/verabot2.0/node_modules/jest-circus/build/jestAdapterInit.js:1007:40)
    at _runTest (/home/runner/work/verabot2.0/verabot2.0/node_modules/jest-circus/build/jestAdapterInit.js:947:3)
    at /home/runner/work/verabot2.0/verabot2.0/node_modules/jest-circus/build/jestAdapterInit.js:849:7
    at _runTestsForDescribeBlock (/home/runner/work/verabot2.0/verabot2.0/node_modules/jest-circus/build/jestAdapterInit.js:862:11)
    at _runTestsForDescribeBlock (/home/runner/work/verabot2.0/verabot2.0/node_modules/jest-circus/build/jestAdapterInit.js:857:11)
    at _runTestsForDescribeBlock (/home/runner/work/verabot2.0/verabot2.0/node_modules/jest-circus/build/jestAdapterInit.js:857:11)
    at run (/home/runner/work/verabot2.0/verabot2.0/node_modules/jest-circus/build/jestAdapterInit.js:761:3)
    at runAndTransformResultsToJestFormat (/home/runner/work/verabot2.0/verabot2.0/node_modules/jest-circus/build/jestAdapterInit.js:1918:21)
    at jestAdapter (/home/runner/work/verabot2.0/verabot2.0/node_modules/jest-circus/build/runner.js:101:19)
    at runTestInternal (/home/runner/work/verabot2.0/verabot2.0/node_modules/jest-runner/build/index.js:275:16)
    at runTest (/home/runner/work/verabot2.0/verabot2.0/node_modules/jest-runner/build/index.js:343:7)</failure>
    </testcase>
    <testcase classname="Submodule Migration Compatibility Tests › 2. verabot-core Module Tests" name="should load verabot-core module" time="0.001">
      <failure>assert(received)

Expected value to be equal to:
  true
Received:
  false

Message:
  verabot-core index.js should exist
    at Object.ok (/home/runner/work/verabot2.0/verabot2.0/tests/integration/test-submodule-migration-compatibility.test.js:76:14)
    at Promise.finally.completed (/home/runner/work/verabot2.0/verabot2.0/node_modules/jest-circus/build/jestAdapterInit.js:1557:28)
    at new Promise (&lt;anonymous&gt;)
    at callAsyncCircusFn (/home/runner/work/verabot2.0/verabot2.0/node_modules/jest-circus/build/jestAdapterInit.js:1497:10)
    at _callCircusTest (/home/runner/work/verabot2.0/verabot2.0/node_modules/jest-circus/build/jestAdapterInit.js:1007:40)
    at _runTest (/home/runner/work/verabot2.0/verabot2.0/node_modules/jest-circus/build/jestAdapterInit.js:947:3)
    at /home/runner/work/verabot2.0/verabot2.0/node_modules/jest-circus/build/jestAdapterInit.js:849:7
    at _runTestsForDescribeBlock (/home/runner/work/verabot2.0/verabot2.0/node_modules/jest-circus/build/jestAdapterInit.js:862:11)
    at _runTestsForDescribeBlock (/home/runner/work/verabot2.0/verabot2.0/node_modules/jest-circus/build/jestAdapterInit.js:857:11)
    at _runTestsForDescribeBlock (/home/runner/work/verabot2.0/verabot2.0/node_modules/jest-circus/build/jestAdapterInit.js:857:11)
    at run (/home/runner/work/verabot2.0/verabot2.0/node_modules/jest-circus/build/jestAdapterInit.js:761:3)
    at runAndTransformResultsToJestFormat (/home/runner/work/verabot2.0/verabot2.0/node_modules/jest-circus/build/jestAdapterInit.js:1918:21)
    at jestAdapter (/home/runner/work/verabot2.0/verabot2.0/node_modules/jest-circus/build/runner.js:101:19)
    at runTestInternal (/home/runner/work/verabot2.0/verabot2.0/node_modules/jest-runner/build/index.js:275:16)
    at runTest (/home/runner/work/verabot2.0/verabot2.0/node_modules/jest-runner/build/index.js:343:7)</failure>
    </testcase>
    <testcase classname="Submodule Migration Compatibility Tests › 2. verabot-core Module Tests" name="should export CommandBase class" time="0.002">
      <failure>assert(received)

Expected value to be equal to:
  true
Received:
  false

Message:
  CommandBase should exist
    at Object.ok (/home/runner/work/verabot2.0/verabot2.0/tests/integration/test-submodule-migration-compatibility.test.js:84:14)
    at Promise.finally.completed (/home/runner/work/verabot2.0/verabot2.0/node_modules/jest-circus/build/jestAdapterInit.js:1557:28)
    at new Promise (&lt;anonymous&gt;)
    at callAsyncCircusFn (/home/runner/work/verabot2.0/verabot2.0/node_modules/jest-circus/build/jestAdapterInit.js:1497:10)
    at _callCircusTest (/home/runner/work/verabot2.0/verabot2.0/node_modules/jest-circus/build/jestAdapterInit.js:1007:40)
    at _runTest (/home/runner/work/verabot2.0/verabot2.0/node_modules/jest-circus/build/jestAdapterInit.js:947:3)
    at /home/runner/work/verabot2.0/verabot2.0/node_modules/jest-circus/build/jestAdapterInit.js:849:7
    at _runTestsForDescribeBlock (/home/runner/work/verabot2.0/verabot2.0/node_modules/jest-circus/build/jestAdapterInit.js:862:11)
    at _runTestsForDescribeBlock (/home/runner/work/verabot2.0/verabot2.0/node_modules/jest-circus/build/jestAdapterInit.js:857:11)
    at _runTestsForDescribeBlock (/home/runner/work/verabot2.0/verabot2.0/node_modules/jest-circus/build/jestAdapterInit.js:857:11)
    at run (/home/runner/work/verabot2.0/verabot2.0/node_modules/jest-circus/build/jestAdapterInit.js:761:3)
    at runAndTransformResultsToJestFormat (/home/runner/work/verabot2.0/verabot2.0/node_modules/jest-circus/build/jestAdapterInit.js:1918:21)
    at jestAdapter (/home/runner/work/verabot2.0/verabot2.0/node_modules/jest-circus/build/runner.js:101:19)
    at runTestInternal (/home/runner/work/verabot2.0/verabot2.0/node_modules/jest-runner/build/index.js:275:16)
    at runTest (/home/runner/work/verabot2.0/verabot2.0/node_modules/jest-runner/build/index.js:343:7)</failure>
    </testcase>
    <testcase classname="Submodule Migration Compatibility Tests › 2. verabot-core Module Tests" name="should export CommandOptions builder" time="0.001">
      <failure>assert(received)

Expected value to be equal to:
  true
Received:
  false

Message:
  CommandOptions should exist
    at Object.ok (/home/runner/work/verabot2.0/verabot2.0/tests/integration/test-submodule-migration-compatibility.test.js:89:14)
    at Promise.finally.completed (/home/runner/work/verabot2.0/verabot2.0/node_modules/jest-circus/build/jestAdapterInit.js:1557:28)
    at new Promise (&lt;anonymous&gt;)
    at callAsyncCircusFn (/home/runner/work/verabot2.0/verabot2.0/node_modules/jest-circus/build/jestAdapterInit.js:1497:10)
    at _callCircusTest (/home/runner/work/verabot2.0/verabot2.0/node_modules/jest-circus/build/jestAdapterInit.js:1007:40)
    at _runTest (/home/runner/work/verabot2.0/verabot2.0/node_modules/jest-circus/build/jestAdapterInit.js:947:3)
    at /home/runner/work/verabot2.0/verabot2.0/node_modules/jest-circus/build/jestAdapterInit.js:849:7
    at _runTestsForDescribeBlock (/home/runner/work/verabot2.0/verabot2.0/node_modules/jest-circus/build/jestAdapterInit.js:862:11)
    at _runTestsForDescribeBlock (/home/runner/work/verabot2.0/verabot2.0/node_modules/jest-circus/build/jestAdapterInit.js:857:11)
    at _runTestsForDescribeBlock (/home/runner/work/verabot2.0/verabot2.0/node_modules/jest-circus/build/jestAdapterInit.js:857:11)
    at run (/home/runner/work/verabot2.0/verabot2.0/node_modules/jest-circus/build/jestAdapterInit.js:761:3)
    at runAndTransformResultsToJestFormat (/home/runner/work/verabot2.0/verabot2.0/node_modules/jest-circus/build/jestAdapterInit.js:1918:21)
    at jestAdapter (/home/runner/work/verabot2.0/verabot2.0/node_modules/jest-circus/build/runner.js:101:19)
    at runTestInternal (/home/runner/work/verabot2.0/verabot2.0/node_modules/jest-runner/build/index.js:275:16)
    at runTest (/home/runner/work/verabot2.0/verabot2.0/node_modules/jest-runner/build/index.js:343:7)</failure>
    </testcase>
    <testcase classname="Submodule Migration Compatibility Tests › 2. verabot-core Module Tests" name="should export EventBase class" time="0.001">
      <failure>assert(received)

Expected value to be equal to:
  true
Received:
  false

Message:
  EventBase should exist
    at Object.ok (/home/runner/work/verabot2.0/verabot2.0/tests/integration/test-submodule-migration-compatibility.test.js:94:14)
    at Promise.finally.completed (/home/runner/work/verabot2.0/verabot2.0/node_modules/jest-circus/build/jestAdapterInit.js:1557:28)
    at new Promise (&lt;anonymous&gt;)
    at callAsyncCircusFn (/home/runner/work/verabot2.0/verabot2.0/node_modules/jest-circus/build/jestAdapterInit.js:1497:10)
    at _callCircusTest (/home/runner/work/verabot2.0/verabot2.0/node_modules/jest-circus/build/jestAdapterInit.js:1007:40)
    at _runTest (/home/runner/work/verabot2.0/verabot2.0/node_modules/jest-circus/build/jestAdapterInit.js:947:3)
    at /home/runner/work/verabot2.0/verabot2.0/node_modules/jest-circus/build/jestAdapterInit.js:849:7
    at _runTestsForDescribeBlock (/home/runner/work/verabot2.0/verabot2.0/node_modules/jest-circus/build/jestAdapterInit.js:862:11)
    at _runTestsForDescribeBlock (/home/runner/work/verabot2.0/verabot2.0/node_modules/jest-circus/build/jestAdapterInit.js:857:11)
    at _runTestsForDescribeBlock (/home/runner/work/verabot2.0/verabot2.0/node_modules/jest-circus/build/jestAdapterInit.js:857:11)
    at run (/home/runner/work/verabot2.0/verabot2.0/node_modules/jest-circus/build/jestAdapterInit.js:761:3)
    at runAndTransformResultsToJestFormat (/home/runner/work/verabot2.0/verabot2.0/node_modules/jest-circus/build/jestAdapterInit.js:1918:21)
    at jestAdapter (/home/runner/work/verabot2.0/verabot2.0/node_modules/jest-circus/build/runner.js:101:19)
    at runTestInternal (/home/runner/work/verabot2.0/verabot2.0/node_modules/jest-runner/build/index.js:275:16)
    at runTest (/home/runner/work/verabot2.0/verabot2.0/node_modules/jest-runner/build/index.js:343:7)</failure>
    </testcase>
    <testcase classname="Submodule Migration Compatibility Tests › 2. verabot-core Module Tests" name="should re-export services from verabot-utils" time="0.001">
      <failure>assert(received)

Expected value to be equal to:
  true
Received:
  false

Message:
  Services directory should exist
    at Object.ok (/home/runner/work/verabot2.0/verabot2.0/tests/integration/test-submodule-migration-compatibility.test.js:99:14)
    at Promise.finally.completed (/home/runner/work/verabot2.0/verabot2.0/node_modules/jest-circus/build/jestAdapterInit.js:1557:28)
    at new Promise (&lt;anonymous&gt;)
    at callAsyncCircusFn (/home/runner/work/verabot2.0/verabot2.0/node_modules/jest-circus/build/jestAdapterInit.js:1497:10)
    at _callCircusTest (/home/runner/work/verabot2.0/verabot2.0/node_modules/jest-circus/build/jestAdapterInit.js:1007:40)
    at _runTest (/home/runner/work/verabot2.0/verabot2.0/node_modules/jest-circus/build/jestAdapterInit.js:947:3)
    at /home/runner/work/verabot2.0/verabot2.0/node_modules/jest-circus/build/jestAdapterInit.js:849:7
    at _runTestsForDescribeBlock (/home/runner/work/verabot2.0/verabot2.0/node_modules/jest-circus/build/jestAdapterInit.js:862:11)
    at _runTestsForDescribeBlock (/home/runner/work/verabot2.0/verabot2.0/node_modules/jest-circus/build/jestAdapterInit.js:857:11)
    at _runTestsForDescribeBlock (/home/runner/work/verabot2.0/verabot2.0/node_modules/jest-circus/build/jestAdapterInit.js:857:11)
    at run (/home/runner/work/verabot2.0/verabot2.0/node_modules/jest-circus/build/jestAdapterInit.js:761:3)
    at runAndTransformResultsToJestFormat (/home/runner/work/verabot2.0/verabot2.0/node_modules/jest-circus/build/jestAdapterInit.js:1918:21)
    at jestAdapter (/home/runner/work/verabot2.0/verabot2.0/node_modules/jest-circus/build/runner.js:101:19)
    at runTestInternal (/home/runner/work/verabot2.0/verabot2.0/node_modules/jest-runner/build/index.js:275:16)
    at runTest (/home/runner/work/verabot2.0/verabot2.0/node_modules/jest-runner/build/index.js:343:7)</failure>
    </testcase>
    <testcase classname="Submodule Migration Compatibility Tests › 2. verabot-core Module Tests" name="should have helpers module" time="0.001">
      <failure>assert(received)

Expected value to be equal to:
  true
Received:
  false

Message:
  Helpers directory should exist
    at Object.ok (/home/runner/work/verabot2.0/verabot2.0/tests/integration/test-submodule-migration-compatibility.test.js:120:14)
    at Promise.finally.completed (/home/runner/work/verabot2.0/verabot2.0/node_modules/jest-circus/build/jestAdapterInit.js:1557:28)
    at new Promise (&lt;anonymous&gt;)
    at callAsyncCircusFn (/home/runner/work/verabot2.0/verabot2.0/node_modules/jest-circus/build/jestAdapterInit.js:1497:10)
    at _callCircusTest (/home/runner/work/verabot2.0/verabot2.0/node_modules/jest-circus/build/jestAdapterInit.js:1007:40)
    at _runTest (/home/runner/work/verabot2.0/verabot2.0/node_modules/jest-circus/build/jestAdapterInit.js:947:3)
    at /home/runner/work/verabot2.0/verabot2.0/node_modules/jest-circus/build/jestAdapterInit.js:849:7
    at _runTestsForDescribeBlock (/home/runner/work/verabot2.0/verabot2.0/node_modules/jest-circus/build/jestAdapterInit.js:862:11)
    at _runTestsForDescribeBlock (/home/runner/work/verabot2.0/verabot2.0/node_modules/jest-circus/build/jestAdapterInit.js:857:11)
    at _runTestsForDescribeBlock (/home/runner/work/verabot2.0/verabot2.0/node_modules/jest-circus/build/jestAdapterInit.js:857:11)
    at run (/home/runner/work/verabot2.0/verabot2.0/node_modules/jest-circus/build/jestAdapterInit.js:761:3)
    at runAndTransformResultsToJestFormat (/home/runner/work/verabot2.0/verabot2.0/node_modules/jest-circus/build/jestAdapterInit.js:1918:21)
    at jestAdapter (/home/runner/work/verabot2.0/verabot2.0/node_modules/jest-circus/build/runner.js:101:19)
    at runTestInternal (/home/runner/work/verabot2.0/verabot2.0/node_modules/jest-runner/build/index.js:275:16)
    at runTest (/home/runner/work/verabot2.0/verabot2.0/node_modules/jest-runner/build/index.js:343:7)</failure>
    </testcase>
    <testcase classname="Submodule Migration Compatibility Tests › 3. verabot-utils Module Tests" name="should load verabot-utils module" time="0.001">
      <failure>assert(received)

Expected value to be equal to:
  true
Received:
  false

Message:
  verabot-utils index.js should exist
    at Object.ok (/home/runner/work/verabot2.0/verabot2.0/tests/integration/test-submodule-migration-compatibility.test.js:127:14)
    at Promise.finally.completed (/home/runner/work/verabot2.0/verabot2.0/node_modules/jest-circus/build/jestAdapterInit.js:1557:28)
    at new Promise (&lt;anonymous&gt;)
    at callAsyncCircusFn (/home/runner/work/verabot2.0/verabot2.0/node_modules/jest-circus/build/jestAdapterInit.js:1497:10)
    at _callCircusTest (/home/runner/work/verabot2.0/verabot2.0/node_modules/jest-circus/build/jestAdapterInit.js:1007:40)
    at _runTest (/home/runner/work/verabot2.0/verabot2.0/node_modules/jest-circus/build/jestAdapterInit.js:947:3)
    at /home/runner/work/verabot2.0/verabot2.0/node_modules/jest-circus/build/jestAdapterInit.js:849:7
    at _runTestsForDescribeBlock (/home/runner/work/verabot2.0/verabot2.0/node_modules/jest-circus/build/jestAdapterInit.js:862:11)
    at _runTestsForDescribeBlock (/home/runner/work/verabot2.0/verabot2.0/node_modules/jest-circus/build/jestAdapterInit.js:857:11)
    at _runTestsForDescribeBlock (/home/runner/work/verabot2.0/verabot2.0/node_modules/jest-circus/build/jestAdapterInit.js:857:11)
    at run (/home/runner/work/verabot2.0/verabot2.0/node_modules/jest-circus/build/jestAdapterInit.js:761:3)
    at runAndTransformResultsToJestFormat (/home/runner/work/verabot2.0/verabot2.0/node_modules/jest-circus/build/jestAdapterInit.js:1918:21)
    at jestAdapter (/home/runner/work/verabot2.0/verabot2.0/node_modules/jest-circus/build/runner.js:101:19)
    at runTestInternal (/home/runner/work/verabot2.0/verabot2.0/node_modules/jest-runner/build/index.js:275:16)
    at runTest (/home/runner/work/verabot2.0/verabot2.0/node_modules/jest-runner/build/index.js:343:7)</failure>
    </testcase>
    <testcase classname="Submodule Migration Compatibility Tests › 3. verabot-utils Module Tests" name="should have DatabaseService" time="0.002">
      <failure>assert(received)

Expected value to be equal to:
  true
Received:
  false

Message:
  DatabaseService should exist
    at Object.ok (/home/runner/work/verabot2.0/verabot2.0/tests/integration/test-submodule-migration-compatibility.test.js:137:14)
    at Promise.finally.completed (/home/runner/work/verabot2.0/verabot2.0/node_modules/jest-circus/build/jestAdapterInit.js:1557:28)
    at new Promise (&lt;anonymous&gt;)
    at callAsyncCircusFn (/home/runner/work/verabot2.0/verabot2.0/node_modules/jest-circus/build/jestAdapterInit.js:1497:10)
    at _callCircusTest (/home/runner/work/verabot2.0/verabot2.0/node_modules/jest-circus/build/jestAdapterInit.js:1007:40)
    at _runTest (/home/runner/work/verabot2.0/verabot2.0/node_modules/jest-circus/build/jestAdapterInit.js:947:3)
    at /home/runner/work/verabot2.0/verabot2.0/node_modules/jest-circus/build/jestAdapterInit.js:849:7
    at _runTestsForDescribeBlock (/home/runner/work/verabot2.0/verabot2.0/node_modules/jest-circus/build/jestAdapterInit.js:862:11)
    at _runTestsForDescribeBlock (/home/runner/work/verabot2.0/verabot2.0/node_modules/jest-circus/build/jestAdapterInit.js:857:11)
    at _runTestsForDescribeBlock (/home/runner/work/verabot2.0/verabot2.0/node_modules/jest-circus/build/jestAdapterInit.js:857:11)
    at run (/home/runner/work/verabot2.0/verabot2.0/node_modules/jest-circus/build/jestAdapterInit.js:761:3)
    at runAndTransformResultsToJestFormat (/home/runner/work/verabot2.0/verabot2.0/node_modules/jest-circus/build/jestAdapterInit.js:1918:21)
    at jestAdapter (/home/runner/work/verabot2.0/verabot2.0/node_modules/jest-circus/build/runner.js:101:19)
    at runTestInternal (/home/runner/work/verabot2.0/verabot2.0/node_modules/jest-runner/build/index.js:275:16)
    at runTest (/home/runner/work/verabot2.0/verabot2.0/node_modules/jest-runner/build/index.js:343:7)</failure>
    </testcase>
    <testcase classname="Submodule Migration Compatibility Tests › 3. verabot-utils Module Tests" name="should have GuildAwareDatabaseService" time="0.001">
      <failure>assert(received)

Expected value to be equal to:
  true
Received:
  false

Message:
  GuildAwareDatabaseService should exist
    at Object.ok (/home/runner/work/verabot2.0/verabot2.0/tests/integration/test-submodule-migration-compatibility.test.js:147:14)
    at Promise.finally.completed (/home/runner/work/verabot2.0/verabot2.0/node_modules/jest-circus/build/jestAdapterInit.js:1557:28)
    at new Promise (&lt;anonymous&gt;)
    at callAsyncCircusFn (/home/runner/work/verabot2.0/verabot2.0/node_modules/jest-circus/build/jestAdapterInit.js:1497:10)
    at _callCircusTest (/home/runner/work/verabot2.0/verabot2.0/node_modules/jest-circus/build/jestAdapterInit.js:1007:40)
    at _runTest (/home/runner/work/verabot2.0/verabot2.0/node_modules/jest-circus/build/jestAdapterInit.js:947:3)
    at /home/runner/work/verabot2.0/verabot2.0/node_modules/jest-circus/build/jestAdapterInit.js:849:7
    at _runTestsForDescribeBlock (/home/runner/work/verabot2.0/verabot2.0/node_modules/jest-circus/build/jestAdapterInit.js:862:11)
    at _runTestsForDescribeBlock (/home/runner/work/verabot2.0/verabot2.0/node_modules/jest-circus/build/jestAdapterInit.js:857:11)
    at _runTestsForDescribeBlock (/home/runner/work/verabot2.0/verabot2.0/node_modules/jest-circus/build/jestAdapterInit.js:857:11)
    at run (/home/runner/work/verabot2.0/verabot2.0/node_modules/jest-circus/build/jestAdapterInit.js:761:3)
    at runAndTransformResultsToJestFormat (/home/runner/work/verabot2.0/verabot2.0/node_modules/jest-circus/build/jestAdapterInit.js:1918:21)
    at jestAdapter (/home/runner/work/verabot2.0/verabot2.0/node_modules/jest-circus/build/runner.js:101:19)
    at runTestInternal (/home/runner/work/verabot2.0/verabot2.0/node_modules/jest-runner/build/index.js:275:16)
    at runTest (/home/runner/work/verabot2.0/verabot2.0/node_modules/jest-runner/build/index.js:343:7)</failure>
    </testcase>
    <testcase classname="Submodule Migration Compatibility Tests › 3. verabot-utils Module Tests" name="should have ValidationService" time="0.004">
      <failure>assert(received)

Expected value to be equal to:
  true
Received:
  false

Message:
  ValidationService should exist
    at Object.ok (/home/runner/work/verabot2.0/verabot2.0/tests/integration/test-submodule-migration-compatibility.test.js:157:14)
    at Promise.finally.completed (/home/runner/work/verabot2.0/verabot2.0/node_modules/jest-circus/build/jestAdapterInit.js:1557:28)
    at new Promise (&lt;anonymous&gt;)
    at callAsyncCircusFn (/home/runner/work/verabot2.0/verabot2.0/node_modules/jest-circus/build/jestAdapterInit.js:1497:10)
    at _callCircusTest (/home/runner/work/verabot2.0/verabot2.0/node_modules/jest-circus/build/jestAdapterInit.js:1007:40)
    at _runTest (/home/runner/work/verabot2.0/verabot2.0/node_modules/jest-circus/build/jestAdapterInit.js:947:3)
    at /home/runner/work/verabot2.0/verabot2.0/node_modules/jest-circus/build/jestAdapterInit.js:849:7
    at _runTestsForDescribeBlock (/home/runner/work/verabot2.0/verabot2.0/node_modules/jest-circus/build/jestAdapterInit.js:862:11)
    at _runTestsForDescribeBlock (/home/runner/work/verabot2.0/verabot2.0/node_modules/jest-circus/build/jestAdapterInit.js:857:11)
    at _runTestsForDescribeBlock (/home/runner/work/verabot2.0/verabot2.0/node_modules/jest-circus/build/jestAdapterInit.js:857:11)
    at run (/home/runner/work/verabot2.0/verabot2.0/node_modules/jest-circus/build/jestAdapterInit.js:761:3)
    at runAndTransformResultsToJestFormat (/home/runner/work/verabot2.0/verabot2.0/node_modules/jest-circus/build/jestAdapterInit.js:1918:21)
    at jestAdapter (/home/runner/work/verabot2.0/verabot2.0/node_modules/jest-circus/build/runner.js:101:19)
    at runTestInternal (/home/runner/work/verabot2.0/verabot2.0/node_modules/jest-runner/build/index.js:275:16)
    at runTest (/home/runner/work/verabot2.0/verabot2.0/node_modules/jest-runner/build/index.js:343:7)</failure>
    </testcase>
    <testcase classname="Submodule Migration Compatibility Tests › 3. verabot-utils Module Tests" name="should have middleware" time="0">
      <failure>assert(received)

Expected value to be equal to:
  true
Received:
  false

Message:
  Middleware directory should exist
    at Object.ok (/home/runner/work/verabot2.0/verabot2.0/tests/integration/test-submodule-migration-compatibility.test.js:162:14)
    at Promise.finally.completed (/home/runner/work/verabot2.0/verabot2.0/node_modules/jest-circus/build/jestAdapterInit.js:1557:28)
    at new Promise (&lt;anonymous&gt;)
    at callAsyncCircusFn (/home/runner/work/verabot2.0/verabot2.0/node_modules/jest-circus/build/jestAdapterInit.js:1497:10)
    at _callCircusTest (/home/runner/work/verabot2.0/verabot2.0/node_modules/jest-circus/build/jestAdapterInit.js:1007:40)
    at _runTest (/home/runner/work/verabot2.0/verabot2.0/node_modules/jest-circus/build/jestAdapterInit.js:947:3)
    at /home/runner/work/verabot2.0/verabot2.0/node_modules/jest-circus/build/jestAdapterInit.js:849:7
    at _runTestsForDescribeBlock (/home/runner/work/verabot2.0/verabot2.0/node_modules/jest-circus/build/jestAdapterInit.js:862:11)
    at _runTestsForDescribeBlock (/home/runner/work/verabot2.0/verabot2.0/node_modules/jest-circus/build/jestAdapterInit.js:857:11)
    at _runTestsForDescribeBlock (/home/runner/work/verabot2.0/verabot2.0/node_modules/jest-circus/build/jestAdapterInit.js:857:11)
    at run (/home/runner/work/verabot2.0/verabot2.0/node_modules/jest-circus/build/jestAdapterInit.js:761:3)
    at runAndTransformResultsToJestFormat (/home/runner/work/verabot2.0/verabot2.0/node_modules/jest-circus/build/jestAdapterInit.js:1918:21)
    at jestAdapter (/home/runner/work/verabot2.0/verabot2.0/node_modules/jest-circus/build/runner.js:101:19)
    at runTestInternal (/home/runner/work/verabot2.0/verabot2.0/node_modules/jest-runner/build/index.js:275:16)
    at runTest (/home/runner/work/verabot2.0/verabot2.0/node_modules/jest-runner/build/index.js:343:7)</failure>
    </testcase>
    <testcase classname="Submodule Migration Compatibility Tests › 3. verabot-utils Module Tests" name="should have response helpers" time="0">
      <failure>assert(received)

Expected value to be equal to:
  true
Received:
  false

Message:
  response-helpers should exist
    at Object.ok (/home/runner/work/verabot2.0/verabot2.0/tests/integration/test-submodule-migration-compatibility.test.js:184:14)
    at Promise.finally.completed (/home/runner/work/verabot2.0/verabot2.0/node_modules/jest-circus/build/jestAdapterInit.js:1557:28)
    at new Promise (&lt;anonymous&gt;)
    at callAsyncCircusFn (/home/runner/work/verabot2.0/verabot2.0/node_modules/jest-circus/build/jestAdapterInit.js:1497:10)
    at _callCircusTest (/home/runner/work/verabot2.0/verabot2.0/node_modules/jest-circus/build/jestAdapterInit.js:1007:40)
    at _runTest (/home/runner/work/verabot2.0/verabot2.0/node_modules/jest-circus/build/jestAdapterInit.js:947:3)
    at /home/runner/work/verabot2.0/verabot2.0/node_modules/jest-circus/build/jestAdapterInit.js:849:7
    at _runTestsForDescribeBlock (/home/runner/work/verabot2.0/verabot2.0/node_modules/jest-circus/build/jestAdapterInit.js:862:11)
    at _runTestsForDescribeBlock (/home/runner/work/verabot2.0/verabot2.0/node_modules/jest-circus/build/jestAdapterInit.js:857:11)
    at _runTestsForDescribeBlock (/home/runner/work/verabot2.0/verabot2.0/node_modules/jest-circus/build/jestAdapterInit.js:857:11)
    at run (/home/runner/work/verabot2.0/verabot2.0/node_modules/jest-circus/build/jestAdapterInit.js:761:3)
    at runAndTransformResultsToJestFormat (/home/runner/work/verabot2.0/verabot2.0/node_modules/jest-circus/build/jestAdapterInit.js:1918:21)
    at jestAdapter (/home/runner/work/verabot2.0/verabot2.0/node_modules/jest-circus/build/runner.js:101:19)
    at runTestInternal (/home/runner/work/verabot2.0/verabot2.0/node_modules/jest-runner/build/index.js:275:16)
    at runTest (/home/runner/work/verabot2.0/verabot2.0/node_modules/jest-runner/build/index.js:343:7)</failure>
    </testcase>
    <testcase classname="Submodule Migration Compatibility Tests › 4. verabot-dashboard Module Tests" name="should load verabot-dashboard module" time="0">
      <failure>assert(received)

Expected value to be equal to:
  true
Received:
  false

Message:
  verabot-dashboard index.js should exist
    at Object.ok (/home/runner/work/verabot2.0/verabot2.0/tests/integration/test-submodule-migration-compatibility.test.js:191:14)
    at Promise.finally.completed (/home/runner/work/verabot2.0/verabot2.0/node_modules/jest-circus/build/jestAdapterInit.js:1557:28)
    at new Promise (&lt;anonymous&gt;)
    at callAsyncCircusFn (/home/runner/work/verabot2.0/verabot2.0/node_modules/jest-circus/build/jestAdapterInit.js:1497:10)
    at _callCircusTest (/home/runner/work/verabot2.0/verabot2.0/node_modules/jest-circus/build/jestAdapterInit.js:1007:40)
    at _runTest (/home/runner/work/verabot2.0/verabot2.0/node_modules/jest-circus/build/jestAdapterInit.js:947:3)
    at /home/runner/work/verabot2.0/verabot2.0/node_modules/jest-circus/build/jestAdapterInit.js:849:7
    at _runTestsForDescribeBlock (/home/runner/work/verabot2.0/verabot2.0/node_modules/jest-circus/build/jestAdapterInit.js:862:11)
    at _runTestsForDescribeBlock (/home/runner/work/verabot2.0/verabot2.0/node_modules/jest-circus/build/jestAdapterInit.js:857:11)
    at _runTestsForDescribeBlock (/home/runner/work/verabot2.0/verabot2.0/node_modules/jest-circus/build/jestAdapterInit.js:857:11)
    at run (/home/runner/work/verabot2.0/verabot2.0/node_modules/jest-circus/build/jestAdapterInit.js:761:3)
    at runAndTransformResultsToJestFormat (/home/runner/work/verabot2.0/verabot2.0/node_modules/jest-circus/build/jestAdapterInit.js:1918:21)
    at jestAdapter (/home/runner/work/verabot2.0/verabot2.0/node_modules/jest-circus/build/runner.js:101:19)
    at runTestInternal (/home/runner/work/verabot2.0/verabot2.0/node_modules/jest-runner/build/index.js:275:16)
    at runTest (/home/runner/work/verabot2.0/verabot2.0/node_modules/jest-runner/build/index.js:343:7)</failure>
    </testcase>
    <testcase classname="Submodule Migration Compatibility Tests › 4. verabot-dashboard Module Tests" name="should have views directory" time="0.001">
      <failure>assert(received)

Expected value to be equal to:
  true
Received:
  false

Message:
  Views directory should exist
    at Object.ok (/home/runner/work/verabot2.0/verabot2.0/tests/integration/test-submodule-migration-compatibility.test.js:199:14)
    at Promise.finally.completed (/home/runner/work/verabot2.0/verabot2.0/node_modules/jest-circus/build/jestAdapterInit.js:1557:28)
    at new Promise (&lt;anonymous&gt;)
    at callAsyncCircusFn (/home/runner/work/verabot2.0/verabot2.0/node_modules/jest-circus/build/jestAdapterInit.js:1497:10)
    at _callCircusTest (/home/runner/work/verabot2.0/verabot2.0/node_modules/jest-circus/build/jestAdapterInit.js:1007:40)
    at _runTest (/home/runner/work/verabot2.0/verabot2.0/node_modules/jest-circus/build/jestAdapterInit.js:947:3)
    at /home/runner/work/verabot2.0/verabot2.0/node_modules/jest-circus/build/jestAdapterInit.js:849:7
    at _runTestsForDescribeBlock (/home/runner/work/verabot2.0/verabot2.0/node_modules/jest-circus/build/jestAdapterInit.js:862:11)
    at _runTestsForDescribeBlock (/home/runner/work/verabot2.0/verabot2.0/node_modules/jest-circus/build/jestAdapterInit.js:857:11)
    at _runTestsForDescribeBlock (/home/runner/work/verabot2.0/verabot2.0/node_modules/jest-circus/build/jestAdapterInit.js:857:11)
    at run (/home/runner/work/verabot2.0/verabot2.0/node_modules/jest-circus/build/jestAdapterInit.js:761:3)
    at runAndTransformResultsToJestFormat (/home/runner/work/verabot2.0/verabot2.0/node_modules/jest-circus/build/jestAdapterInit.js:1918:21)
    at jestAdapter (/home/runner/work/verabot2.0/verabot2.0/node_modules/jest-circus/build/runner.js:101:19)
    at runTestInternal (/home/runner/work/verabot2.0/verabot2.0/node_modules/jest-runner/build/index.js:275:16)
    at runTest (/home/runner/work/verabot2.0/verabot2.0/node_modules/jest-runner/build/index.js:343:7)</failure>
    </testcase>
    <testcase classname="Submodule Migration Compatibility Tests › 4. verabot-dashboard Module Tests" name="should have public assets" time="0.001">
      <failure>assert(received)

Expected value to be equal to:
  true
Received:
  false

Message:
  Public directory should exist
    at Object.ok (/home/runner/work/verabot2.0/verabot2.0/tests/integration/test-submodule-migration-compatibility.test.js:204:14)
    at Promise.finally.completed (/home/runner/work/verabot2.0/verabot2.0/node_modules/jest-circus/build/jestAdapterInit.js:1557:28)
    at new Promise (&lt;anonymous&gt;)
    at callAsyncCircusFn (/home/runner/work/verabot2.0/verabot2.0/node_modules/jest-circus/build/jestAdapterInit.js:1497:10)
    at _callCircusTest (/home/runner/work/verabot2.0/verabot2.0/node_modules/jest-circus/build/jestAdapterInit.js:1007:40)
    at _runTest (/home/runner/work/verabot2.0/verabot2.0/node_modules/jest-circus/build/jestAdapterInit.js:947:3)
    at /home/runner/work/verabot2.0/verabot2.0/node_modules/jest-circus/build/jestAdapterInit.js:849:7
    at _runTestsForDescribeBlock (/home/runner/work/verabot2.0/verabot2.0/node_modules/jest-circus/build/jestAdapterInit.js:862:11)
    at _runTestsForDescribeBlock (/home/runner/work/verabot2.0/verabot2.0/node_modules/jest-circus/build/jestAdapterInit.js:857:11)
    at _runTestsForDescribeBlock (/home/runner/work/verabot2.0/verabot2.0/node_modules/jest-circus/build/jestAdapterInit.js:857:11)
    at run (/home/runner/work/verabot2.0/verabot2.0/node_modules/jest-circus/build/jestAdapterInit.js:761:3)
    at runAndTransformResultsToJestFormat (/home/runner/work/verabot2.0/verabot2.0/node_modules/jest-circus/build/jestAdapterInit.js:1918:21)
    at jestAdapter (/home/runner/work/verabot2.0/verabot2.0/node_modules/jest-circus/build/runner.js:101:19)
    at runTestInternal (/home/runner/work/verabot2.0/verabot2.0/node_modules/jest-runner/build/index.js:275:16)
    at runTest (/home/runner/work/verabot2.0/verabot2.0/node_modules/jest-runner/build/index.js:343:7)</failure>
    </testcase>
    <testcase classname="Submodule Migration Compatibility Tests › 4. verabot-dashboard Module Tests" name="should depend on verabot-utils in package.json" time="0.001">
      <failure>Error: ENOENT: no such file or directory, open &apos;/home/runner/work/verabot2.0/verabot2.0/repos/verabot-dashboard/package.json&apos;
    at Object.readFileSync (node:fs:441:20)
    at Object.readFileSync (/home/runner/work/verabot2.0/verabot2.0/tests/integration/test-submodule-migration-compatibility.test.js:209:41)
    at Promise.finally.completed (/home/runner/work/verabot2.0/verabot2.0/node_modules/jest-circus/build/jestAdapterInit.js:1557:28)
    at new Promise (&lt;anonymous&gt;)
    at callAsyncCircusFn (/home/runner/work/verabot2.0/verabot2.0/node_modules/jest-circus/build/jestAdapterInit.js:1497:10)
    at _callCircusTest (/home/runner/work/verabot2.0/verabot2.0/node_modules/jest-circus/build/jestAdapterInit.js:1007:40)
    at _runTest (/home/runner/work/verabot2.0/verabot2.0/node_modules/jest-circus/build/jestAdapterInit.js:947:3)
    at /home/runner/work/verabot2.0/verabot2.0/node_modules/jest-circus/build/jestAdapterInit.js:849:7
    at _runTestsForDescribeBlock (/home/runner/work/verabot2.0/verabot2.0/node_modules/jest-circus/build/jestAdapterInit.js:862:11)
    at _runTestsForDescribeBlock (/home/runner/work/verabot2.0/verabot2.0/node_modules/jest-circus/build/jestAdapterInit.js:857:11)
    at _runTestsForDescribeBlock (/home/runner/work/verabot2.0/verabot2.0/node_modules/jest-circus/build/jestAdapterInit.js:857:11)
    at run (/home/runner/work/verabot2.0/verabot2.0/node_modules/jest-circus/build/jestAdapterInit.js:761:3)
    at runAndTransformResultsToJestFormat (/home/runner/work/verabot2.0/verabot2.0/node_modules/jest-circus/build/jestAdapterInit.js:1918:21)
    at jestAdapter (/home/runner/work/verabot2.0/verabot2.0/node_modules/jest-circus/build/runner.js:101:19)
    at runTestInternal (/home/runner/work/verabot2.0/verabot2.0/node_modules/jest-runner/build/index.js:275:16)
    at runTest (/home/runner/work/verabot2.0/verabot2.0/node_modules/jest-runner/build/index.js:343:7)</failure>
    </testcase>
    <testcase classname="Submodule Migration Compatibility Tests › 5. verabot-commands Module Tests" name="should load verabot-commands module" time="0.001">
      <failure>assert(received)

Expected value to be equal to:
  true
Received:
  false

Message:
  verabot-commands src should exist
    at Object.ok (/home/runner/work/verabot2.0/verabot2.0/tests/integration/test-submodule-migration-compatibility.test.js:221:14)
    at Promise.finally.completed (/home/runner/work/verabot2.0/verabot2.0/node_modules/jest-circus/build/jestAdapterInit.js:1557:28)
    at new Promise (&lt;anonymous&gt;)
    at callAsyncCircusFn (/home/runner/work/verabot2.0/verabot2.0/node_modules/jest-circus/build/jestAdapterInit.js:1497:10)
    at _callCircusTest (/home/runner/work/verabot2.0/verabot2.0/node_modules/jest-circus/build/jestAdapterInit.js:1007:40)
    at _runTest (/home/runner/work/verabot2.0/verabot2.0/node_modules/jest-circus/build/jestAdapterInit.js:947:3)
    at /home/runner/work/verabot2.0/verabot2.0/node_modules/jest-circus/build/jestAdapterInit.js:849:7
    at _runTestsForDescribeBlock (/home/runner/work/verabot2.0/verabot2.0/node_modules/jest-circus/build/jestAdapterInit.js:862:11)
    at _runTestsForDescribeBlock (/home/runner/work/verabot2.0/verabot2.0/node_modules/jest-circus/build/jestAdapterInit.js:857:11)
    at _runTestsForDescribeBlock (/home/runner/work/verabot2.0/verabot2.0/node_modules/jest-circus/build/jestAdapterInit.js:857:11)
    at run (/home/runner/work/verabot2.0/verabot2.0/node_modules/jest-circus/build/jestAdapterInit.js:761:3)
    at runAndTransformResultsToJestFormat (/home/runner/work/verabot2.0/verabot2.0/node_modules/jest-circus/build/jestAdapterInit.js:1918:21)
    at jestAdapter (/home/runner/work/verabot2.0/verabot2.0/node_modules/jest-circus/build/runner.js:101:19)
    at runTestInternal (/home/runner/work/verabot2.0/verabot2.0/node_modules/jest-runner/build/index.js:275:16)
    at runTest (/home/runner/work/verabot2.0/verabot2.0/node_modules/jest-runner/build/index.js:343:7)</failure>
    </testcase>
    <testcase classname="Submodule Migration Compatibility Tests › 5. verabot-commands Module Tests" name="should depend on verabot-core in package.json" time="0.001">
      <failure>Error: ENOENT: no such file or directory, open &apos;/home/runner/work/verabot2.0/verabot2.0/repos/verabot-commands/package.json&apos;
    at Object.readFileSync (node:fs:441:20)
    at Object.readFileSync (/home/runner/work/verabot2.0/verabot2.0/tests/integration/test-submodule-migration-compatibility.test.js:226:41)
    at Promise.finally.completed (/home/runner/work/verabot2.0/verabot2.0/node_modules/jest-circus/build/jestAdapterInit.js:1557:28)
    at new Promise (&lt;anonymous&gt;)
    at callAsyncCircusFn (/home/runner/work/verabot2.0/verabot2.0/node_modules/jest-circus/build/jestAdapterInit.js:1497:10)
    at _callCircusTest (/home/runner/work/verabot2.0/verabot2.0/node_modules/jest-circus/build/jestAdapterInit.js:1007:40)
    at _runTest (/home/runner/work/verabot2.0/verabot2.0/node_modules/jest-circus/build/jestAdapterInit.js:947:3)
    at /home/runner/work/verabot2.0/verabot2.0/node_modules/jest-circus/build/jestAdapterInit.js:849:7
    at _runTestsForDescribeBlock (/home/runner/work/verabot2.0/verabot2.0/node_modules/jest-circus/build/jestAdapterInit.js:862:11)
    at _runTestsForDescribeBlock (/home/runner/work/verabot2.0/verabot2.0/node_modules/jest-circus/build/jestAdapterInit.js:857:11)
    at _runTestsForDescribeBlock (/home/runner/work/verabot2.0/verabot2.0/node_modules/jest-circus/build/jestAdapterInit.js:857:11)
    at run (/home/runner/work/verabot2.0/verabot2.0/node_modules/jest-circus/build/jestAdapterInit.js:761:3)
    at runAndTransformResultsToJestFormat (/home/runner/work/verabot2.0/verabot2.0/node_modules/jest-circus/build/jestAdapterInit.js:1918:21)
    at jestAdapter (/home/runner/work/verabot2.0/verabot2.0/node_modules/jest-circus/build/runner.js:101:19)
    at runTestInternal (/home/runner/work/verabot2.0/verabot2.0/node_modules/jest-runner/build/index.js:275:16)
    at runTest (/home/runner/work/verabot2.0/verabot2.0/node_modules/jest-runner/build/index.js:343:7)</failure>
    </testcase>
    <testcase classname="Submodule Migration Compatibility Tests › 5. verabot-commands Module Tests" name="should depend on verabot-utils in package.json" time="0.001">
      <failure>Error: ENOENT: no such file or directory, open &apos;/home/runner/work/verabot2.0/verabot2.0/repos/verabot-commands/package.json&apos;
    at Object.readFileSync (node:fs:441:20)
    at Object.readFileSync (/home/runner/work/verabot2.0/verabot2.0/tests/integration/test-submodule-migration-compatibility.test.js:236:41)
    at Promise.finally.completed (/home/runner/work/verabot2.0/verabot2.0/node_modules/jest-circus/build/jestAdapterInit.js:1557:28)
    at new Promise (&lt;anonymous&gt;)
    at callAsyncCircusFn (/home/runner/work/verabot2.0/verabot2.0/node_modules/jest-circus/build/jestAdapterInit.js:1497:10)
    at _callCircusTest (/home/runner/work/verabot2.0/verabot2.0/node_modules/jest-circus/build/jestAdapterInit.js:1007:40)
    at _runTest (/home/runner/work/verabot2.0/verabot2.0/node_modules/jest-circus/build/jestAdapterInit.js:947:3)
    at /home/runner/work/verabot2.0/verabot2.0/node_modules/jest-circus/build/jestAdapterInit.js:849:7
    at _runTestsForDescribeBlock (/home/runner/work/verabot2.0/verabot2.0/node_modules/jest-circus/build/jestAdapterInit.js:862:11)
    at _runTestsForDescribeBlock (/home/runner/work/verabot2.0/verabot2.0/node_modules/jest-circus/build/jestAdapterInit.js:857:11)
    at _runTestsForDescribeBlock (/home/runner/work/verabot2.0/verabot2.0/node_modules/jest-circus/build/jestAdapterInit.js:857:11)
    at run (/home/runner/work/verabot2.0/verabot2.0/node_modules/jest-circus/build/jestAdapterInit.js:761:3)
    at runAndTransformResultsToJestFormat (/home/runner/work/verabot2.0/verabot2.0/node_modules/jest-circus/build/jestAdapterInit.js:1918:21)
    at jestAdapter (/home/runner/work/verabot2.0/verabot2.0/node_modules/jest-circus/build/runner.js:101:19)
    at runTestInternal (/home/runner/work/verabot2.0/verabot2.0/node_modules/jest-runner/build/index.js:275:16)
    at runTest (/home/runner/work/verabot2.0/verabot2.0/node_modules/jest-runner/build/index.js:343:7)</failure>
    </testcase>
    <testcase classname="Submodule Migration Compatibility Tests › 6. Cross-Module Dependency Chain" name="should have correct dependency hierarchy" time="0.001">
      <failure>Error: ENOENT: no such file or directory, open &apos;/home/runner/work/verabot2.0/verabot2.0/repos/verabot-core/package.json&apos;
    at Object.readFileSync (node:fs:441:20)
    at readFileSync (/home/runner/work/verabot2.0/verabot2.0/tests/integration/test-submodule-migration-compatibility.test.js:251:40)
    at Array.forEach (&lt;anonymous&gt;)
    at Object.forEach (/home/runner/work/verabot2.0/verabot2.0/tests/integration/test-submodule-migration-compatibility.test.js:249:34)
    at Promise.finally.completed (/home/runner/work/verabot2.0/verabot2.0/node_modules/jest-circus/build/jestAdapterInit.js:1557:28)
    at new Promise (&lt;anonymous&gt;)
    at callAsyncCircusFn (/home/runner/work/verabot2.0/verabot2.0/node_modules/jest-circus/build/jestAdapterInit.js:1497:10)
    at _callCircusTest (/home/runner/work/verabot2.0/verabot2.0/node_modules/jest-circus/build/jestAdapterInit.js:1007:40)
    at _runTest (/home/runner/work/verabot2.0/verabot2.0/node_modules/jest-circus/build/jestAdapterInit.js:947:3)
    at /home/runner/work/verabot2.0/verabot2.0/node_modules/jest-circus/build/jestAdapterInit.js:849:7
    at _runTestsForDescribeBlock (/home/runner/work/verabot2.0/verabot2.0/node_modules/jest-circus/build/jestAdapterInit.js:862:11)
    at _runTestsForDescribeBlock (/home/runner/work/verabot2.0/verabot2.0/node_modules/jest-circus/build/jestAdapterInit.js:857:11)
    at _runTestsForDescribeBlock (/home/runner/work/verabot2.0/verabot2.0/node_modules/jest-circus/build/jestAdapterInit.js:857:11)
    at run (/home/runner/work/verabot2.0/verabot2.0/node_modules/jest-circus/build/jestAdapterInit.js:761:3)
    at runAndTransformResultsToJestFormat (/home/runner/work/verabot2.0/verabot2.0/node_modules/jest-circus/build/jestAdapterInit.js:1918:21)
    at jestAdapter (/home/runner/work/verabot2.0/verabot2.0/node_modules/jest-circus/build/runner.js:101:19)
    at runTestInternal (/home/runner/work/verabot2.0/verabot2.0/node_modules/jest-runner/build/index.js:275:16)
    at runTest (/home/runner/work/verabot2.0/verabot2.0/node_modules/jest-runner/build/index.js:343:7)</failure>
    </testcase>
    <testcase classname="Submodule Migration Compatibility Tests › 7. Package.json Validation" name="should have consistent Node.js version requirements" time="0.001">
      <failure>Error: ENOENT: no such file or directory, open &apos;/home/runner/work/verabot2.0/verabot2.0/repos/verabot-core/package.json&apos;
    at Object.readFileSync (node:fs:441:20)
    at readFileSync (/home/runner/work/verabot2.0/verabot2.0/tests/integration/test-submodule-migration-compatibility.test.js:307:40)
    at Array.forEach (&lt;anonymous&gt;)
    at Object.forEach (/home/runner/work/verabot2.0/verabot2.0/tests/integration/test-submodule-migration-compatibility.test.js:305:34)
    at Promise.finally.completed (/home/runner/work/verabot2.0/verabot2.0/node_modules/jest-circus/build/jestAdapterInit.js:1557:28)
    at new Promise (&lt;anonymous&gt;)
    at callAsyncCircusFn (/home/runner/work/verabot2.0/verabot2.0/node_modules/jest-circus/build/jestAdapterInit.js:1497:10)
    at _callCircusTest (/home/runner/work/verabot2.0/verabot2.0/node_modules/jest-circus/build/jestAdapterInit.js:1007:40)
    at _runTest (/home/runner/work/verabot2.0/verabot2.0/node_modules/jest-circus/build/jestAdapterInit.js:947:3)
    at /home/runner/work/verabot2.0/verabot2.0/node_modules/jest-circus/build/jestAdapterInit.js:849:7
    at _runTestsForDescribeBlock (/home/runner/work/verabot2.0/verabot2.0/node_modules/jest-circus/build/jestAdapterInit.js:862:11)
    at _runTestsForDescribeBlock (/home/runner/work/verabot2.0/verabot2.0/node_modules/jest-circus/build/jestAdapterInit.js:857:11)
    at _runTestsForDescribeBlock (/home/runner/work/verabot2.0/verabot2.0/node_modules/jest-circus/build/jestAdapterInit.js:857:11)
    at run (/home/runner/work/verabot2.0/verabot2.0/node_modules/jest-circus/build/jestAdapterInit.js:761:3)
    at runAndTransformResultsToJestFormat (/home/runner/work/verabot2.0/verabot2.0/node_modules/jest-circus/build/jestAdapterInit.js:1918:21)
    at jestAdapter (/home/runner/work/verabot2.0/verabot2.0/node_modules/jest-circus/build/runner.js:101:19)
    at runTestInternal (/home/runner/work/verabot2.0/verabot2.0/node_modules/jest-runner/build/index.js:275:16)
    at runTest (/home/runner/work/verabot2.0/verabot2.0/node_modules/jest-runner/build/index.js:343:7)</failure>
    </testcase>
    <testcase classname="Submodule Migration Compatibility Tests › 7. Package.json Validation" name="should have test scripts in each submodule" time="0">
      <failure>Error: ENOENT: no such file or directory, open &apos;/home/runner/work/verabot2.0/verabot2.0/repos/verabot-core/package.json&apos;
    at Object.readFileSync (node:fs:441:20)
    at readFileSync (/home/runner/work/verabot2.0/verabot2.0/tests/integration/test-submodule-migration-compatibility.test.js:326:43)
    at Array.forEach (&lt;anonymous&gt;)
    at Object.forEach (/home/runner/work/verabot2.0/verabot2.0/tests/integration/test-submodule-migration-compatibility.test.js:324:34)
    at Promise.finally.completed (/home/runner/work/verabot2.0/verabot2.0/node_modules/jest-circus/build/jestAdapterInit.js:1557:28)
    at new Promise (&lt;anonymous&gt;)
    at callAsyncCircusFn (/home/runner/work/verabot2.0/verabot2.0/node_modules/jest-circus/build/jestAdapterInit.js:1497:10)
    at _callCircusTest (/home/runner/work/verabot2.0/verabot2.0/node_modules/jest-circus/build/jestAdapterInit.js:1007:40)
    at _runTest (/home/runner/work/verabot2.0/verabot2.0/node_modules/jest-circus/build/jestAdapterInit.js:947:3)
    at /home/runner/work/verabot2.0/verabot2.0/node_modules/jest-circus/build/jestAdapterInit.js:849:7
    at _runTestsForDescribeBlock (/home/runner/work/verabot2.0/verabot2.0/node_modules/jest-circus/build/jestAdapterInit.js:862:11)
    at _runTestsForDescribeBlock (/home/runner/work/verabot2.0/verabot2.0/node_modules/jest-circus/build/jestAdapterInit.js:857:11)
    at _runTestsForDescribeBlock (/home/runner/work/verabot2.0/verabot2.0/node_modules/jest-circus/build/jestAdapterInit.js:857:11)
    at run (/home/runner/work/verabot2.0/verabot2.0/node_modules/jest-circus/build/jestAdapterInit.js:761:3)
    at runAndTransformResultsToJestFormat (/home/runner/work/verabot2.0/verabot2.0/node_modules/jest-circus/build/jestAdapterInit.js:1918:21)
    at jestAdapter (/home/runner/work/verabot2.0/verabot2.0/node_modules/jest-circus/build/runner.js:101:19)
    at runTestInternal (/home/runner/work/verabot2.0/verabot2.0/node_modules/jest-runner/build/index.js:275:16)
    at runTest (/home/runner/work/verabot2.0/verabot2.0/node_modules/jest-runner/build/index.js:343:7)</failure>
    </testcase>
    <testcase classname="Submodule Migration Compatibility Tests › 7. Package.json Validation" name="should have lint scripts in each submodule" time="0.001">
      <failure>Error: ENOENT: no such file or directory, open &apos;/home/runner/work/verabot2.0/verabot2.0/repos/verabot-core/package.json&apos;
    at Object.readFileSync (node:fs:441:20)
    at readFileSync (/home/runner/work/verabot2.0/verabot2.0/tests/integration/test-submodule-migration-compatibility.test.js:338:43)
    at Array.forEach (&lt;anonymous&gt;)
    at Object.forEach (/home/runner/work/verabot2.0/verabot2.0/tests/integration/test-submodule-migration-compatibility.test.js:336:34)
    at Promise.finally.completed (/home/runner/work/verabot2.0/verabot2.0/node_modules/jest-circus/build/jestAdapterInit.js:1557:28)
    at new Promise (&lt;anonymous&gt;)
    at callAsyncCircusFn (/home/runner/work/verabot2.0/verabot2.0/node_modules/jest-circus/build/jestAdapterInit.js:1497:10)
    at _callCircusTest (/home/runner/work/verabot2.0/verabot2.0/node_modules/jest-circus/build/jestAdapterInit.js:1007:40)
    at _runTest (/home/runner/work/verabot2.0/verabot2.0/node_modules/jest-circus/build/jestAdapterInit.js:947:3)
    at /home/runner/work/verabot2.0/verabot2.0/node_modules/jest-circus/build/jestAdapterInit.js:849:7
    at _runTestsForDescribeBlock (/home/runner/work/verabot2.0/verabot2.0/node_modules/jest-circus/build/jestAdapterInit.js:862:11)
    at _runTestsForDescribeBlock (/home/runner/work/verabot2.0/verabot2.0/node_modules/jest-circus/build/jestAdapterInit.js:857:11)
    at _runTestsForDescribeBlock (/home/runner/work/verabot2.0/verabot2.0/node_modules/jest-circus/build/jestAdapterInit.js:857:11)
    at run (/home/runner/work/verabot2.0/verabot2.0/node_modules/jest-circus/build/jestAdapterInit.js:761:3)
    at runAndTransformResultsToJestFormat (/home/runner/work/verabot2.0/verabot2.0/node_modules/jest-circus/build/jestAdapterInit.js:1918:21)
    at jestAdapter (/home/runner/work/verabot2.0/verabot2.0/node_modules/jest-circus/build/runner.js:101:19)
    at runTestInternal (/home/runner/work/verabot2.0/verabot2.0/node_modules/jest-runner/build/index.js:275:16)
    at runTest (/home/runner/work/verabot2.0/verabot2.0/node_modules/jest-runner/build/index.js:343:7)</failure>
    </testcase>
    <testcase classname="Submodule Migration Compatibility Tests › 7. Package.json Validation" name="should have format scripts in most submodules" time="0.001">
      <failure>Error: ENOENT: no such file or directory, open &apos;/home/runner/work/verabot2.0/verabot2.0/repos/verabot-core/package.json&apos;
    at Object.readFileSync (node:fs:441:20)
    at readFileSync (/home/runner/work/verabot2.0/verabot2.0/tests/integration/test-submodule-migration-compatibility.test.js:354:43)
    at Array.forEach (&lt;anonymous&gt;)
    at Object.forEach (/home/runner/work/verabot2.0/verabot2.0/tests/integration/test-submodule-migration-compatibility.test.js:351:29)
    at Promise.finally.completed (/home/runner/work/verabot2.0/verabot2.0/node_modules/jest-circus/build/jestAdapterInit.js:1557:28)
    at new Promise (&lt;anonymous&gt;)
    at callAsyncCircusFn (/home/runner/work/verabot2.0/verabot2.0/node_modules/jest-circus/build/jestAdapterInit.js:1497:10)
    at _callCircusTest (/home/runner/work/verabot2.0/verabot2.0/node_modules/jest-circus/build/jestAdapterInit.js:1007:40)
    at _runTest (/home/runner/work/verabot2.0/verabot2.0/node_modules/jest-circus/build/jestAdapterInit.js:947:3)
    at /home/runner/work/verabot2.0/verabot2.0/node_modules/jest-circus/build/jestAdapterInit.js:849:7
    at _runTestsForDescribeBlock (/home/runner/work/verabot2.0/verabot2.0/node_modules/jest-circus/build/jestAdapterInit.js:862:11)
    at _runTestsForDescribeBlock (/home/runner/work/verabot2.0/verabot2.0/node_modules/jest-circus/build/jestAdapterInit.js:857:11)
    at _runTestsForDescribeBlock (/home/runner/work/verabot2.0/verabot2.0/node_modules/jest-circus/build/jestAdapterInit.js:857:11)
    at run (/home/runner/work/verabot2.0/verabot2.0/node_modules/jest-circus/build/jestAdapterInit.js:761:3)
    at runAndTransformResultsToJestFormat (/home/runner/work/verabot2.0/verabot2.0/node_modules/jest-circus/build/jestAdapterInit.js:1918:21)
    at jestAdapter (/home/runner/work/verabot2.0/verabot2.0/node_modules/jest-circus/build/runner.js:101:19)
    at runTestInternal (/home/runner/work/verabot2.0/verabot2.0/node_modules/jest-runner/build/index.js:275:16)
    at runTest (/home/runner/work/verabot2.0/verabot2.0/node_modules/jest-runner/build/index.js:343:7)</failure>
    </testcase>
    <testcase classname="Submodule Migration Compatibility Tests › 8. Module Export Verification" name="should have index.js exports in verabot-core" time="0.001">
      <failure>Error: ENOENT: no such file or directory, open &apos;/home/runner/work/verabot2.0/verabot2.0/repos/verabot-core/src/index.js&apos;
    at Object.readFileSync (node:fs:441:20)
    at Object.readFileSync (/home/runner/work/verabot2.0/verabot2.0/tests/integration/test-submodule-migration-compatibility.test.js:367:26)
    at Promise.finally.completed (/home/runner/work/verabot2.0/verabot2.0/node_modules/jest-circus/build/jestAdapterInit.js:1557:28)
    at new Promise (&lt;anonymous&gt;)
    at callAsyncCircusFn (/home/runner/work/verabot2.0/verabot2.0/node_modules/jest-circus/build/jestAdapterInit.js:1497:10)
    at _callCircusTest (/home/runner/work/verabot2.0/verabot2.0/node_modules/jest-circus/build/jestAdapterInit.js:1007:40)
    at _runTest (/home/runner/work/verabot2.0/verabot2.0/node_modules/jest-circus/build/jestAdapterInit.js:947:3)
    at /home/runner/work/verabot2.0/verabot2.0/node_modules/jest-circus/build/jestAdapterInit.js:849:7
    at _runTestsForDescribeBlock (/home/runner/work/verabot2.0/verabot2.0/node_modules/jest-circus/build/jestAdapterInit.js:862:11)
    at _runTestsForDescribeBlock (/home/runner/work/verabot2.0/verabot2.0/node_modules/jest-circus/build/jestAdapterInit.js:857:11)
    at _runTestsForDescribeBlock (/home/runner/work/verabot2.0/verabot2.0/node_modules/jest-circus/build/jestAdapterInit.js:857:11)
    at run (/home/runner/work/verabot2.0/verabot2.0/node_modules/jest-circus/build/jestAdapterInit.js:761:3)
    at runAndTransformResultsToJestFormat (/home/runner/work/verabot2.0/verabot2.0/node_modules/jest-circus/build/jestAdapterInit.js:1918:21)
    at jestAdapter (/home/runner/work/verabot2.0/verabot2.0/node_modules/jest-circus/build/runner.js:101:19)
    at runTestInternal (/home/runner/work/verabot2.0/verabot2.0/node_modules/jest-runner/build/index.js:275:16)
    at runTest (/home/runner/work/verabot2.0/verabot2.0/node_modules/jest-runner/build/index.js:343:7)</failure>
    </testcase>
    <testcase classname="Submodule Migration Compatibility Tests › 8. Module Export Verification" name="should have index.js exports in verabot-utils" time="0">
      <failure>Error: ENOENT: no such file or directory, open &apos;/home/runner/work/verabot2.0/verabot2.0/repos/verabot-utils/src/index.js&apos;
    at Object.readFileSync (node:fs:441:20)
    at Object.readFileSync (/home/runner/work/verabot2.0/verabot2.0/tests/integration/test-submodule-migration-compatibility.test.js:386:26)
    at Promise.finally.completed (/home/runner/work/verabot2.0/verabot2.0/node_modules/jest-circus/build/jestAdapterInit.js:1557:28)
    at new Promise (&lt;anonymous&gt;)
    at callAsyncCircusFn (/home/runner/work/verabot2.0/verabot2.0/node_modules/jest-circus/build/jestAdapterInit.js:1497:10)
    at _callCircusTest (/home/runner/work/verabot2.0/verabot2.0/node_modules/jest-circus/build/jestAdapterInit.js:1007:40)
    at _runTest (/home/runner/work/verabot2.0/verabot2.0/node_modules/jest-circus/build/jestAdapterInit.js:947:3)
    at /home/runner/work/verabot2.0/verabot2.0/node_modules/jest-circus/build/jestAdapterInit.js:849:7
    at _runTestsForDescribeBlock (/home/runner/work/verabot2.0/verabot2.0/node_modules/jest-circus/build/jestAdapterInit.js:862:11)
    at _runTestsForDescribeBlock (/home/runner/work/verabot2.0/verabot2.0/node_modules/jest-circus/build/jestAdapterInit.js:857:11)
    at _runTestsForDescribeBlock (/home/runner/work/verabot2.0/verabot2.0/node_modules/jest-circus/build/jestAdapterInit.js:857:11)
    at run (/home/runner/work/verabot2.0/verabot2.0/node_modules/jest-circus/build/jestAdapterInit.js:761:3)
    at runAndTransformResultsToJestFormat (/home/runner/work/verabot2.0/verabot2.0/node_modules/jest-circus/build/jestAdapterInit.js:1918:21)
    at jestAdapter (/home/runner/work/verabot2.0/verabot2.0/node_modules/jest-circus/build/runner.js:101:19)
    at runTestInternal (/home/runner/work/verabot2.0/verabot2.0/node_modules/jest-runner/build/index.js:275:16)
    at runTest (/home/runner/work/verabot2.0/verabot2.0/node_modules/jest-runner/build/index.js:343:7)</failure>
    </testcase>
    <testcase classname="Submodule Migration Compatibility Tests › 9. Test Infrastructure Validation" name="should have test directory in each submodule" time="0.001">
      <failure>assert(received)

Expected value to be equal to:
  true
Received:
  false

Message:
  core should have tests directory
    at ok (/home/runner/work/verabot2.0/verabot2.0/tests/integration/test-submodule-migration-compatibility.test.js:400:16)
    at Array.forEach (&lt;anonymous&gt;)
    at Object.forEach (/home/runner/work/verabot2.0/verabot2.0/tests/integration/test-submodule-migration-compatibility.test.js:398:34)
    at Promise.finally.completed (/home/runner/work/verabot2.0/verabot2.0/node_modules/jest-circus/build/jestAdapterInit.js:1557:28)
    at new Promise (&lt;anonymous&gt;)
    at callAsyncCircusFn (/home/runner/work/verabot2.0/verabot2.0/node_modules/jest-circus/build/jestAdapterInit.js:1497:10)
    at _callCircusTest (/home/runner/work/verabot2.0/verabot2.0/node_modules/jest-circus/build/jestAdapterInit.js:1007:40)
    at _runTest (/home/runner/work/verabot2.0/verabot2.0/node_modules/jest-circus/build/jestAdapterInit.js:947:3)
    at /home/runner/work/verabot2.0/verabot2.0/node_modules/jest-circus/build/jestAdapterInit.js:849:7
    at _runTestsForDescribeBlock (/home/runner/work/verabot2.0/verabot2.0/node_modules/jest-circus/build/jestAdapterInit.js:862:11)
    at _runTestsForDescribeBlock (/home/runner/work/verabot2.0/verabot2.0/node_modules/jest-circus/build/jestAdapterInit.js:857:11)
    at _runTestsForDescribeBlock (/home/runner/work/verabot2.0/verabot2.0/node_modules/jest-circus/build/jestAdapterInit.js:857:11)
    at run (/home/runner/work/verabot2.0/verabot2.0/node_modules/jest-circus/build/jestAdapterInit.js:761:3)
    at runAndTransformResultsToJestFormat (/home/runner/work/verabot2.0/verabot2.0/node_modules/jest-circus/build/jestAdapterInit.js:1918:21)
    at jestAdapter (/home/runner/work/verabot2.0/verabot2.0/node_modules/jest-circus/build/runner.js:101:19)
    at runTestInternal (/home/runner/work/verabot2.0/verabot2.0/node_modules/jest-runner/build/index.js:275:16)
    at runTest (/home/runner/work/verabot2.0/verabot2.0/node_modules/jest-runner/build/index.js:343:7)</failure>
    </testcase>
    <testcase classname="Submodule Migration Compatibility Tests › 9. Test Infrastructure Validation" name="should have jest.config.js in each submodule" time="0.001">
      <failure>assert(received)

Expected value to be equal to:
  true
Received:
  false

Message:
  core should have jest.config.js
    at ok (/home/runner/work/verabot2.0/verabot2.0/tests/integration/test-submodule-migration-compatibility.test.js:410:16)
    at Array.forEach (&lt;anonymous&gt;)
    at Object.forEach (/home/runner/work/verabot2.0/verabot2.0/tests/integration/test-submodule-migration-compatibility.test.js:408:34)
    at Promise.finally.completed (/home/runner/work/verabot2.0/verabot2.0/node_modules/jest-circus/build/jestAdapterInit.js:1557:28)
    at new Promise (&lt;anonymous&gt;)
    at callAsyncCircusFn (/home/runner/work/verabot2.0/verabot2.0/node_modules/jest-circus/build/jestAdapterInit.js:1497:10)
    at _callCircusTest (/home/runner/work/verabot2.0/verabot2.0/node_modules/jest-circus/build/jestAdapterInit.js:1007:40)
    at _runTest (/home/runner/work/verabot2.0/verabot2.0/node_modules/jest-circus/build/jestAdapterInit.js:947:3)
    at /home/runner/work/verabot2.0/verabot2.0/node_modules/jest-circus/build/jestAdapterInit.js:849:7
    at _runTestsForDescribeBlock (/home/runner/work/verabot2.0/verabot2.0/node_modules/jest-circus/build/jestAdapterInit.js:862:11)
    at _runTestsForDescribeBlock (/home/runner/work/verabot2.0/verabot2.0/node_modules/jest-circus/build/jestAdapterInit.js:857:11)
    at _runTestsForDescribeBlock (/home/runner/work/verabot2.0/verabot2.0/node_modules/jest-circus/build/jestAdapterInit.js:857:11)
    at run (/home/runner/work/verabot2.0/verabot2.0/node_modules/jest-circus/build/jestAdapterInit.js:761:3)
    at runAndTransformResultsToJestFormat (/home/runner/work/verabot2.0/verabot2.0/node_modules/jest-circus/build/jestAdapterInit.js:1918:21)
    at jestAdapter (/home/runner/work/verabot2.0/verabot2.0/node_modules/jest-circus/build/runner.js:101:19)
    at runTestInternal (/home/runner/work/verabot2.0/verabot2.0/node_modules/jest-runner/build/index.js:275:16)
    at runTest (/home/runner/work/verabot2.0/verabot2.0/node_modules/jest-runner/build/index.js:343:7)</failure>
    </testcase>
    <testcase classname="Submodule Migration Compatibility Tests › 10. Main Repository Integration" name="should have .gitmodules file" time="0.001">
    </testcase>
    <testcase classname="Submodule Migration Compatibility Tests › 10. Main Repository Integration" name="should reference all submodules in .gitmodules" time="0.001">
    </testcase>
    <testcase classname="Submodule Migration Compatibility Tests › 10. Main Repository Integration" name="should have main package.json with proper structure" time="0.001">
    </testcase>
  </testsuite>
  <testsuite name="Phase 23.0 (EXPANDED): GlobalProxyConfigService - Consolidated Proxy Management" errors="0" failures="0" skipped="0" timestamp="2026-06-29T10:38:33" time="1.199" tests="86">
    <testcase classname="Phase 23.0 (EXPANDED): GlobalProxyConfigService - Consolidated Proxy Management › Module Initialization" name="should export GlobalProxyConfigService as singleton" time="0.045">
    </testcase>
    <testcase classname="Phase 23.0 (EXPANDED): GlobalProxyConfigService - Consolidated Proxy Management › Module Initialization" name="should have all required methods" time="0.007">
    </testcase>
    <testcase classname="Phase 23.0 (EXPANDED): GlobalProxyConfigService - Consolidated Proxy Management › HTTP Proxy URL Operations" name="should set HTTP proxy URL" time="0.012">
    </testcase>
    <testcase classname="Phase 23.0 (EXPANDED): GlobalProxyConfigService - Consolidated Proxy Management › HTTP Proxy URL Operations" name="should get null when HTTP proxy URL not set" time="0.01">
    </testcase>
    <testcase classname="Phase 23.0 (EXPANDED): GlobalProxyConfigService - Consolidated Proxy Management › HTTP Proxy URL Operations" name="should update HTTP proxy URL" time="0.012">
    </testcase>
    <testcase classname="Phase 23.0 (EXPANDED): GlobalProxyConfigService - Consolidated Proxy Management › HTTP Proxy URL Operations" name="should handle empty HTTP proxy URL" time="0.013">
    </testcase>
    <testcase classname="Phase 23.0 (EXPANDED): GlobalProxyConfigService - Consolidated Proxy Management › HTTP Proxy URL Operations" name="should persist HTTP proxy URL across service restarts" time="0.01">
    </testcase>
    <testcase classname="Phase 23.0 (EXPANDED): GlobalProxyConfigService - Consolidated Proxy Management › HTTP Proxy URL Operations" name="should validate HTTP proxy URL format in validation" time="0.01">
    </testcase>
    <testcase classname="Phase 23.0 (EXPANDED): GlobalProxyConfigService - Consolidated Proxy Management › HTTP Proxy Username Operations" name="should set HTTP proxy username" time="0.011">
    </testcase>
    <testcase classname="Phase 23.0 (EXPANDED): GlobalProxyConfigService - Consolidated Proxy Management › HTTP Proxy Username Operations" name="should get null when HTTP proxy username not set" time="0.009">
    </testcase>
    <testcase classname="Phase 23.0 (EXPANDED): GlobalProxyConfigService - Consolidated Proxy Management › HTTP Proxy Username Operations" name="should update HTTP proxy username" time="0.019">
    </testcase>
    <testcase classname="Phase 23.0 (EXPANDED): GlobalProxyConfigService - Consolidated Proxy Management › HTTP Proxy Username Operations" name="should encrypt HTTP proxy username in database" time="0.009">
    </testcase>
    <testcase classname="Phase 23.0 (EXPANDED): GlobalProxyConfigService - Consolidated Proxy Management › HTTP Proxy Username Operations" name="should persist HTTP proxy username across service restarts" time="0.01">
    </testcase>
    <testcase classname="Phase 23.0 (EXPANDED): GlobalProxyConfigService - Consolidated Proxy Management › HTTP Proxy Password (Encrypted)" name="should set HTTP proxy password" time="0.01">
    </testcase>
    <testcase classname="Phase 23.0 (EXPANDED): GlobalProxyConfigService - Consolidated Proxy Management › HTTP Proxy Password (Encrypted)" name="should get null when HTTP proxy password not set" time="0.007">
    </testcase>
    <testcase classname="Phase 23.0 (EXPANDED): GlobalProxyConfigService - Consolidated Proxy Management › HTTP Proxy Password (Encrypted)" name="should update HTTP proxy password" time="0.021">
    </testcase>
    <testcase classname="Phase 23.0 (EXPANDED): GlobalProxyConfigService - Consolidated Proxy Management › HTTP Proxy Password (Encrypted)" name="should encrypt HTTP proxy password in database" time="0.01">
    </testcase>
    <testcase classname="Phase 23.0 (EXPANDED): GlobalProxyConfigService - Consolidated Proxy Management › HTTP Proxy Password (Encrypted)" name="should use different IV for each password encryption (not deterministic)" time="0.014">
    </testcase>
    <testcase classname="Phase 23.0 (EXPANDED): GlobalProxyConfigService - Consolidated Proxy Management › HTTP Proxy Password (Encrypted)" name="should decrypt HTTP proxy password correctly" time="0.009">
    </testcase>
    <testcase classname="Phase 23.0 (EXPANDED): GlobalProxyConfigService - Consolidated Proxy Management › HTTP Proxy Password (Encrypted)" name="should handle special characters in HTTP proxy password" time="0.01">
    </testcase>
    <testcase classname="Phase 23.0 (EXPANDED): GlobalProxyConfigService - Consolidated Proxy Management › HTTP Proxy Password (Encrypted)" name="should handle long HTTP proxy password (100+ chars)" time="0.009">
    </testcase>
    <testcase classname="Phase 23.0 (EXPANDED): GlobalProxyConfigService - Consolidated Proxy Management › HTTP Proxy Password (Encrypted)" name="should persist HTTP proxy password across service restarts" time="0.012">
    </testcase>
    <testcase classname="Phase 23.0 (EXPANDED): GlobalProxyConfigService - Consolidated Proxy Management › HTTP Proxy Password (Encrypted)" name="should handle empty HTTP proxy password" time="0.012">
    </testcase>
    <testcase classname="Phase 23.0 (EXPANDED): GlobalProxyConfigService - Consolidated Proxy Management › HTTP Proxy Password (Encrypted)" name="should handle HTTP proxy password with newlines" time="0.012">
    </testcase>
    <testcase classname="Phase 23.0 (EXPANDED): GlobalProxyConfigService - Consolidated Proxy Management › HTTP Proxy Enable/Disable" name="should enable HTTP proxy" time="0.01">
    </testcase>
    <testcase classname="Phase 23.0 (EXPANDED): GlobalProxyConfigService - Consolidated Proxy Management › HTTP Proxy Enable/Disable" name="should disable HTTP proxy" time="0.013">
    </testcase>
    <testcase classname="Phase 23.0 (EXPANDED): GlobalProxyConfigService - Consolidated Proxy Management › HTTP Proxy Enable/Disable" name="should default to disabled when not set" time="0.008">
    </testcase>
    <testcase classname="Phase 23.0 (EXPANDED): GlobalProxyConfigService - Consolidated Proxy Management › HTTP Proxy Enable/Disable" name="should toggle HTTP proxy state correctly" time="0.014">
    </testcase>
    <testcase classname="Phase 23.0 (EXPANDED): GlobalProxyConfigService - Consolidated Proxy Management › Webhook URL Operations" name="should set webhook URL" time="0.023">
    </testcase>
    <testcase classname="Phase 23.0 (EXPANDED): GlobalProxyConfigService - Consolidated Proxy Management › Webhook URL Operations" name="should get null when webhook URL not set" time="0.007">
    </testcase>
    <testcase classname="Phase 23.0 (EXPANDED): GlobalProxyConfigService - Consolidated Proxy Management › Webhook URL Operations" name="should update webhook URL" time="0.011">
    </testcase>
    <testcase classname="Phase 23.0 (EXPANDED): GlobalProxyConfigService - Consolidated Proxy Management › Webhook URL Operations" name="should persist webhook URL across service restarts" time="0.011">
    </testcase>
    <testcase classname="Phase 23.0 (EXPANDED): GlobalProxyConfigService - Consolidated Proxy Management › Webhook URL Operations" name="should handle webhook URL with query parameters" time="0.009">
    </testcase>
    <testcase classname="Phase 23.0 (EXPANDED): GlobalProxyConfigService - Consolidated Proxy Management › Webhook URL Operations" name="should validate webhook URL format in validation" time="0.011">
    </testcase>
    <testcase classname="Phase 23.0 (EXPANDED): GlobalProxyConfigService - Consolidated Proxy Management › Webhook Token (Encrypted)" name="should set webhook token" time="0.012">
    </testcase>
    <testcase classname="Phase 23.0 (EXPANDED): GlobalProxyConfigService - Consolidated Proxy Management › Webhook Token (Encrypted)" name="should get null when webhook token not set" time="0.009">
    </testcase>
    <testcase classname="Phase 23.0 (EXPANDED): GlobalProxyConfigService - Consolidated Proxy Management › Webhook Token (Encrypted)" name="should encrypt webhook token in database" time="0.011">
    </testcase>
    <testcase classname="Phase 23.0 (EXPANDED): GlobalProxyConfigService - Consolidated Proxy Management › Webhook Token (Encrypted)" name="should decrypt webhook token correctly" time="0.011">
    </testcase>
    <testcase classname="Phase 23.0 (EXPANDED): GlobalProxyConfigService - Consolidated Proxy Management › Webhook Token (Encrypted)" name="should persist webhook token across restarts" time="0.021">
    </testcase>
    <testcase classname="Phase 23.0 (EXPANDED): GlobalProxyConfigService - Consolidated Proxy Management › Webhook Token (Encrypted)" name="should update webhook token" time="0.01">
    </testcase>
    <testcase classname="Phase 23.0 (EXPANDED): GlobalProxyConfigService - Consolidated Proxy Management › Webhook Secret (Encrypted)" name="should set webhook secret" time="0.009">
    </testcase>
    <testcase classname="Phase 23.0 (EXPANDED): GlobalProxyConfigService - Consolidated Proxy Management › Webhook Secret (Encrypted)" name="should get null when webhook secret not set" time="0.007">
    </testcase>
    <testcase classname="Phase 23.0 (EXPANDED): GlobalProxyConfigService - Consolidated Proxy Management › Webhook Secret (Encrypted)" name="should encrypt webhook secret in database" time="0.009">
    </testcase>
    <testcase classname="Phase 23.0 (EXPANDED): GlobalProxyConfigService - Consolidated Proxy Management › Webhook Secret (Encrypted)" name="should decrypt webhook secret correctly" time="0.009">
    </testcase>
    <testcase classname="Phase 23.0 (EXPANDED): GlobalProxyConfigService - Consolidated Proxy Management › Webhook Secret (Encrypted)" name="should persist webhook secret across restarts" time="0.009">
    </testcase>
    <testcase classname="Phase 23.0 (EXPANDED): GlobalProxyConfigService - Consolidated Proxy Management › Webhook Secret (Encrypted)" name="should update webhook secret" time="0.011">
    </testcase>
    <testcase classname="Phase 23.0 (EXPANDED): GlobalProxyConfigService - Consolidated Proxy Management › Webhook Monitored Channels" name="should set monitored channels array" time="0.009">
    </testcase>
    <testcase classname="Phase 23.0 (EXPANDED): GlobalProxyConfigService - Consolidated Proxy Management › Webhook Monitored Channels" name="should get empty array when no channels monitored" time="0.007">
    </testcase>
    <testcase classname="Phase 23.0 (EXPANDED): GlobalProxyConfigService - Consolidated Proxy Management › Webhook Monitored Channels" name="should update monitored channels" time="0.01">
    </testcase>
    <testcase classname="Phase 23.0 (EXPANDED): GlobalProxyConfigService - Consolidated Proxy Management › Webhook Monitored Channels" name="should add single monitored channel" time="0.01">
    </testcase>
    <testcase classname="Phase 23.0 (EXPANDED): GlobalProxyConfigService - Consolidated Proxy Management › Webhook Monitored Channels" name="should remove single monitored channel" time="0.01">
    </testcase>
    <testcase classname="Phase 23.0 (EXPANDED): GlobalProxyConfigService - Consolidated Proxy Management › Webhook Monitored Channels" name="should handle non-existent channel removal gracefully" time="0.013">
    </testcase>
    <testcase classname="Phase 23.0 (EXPANDED): GlobalProxyConfigService - Consolidated Proxy Management › Webhook Monitored Channels" name="should persist monitored channels across restarts" time="0.012">
    </testcase>
    <testcase classname="Phase 23.0 (EXPANDED): GlobalProxyConfigService - Consolidated Proxy Management › Webhook Monitored Channels" name="should store monitored channels as JSON in database" time="0.01">
    </testcase>
    <testcase classname="Phase 23.0 (EXPANDED): GlobalProxyConfigService - Consolidated Proxy Management › Webhook Enable/Disable" name="should enable webhook" time="0.009">
    </testcase>
    <testcase classname="Phase 23.0 (EXPANDED): GlobalProxyConfigService - Consolidated Proxy Management › Webhook Enable/Disable" name="should disable webhook" time="0.011">
    </testcase>
    <testcase classname="Phase 23.0 (EXPANDED): GlobalProxyConfigService - Consolidated Proxy Management › Webhook Enable/Disable" name="should default to disabled when not set" time="0.006">
    </testcase>
    <testcase classname="Phase 23.0 (EXPANDED): GlobalProxyConfigService - Consolidated Proxy Management › Webhook Enable/Disable" name="should toggle webhook state correctly" time="0.011">
    </testcase>
    <testcase classname="Phase 23.0 (EXPANDED): GlobalProxyConfigService - Consolidated Proxy Management › Unified Configuration Retrieval" name="should get all config without sensitive data" time="0.026">
    </testcase>
    <testcase classname="Phase 23.0 (EXPANDED): GlobalProxyConfigService - Consolidated Proxy Management › Unified Configuration Retrieval" name="should get full config with sensitive data when requested" time="0.016">
    </testcase>
    <testcase classname="Phase 23.0 (EXPANDED): GlobalProxyConfigService - Consolidated Proxy Management › Unified Configuration Retrieval" name="should include lastUpdated timestamp in config" time="0.009">
    </testcase>
    <testcase classname="Phase 23.0 (EXPANDED): GlobalProxyConfigService - Consolidated Proxy Management › Unified Configuration Retrieval" name="should return empty config when nothing is set" time="0.006">
    </testcase>
    <testcase classname="Phase 23.0 (EXPANDED): GlobalProxyConfigService - Consolidated Proxy Management › Unified Configuration Retrieval" name="should indicate presence of sensitive fields without exposing them" time="0.011">
    </testcase>
    <testcase classname="Phase 23.0 (EXPANDED): GlobalProxyConfigService - Consolidated Proxy Management › Unified Configuration Retrieval" name="should handle partial configuration retrieval" time="0.009">
    </testcase>
    <testcase classname="Phase 23.0 (EXPANDED): GlobalProxyConfigService - Consolidated Proxy Management › Cleanup Operations" name="should delete all configuration" time="0.013">
    </testcase>
    <testcase classname="Phase 23.0 (EXPANDED): GlobalProxyConfigService - Consolidated Proxy Management › Cleanup Operations" name="should delete only HTTP proxy configuration" time="0.015">
    </testcase>
    <testcase classname="Phase 23.0 (EXPANDED): GlobalProxyConfigService - Consolidated Proxy Management › Cleanup Operations" name="should delete only webhook configuration" time="0.012">
    </testcase>
    <testcase classname="Phase 23.0 (EXPANDED): GlobalProxyConfigService - Consolidated Proxy Management › Cleanup Operations" name="should handle deleting non-existent configuration" time="0.01">
    </testcase>
    <testcase classname="Phase 23.0 (EXPANDED): GlobalProxyConfigService - Consolidated Proxy Management › Cleanup Operations" name="should allow reconfiguration after delete" time="0.012">
    </testcase>
    <testcase classname="Phase 23.0 (EXPANDED): GlobalProxyConfigService - Consolidated Proxy Management › Cleanup Operations" name="should verify all data is deleted" time="0.028">
    </testcase>
    <testcase classname="Phase 23.0 (EXPANDED): GlobalProxyConfigService - Consolidated Proxy Management › Validation Methods" name="should validate complete HTTP proxy configuration" time="0.013">
    </testcase>
    <testcase classname="Phase 23.0 (EXPANDED): GlobalProxyConfigService - Consolidated Proxy Management › Validation Methods" name="should validate incomplete HTTP proxy configuration" time="0.008">
    </testcase>
    <testcase classname="Phase 23.0 (EXPANDED): GlobalProxyConfigService - Consolidated Proxy Management › Validation Methods" name="should reject invalid HTTP proxy URL format" time="0.009">
    </testcase>
    <testcase classname="Phase 23.0 (EXPANDED): GlobalProxyConfigService - Consolidated Proxy Management › Validation Methods" name="should validate complete webhook configuration" time="0.013">
    </testcase>
    <testcase classname="Phase 23.0 (EXPANDED): GlobalProxyConfigService - Consolidated Proxy Management › Validation Methods" name="should validate incomplete webhook configuration" time="0.009">
    </testcase>
    <testcase classname="Phase 23.0 (EXPANDED): GlobalProxyConfigService - Consolidated Proxy Management › Validation Methods" name="should reject invalid webhook URL format" time="0.009">
    </testcase>
    <testcase classname="Phase 23.0 (EXPANDED): GlobalProxyConfigService - Consolidated Proxy Management › Concurrent Operations" name="should handle concurrent HTTP proxy reads" time="0.009">
    </testcase>
    <testcase classname="Phase 23.0 (EXPANDED): GlobalProxyConfigService - Consolidated Proxy Management › Concurrent Operations" name="should handle concurrent webhook reads" time="0.013">
    </testcase>
    <testcase classname="Phase 23.0 (EXPANDED): GlobalProxyConfigService - Consolidated Proxy Management › Concurrent Operations" name="should handle concurrent configuration updates without corruption" time="0.015">
    </testcase>
    <testcase classname="Phase 23.0 (EXPANDED): GlobalProxyConfigService - Consolidated Proxy Management › Concurrent Operations" name="should handle concurrent read/write operations" time="0.015">
    </testcase>
    <testcase classname="Phase 23.0 (EXPANDED): GlobalProxyConfigService - Consolidated Proxy Management › Error Handling &amp; Edge Cases" name="should handle null values gracefully" time="0.007">
    </testcase>
    <testcase classname="Phase 23.0 (EXPANDED): GlobalProxyConfigService - Consolidated Proxy Management › Error Handling &amp; Edge Cases" name="should handle undefined values gracefully" time="0.006">
    </testcase>
    <testcase classname="Phase 23.0 (EXPANDED): GlobalProxyConfigService - Consolidated Proxy Management › Error Handling &amp; Edge Cases" name="should handle very long configuration values" time="0.008">
    </testcase>
    <testcase classname="Phase 23.0 (EXPANDED): GlobalProxyConfigService - Consolidated Proxy Management › Error Handling &amp; Edge Cases" name="should handle unicode characters in configuration" time="0.009">
    </testcase>
    <testcase classname="Phase 23.0 (EXPANDED): GlobalProxyConfigService - Consolidated Proxy Management › Error Handling &amp; Edge Cases" name="should handle rapid set/get operations" time="0.159">
    </testcase>
    <testcase classname="Phase 23.0 (EXPANDED): GlobalProxyConfigService - Consolidated Proxy Management › Error Handling &amp; Edge Cases" name="should handle whitespace in configuration values" time="0.011">
    </testcase>
  </testsuite>
  <testsuite name="GuildAwareReminderNotificationService" errors="0" failures="0" skipped="0" timestamp="2026-06-29T10:38:34" time="0.637" tests="82">
    <testcase classname="GuildAwareReminderNotificationService › getActiveGuildIds()" name="should return empty array when no guilds present" time="0.008">
    </testcase>
    <testcase classname="GuildAwareReminderNotificationService › getActiveGuildIds()" name="should return single guild ID" time="0.002">
    </testcase>
    <testcase classname="GuildAwareReminderNotificationService › getActiveGuildIds()" name="should return multiple guild IDs" time="0.002">
    </testcase>
    <testcase classname="GuildAwareReminderNotificationService › getActiveGuildIds()" name="should filter out unavailable guilds" time="0.002">
    </testcase>
    <testcase classname="GuildAwareReminderNotificationService › getActiveGuildIds()" name="should handle all unavailable guilds" time="0.002">
    </testcase>
    <testcase classname="GuildAwareReminderNotificationService › getActiveGuildIds()" name="should maintain guild IDs across multiple calls" time="0.002">
    </testcase>
    <testcase classname="GuildAwareReminderNotificationService › getActiveGuildIds()" name="should return correct guild count" time="0.002">
    </testcase>
    <testcase classname="GuildAwareReminderNotificationService › checkAndSendNotificationsForGuild()" name="should return 0 sent when no reminders exist" time="0.002">
    </testcase>
    <testcase classname="GuildAwareReminderNotificationService › checkAndSendNotificationsForGuild()" name="should return 0 sent when no reminders are due" time="0.003">
    </testcase>
    <testcase classname="GuildAwareReminderNotificationService › checkAndSendNotificationsForGuild()" name="should process single due reminder" time="0.003">
    </testcase>
    <testcase classname="GuildAwareReminderNotificationService › checkAndSendNotificationsForGuild()" name="should process multiple due reminders" time="0.005">
    </testcase>
    <testcase classname="GuildAwareReminderNotificationService › checkAndSendNotificationsForGuild()" name="should skip non-due reminders" time="0.003">
    </testcase>
    <testcase classname="GuildAwareReminderNotificationService › checkAndSendNotificationsForGuild()" name="should skip inactive reminders" time="0.003">
    </testcase>
    <testcase classname="GuildAwareReminderNotificationService › checkAndSendNotificationsForGuild()" name="should handle guild with only inactive reminders" time="0.003">
    </testcase>
    <testcase classname="GuildAwareReminderNotificationService › checkAndSendNotificationsForGuild()" name="should handle result summary structure" time="0.003">
    </testcase>
    <testcase classname="GuildAwareReminderNotificationService › checkAndSendNotificationsForGuild()" name="should return 0 errors on success" time="0.003">
    </testcase>
    <testcase classname="GuildAwareReminderNotificationService › checkAndSendNotificationsForGuild()" name="should handle processing different guilds independently" time="0.004">
    </testcase>
    <testcase classname="GuildAwareReminderNotificationService › checkAndSendNotificationsForGuild()" name="should not process non-existent guild" time="0.002">
    </testcase>
    <testcase classname="GuildAwareReminderNotificationService › checkAndSendNotificationsForGuild()" name="should process mixed due/not-due reminders correctly" time="0.005">
    </testcase>
    <testcase classname="GuildAwareReminderNotificationService › checkAndSendNotificationsForGuild()" name="should handle boundary: reminder exactly at current time" time="0.004">
    </testcase>
    <testcase classname="GuildAwareReminderNotificationService › checkAndSendNotificationsForGuild()" name="should handle boundary: reminder 100ms in future" time="0.003">
    </testcase>
    <testcase classname="GuildAwareReminderNotificationService › checkAndSendNotificationsForGuild()" name="should handle large batch of reminders" time="0.038">
    </testcase>
    <testcase classname="GuildAwareReminderNotificationService › sendReminderNotification()" name="should send DM notification successfully" time="0.002">
    </testcase>
    <testcase classname="GuildAwareReminderNotificationService › sendReminderNotification()" name="should return message ID on success" time="0.001">
    </testcase>
    <testcase classname="GuildAwareReminderNotificationService › sendReminderNotification()" name="should throw error when guild not found" time="0.007">
    </testcase>
    <testcase classname="GuildAwareReminderNotificationService › sendReminderNotification()" name="should throw error when user not found" time="0.002">
    </testcase>
    <testcase classname="GuildAwareReminderNotificationService › sendReminderNotification()" name="should include reminder subject in notification" time="0.002">
    </testcase>
    <testcase classname="GuildAwareReminderNotificationService › sendReminderNotification()" name="should handle special characters in subject" time="0.001">
    </testcase>
    <testcase classname="GuildAwareReminderNotificationService › sendReminderNotification()" name="should handle long subject text" time="0.001">
    </testcase>
    <testcase classname="GuildAwareReminderNotificationService › sendReminderNotification()" name="should handle empty subject" time="0.001">
    </testcase>
    <testcase classname="GuildAwareReminderNotificationService › sendReminderNotification()" name="should handle unicode characters in subject" time="0.002">
    </testcase>
    <testcase classname="GuildAwareReminderNotificationService › sendReminderNotification()" name="should return timestamp on success" time="0.001">
    </testcase>
    <testcase classname="GuildAwareReminderNotificationService › sendReminderNotification()" name="should handle multiple consecutive sends" time="0.002">
    </testcase>
    <testcase classname="GuildAwareReminderNotificationService › sendReminderNotification()" name="should handle different users in same guild" time="0.002">
    </testcase>
    <testcase classname="GuildAwareReminderNotificationService › sendReminderNotification()" name="should handle notification to user in multiple guilds" time="0.002">
    </testcase>
    <testcase classname="GuildAwareReminderNotificationService › sendReminderNotification()" name="should preserve reminder data integrity" time="0.002">
    </testcase>
    <testcase classname="GuildAwareReminderNotificationService › sendReminderNotification()" name="should handle rapid concurrent sends to different users" time="0.002">
    </testcase>
    <testcase classname="GuildAwareReminderNotificationService › sendReminderNotification()" name="should not modify database on send" time="0.003">
    </testcase>
    <testcase classname="GuildAwareReminderNotificationService › sendReminderNotification()" name="should handle sending same reminder multiple times" time="0.002">
    </testcase>
    <testcase classname="GuildAwareReminderNotificationService › sendReminderNotification()" name="should return consistent success on repeated sends" time="0.002">
    </testcase>
    <testcase classname="GuildAwareReminderNotificationService › recordNotificationAttempt()" name="should record successful notification attempt" time="0.002">
    </testcase>
    <testcase classname="GuildAwareReminderNotificationService › recordNotificationAttempt()" name="should record failed notification attempt" time="0.002">
    </testcase>
    <testcase classname="GuildAwareReminderNotificationService › recordNotificationAttempt()" name="should include recorded timestamp" time="0.002">
    </testcase>
    <testcase classname="GuildAwareReminderNotificationService › recordNotificationAttempt()" name="should record timestamp close to current time" time="0.002">
    </testcase>
    <testcase classname="GuildAwareReminderNotificationService › recordNotificationAttempt()" name="should handle record with null error" time="0.001">
    </testcase>
    <testcase classname="GuildAwareReminderNotificationService › recordNotificationAttempt()" name="should handle record with undefined error" time="0.001">
    </testcase>
    <testcase classname="GuildAwareReminderNotificationService › recordNotificationAttempt()" name="should handle long error messages" time="0.002">
    </testcase>
    <testcase classname="GuildAwareReminderNotificationService › recordNotificationAttempt()" name="should record multiple attempts for same reminder" time="0.002">
    </testcase>
    <testcase classname="GuildAwareReminderNotificationService › recordNotificationAttempt()" name="should isolate records between guilds" time="0.002">
    </testcase>
    <testcase classname="GuildAwareReminderNotificationService › recordNotificationAttempt()" name="should handle special characters in error message" time="0.001">
    </testcase>
    <testcase classname="GuildAwareReminderNotificationService › recordNotificationAttempt()" name="should handle unicode in error message" time="0.002">
    </testcase>
    <testcase classname="GuildAwareReminderNotificationService › recordNotificationAttempt()" name="should preserve reminder ID exactly" time="0.002">
    </testcase>
    <testcase classname="GuildAwareReminderNotificationService › recordNotificationAttempt()" name="should preserve guild ID exactly" time="0.002">
    </testcase>
    <testcase classname="GuildAwareReminderNotificationService › recordNotificationAttempt()" name="should handle rapid concurrent records for same reminder" time="0.002">
    </testcase>
    <testcase classname="GuildAwareReminderNotificationService › Multi-Guild Concurrency" name="should process two guilds concurrently" time="0.01">
    </testcase>
    <testcase classname="GuildAwareReminderNotificationService › Multi-Guild Concurrency" name="should process five guilds concurrently" time="0.013">
    </testcase>
    <testcase classname="GuildAwareReminderNotificationService › Multi-Guild Concurrency" name="should isolate data: concurrent processing does not leak data" time="0.01">
    </testcase>
    <testcase classname="GuildAwareReminderNotificationService › Multi-Guild Concurrency" name="should maintain data consistency across concurrent operations" time="0.007">
    </testcase>
    <testcase classname="GuildAwareReminderNotificationService › Multi-Guild Concurrency" name="should handle all guilds processed in checkAndSendAllGuildNotifications" time="0.035">
    </testcase>
    <testcase classname="GuildAwareReminderNotificationService › Multi-Guild Concurrency" name="should batch guilds in groups of 10" time="0.22">
    </testcase>
    <testcase classname="GuildAwareReminderNotificationService › Multi-Guild Concurrency" name="should handle guild processing errors without stopping others" time="0.01">
    </testcase>
    <testcase classname="GuildAwareReminderNotificationService › Multi-Guild Concurrency" name="should not create cross-guild data leaks during concurrent processing" time="0.009">
    </testcase>
    <testcase classname="GuildAwareReminderNotificationService › Multi-Guild Concurrency" name="should verify guild isolation: reminder records isolated by guild" time="0.006">
    </testcase>
    <testcase classname="GuildAwareReminderNotificationService › Multi-Guild Concurrency" name="should handle concurrent notifications to users across guilds" time="0.006">
    </testcase>
    <testcase classname="GuildAwareReminderNotificationService › Multi-Guild Concurrency" name="should not corrupt data under SQLite concurrent writes" time="0.01">
    </testcase>
    <testcase classname="GuildAwareReminderNotificationService › Multi-Guild Concurrency" name="should verify SQLite consistency: read after concurrent write" time="0.008">
    </testcase>
    <testcase classname="GuildAwareReminderNotificationService › Multi-Guild Concurrency" name="should handle rapid-fire concurrent guild processing" time="0.019">
    </testcase>
    <testcase classname="GuildAwareReminderNotificationService › Multi-Guild Concurrency" name="should not deadlock under high concurrent load" time="0.028">
    </testcase>
    <testcase classname="GuildAwareReminderNotificationService › Error Handling" name="should handle missing guild gracefully" time="0.002">
    </testcase>
    <testcase classname="GuildAwareReminderNotificationService › Error Handling" name="should handle missing user in notification" time="0.002">
    </testcase>
    <testcase classname="GuildAwareReminderNotificationService › Error Handling" name="should capture error message in failed record" time="0.002">
    </testcase>
    <testcase classname="GuildAwareReminderNotificationService › Error Handling" name="should continue processing after error in batch" time="0.007">
    </testcase>
    <testcase classname="GuildAwareReminderNotificationService › Error Handling" name="should not stop all processing on single guild error" time="0.003">
    </testcase>
    <testcase classname="GuildAwareReminderNotificationService › Error Handling" name="should handle database query errors" time="0.002">
    </testcase>
    <testcase classname="GuildAwareReminderNotificationService › Error Handling" name="should handle concurrent error scenarios" time="0.002">
    </testcase>
    <testcase classname="GuildAwareReminderNotificationService › Error Handling" name="should handle null reminder gracefully" time="0.002">
    </testcase>
    <testcase classname="GuildAwareReminderNotificationService › Error Handling" name="should handle undefined reminder gracefully" time="0.002">
    </testcase>
    <testcase classname="GuildAwareReminderNotificationService › Error Handling" name="should record errors with details" time="0.002">
    </testcase>
    <testcase classname="GuildAwareReminderNotificationService › Error Handling" name="should handle timeout scenarios" time="0.002">
    </testcase>
    <testcase classname="GuildAwareReminderNotificationService › Error Handling" name="should recover from transient errors" time="0.002">
    </testcase>
    <testcase classname="GuildAwareReminderNotificationService › Error Handling" name="should handle out-of-memory gracefully" time="0.002">
    </testcase>
    <testcase classname="GuildAwareReminderNotificationService › Error Handling" name="should isolate guild errors: error in guild-1 does not affect guild-2" time="0.003">
    </testcase>
  </testsuite>
  <testsuite name="Phase 17: GuildAwareReminderService" errors="0" failures="0" skipped="0" timestamp="2026-06-29T10:38:35" time="0.773" tests="33">
    <testcase classname="Phase 17: GuildAwareReminderService › Module Initialization &amp; Exports" name="should be importable and return a module object" time="0.001">
    </testcase>
    <testcase classname="Phase 17: GuildAwareReminderService › Module Initialization &amp; Exports" name="should export all required methods" time="0.002">
    </testcase>
    <testcase classname="Phase 17: GuildAwareReminderService › Module Initialization &amp; Exports" name="should have createReminder as a function" time="0.001">
    </testcase>
    <testcase classname="Phase 17: GuildAwareReminderService › Module Initialization &amp; Exports" name="should have addReminderAssignment as a function" time="0.001">
    </testcase>
    <testcase classname="Phase 17: GuildAwareReminderService › Module Initialization &amp; Exports" name="should have getReminderById as a function" time="0.001">
    </testcase>
    <testcase classname="Phase 17: GuildAwareReminderService › Module Initialization &amp; Exports" name="should have updateReminder as a function" time="0.001">
    </testcase>
    <testcase classname="Phase 17: GuildAwareReminderService › Reminder CRUD Operations" name="should create a new reminder successfully" time="0.039">
    </testcase>
    <testcase classname="Phase 17: GuildAwareReminderService › Reminder CRUD Operations" name="should retrieve reminder by ID" time="0.015">
    </testcase>
    <testcase classname="Phase 17: GuildAwareReminderService › Reminder CRUD Operations" name="should update an existing reminder" time="0.016">
    </testcase>
    <testcase classname="Phase 17: GuildAwareReminderService › Reminder CRUD Operations" name="should delete a reminder" time="0.016">
    </testcase>
    <testcase classname="Phase 17: GuildAwareReminderService › Reminder CRUD Operations" name="should retrieve all reminders for a guild" time="0.014">
    </testcase>
    <testcase classname="Phase 17: GuildAwareReminderService › Reminder Assignment Management" name="should add user assignment to reminder" time="0.014">
    </testcase>
    <testcase classname="Phase 17: GuildAwareReminderService › Reminder Assignment Management" name="should add role assignment to reminder" time="0.022">
    </testcase>
    <testcase classname="Phase 17: GuildAwareReminderService › Reminder Assignment Management" name="should validate assignee type (user or role)" time="0.017">
    </testcase>
    <testcase classname="Phase 17: GuildAwareReminderService › Reminder Assignment Management" name="should handle duplicate assignments" time="0.03">
    </testcase>
    <testcase classname="Phase 17: GuildAwareReminderService › Search and Filtering" name="should search reminders by subject" time="0.017">
    </testcase>
    <testcase classname="Phase 17: GuildAwareReminderService › Search and Filtering" name="should handle empty search results" time="0.016">
    </testcase>
    <testcase classname="Phase 17: GuildAwareReminderService › Search and Filtering" name="should handle special characters in search" time="0.017">
    </testcase>
    <testcase classname="Phase 17: GuildAwareReminderService › Guild-Specific Operations" name="should isolate reminders by guild" time="0.058">
    </testcase>
    <testcase classname="Phase 17: GuildAwareReminderService › Guild-Specific Operations" name="should get guild reminder statistics" time="0.014">
    </testcase>
    <testcase classname="Phase 17: GuildAwareReminderService › Guild-Specific Operations" name="should delete all reminders for a guild" time="0.001">
    </testcase>
    <testcase classname="Phase 17: GuildAwareReminderService › Guild-Specific Operations" name="should handle operations on different guild IDs independently" time="0.069">
    </testcase>
    <testcase classname="Phase 17: GuildAwareReminderService › Error Handling &amp; Validation" name="should handle invalid guild ID" time="0.013">
    </testcase>
    <testcase classname="Phase 17: GuildAwareReminderService › Error Handling &amp; Validation" name="should handle invalid reminder data" time="0.02">
    </testcase>
    <testcase classname="Phase 17: GuildAwareReminderService › Error Handling &amp; Validation" name="should handle missing reminder fields" time="0.017">
    </testcase>
    <testcase classname="Phase 17: GuildAwareReminderService › Error Handling &amp; Validation" name="should validate reminder ID parameter" time="0.014">
    </testcase>
    <testcase classname="Phase 17: GuildAwareReminderService › Error Handling &amp; Validation" name="should handle database connection errors gracefully" time="0.033">
    </testcase>
    <testcase classname="Phase 17: GuildAwareReminderService › Integration Workflows" name="should support full reminder lifecycle" time="0.039">
    </testcase>
    <testcase classname="Phase 17: GuildAwareReminderService › Integration Workflows" name="should support reminder with assignments workflow" time="0.035">
    </testcase>
    <testcase classname="Phase 17: GuildAwareReminderService › Integration Workflows" name="should support multi-guild parallel operations" time="0.066">
    </testcase>
    <testcase classname="Phase 17: GuildAwareReminderService › Integration Workflows" name="should handle search and statistics together" time="0.03">
    </testcase>
    <testcase classname="Phase 17: GuildAwareReminderService › Database Lifecycle" name="should handle multiple sequential operations" time="0.034">
    </testcase>
    <testcase classname="Phase 17: GuildAwareReminderService › Database Lifecycle" name="should maintain guild database isolation across calls" time="0.06">
    </testcase>
  </testsuite>
  <testsuite name="CacheManager" errors="0" failures="0" skipped="0" timestamp="2026-06-29T10:38:36" time="0.856" tests="71">
    <testcase classname="CacheManager › constructor()" name="should initialize with default options" time="0.001">
    </testcase>
    <testcase classname="CacheManager › constructor()" name="should initialize with custom options" time="0.001">
    </testcase>
    <testcase classname="CacheManager › constructor()" name="should initialize with empty cache" time="0.001">
    </testcase>
    <testcase classname="CacheManager › constructor()" name="should initialize statistics to zero" time="0.001">
    </testcase>
    <testcase classname="CacheManager › set() and get()" name="should store and retrieve value" time="0.001">
    </testcase>
    <testcase classname="CacheManager › set() and get()" name="should store and retrieve object value" time="0">
    </testcase>
    <testcase classname="CacheManager › set() and get()" name="should store and retrieve array value" time="0.001">
    </testcase>
    <testcase classname="CacheManager › set() and get()" name="should store and retrieve null value" time="0.001">
    </testcase>
    <testcase classname="CacheManager › set() and get()" name="should store and retrieve undefined value" time="0.001">
    </testcase>
    <testcase classname="CacheManager › set() and get()" name="should return undefined for non-existent key" time="0.001">
    </testcase>
    <testcase classname="CacheManager › set() and get()" name="should overwrite existing value" time="0.001">
    </testcase>
    <testcase classname="CacheManager › set() and get()" name="should track set operation in stats" time="0.001">
    </testcase>
    <testcase classname="CacheManager › set() and get()" name="should handle multiple sets to same key" time="0">
    </testcase>
    <testcase classname="CacheManager › TTL and Expiration" name="should expire entry after TTL" time="0.154">
    </testcase>
    <testcase classname="CacheManager › TTL and Expiration" name="should not expire entry before TTL" time="0.102">
    </testcase>
    <testcase classname="CacheManager › TTL and Expiration" name="should use custom TTL over default" time="0.001">
    </testcase>
    <testcase classname="CacheManager › TTL and Expiration" name="should use default TTL when not specified" time="0">
    </testcase>
    <testcase classname="CacheManager › TTL and Expiration" name="should track expired access as miss in stats" time="0.102">
    </testcase>
    <testcase classname="CacheManager › invalidate()" name="should remove entry from cache" time="0.001">
    </testcase>
    <testcase classname="CacheManager › invalidate()" name="should return true when key exists" time="0.001">
    </testcase>
    <testcase classname="CacheManager › invalidate()" name="should return false when key does not exist" time="0.001">
    </testcase>
    <testcase classname="CacheManager › invalidate()" name="should remove from access order tracking" time="0">
    </testcase>
    <testcase classname="CacheManager › invalidate()" name="should track invalidation in stats" time="0.001">
    </testcase>
    <testcase classname="CacheManager › invalidate()" name="should not count invalidation of non-existent key in stats" time="0.001">
    </testcase>
    <testcase classname="CacheManager › invalidatePattern()" name="should invalidate entries matching wildcard pattern" time="0.001">
    </testcase>
    <testcase classname="CacheManager › invalidatePattern()" name="should invalidate entries matching regex pattern" time="0.001">
    </testcase>
    <testcase classname="CacheManager › invalidatePattern()" name="should not invalidate non-matching entries" time="0.001">
    </testcase>
    <testcase classname="CacheManager › invalidatePattern()" name="should return correct count of invalidated entries" time="0.001">
    </testcase>
    <testcase classname="CacheManager › invalidatePattern()" name="should track pattern invalidations in stats" time="0.001">
    </testcase>
    <testcase classname="CacheManager › invalidatePattern()" name="should handle pattern with no matches" time="0.002">
    </testcase>
    <testcase classname="CacheManager › clear()" name="should remove all entries from cache" time="0.001">
    </testcase>
    <testcase classname="CacheManager › clear()" name="should clear access order tracking" time="0.001">
    </testcase>
    <testcase classname="CacheManager › clear()" name="should update invalidations stats" time="0.001">
    </testcase>
    <testcase classname="CacheManager › clear()" name="should handle clearing empty cache" time="0.001">
    </testcase>
    <testcase classname="CacheManager › LRU Eviction" name="should evict least recently used entry when cache is full" time="0.001">
    </testcase>
    <testcase classname="CacheManager › LRU Eviction" name="should not evict recently accessed entries" time="0.001">
    </testcase>
    <testcase classname="CacheManager › LRU Eviction" name="should track evictions in stats" time="0.001">
    </testcase>
    <testcase classname="CacheManager › LRU Eviction" name="should not evict when updating existing key" time="0.001">
    </testcase>
    <testcase classname="CacheManager › LRU Eviction" name="should handle multiple evictions correctly" time="0.001">
    </testcase>
    <testcase classname="CacheManager › has()" name="should return true for existing valid entry" time="0.001">
    </testcase>
    <testcase classname="CacheManager › has()" name="should return false for non-existent entry" time="0.001">
    </testcase>
    <testcase classname="CacheManager › has()" name="should return false for expired entry" time="0.102">
    </testcase>
    <testcase classname="CacheManager › has()" name="should remove expired entry when checking" time="0.101">
    </testcase>
    <testcase classname="CacheManager › cleanup()" name="should remove all expired entries" time="0.101">
    </testcase>
    <testcase classname="CacheManager › cleanup()" name="should return count of cleaned entries" time="0.101">
    </testcase>
    <testcase classname="CacheManager › cleanup()" name="should handle cleanup with no expired entries" time="0.001">
    </testcase>
    <testcase classname="CacheManager › getStats()" name="should return statistics object" time="0.001">
    </testcase>
    <testcase classname="CacheManager › getStats()" name="should calculate hit rate correctly" time="0.001">
    </testcase>
    <testcase classname="CacheManager › getStats()" name="should return 0 hit rate with no requests" time="0.001">
    </testcase>
    <testcase classname="CacheManager › getStats()" name="should return 100 hit rate with all hits" time="0">
    </testcase>
    <testcase classname="CacheManager › getStats()" name="should track current cache size" time="0.001">
    </testcase>
    <testcase classname="CacheManager › getStats()" name="should report maxSize" time="0.001">
    </testcase>
    <testcase classname="CacheManager › getStats()" name="should estimate memory usage" time="0">
    </testcase>
    <testcase classname="CacheManager › resetStats()" name="should reset all statistics to zero" time="0">
    </testcase>
    <testcase classname="CacheManager › resetStats()" name="should not clear cache entries" time="0.001">
    </testcase>
    <testcase classname="CacheManager › resetStats()" name="should allow statistics to be collected again after reset" time="0.001">
    </testcase>
    <testcase classname="CacheManager › Performance" name="should handle large number of set operations" time="0.002">
    </testcase>
    <testcase classname="CacheManager › Performance" name="should handle rapid get operations" time="0">
    </testcase>
    <testcase classname="CacheManager › Performance" name="should maintain accurate statistics under load" time="0">
    </testcase>
    <testcase classname="CacheManager › Edge Cases" name="should handle numeric keys" time="0.001">
    </testcase>
    <testcase classname="CacheManager › Edge Cases" name="should handle keys with special characters" time="0.001">
    </testcase>
    <testcase classname="CacheManager › Edge Cases" name="should handle very long keys" time="0">
    </testcase>
    <testcase classname="CacheManager › Edge Cases" name="should handle circular reference values gracefully" time="0">
    </testcase>
    <testcase classname="CacheManager › Edge Cases" name="should handle empty string values" time="0.001">
    </testcase>
    <testcase classname="CacheManager › Edge Cases" name="should handle boolean values" time="0.001">
    </testcase>
    <testcase classname="CacheManager › Edge Cases" name="should handle zero and negative numbers" time="0">
    </testcase>
    <testcase classname="CacheManager › Edge Cases" name="should handle very large TTL values" time="0.001">
    </testcase>
    <testcase classname="CacheManager › Edge Cases" name="should handle very small (but positive) TTL values" time="0.011">
    </testcase>
    <testcase classname="CacheManager › Integration Scenarios" name="should handle complete cache lifecycle" time="0.001">
    </testcase>
    <testcase classname="CacheManager › Integration Scenarios" name="should handle cache warming and pattern invalidation" time="0.001">
    </testcase>
    <testcase classname="CacheManager › Integration Scenarios" name="should handle stats-driven cache optimization" time="0">
    </testcase>
  </testsuite>
  <testsuite name="Cache Manager Service - Comprehensive Coverage" errors="0" failures="0" skipped="0" timestamp="2026-06-29T10:38:37" time="0.782" tests="61">
    <testcase classname="Cache Manager Service - Comprehensive Coverage › Cache Initialization" name="should create cache with default options" time="0">
    </testcase>
    <testcase classname="Cache Manager Service - Comprehensive Coverage › Cache Initialization" name="should set custom maxSize" time="0">
    </testcase>
    <testcase classname="Cache Manager Service - Comprehensive Coverage › Cache Initialization" name="should set custom defaultTTL" time="0.001">
    </testcase>
    <testcase classname="Cache Manager Service - Comprehensive Coverage › Cache Initialization" name="should initialize stats object" time="0.001">
    </testcase>
    <testcase classname="Cache Manager Service - Comprehensive Coverage › Cache Initialization" name="should have empty cache on initialization" time="0.001">
    </testcase>
    <testcase classname="Cache Manager Service - Comprehensive Coverage › Set and Get Operations" name="should set and retrieve a value" time="0.001">
    </testcase>
    <testcase classname="Cache Manager Service - Comprehensive Coverage › Set and Get Operations" name="should return undefined for non-existent key" time="0">
    </testcase>
    <testcase classname="Cache Manager Service - Comprehensive Coverage › Set and Get Operations" name="should increment stats on set" time="0.001">
    </testcase>
    <testcase classname="Cache Manager Service - Comprehensive Coverage › Set and Get Operations" name="should increment hit on successful get" time="0.001">
    </testcase>
    <testcase classname="Cache Manager Service - Comprehensive Coverage › Set and Get Operations" name="should increment miss on failed get" time="0">
    </testcase>
    <testcase classname="Cache Manager Service - Comprehensive Coverage › Set and Get Operations" name="should handle various data types" time="0">
    </testcase>
    <testcase classname="Cache Manager Service - Comprehensive Coverage › Set and Get Operations" name="should overwrite existing key" time="0.001">
    </testcase>
    <testcase classname="Cache Manager Service - Comprehensive Coverage › Set and Get Operations" name="should handle empty string key" time="0.001">
    </testcase>
    <testcase classname="Cache Manager Service - Comprehensive Coverage › Set and Get Operations" name="should handle undefined value" time="0.001">
    </testcase>
    <testcase classname="Cache Manager Service - Comprehensive Coverage › TTL and Expiration" name="should use default TTL when not specified" time="0.104">
    </testcase>
    <testcase classname="Cache Manager Service - Comprehensive Coverage › TTL and Expiration" name="should respect custom TTL on set" time="0.101">
    </testcase>
    <testcase classname="Cache Manager Service - Comprehensive Coverage › TTL and Expiration" name="should not expire before TTL" time="0.1">
    </testcase>
    <testcase classname="Cache Manager Service - Comprehensive Coverage › TTL and Expiration" name="should clean up expired entries on get" time="0.101">
    </testcase>
    <testcase classname="Cache Manager Service - Comprehensive Coverage › TTL and Expiration" name="should increment misses for expired entries" time="0.101">
    </testcase>
    <testcase classname="Cache Manager Service - Comprehensive Coverage › LRU Eviction and Size Limits" name="should evict least recently used when max size exceeded" time="0.001">
    </testcase>
    <testcase classname="Cache Manager Service - Comprehensive Coverage › LRU Eviction and Size Limits" name="should track access order correctly" time="0.001">
    </testcase>
    <testcase classname="Cache Manager Service - Comprehensive Coverage › LRU Eviction and Size Limits" name="should increment eviction stats" time="0.001">
    </testcase>
    <testcase classname="Cache Manager Service - Comprehensive Coverage › LRU Eviction and Size Limits" name="should handle reaching max size without eviction" time="0">
    </testcase>
    <testcase classname="Cache Manager Service - Comprehensive Coverage › Invalidate and Clear" name="should invalidate existing key and return true" time="0.001">
    </testcase>
    <testcase classname="Cache Manager Service - Comprehensive Coverage › Invalidate and Clear" name="should handle invalidating non-existent key and return false" time="0.001">
    </testcase>
    <testcase classname="Cache Manager Service - Comprehensive Coverage › Invalidate and Clear" name="should remove from accessOrder on invalidate" time="0.001">
    </testcase>
    <testcase classname="Cache Manager Service - Comprehensive Coverage › Invalidate and Clear" name="should increment invalidation stats" time="0.001">
    </testcase>
    <testcase classname="Cache Manager Service - Comprehensive Coverage › Invalidate and Clear" name="should invalidate by pattern - string pattern" time="0.001">
    </testcase>
    <testcase classname="Cache Manager Service - Comprehensive Coverage › Invalidate and Clear" name="should invalidate by pattern - regex pattern" time="0.001">
    </testcase>
    <testcase classname="Cache Manager Service - Comprehensive Coverage › Invalidate and Clear" name="should return zero when pattern matches nothing" time="0.001">
    </testcase>
    <testcase classname="Cache Manager Service - Comprehensive Coverage › Invalidate and Clear" name="should reset stats" time="0.001">
    </testcase>
    <testcase classname="Cache Manager Service - Comprehensive Coverage › Statistics and Metrics" name="should track hit rate correctly" time="0.001">
    </testcase>
    <testcase classname="Cache Manager Service - Comprehensive Coverage › Statistics and Metrics" name="should get stats object" time="0.001">
    </testcase>
    <testcase classname="Cache Manager Service - Comprehensive Coverage › Statistics and Metrics" name="should provide cache info via getStats" time="0.001">
    </testcase>
    <testcase classname="Cache Manager Service - Comprehensive Coverage › Statistics and Metrics" name="should calculate cache size from map" time="0.001">
    </testcase>
    <testcase classname="Cache Manager Service - Comprehensive Coverage › Statistics and Metrics" name="should check if key exists" time="0.001">
    </testcase>
    <testcase classname="Cache Manager Service - Comprehensive Coverage › Statistics and Metrics" name="should return false for expired keys in has()" time="0.101">
    </testcase>
    <testcase classname="Cache Manager Service - Comprehensive Coverage › Cleanup and Maintenance" name="should cleanup expired entries" time="0.101">
    </testcase>
    <testcase classname="Cache Manager Service - Comprehensive Coverage › Cleanup and Maintenance" name="should return zero when no entries need cleanup" time="0.001">
    </testcase>
    <testcase classname="Cache Manager Service - Comprehensive Coverage › Cleanup and Maintenance" name="should estimate memory usage" time="0.001">
    </testcase>
    <testcase classname="Cache Manager Service - Comprehensive Coverage › Edge Cases and Boundary Conditions" name="should handle very large values" time="0">
    </testcase>
    <testcase classname="Cache Manager Service - Comprehensive Coverage › Edge Cases and Boundary Conditions" name="should handle many entries" time="0.002">
    </testcase>
    <testcase classname="Cache Manager Service - Comprehensive Coverage › Edge Cases and Boundary Conditions" name="should handle rapid set/get cycles" time="0.001">
    </testcase>
    <testcase classname="Cache Manager Service - Comprehensive Coverage › Edge Cases and Boundary Conditions" name="should handle special characters in keys" time="0.001">
    </testcase>
    <testcase classname="Cache Manager Service - Comprehensive Coverage › Edge Cases and Boundary Conditions" name="should handle numeric keys (converted to string)" time="0">
    </testcase>
    <testcase classname="Cache Manager Service - Comprehensive Coverage › Edge Cases and Boundary Conditions" name="should handle boolean values" time="0.001">
    </testcase>
    <testcase classname="Cache Manager Service - Comprehensive Coverage › Edge Cases and Boundary Conditions" name="should handle zero as value" time="0.001">
    </testcase>
    <testcase classname="Cache Manager Service - Comprehensive Coverage › Edge Cases and Boundary Conditions" name="should handle empty object" time="0">
    </testcase>
    <testcase classname="Cache Manager Service - Comprehensive Coverage › Edge Cases and Boundary Conditions" name="should handle empty array" time="0.001">
    </testcase>
    <testcase classname="Cache Manager Service - Comprehensive Coverage › Concurrency and State" name="should maintain cache integrity through multiple operations" time="0.001">
    </testcase>
    <testcase classname="Cache Manager Service - Comprehensive Coverage › Concurrency and State" name="should not affect other cache instances" time="0.001">
    </testcase>
    <testcase classname="Cache Manager Service - Comprehensive Coverage › Concurrency and State" name="should maintain consistent stats" time="0">
    </testcase>
    <testcase classname="Cache Manager Service - Comprehensive Coverage › Clear and Reset Operations" name="should clear all entries" time="0">
    </testcase>
    <testcase classname="Cache Manager Service - Comprehensive Coverage › Clear and Reset Operations" name="should clear cache (separate from invalidate)" time="0">
    </testcase>
    <testcase classname="Cache Manager Service - Comprehensive Coverage › Module Interface" name="should export CacheManager class" time="0.001">
    </testcase>
    <testcase classname="Cache Manager Service - Comprehensive Coverage › Module Interface" name="should have all required public methods" time="0.001">
    </testcase>
    <testcase classname="Cache Manager Service - Comprehensive Coverage › Module Interface" name="should be instantiable with new" time="0.001">
    </testcase>
    <testcase classname="Cache Manager Service - Comprehensive Coverage › Real-World Usage Scenarios" name="should cache database query results" time="0.001">
    </testcase>
    <testcase classname="Cache Manager Service - Comprehensive Coverage › Real-World Usage Scenarios" name="should implement rate limiting cache" time="0">
    </testcase>
    <testcase classname="Cache Manager Service - Comprehensive Coverage › Real-World Usage Scenarios" name="should work as session cache" time="0.001">
    </testcase>
    <testcase classname="Cache Manager Service - Comprehensive Coverage › Real-World Usage Scenarios" name="should implement lazy loading pattern" time="0.001">
    </testcase>
  </testsuite>
  <testsuite name="Phase 17: GuildAwareDatabaseService" errors="0" failures="0" skipped="0" timestamp="2026-06-29T10:38:37" time="0.506" tests="30">
    <testcase classname="Phase 17: GuildAwareDatabaseService › Module Initialization &amp; Exports" name="should be importable and return a service instance" time="0.001">
    </testcase>
    <testcase classname="Phase 17: GuildAwareDatabaseService › Module Initialization &amp; Exports" name="should be a GuildAwareDatabaseService instance" time="0">
    </testcase>
    <testcase classname="Phase 17: GuildAwareDatabaseService › Module Initialization &amp; Exports" name="should have quote management methods" time="0.001">
    </testcase>
    <testcase classname="Phase 17: GuildAwareDatabaseService › Module Initialization &amp; Exports" name="should have rating and tagging methods" time="0.001">
    </testcase>
    <testcase classname="Phase 17: GuildAwareDatabaseService › Module Initialization &amp; Exports" name="should have guild management methods" time="0.001">
    </testcase>
    <testcase classname="Phase 17: GuildAwareDatabaseService › Quote CRUD Operations (Guild-Scoped)" name="should add a quote to a guild database" time="0.035">
    </testcase>
    <testcase classname="Phase 17: GuildAwareDatabaseService › Quote CRUD Operations (Guild-Scoped)" name="should retrieve all quotes from a guild" time="0.015">
    </testcase>
    <testcase classname="Phase 17: GuildAwareDatabaseService › Quote CRUD Operations (Guild-Scoped)" name="should get a specific quote by ID" time="0.014">
    </testcase>
    <testcase classname="Phase 17: GuildAwareDatabaseService › Quote CRUD Operations (Guild-Scoped)" name="should update a quote in guild database" time="0.016">
    </testcase>
    <testcase classname="Phase 17: GuildAwareDatabaseService › Quote CRUD Operations (Guild-Scoped)" name="should delete a quote from guild database" time="0.015">
    </testcase>
    <testcase classname="Phase 17: GuildAwareDatabaseService › Quote CRUD Operations (Guild-Scoped)" name="should get quote count for a guild" time="0.019">
    </testcase>
    <testcase classname="Phase 17: GuildAwareDatabaseService › Quote Rating &amp; Tagging (Guild-Scoped)" name="should rate a quote in a guild" time="0.032">
    </testcase>
    <testcase classname="Phase 17: GuildAwareDatabaseService › Quote Rating &amp; Tagging (Guild-Scoped)" name="should get rating for a quote" time="0.016">
    </testcase>
    <testcase classname="Phase 17: GuildAwareDatabaseService › Quote Rating &amp; Tagging (Guild-Scoped)" name="should tag a quote in a guild" time="0.018">
    </testcase>
    <testcase classname="Phase 17: GuildAwareDatabaseService › Quote Rating &amp; Tagging (Guild-Scoped)" name="should retrieve quotes by tag in a guild" time="0.015">
    </testcase>
    <testcase classname="Phase 17: GuildAwareDatabaseService › Search &amp; Retrieval (Guild-Scoped)" name="should search quotes in a guild" time="0.03">
    </testcase>
    <testcase classname="Phase 17: GuildAwareDatabaseService › Search &amp; Retrieval (Guild-Scoped)" name="should handle search with no results" time="0.015">
    </testcase>
    <testcase classname="Phase 17: GuildAwareDatabaseService › Search &amp; Retrieval (Guild-Scoped)" name="should handle special characters in search" time="0.014">
    </testcase>
    <testcase classname="Phase 17: GuildAwareDatabaseService › Guild Isolation &amp; Multi-Guild Operations" name="should isolate quotes between guilds" time="0.026">
    </testcase>
    <testcase classname="Phase 17: GuildAwareDatabaseService › Guild Isolation &amp; Multi-Guild Operations" name="should handle parallel operations on different guilds" time="0.031">
    </testcase>
    <testcase classname="Phase 17: GuildAwareDatabaseService › Guild Isolation &amp; Multi-Guild Operations" name="should validate guild ID is required" time="0.001">
    </testcase>
    <testcase classname="Phase 17: GuildAwareDatabaseService › Data Export &amp; Statistics" name="should export guild data" time="0.037">
    </testcase>
    <testcase classname="Phase 17: GuildAwareDatabaseService › Data Export &amp; Statistics" name="should get guild statistics" time="0.032">
    </testcase>
    <testcase classname="Phase 17: GuildAwareDatabaseService › Data Export &amp; Statistics" name="should delete all guild data" time="0.002">
    </testcase>
    <testcase classname="Phase 17: GuildAwareDatabaseService › Error Handling &amp; Validation" name="should validate required parameters" time="0.001">
    </testcase>
    <testcase classname="Phase 17: GuildAwareDatabaseService › Error Handling &amp; Validation" name="should validate quote text is required" time="0.001">
    </testcase>
    <testcase classname="Phase 17: GuildAwareDatabaseService › Error Handling &amp; Validation" name="should handle invalid quote ID type" time="0.001">
    </testcase>
    <testcase classname="Phase 17: GuildAwareDatabaseService › Error Handling &amp; Validation" name="should validate rating value" time="0.001">
    </testcase>
    <testcase classname="Phase 17: GuildAwareDatabaseService › Integration Workflows" name="should support complete quote workflow" time="0.04">
    </testcase>
    <testcase classname="Phase 17: GuildAwareDatabaseService › Integration Workflows" name="should handle multi-guild isolated workflows" time="0.048">
    </testcase>
  </testsuite>
  <testsuite name="Git Rename Detection - Link Validator Enhancement" errors="0" failures="0" skipped="0" timestamp="2026-06-29T10:38:38" time="0.499" tests="15">
    <testcase classname="Git Rename Detection - Link Validator Enhancement › Git availability checks" name="should detect if git is available" time="0.026">
    </testcase>
    <testcase classname="Git Rename Detection - Link Validator Enhancement › Git availability checks" name="should return false for non-git directory" time="0.024">
    </testcase>
    <testcase classname="Git Rename Detection - Link Validator Enhancement › Git rename tracking" name="should track file rename via git" time="0.063">
    </testcase>
    <testcase classname="Git Rename Detection - Link Validator Enhancement › Git rename tracking" name="should track file move to subdirectory" time="0.062">
    </testcase>
    <testcase classname="Git Rename Detection - Link Validator Enhancement › Git rename tracking" name="should track complex rename and move" time="0.062">
    </testcase>
    <testcase classname="Git Rename Detection - Link Validator Enhancement › Link fixing for renamed files" name="should contain proper link replacement logic" time="0.018">
    </testcase>
    <testcase classname="Git Rename Detection - Link Validator Enhancement › Link fixing for renamed files" name="should preserve anchors when fixing links" time="0.018">
    </testcase>
    <testcase classname="Git Rename Detection - Link Validator Enhancement › Link fixing for renamed files" name="should handle multiple occurrences in single file" time="0.018">
    </testcase>
    <testcase classname="Git Rename Detection - Link Validator Enhancement › External link handling" name="should not modify http links" time="0.017">
    </testcase>
    <testcase classname="Git Rename Detection - Link Validator Enhancement › External link handling" name="should not modify https links" time="0.019">
    </testcase>
    <testcase classname="Git Rename Detection - Link Validator Enhancement › External link handling" name="should not modify email links" time="0.018">
    </testcase>
    <testcase classname="Git Rename Detection - Link Validator Enhancement › External link handling" name="should not modify anchor-only links" time="0.018">
    </testcase>
    <testcase classname="Git Rename Detection - Link Validator Enhancement › Validator integration scenarios" name="should detect broken links that need rename fixing" time="0.061">
    </testcase>
    <testcase classname="Git Rename Detection - Link Validator Enhancement › Validator integration scenarios" name="should handle case-insensitive matching with renames" time="0.037">
    </testcase>
    <testcase classname="Git Rename Detection - Link Validator Enhancement › Validator integration scenarios" name="should document git rename detection feature usage" time="0.018">
    </testcase>
  </testsuite>
  <testsuite name="Phase 22.5b: Real Command Coverage Mapping" errors="0" failures="0" skipped="0" timestamp="2026-06-29T10:38:38" time="0.382" tests="25">
    <testcase classname="Phase 22.5b: Real Command Coverage Mapping › Reminder Management Commands" name="should execute create-reminder command" time="0.298">
    </testcase>
    <testcase classname="Phase 22.5b: Real Command Coverage Mapping › Reminder Management Commands" name="should execute list-reminders command" time="0.003">
    </testcase>
    <testcase classname="Phase 22.5b: Real Command Coverage Mapping › Reminder Management Commands" name="should execute search-reminders command" time="0.002">
    </testcase>
    <testcase classname="Phase 22.5b: Real Command Coverage Mapping › Reminder Management Commands" name="should execute delete-reminder command" time="0.002">
    </testcase>
    <testcase classname="Phase 22.5b: Real Command Coverage Mapping › Reminder Management Commands" name="should execute update-reminder command" time="0.002">
    </testcase>
    <testcase classname="Phase 22.5b: Real Command Coverage Mapping › Quote Management Commands" name="should execute add-quote command" time="0.003">
    </testcase>
    <testcase classname="Phase 22.5b: Real Command Coverage Mapping › Quote Management Commands" name="should execute delete-quote command" time="0.002">
    </testcase>
    <testcase classname="Phase 22.5b: Real Command Coverage Mapping › Quote Management Commands" name="should execute update-quote command" time="0.002">
    </testcase>
    <testcase classname="Phase 22.5b: Real Command Coverage Mapping › Quote Management Commands" name="should execute list-quotes command" time="0.002">
    </testcase>
    <testcase classname="Phase 22.5b: Real Command Coverage Mapping › Quote Discovery Commands" name="should execute random-quote command" time="0.002">
    </testcase>
    <testcase classname="Phase 22.5b: Real Command Coverage Mapping › Quote Discovery Commands" name="should execute search-quotes command" time="0.002">
    </testcase>
    <testcase classname="Phase 22.5b: Real Command Coverage Mapping › Quote Discovery Commands" name="should execute quote-stats command" time="0.003">
    </testcase>
    <testcase classname="Phase 22.5b: Real Command Coverage Mapping › Quote Social Commands" name="should execute rate-quote command" time="0.002">
    </testcase>
    <testcase classname="Phase 22.5b: Real Command Coverage Mapping › Quote Social Commands" name="should execute tag-quote command" time="0.002">
    </testcase>
    <testcase classname="Phase 22.5b: Real Command Coverage Mapping › Quote Export Commands" name="should execute export-quotes command" time="0.003">
    </testcase>
    <testcase classname="Phase 22.5b: Real Command Coverage Mapping › Admin &amp; Preference Commands" name="should execute opt-in command" time="0.002">
    </testcase>
    <testcase classname="Phase 22.5b: Real Command Coverage Mapping › Admin &amp; Preference Commands" name="should execute opt-out command" time="0.002">
    </testcase>
    <testcase classname="Phase 22.5b: Real Command Coverage Mapping › Admin &amp; Preference Commands" name="should execute broadcast command (admin)" time="0.001">
    </testcase>
    <testcase classname="Phase 22.5b: Real Command Coverage Mapping › Miscellaneous Commands" name="should execute ping command" time="0.002">
    </testcase>
    <testcase classname="Phase 22.5b: Real Command Coverage Mapping › Miscellaneous Commands" name="should execute help command" time="0.003">
    </testcase>
    <testcase classname="Phase 22.5b: Real Command Coverage Mapping › Batch Command Execution" name="should execute multiple commands and collect metrics" time="0.002">
    </testcase>
    <testcase classname="Phase 22.5b: Real Command Coverage Mapping › Coverage Infrastructure" name="should track which commands were executed" time="0">
    </testcase>
    <testcase classname="Phase 22.5b: Real Command Coverage Mapping › Coverage Infrastructure" name="should measure response helper usage" time="0.001">
    </testcase>
    <testcase classname="Phase 22.5b: Real Command Coverage Mapping › Coverage Infrastructure" name="should validate guild context preservation" time="0.001">
    </testcase>
    <testcase classname="Phase 22.5b: Real Command Coverage Mapping › Coverage Infrastructure" name="should validate service integration" time="0.001">
    </testcase>
  </testsuite>
  <testsuite name="sendSuccess()" errors="0" failures="0" skipped="0" timestamp="2026-06-29T10:38:39" time="0.151" tests="61">
    <testcase classname="sendSuccess()" name="should send success message to fresh interaction" time="0.001">
    </testcase>
    <testcase classname="sendSuccess()" name="should set ephemeral flag when specified" time="0.001">
    </testcase>
    <testcase classname="sendSuccess()" name="should not set ephemeral when false" time="0">
    </testcase>
    <testcase classname="sendSuccess()" name="should send as editReply if interaction already replied" time="0.001">
    </testcase>
    <testcase classname="sendSuccess()" name="should send as editReply if interaction deferred" time="0.001">
    </testcase>
    <testcase classname="sendSuccess()" name="should handle very long success messages" time="0">
    </testcase>
    <testcase classname="sendSuccess()" name="should handle empty success message" time="0">
    </testcase>
    <testcase classname="sendSuccess()" name="should handle special characters in message" time="0.001">
    </testcase>
    <testcase classname="sendError()" name="should send error message to fresh interaction" time="0">
    </testcase>
    <testcase classname="sendError()" name="should set ephemeral flag when specified" time="0.001">
    </testcase>
    <testcase classname="sendError()" name="should not set ephemeral when false" time="0">
    </testcase>
    <testcase classname="sendError()" name="should send as editReply if interaction already replied" time="0.001">
    </testcase>
    <testcase classname="sendError()" name="should send as editReply if interaction deferred" time="0">
    </testcase>
    <testcase classname="sendError()" name="should handle very long error messages" time="0">
    </testcase>
    <testcase classname="sendError()" name="should format error with code block for technical errors" time="0.001">
    </testcase>
    <testcase classname="sendDM()" name="should send DM to user" time="0">
    </testcase>
    <testcase classname="sendDM()" name="should include confirm message when provided" time="0.001">
    </testcase>
    <testcase classname="sendDM()" name="should handle DM send failure gracefully" time="0">
    </testcase>
    <testcase classname="sendDM()" name="should handle very long DM messages" time="0.001">
    </testcase>
    <testcase classname="sendDM()" name="should handle special characters in DM" time="0">
    </testcase>
    <testcase classname="deferReply()" name="should defer reply on fresh interaction" time="0.001">
    </testcase>
    <testcase classname="deferReply()" name="should skip defer when already deferred" time="0">
    </testcase>
    <testcase classname="deferReply()" name="should skip defer when already replied" time="0">
    </testcase>
    <testcase classname="sendQuoteEmbed()" name="should send quote embed to fresh interaction" time="0.001">
    </testcase>
    <testcase classname="sendQuoteEmbed()" name="should include quote text in embed" time="0">
    </testcase>
    <testcase classname="sendQuoteEmbed()" name="should include author in embed" time="0.001">
    </testcase>
    <testcase classname="sendQuoteEmbed()" name="should handle quote with very long text" time="0.001">
    </testcase>
    <testcase classname="sendQuoteEmbed()" name="should handle quote with tags" time="0.001">
    </testcase>
    <testcase classname="sendQuoteEmbed()" name="should handle quote with empty tags" time="0.001">
    </testcase>
    <testcase classname="sendQuoteEmbed()" name="should send as editReply if interaction deferred" time="0.001">
    </testcase>
    <testcase classname="sendQuoteEmbed()" name="should handle quote with special characters in text" time="0">
    </testcase>
    <testcase classname="sendQuoteEmbed()" name="should handle quote with unicode characters" time="0">
    </testcase>
    <testcase classname="sendOptInSuccess() and sendOptOutSuccess()" name="should send opt-in success message" time="0.014">
    </testcase>
    <testcase classname="sendOptInSuccess() and sendOptOutSuccess()" name="should send opt-out success message" time="0">
    </testcase>
    <testcase classname="sendOptInSuccess() and sendOptOutSuccess()" name="should set ephemeral flag for opt-in" time="0.001">
    </testcase>
    <testcase classname="sendOptInSuccess() and sendOptOutSuccess()" name="should set ephemeral flag for opt-out" time="0">
    </testcase>
    <testcase classname="sendOptInSuccess() and sendOptOutSuccess()" name="should handle deferred interaction for opt-in" time="0.001">
    </testcase>
    <testcase classname="sendOptInSuccess() and sendOptOutSuccess()" name="should handle deferred interaction for opt-out" time="0">
    </testcase>
    <testcase classname="sendOptInStatus()" name="should show opted in status" time="0.001">
    </testcase>
    <testcase classname="sendOptInStatus()" name="should show opted out status" time="0.001">
    </testcase>
    <testcase classname="sendOptInStatus()" name="should include timestamp information" time="0">
    </testcase>
    <testcase classname="sendOptInStatus()" name="should handle null timestamp gracefully" time="0.001">
    </testcase>
    <testcase classname="sendOptInDecisionPrompt()" name="should send opt-in decision prompt" time="0.002">
    </testcase>
    <testcase classname="sendOptInDecisionPrompt()" name="should include recipient info in prompt" time="0">
    </testcase>
    <testcase classname="sendOptInDecisionPrompt()" name="should include reminder subject in prompt" time="0">
    </testcase>
    <testcase classname="sendOptInDecisionPrompt()" name="should have action buttons" time="0.001">
    </testcase>
    <testcase classname="sendReminderCreatedServerOnly()" name="should send reminder created server message" time="0.001">
    </testcase>
    <testcase classname="sendReminderCreatedServerOnly()" name="should include recipient in message" time="0">
    </testcase>
    <testcase classname="sendReminderCreatedServerOnly()" name="should include reminder subject" time="0.001">
    </testcase>
    <testcase classname="sendReminderCreatedServerOnly()" name="should set ephemeral flag" time="0">
    </testcase>
    <testcase classname="sendOptInRequest()" name="should send opt-in request DM" time="0.001">
    </testcase>
    <testcase classname="sendOptInRequest()" name="should include sender info in DM" time="0.001">
    </testcase>
    <testcase classname="sendOptInRequest()" name="should include reminder subject in DM" time="0.001">
    </testcase>
    <testcase classname="sendOptInRequest()" name="should handle DM creation failure gracefully" time="0.001">
    </testcase>
    <testcase classname="Response Helpers: Integration Scenarios" name="should handle complete quote display workflow" time="0">
    </testcase>
    <testcase classname="Response Helpers: Integration Scenarios" name="should handle error response workflow" time="0.001">
    </testcase>
    <testcase classname="Response Helpers: Integration Scenarios" name="should handle opt-in workflow" time="0.001">
    </testcase>
    <testcase classname="Response Helpers: Integration Scenarios" name="should handle reminder creation workflow" time="0">
    </testcase>
    <testcase classname="Response Helpers: Integration Scenarios" name="should handle ephemeral responses consistently" time="0.001">
    </testcase>
    <testcase classname="Response Helpers: Integration Scenarios" name="should handle deferred responses consistently" time="0">
    </testcase>
    <testcase classname="Response Helpers: Integration Scenarios" name="should handle multiple interactions sequentially" time="0.001">
    </testcase>
  </testsuite>
  <testsuite name="Phase 23.0: GlobalUserCommunicationService" errors="0" failures="0" skipped="0" timestamp="2026-06-29T10:38:39" time="0.363" tests="42">
    <testcase classname="Phase 23.0: GlobalUserCommunicationService › Module Initialization &amp; Exports" name="should be importable and return a service instance" time="0.036">
    </testcase>
    <testcase classname="Phase 23.0: GlobalUserCommunicationService › Module Initialization &amp; Exports" name="should be a GlobalUserCommunicationService instance" time="0.004">
    </testcase>
    <testcase classname="Phase 23.0: GlobalUserCommunicationService › Module Initialization &amp; Exports" name="should have user status checker methods" time="0.003">
    </testcase>
    <testcase classname="Phase 23.0: GlobalUserCommunicationService › Module Initialization &amp; Exports" name="should have user preference setter methods" time="0.002">
    </testcase>
    <testcase classname="Phase 23.0: GlobalUserCommunicationService › Module Initialization &amp; Exports" name="should have bulk operation methods" time="0.002">
    </testcase>
    <testcase classname="Phase 23.0: GlobalUserCommunicationService › Module Initialization &amp; Exports" name="should have user listing methods" time="0.003">
    </testcase>
    <testcase classname="Phase 23.0: GlobalUserCommunicationService › Module Initialization &amp; Exports" name="should have cleanup methods" time="0.002">
    </testcase>
    <testcase classname="Phase 23.0: GlobalUserCommunicationService › User Opt-In Operations" name="should opt-in a user successfully" time="0.005">
    </testcase>
    <testcase classname="Phase 23.0: GlobalUserCommunicationService › User Opt-In Operations" name="should default to opted-out if not set" time="0.003">
    </testcase>
    <testcase classname="Phase 23.0: GlobalUserCommunicationService › User Opt-In Operations" name="should re-opt-in a user" time="0.005">
    </testcase>
    <testcase classname="Phase 23.0: GlobalUserCommunicationService › User Opt-In Operations" name="should handle user ID with special characters" time="0.004">
    </testcase>
    <testcase classname="Phase 23.0: GlobalUserCommunicationService › User Opt-In Operations" name="should store opt-in timestamp" time="0.005">
    </testcase>
    <testcase classname="Phase 23.0: GlobalUserCommunicationService › User Opt-In Operations" name="should reject empty user ID" time="0.003">
    </testcase>
    <testcase classname="Phase 23.0: GlobalUserCommunicationService › User Opt-In Operations" name="should reject null user ID" time="0.003">
    </testcase>
    <testcase classname="Phase 23.0: GlobalUserCommunicationService › User Opt-Out Operations" name="should opt-out a user successfully" time="0.004">
    </testcase>
    <testcase classname="Phase 23.0: GlobalUserCommunicationService › User Opt-Out Operations" name="should opt-out a previously opted-in user" time="0.006">
    </testcase>
    <testcase classname="Phase 23.0: GlobalUserCommunicationService › User Opt-Out Operations" name="should handle opt-out without prior opt-in" time="0.004">
    </testcase>
    <testcase classname="Phase 23.0: GlobalUserCommunicationService › User Opt-Out Operations" name="should store opt-out timestamp" time="0.005">
    </testcase>
    <testcase classname="Phase 23.0: GlobalUserCommunicationService › User Opt-Out Operations" name="should reject empty user ID on optOut" time="0.002">
    </testcase>
    <testcase classname="Phase 23.0: GlobalUserCommunicationService › Bulk Operations" name="should bulk opt-in multiple users" time="0.005">
    </testcase>
    <testcase classname="Phase 23.0: GlobalUserCommunicationService › Bulk Operations" name="should bulk opt-out multiple users" time="0.006">
    </testcase>
    <testcase classname="Phase 23.0: GlobalUserCommunicationService › Bulk Operations" name="should handle empty bulk array" time="0.003">
    </testcase>
    <testcase classname="Phase 23.0: GlobalUserCommunicationService › Bulk Operations" name="should handle large bulk operations" time="0.006">
    </testcase>
    <testcase classname="Phase 23.0: GlobalUserCommunicationService › Bulk Operations" name="should handle mixed opt states in bulk" time="0.008">
    </testcase>
    <testcase classname="Phase 23.0: GlobalUserCommunicationService › User Listing Operations" name="should return empty array when no users opted in" time="0.003">
    </testcase>
    <testcase classname="Phase 23.0: GlobalUserCommunicationService › User Listing Operations" name="should list all opted-in users" time="0.005">
    </testcase>
    <testcase classname="Phase 23.0: GlobalUserCommunicationService › User Listing Operations" name="should list all opted-out users" time="0.005">
    </testcase>
    <testcase classname="Phase 23.0: GlobalUserCommunicationService › User Listing Operations" name="should not include opt-out users in opted-in list" time="0.005">
    </testcase>
    <testcase classname="Phase 23.0: GlobalUserCommunicationService › User Listing Operations" name="should handle large user lists efficiently" time="0.006">
    </testcase>
    <testcase classname="Phase 23.0: GlobalUserCommunicationService › Status Retrieval with Metadata" name="should return status object with timestamp" time="0.004">
    </testcase>
    <testcase classname="Phase 23.0: GlobalUserCommunicationService › Status Retrieval with Metadata" name="should return opted_out status as 0" time="0.005">
    </testcase>
    <testcase classname="Phase 23.0: GlobalUserCommunicationService › Status Retrieval with Metadata" name="should return null for non-existent user" time="0.003">
    </testcase>
    <testcase classname="Phase 23.0: GlobalUserCommunicationService › Status Retrieval with Metadata" name="should track update timestamp changes" time="0.107">
    </testcase>
    <testcase classname="Phase 23.0: GlobalUserCommunicationService › Cleanup Operations" name="should delete all user communications" time="0.007">
    </testcase>
    <testcase classname="Phase 23.0: GlobalUserCommunicationService › Cleanup Operations" name="should cleanup inactive users (optional feature)" time="0.003">
    </testcase>
    <testcase classname="Phase 23.0: GlobalUserCommunicationService › Error Handling" name="should provide meaningful error messages" time="0.003">
    </testcase>
    <testcase classname="Phase 23.0: GlobalUserCommunicationService › Error Handling" name="should handle database errors gracefully" time="0.002">
    </testcase>
    <testcase classname="Phase 23.0: GlobalUserCommunicationService › Concurrent Operations" name="should handle concurrent opt-in and opt-out" time="0.006">
    </testcase>
    <testcase classname="Phase 23.0: GlobalUserCommunicationService › Concurrent Operations" name="should handle rapid status changes" time="0.008">
    </testcase>
    <testcase classname="Phase 23.0: GlobalUserCommunicationService › Concurrent Operations" name="should handle concurrent bulk operations" time="0.011">
    </testcase>
    <testcase classname="Phase 23.0: GlobalUserCommunicationService › Integration Workflows" name="should support complete user communication workflow" time="0.007">
    </testcase>
    <testcase classname="Phase 23.0: GlobalUserCommunicationService › Integration Workflows" name="should support bulk import workflow" time="0.007">
    </testcase>
  </testsuite>
  <testsuite name="DashboardAuthMiddleware - Comprehensive Coverage" errors="0" failures="0" skipped="0" timestamp="2026-06-29T10:38:39" time="0.307" tests="52">
    <testcase classname="DashboardAuthMiddleware - Comprehensive Coverage › Module Structure" name="should export dashboard auth middleware" time="0.001">
    </testcase>
    <testcase classname="DashboardAuthMiddleware - Comprehensive Coverage › Module Structure" name="should have all required public methods" time="0">
    </testcase>
    <testcase classname="DashboardAuthMiddleware - Comprehensive Coverage › Module Structure" name="should have jwtSecret property set from environment" time="0.001">
    </testcase>
    <testcase classname="DashboardAuthMiddleware - Comprehensive Coverage › Module Structure" name="should have botApiToken property set from environment" time="0.001">
    </testcase>
    <testcase classname="DashboardAuthMiddleware - Comprehensive Coverage › JWT Token Verification" name="should accept valid JWT token" time="0.003">
    </testcase>
    <testcase classname="DashboardAuthMiddleware - Comprehensive Coverage › JWT Token Verification" name="should reject missing Authorization header" time="0.001">
    </testcase>
    <testcase classname="DashboardAuthMiddleware - Comprehensive Coverage › JWT Token Verification" name="should reject empty Authorization header" time="0.001">
    </testcase>
    <testcase classname="DashboardAuthMiddleware - Comprehensive Coverage › JWT Token Verification" name="should reject non-Bearer token" time="0.001">
    </testcase>
    <testcase classname="DashboardAuthMiddleware - Comprehensive Coverage › JWT Token Verification" name="should reject invalid JWT token" time="0.005">
    </testcase>
    <testcase classname="DashboardAuthMiddleware - Comprehensive Coverage › JWT Token Verification" name="should reject expired JWT token" time="0.102">
    </testcase>
    <testcase classname="DashboardAuthMiddleware - Comprehensive Coverage › JWT Token Verification" name="should reject token signed with wrong secret" time="0.002">
    </testcase>
    <testcase classname="DashboardAuthMiddleware - Comprehensive Coverage › JWT Token Verification" name="should extract user data from valid token" time="0.001">
    </testcase>
    <testcase classname="DashboardAuthMiddleware - Comprehensive Coverage › JWT Token Verification" name="should handle token with minimal data" time="0.001">
    </testcase>
    <testcase classname="DashboardAuthMiddleware - Comprehensive Coverage › JWT Token Verification" name="should handle token with extra data" time="0.001">
    </testcase>
    <testcase classname="DashboardAuthMiddleware - Comprehensive Coverage › Token Parsing and Extraction" name="should correctly parse Bearer token from header" time="0.001">
    </testcase>
    <testcase classname="DashboardAuthMiddleware - Comprehensive Coverage › Token Parsing and Extraction" name="should handle Bearer with extra whitespace" time="0.002">
    </testcase>
    <testcase classname="DashboardAuthMiddleware - Comprehensive Coverage › Token Parsing and Extraction" name="should handle case-insensitive header name" time="0.001">
    </testcase>
    <testcase classname="DashboardAuthMiddleware - Comprehensive Coverage › Token Parsing and Extraction" name="should extract 7 characters after Bearer prefix" time="0.001">
    </testcase>
    <testcase classname="DashboardAuthMiddleware - Comprehensive Coverage › Token Parsing and Extraction" name="should reject token without Bearer prefix but with colon" time="0">
    </testcase>
    <testcase classname="DashboardAuthMiddleware - Comprehensive Coverage › Bot API Token Verification" name="should accept valid API token" time="0.001">
    </testcase>
    <testcase classname="DashboardAuthMiddleware - Comprehensive Coverage › Bot API Token Verification" name="should reject missing API token" time="0.001">
    </testcase>
    <testcase classname="DashboardAuthMiddleware - Comprehensive Coverage › Bot API Token Verification" name="should reject invalid API token" time="0">
    </testcase>
    <testcase classname="DashboardAuthMiddleware - Comprehensive Coverage › Bot API Token Verification" name="should reject empty API token" time="0">
    </testcase>
    <testcase classname="DashboardAuthMiddleware - Comprehensive Coverage › Bot API Token Verification" name="should reject non-Bearer format for API token" time="0.001">
    </testcase>
    <testcase classname="DashboardAuthMiddleware - Comprehensive Coverage › Bot API Token Verification" name="should handle missing BOT_API_TOKEN in environment" time="0.001">
    </testcase>
    <testcase classname="DashboardAuthMiddleware - Comprehensive Coverage › Admin Permission Checking" name="should return middleware function" time="0.001">
    </testcase>
    <testcase classname="DashboardAuthMiddleware - Comprehensive Coverage › Admin Permission Checking" name="should have client parameter required" time="0">
    </testcase>
    <testcase classname="DashboardAuthMiddleware - Comprehensive Coverage › Admin Permission Checking" name="should create middleware that accepts req, res, next" time="0.001">
    </testcase>
    <testcase classname="DashboardAuthMiddleware - Comprehensive Coverage › Error Handling" name="should handle null request object" time="0.002">
    </testcase>
    <testcase classname="DashboardAuthMiddleware - Comprehensive Coverage › Error Handling" name="should handle null response object" time="0.002">
    </testcase>
    <testcase classname="DashboardAuthMiddleware - Comprehensive Coverage › Error Handling" name="should handle malformed JWT" time="0.003">
    </testcase>
    <testcase classname="DashboardAuthMiddleware - Comprehensive Coverage › Error Handling" name="should handle JWT with missing parts" time="0.002">
    </testcase>
    <testcase classname="DashboardAuthMiddleware - Comprehensive Coverage › Error Handling" name="should catch exceptions and return 401" time="0.002">
    </testcase>
    <testcase classname="DashboardAuthMiddleware - Comprehensive Coverage › Error Handling" name="should handle undefined jwt.verify response" time="0.001">
    </testcase>
    <testcase classname="DashboardAuthMiddleware - Comprehensive Coverage › Security and Edge Cases" name="should not expose token in error messages" time="0.001">
    </testcase>
    <testcase classname="DashboardAuthMiddleware - Comprehensive Coverage › Security and Edge Cases" name="should not expose JWT secret in errors" time="0.001">
    </testcase>
    <testcase classname="DashboardAuthMiddleware - Comprehensive Coverage › Security and Edge Cases" name="should handle token with special characters in payload" time="0.001">
    </testcase>
    <testcase classname="DashboardAuthMiddleware - Comprehensive Coverage › Security and Edge Cases" name="should handle very long token" time="0.001">
    </testcase>
    <testcase classname="DashboardAuthMiddleware - Comprehensive Coverage › Security and Edge Cases" name="should handle Authorization header with multiple parts" time="0.002">
    </testcase>
    <testcase classname="DashboardAuthMiddleware - Comprehensive Coverage › Security and Edge Cases" name="should not accept arbitrary auth schemes" time="0.001">
    </testcase>
    <testcase classname="DashboardAuthMiddleware - Comprehensive Coverage › Real-World Authentication Flows" name="should handle login flow with JWT" time="0.001">
    </testcase>
    <testcase classname="DashboardAuthMiddleware - Comprehensive Coverage › Real-World Authentication Flows" name="should handle dashboard API request with valid token" time="0.001">
    </testcase>
    <testcase classname="DashboardAuthMiddleware - Comprehensive Coverage › Real-World Authentication Flows" name="should handle bot-to-bot communication with API token" time="0.001">
    </testcase>
    <testcase classname="DashboardAuthMiddleware - Comprehensive Coverage › Real-World Authentication Flows" name="should reject unauthorized user request" time="0.002">
    </testcase>
    <testcase classname="DashboardAuthMiddleware - Comprehensive Coverage › Real-World Authentication Flows" name="should reject unauthorized API request" time="0.001">
    </testcase>
    <testcase classname="DashboardAuthMiddleware - Comprehensive Coverage › Module Interface" name="should export middleware instance with verifyToken" time="0.001">
    </testcase>
    <testcase classname="DashboardAuthMiddleware - Comprehensive Coverage › Module Interface" name="should have verifyBotToken method available" time="0">
    </testcase>
    <testcase classname="DashboardAuthMiddleware - Comprehensive Coverage › Module Interface" name="should have checkAdminPermission method available" time="0.001">
    </testcase>
    <testcase classname="DashboardAuthMiddleware - Comprehensive Coverage › Module Interface" name="should have jwtSecret property" time="0.001">
    </testcase>
    <testcase classname="DashboardAuthMiddleware - Comprehensive Coverage › Module Interface" name="should have botApiToken property" time="0">
    </testcase>
    <testcase classname="DashboardAuthMiddleware - Comprehensive Coverage › Concurrent Requests" name="should handle multiple concurrent verifications" time="0.103">
    </testcase>
    <testcase classname="DashboardAuthMiddleware - Comprehensive Coverage › Concurrent Requests" name="should not leak data between requests" time="0.001">
    </testcase>
  </testsuite>
  <testsuite name="DatabasePool" errors="0" failures="0" skipped="0" timestamp="2026-06-29T10:38:40" time="0.318" tests="34">
    <testcase classname="DatabasePool › Initialization" name="should create pool with specified size" time="0.001">
    </testcase>
    <testcase classname="DatabasePool › Initialization" name="should initialize all connections as available" time="0.001">
    </testcase>
    <testcase classname="DatabasePool › Initialization" name="should track creation statistics" time="0.001">
    </testcase>
    <testcase classname="DatabasePool › Initialization" name="should support custom pool size" time="0.001">
    </testcase>
    <testcase classname="DatabasePool › getConnection()" name="should return available connection" time="0.001">
    </testcase>
    <testcase classname="DatabasePool › getConnection()" name="should mark connection as in use" time="0.001">
    </testcase>
    <testcase classname="DatabasePool › getConnection()" name="should increment acquired counter" time="0.001">
    </testcase>
    <testcase classname="DatabasePool › getConnection()" name="should acquire multiple connections" time="0.001">
    </testcase>
    <testcase classname="DatabasePool › getConnection()" name="should queue request when pool exhausted" time="0.103">
    </testcase>
    <testcase classname="DatabasePool › getConnection()" name="should timeout queued requests after timeout period" time="0.051">
    </testcase>
    <testcase classname="DatabasePool › releaseConnection()" name="should release connection back to pool" time="0.001">
    </testcase>
    <testcase classname="DatabasePool › releaseConnection()" name="should mark connection as not in use" time="0.001">
    </testcase>
    <testcase classname="DatabasePool › releaseConnection()" name="should increment released counter" time="0.001">
    </testcase>
    <testcase classname="DatabasePool › releaseConnection()" name="should handle null connection gracefully" time="0.001">
    </testcase>
    <testcase classname="DatabasePool › releaseConnection()" name="should handle connection with no db property" time="0.001">
    </testcase>
    <testcase classname="DatabasePool › releaseConnection()" name="should serve queued request from released connection" time="0.001">
    </testcase>
    <testcase classname="DatabasePool › execQuery()" name="should execute query and return result" time="0.001">
    </testcase>
    <testcase classname="DatabasePool › execQuery()" name="should support &quot;get&quot; method" time="0.001">
    </testcase>
    <testcase classname="DatabasePool › execQuery()" name="should support &quot;run&quot; method" time="0.001">
    </testcase>
    <testcase classname="DatabasePool › execQuery()" name="should automatically manage connection lifecycle" time="0.001">
    </testcase>
    <testcase classname="DatabasePool › execQuery()" name="should release connection even if result is empty" time="0.001">
    </testcase>
    <testcase classname="DatabasePool › execQuery()" name="should handle multiple concurrent queries" time="0.001">
    </testcase>
    <testcase classname="DatabasePool › Statistics and Monitoring" name="should track all statistics" time="0.001">
    </testcase>
    <testcase classname="DatabasePool › Statistics and Monitoring" name="should initialize statistics to zero" time="0.001">
    </testcase>
    <testcase classname="DatabasePool › Statistics and Monitoring" name="should track queue depth" time="0.101">
    </testcase>
    <testcase classname="DatabasePool › Connection Lifecycle" name="should maintain connection across release and reacquire" time="0.001">
    </testcase>
    <testcase classname="DatabasePool › Connection Lifecycle" name="should track lastUsed timestamp" time="0.012">
    </testcase>
    <testcase classname="DatabasePool › Connection Lifecycle" name="should support multiple acquire-release cycles" time="0.001">
    </testcase>
    <testcase classname="DatabasePool › Pool Exhaustion" name="should queue requests when pool is full" time="0.001">
    </testcase>
    <testcase classname="DatabasePool › Pool Exhaustion" name="should handle multiple queued requests" time="0.001">
    </testcase>
    <testcase classname="DatabasePool › Edge Cases" name="should handle close gracefully" time="0.001">
    </testcase>
    <testcase classname="DatabasePool › Edge Cases" name="should clear pool on close" time="0.001">
    </testcase>
    <testcase classname="DatabasePool › Edge Cases" name="should handle very small pool size" time="0.001">
    </testcase>
    <testcase classname="DatabasePool › Edge Cases" name="should handle rapid acquire-release cycles" time="0.001">
    </testcase>
  </testsuite>
  <testsuite name="GuildDatabaseManager migration on existing database access" errors="0" failures="0" skipped="0" timestamp="2026-06-29T10:38:40" time="0.257" tests="3">
    <testcase classname="GuildDatabaseManager migration on existing database access › migration on existing database access" name="should run migrations when accessing existing database with old schema" time="0.141">
    </testcase>
    <testcase classname="GuildDatabaseManager migration on existing database access › migration on existing database access" name="should handle migration gracefully if table does not exist" time="0.044">
    </testcase>
    <testcase classname="GuildDatabaseManager migration on existing database access › migration on existing database access" name="should not re-run migration on subsequent access" time="0.054">
    </testcase>
  </testsuite>
  <testsuite name="WebhookListenerService - Comprehensive Coverage" errors="0" failures="0" skipped="0" timestamp="2026-06-29T10:38:40" time="0.19" tests="52">
    <testcase classname="WebhookListenerService - Comprehensive Coverage › Initialization" name="should create service with Discord client" time="0.001">
    </testcase>
    <testcase classname="WebhookListenerService - Comprehensive Coverage › Initialization" name="should initialize server as null" time="0.001">
    </testcase>
    <testcase classname="WebhookListenerService - Comprehensive Coverage › Initialization" name="should create new instance without affecting others" time="0.001">
    </testcase>
    <testcase classname="WebhookListenerService - Comprehensive Coverage › Payload Validation" name="should validate valid payload" time="0">
    </testcase>
    <testcase classname="WebhookListenerService - Comprehensive Coverage › Payload Validation" name="should accept payload with various data types" time="0">
    </testcase>
    <testcase classname="WebhookListenerService - Comprehensive Coverage › Payload Validation" name="should handle null payload gracefully" time="0.001">
    </testcase>
    <testcase classname="WebhookListenerService - Comprehensive Coverage › Payload Validation" name="should handle undefined payload gracefully" time="0.001">
    </testcase>
    <testcase classname="WebhookListenerService - Comprehensive Coverage › Payload Validation" name="should handle empty object payload" time="0.001">
    </testcase>
    <testcase classname="WebhookListenerService - Comprehensive Coverage › Payload Validation" name="should handle payload with extra fields" time="0">
    </testcase>
    <testcase classname="WebhookListenerService - Comprehensive Coverage › Message Processing" name="should process valid message successfully" time="0.001">
    </testcase>
    <testcase classname="WebhookListenerService - Comprehensive Coverage › Message Processing" name="should handle missing channel" time="0.003">
    </testcase>
    <testcase classname="WebhookListenerService - Comprehensive Coverage › Message Processing" name="should handle null payload" time="0.016">
    </testcase>
    <testcase classname="WebhookListenerService - Comprehensive Coverage › Message Processing" name="should handle undefined payload" time="0.005">
    </testcase>
    <testcase classname="WebhookListenerService - Comprehensive Coverage › Message Processing" name="should handle message send failure" time="0.004">
    </testcase>
    <testcase classname="WebhookListenerService - Comprehensive Coverage › Message Processing" name="should include error details in result" time="0.011">
    </testcase>
    <testcase classname="WebhookListenerService - Comprehensive Coverage › Message Processing" name="should process multiple messages independently" time="0.001">
    </testcase>
    <testcase classname="WebhookListenerService - Comprehensive Coverage › Message Processing" name="should handle large message content" time="0.001">
    </testcase>
    <testcase classname="WebhookListenerService - Comprehensive Coverage › HMAC Signature Operations" name="should generate signature for payload" time="0.001">
    </testcase>
    <testcase classname="WebhookListenerService - Comprehensive Coverage › HMAC Signature Operations" name="should generate consistent signatures for same payload" time="0">
    </testcase>
    <testcase classname="WebhookListenerService - Comprehensive Coverage › HMAC Signature Operations" name="should generate different signatures for different payloads" time="0.001">
    </testcase>
    <testcase classname="WebhookListenerService - Comprehensive Coverage › HMAC Signature Operations" name="should generate different signatures for different secrets" time="0.001">
    </testcase>
    <testcase classname="WebhookListenerService - Comprehensive Coverage › HMAC Signature Operations" name="should verify valid signature" time="0.001">
    </testcase>
    <testcase classname="WebhookListenerService - Comprehensive Coverage › HMAC Signature Operations" name="should reject invalid signature" time="0">
    </testcase>
    <testcase classname="WebhookListenerService - Comprehensive Coverage › HMAC Signature Operations" name="should reject signature with wrong secret" time="0">
    </testcase>
    <testcase classname="WebhookListenerService - Comprehensive Coverage › HMAC Signature Operations" name="should handle null payload in signature operations" time="0.001">
    </testcase>
    <testcase classname="WebhookListenerService - Comprehensive Coverage › HMAC Signature Operations" name="should handle complex object payloads" time="0.001">
    </testcase>
    <testcase classname="WebhookListenerService - Comprehensive Coverage › Error Handling" name="should handle client without channels" time="0.005">
    </testcase>
    <testcase classname="WebhookListenerService - Comprehensive Coverage › Error Handling" name="should handle message with invalid channel ID" time="0.002">
    </testcase>
    <testcase classname="WebhookListenerService - Comprehensive Coverage › Error Handling" name="should gracefully handle validation errors" time="0.001">
    </testcase>
    <testcase classname="WebhookListenerService - Comprehensive Coverage › Error Handling" name="should handle special characters in content" time="0.001">
    </testcase>
    <testcase classname="WebhookListenerService - Comprehensive Coverage › Error Handling" name="should handle unicode characters in content" time="0.001">
    </testcase>
    <testcase classname="WebhookListenerService - Comprehensive Coverage › Edge Cases" name="should handle empty string content" time="0.001">
    </testcase>
    <testcase classname="WebhookListenerService - Comprehensive Coverage › Edge Cases" name="should handle very long content" time="0.001">
    </testcase>
    <testcase classname="WebhookListenerService - Comprehensive Coverage › Edge Cases" name="should handle numeric channel ID" time="0.003">
    </testcase>
    <testcase classname="WebhookListenerService - Comprehensive Coverage › Edge Cases" name="should handle whitespace content" time="0.001">
    </testcase>
    <testcase classname="WebhookListenerService - Comprehensive Coverage › Edge Cases" name="should handle payload with circular references" time="0.001">
    </testcase>
    <testcase classname="WebhookListenerService - Comprehensive Coverage › Real-World Scenarios" name="should process webhook from external service" time="0.001">
    </testcase>
    <testcase classname="WebhookListenerService - Comprehensive Coverage › Real-World Scenarios" name="should handle github webhook payload" time="0.001">
    </testcase>
    <testcase classname="WebhookListenerService - Comprehensive Coverage › Real-World Scenarios" name="should verify webhook signature for security" time="0.001">
    </testcase>
    <testcase classname="WebhookListenerService - Comprehensive Coverage › Real-World Scenarios" name="should detect tampered webhook payload" time="0.001">
    </testcase>
    <testcase classname="WebhookListenerService - Comprehensive Coverage › Real-World Scenarios" name="should handle high frequency webhook events" time="0.001">
    </testcase>
    <testcase classname="WebhookListenerService - Comprehensive Coverage › Service Status and Information" name="should have Discord client reference" time="0.001">
    </testcase>
    <testcase classname="WebhookListenerService - Comprehensive Coverage › Service Status and Information" name="should be able to check if client has channels" time="0.001">
    </testcase>
    <testcase classname="WebhookListenerService - Comprehensive Coverage › Service Status and Information" name="should maintain state across multiple operations" time="0">
    </testcase>
    <testcase classname="WebhookListenerService - Comprehensive Coverage › Service Status and Information" name="should handle multiple service instances independently" time="0.001">
    </testcase>
    <testcase classname="WebhookListenerService - Comprehensive Coverage › Module Interface" name="should export WebhookListenerService class" time="0.001">
    </testcase>
    <testcase classname="WebhookListenerService - Comprehensive Coverage › Module Interface" name="should have all required public methods" time="0">
    </testcase>
    <testcase classname="WebhookListenerService - Comprehensive Coverage › Module Interface" name="should be instantiable with new keyword" time="0.001">
    </testcase>
    <testcase classname="WebhookListenerService - Comprehensive Coverage › Module Interface" name="should require Discord client in constructor" time="0.001">
    </testcase>
    <testcase classname="WebhookListenerService - Comprehensive Coverage › Concurrency and Performance" name="should handle concurrent message processing" time="0">
    </testcase>
    <testcase classname="WebhookListenerService - Comprehensive Coverage › Concurrency and Performance" name="should generate signatures quickly" time="0.001">
    </testcase>
    <testcase classname="WebhookListenerService - Comprehensive Coverage › Concurrency and Performance" name="should verify signatures quickly" time="0.001">
    </testcase>
  </testsuite>
  <testsuite name="Phase 8D: Error Scenarios &amp; Edge Cases" errors="0" failures="0" skipped="0" timestamp="2026-06-29T10:38:40" time="0.193" tests="63">
    <testcase classname="Phase 8D: Error Scenarios &amp; Edge Cases › Command Error Handling › Missing and invalid arguments" name="should handle missing required argument" time="0.001">
    </testcase>
    <testcase classname="Phase 8D: Error Scenarios &amp; Edge Cases › Command Error Handling › Missing and invalid arguments" name="should validate argument types" time="0">
    </testcase>
    <testcase classname="Phase 8D: Error Scenarios &amp; Edge Cases › Command Error Handling › Missing and invalid arguments" name="should handle null arguments" time="0">
    </testcase>
    <testcase classname="Phase 8D: Error Scenarios &amp; Edge Cases › Command Error Handling › Missing and invalid arguments" name="should validate string length bounds" time="0.001">
    </testcase>
    <testcase classname="Phase 8D: Error Scenarios &amp; Edge Cases › Command Error Handling › Missing and invalid arguments" name="should handle special characters in arguments" time="0.001">
    </testcase>
    <testcase classname="Phase 8D: Error Scenarios &amp; Edge Cases › Command Error Handling › Missing and invalid arguments" name="should validate numeric ranges" time="0">
    </testcase>
    <testcase classname="Phase 8D: Error Scenarios &amp; Edge Cases › Command Error Handling › Missing and invalid arguments" name="should handle empty collections" time="0.001">
    </testcase>
    <testcase classname="Phase 8D: Error Scenarios &amp; Edge Cases › Command Error Handling › Missing and invalid arguments" name="should validate permission levels" time="0.001">
    </testcase>
    <testcase classname="Phase 8D: Error Scenarios &amp; Edge Cases › Command Error Handling › Missing and invalid arguments" name="should check required user permissions" time="0">
    </testcase>
    <testcase classname="Phase 8D: Error Scenarios &amp; Edge Cases › Command Error Handling › Missing and invalid arguments" name="should validate Discord IDs format" time="0.001">
    </testcase>
    <testcase classname="Phase 8D: Error Scenarios &amp; Edge Cases › Service Integration Errors › Database errors" name="should handle database connection errors" time="0">
    </testcase>
    <testcase classname="Phase 8D: Error Scenarios &amp; Edge Cases › Service Integration Errors › Database errors" name="should handle query syntax errors" time="0">
    </testcase>
    <testcase classname="Phase 8D: Error Scenarios &amp; Edge Cases › Service Integration Errors › Database errors" name="should handle database timeouts" time="0.014">
    </testcase>
    <testcase classname="Phase 8D: Error Scenarios &amp; Edge Cases › Service Integration Errors › Database errors" name="should handle transaction rollbacks" time="0">
    </testcase>
    <testcase classname="Phase 8D: Error Scenarios &amp; Edge Cases › Service Integration Errors › Database errors" name="should handle constraint violations" time="0.001">
    </testcase>
    <testcase classname="Phase 8D: Error Scenarios &amp; Edge Cases › Service Integration Errors › Database errors" name="should handle race conditions in concurrent updates" time="0.001">
    </testcase>
    <testcase classname="Phase 8D: Error Scenarios &amp; Edge Cases › Service Integration Errors › Database errors" name="should handle connection pool exhaustion" time="0">
    </testcase>
    <testcase classname="Phase 8D: Error Scenarios &amp; Edge Cases › Service Integration Errors › Database errors" name="should handle missing database tables" time="0.001">
    </testcase>
    <testcase classname="Phase 8D: Error Scenarios &amp; Edge Cases › Service Integration Errors › Database errors" name="should handle data type mismatches" time="0">
    </testcase>
    <testcase classname="Phase 8D: Error Scenarios &amp; Edge Cases › Service Integration Errors › Cache and session errors" name="should handle cache misses gracefully" time="0">
    </testcase>
    <testcase classname="Phase 8D: Error Scenarios &amp; Edge Cases › Service Integration Errors › Cache and session errors" name="should handle session expiration" time="0.001">
    </testcase>
    <testcase classname="Phase 8D: Error Scenarios &amp; Edge Cases › Service Integration Errors › Cache and session errors" name="should handle invalid session tokens" time="0">
    </testcase>
    <testcase classname="Phase 8D: Error Scenarios &amp; Edge Cases › Service Integration Errors › Cache and session errors" name="should detect cache corruption" time="0.001">
    </testcase>
    <testcase classname="Phase 8D: Error Scenarios &amp; Edge Cases › Service Integration Errors › External service errors" name="should handle API timeout errors" time="0">
    </testcase>
    <testcase classname="Phase 8D: Error Scenarios &amp; Edge Cases › Service Integration Errors › External service errors" name="should handle API rate limiting" time="0">
    </testcase>
    <testcase classname="Phase 8D: Error Scenarios &amp; Edge Cases › Service Integration Errors › External service errors" name="should handle malformed API responses" time="0.001">
    </testcase>
    <testcase classname="Phase 8D: Error Scenarios &amp; Edge Cases › Data Validation Errors › Input injection attempts" name="should prevent SQL injection in text field" time="0">
    </testcase>
    <testcase classname="Phase 8D: Error Scenarios &amp; Edge Cases › Data Validation Errors › Input injection attempts" name="should prevent XSS in Discord embed text" time="0.001">
    </testcase>
    <testcase classname="Phase 8D: Error Scenarios &amp; Edge Cases › Data Validation Errors › Input injection attempts" name="should prevent command injection" time="0">
    </testcase>
    <testcase classname="Phase 8D: Error Scenarios &amp; Edge Cases › Data Validation Errors › Input injection attempts" name="should prevent Unicode normalization attacks" time="0.001">
    </testcase>
    <testcase classname="Phase 8D: Error Scenarios &amp; Edge Cases › Data Validation Errors › Boundary value violations" name="should reject rating below minimum" time="0.001">
    </testcase>
    <testcase classname="Phase 8D: Error Scenarios &amp; Edge Cases › Data Validation Errors › Boundary value violations" name="should reject rating above maximum" time="0">
    </testcase>
    <testcase classname="Phase 8D: Error Scenarios &amp; Edge Cases › Data Validation Errors › Boundary value violations" name="should reject negative numbers" time="0.001">
    </testcase>
    <testcase classname="Phase 8D: Error Scenarios &amp; Edge Cases › Data Validation Errors › Boundary value violations" name="should handle integer overflow" time="0">
    </testcase>
    <testcase classname="Phase 8D: Error Scenarios &amp; Edge Cases › Data Validation Errors › Boundary value violations" name="should reject page numbers out of range" time="0.001">
    </testcase>
    <testcase classname="Phase 8D: Error Scenarios &amp; Edge Cases › Data Validation Errors › Boundary value violations" name="should validate date ranges" time="0">
    </testcase>
    <testcase classname="Phase 8D: Error Scenarios &amp; Edge Cases › Data Validation Errors › Boundary value violations" name="should prevent division by zero" time="0.001">
    </testcase>
    <testcase classname="Phase 8D: Error Scenarios &amp; Edge Cases › Data Validation Errors › Constraint violations" name="should detect duplicate quotes" time="0.001">
    </testcase>
    <testcase classname="Phase 8D: Error Scenarios &amp; Edge Cases › Data Validation Errors › Constraint violations" name="should prevent invalid enum values" time="0">
    </testcase>
    <testcase classname="Phase 8D: Error Scenarios &amp; Edge Cases › Data Validation Errors › Constraint violations" name="should enforce foreign key constraints" time="0.001">
    </testcase>
    <testcase classname="Phase 8D: Error Scenarios &amp; Edge Cases › Data Validation Errors › Constraint violations" name="should prevent circular references" time="0">
    </testcase>
    <testcase classname="Phase 8D: Error Scenarios &amp; Edge Cases › Performance &amp; Stress Scenarios" name="should handle bulk quote operations (100+ items)" time="0.001">
    </testcase>
    <testcase classname="Phase 8D: Error Scenarios &amp; Edge Cases › Performance &amp; Stress Scenarios" name="should reject oversized bulk operations" time="0.001">
    </testcase>
    <testcase classname="Phase 8D: Error Scenarios &amp; Edge Cases › Performance &amp; Stress Scenarios" name="should handle pagination with large datasets" time="0">
    </testcase>
    <testcase classname="Phase 8D: Error Scenarios &amp; Edge Cases › Performance &amp; Stress Scenarios" name="should timeout long-running operations" time="0.002">
    </testcase>
    <testcase classname="Phase 8D: Error Scenarios &amp; Edge Cases › Performance &amp; Stress Scenarios" name="should handle concurrent request flooding" time="0.012">
    </testcase>
    <testcase classname="Phase 8D: Error Scenarios &amp; Edge Cases › Performance &amp; Stress Scenarios" name="should handle memory-intensive operations" time="0.001">
    </testcase>
    <testcase classname="Phase 8D: Error Scenarios &amp; Edge Cases › Performance &amp; Stress Scenarios" name="should detect infinite loops" time="0.101">
    </testcase>
    <testcase classname="Phase 8D: Error Scenarios &amp; Edge Cases › Performance &amp; Stress Scenarios" name="should handle deeply nested data structures" time="0.001">
    </testcase>
    <testcase classname="Phase 8D: Error Scenarios &amp; Edge Cases › Performance &amp; Stress Scenarios" name="should handle circular reference detection" time="0">
    </testcase>
    <testcase classname="Phase 8D: Error Scenarios &amp; Edge Cases › Performance &amp; Stress Scenarios" name="should handle resource cleanup on errors" time="0.001">
    </testcase>
    <testcase classname="Phase 8D: Error Scenarios &amp; Edge Cases › Performance &amp; Stress Scenarios" name="should handle out-of-memory gracefully" time="0.001">
    </testcase>
    <testcase classname="Phase 8D: Error Scenarios &amp; Edge Cases › Performance &amp; Stress Scenarios" name="should retry failed operations with backoff" time="0.004">
    </testcase>
    <testcase classname="Phase 8D: Error Scenarios &amp; Edge Cases › Performance &amp; Stress Scenarios" name="should handle graceful degradation under load" time="0">
    </testcase>
    <testcase classname="Phase 8D: Error Scenarios &amp; Edge Cases › Recovery &amp; Resilience" name="should recover from temporary failures" time="0">
    </testcase>
    <testcase classname="Phase 8D: Error Scenarios &amp; Edge Cases › Recovery &amp; Resilience" name="should maintain data integrity after crash" time="0.001">
    </testcase>
    <testcase classname="Phase 8D: Error Scenarios &amp; Edge Cases › Recovery &amp; Resilience" name="should handle partial transaction failures" time="0">
    </testcase>
    <testcase classname="Phase 8D: Error Scenarios &amp; Edge Cases › Recovery &amp; Resilience" name="should maintain consistency during failover" time="0.001">
    </testcase>
    <testcase classname="Phase 8D: Error Scenarios &amp; Edge Cases › Recovery &amp; Resilience" name="should log errors for debugging" time="0">
    </testcase>
    <testcase classname="Phase 8D: Error Scenarios &amp; Edge Cases › Recovery &amp; Resilience" name="should alert on critical errors" time="0.001">
    </testcase>
    <testcase classname="Phase 8D: Error Scenarios &amp; Edge Cases › Recovery &amp; Resilience" name="should provide error context for debugging" time="0">
    </testcase>
    <testcase classname="Phase 8D: Error Scenarios &amp; Edge Cases › Recovery &amp; Resilience" name="should gracefully shutdown on critical error" time="0">
    </testcase>
    <testcase classname="Phase 8D: Error Scenarios &amp; Edge Cases › Recovery &amp; Resilience" name="should validate integrity of recovered data" time="0.001">
    </testcase>
  </testsuite>
  <testsuite name="GuildDatabaseManager._runMigrations()" errors="0" failures="0" skipped="0" timestamp="2026-06-29T10:38:41" time="0.125" tests="16">
    <testcase classname="GuildDatabaseManager._runMigrations() › happy path" name="should add opted_in column when missing" time="0.007">
    </testcase>
    <testcase classname="GuildDatabaseManager._runMigrations() › happy path" name="should add preferences column when missing" time="0.005">
    </testcase>
    <testcase classname="GuildDatabaseManager._runMigrations() › happy path" name="should add both columns in a single migration run" time="0.005">
    </testcase>
    <testcase classname="GuildDatabaseManager._runMigrations() › happy path" name="should set opted_in default value to 0" time="0.005">
    </testcase>
    <testcase classname="GuildDatabaseManager._runMigrations() › happy path" name="should set preferences default value to empty JSON" time="0.005">
    </testcase>
    <testcase classname="GuildDatabaseManager._runMigrations() › idempotent behavior" name="should not fail when columns already exist" time="0.005">
    </testcase>
    <testcase classname="GuildDatabaseManager._runMigrations() › idempotent behavior" name="should handle running migration twice" time="0.005">
    </testcase>
    <testcase classname="GuildDatabaseManager._runMigrations() › idempotent behavior" name="should handle partial column existence (opted_in exists, preferences missing)" time="0.005">
    </testcase>
    <testcase classname="GuildDatabaseManager._runMigrations() › error handling" name="should not throw error if table does not exist" time="0.01">
    </testcase>
    <testcase classname="GuildDatabaseManager._runMigrations() › error handling" name="should handle database query errors gracefully" time="0.021">
    </testcase>
    <testcase classname="GuildDatabaseManager._runMigrations() › data preservation" name="should preserve existing data when adding columns" time="0.006">
    </testcase>
    <testcase classname="GuildDatabaseManager._runMigrations() › data preservation" name="should set default values for migrated columns on existing rows" time="0.006">
    </testcase>
    <testcase classname="GuildDatabaseManager._runMigrations() › integration with GuildDatabaseManager lifecycle" name="should work with _runAsync helper method" time="0.002">
    </testcase>
    <testcase classname="GuildDatabaseManager._runMigrations() › integration with GuildDatabaseManager lifecycle" name="should complete without hanging or blocking" time="0.004">
    </testcase>
    <testcase classname="GuildDatabaseManager._runMigrations() › column properties" name="opted_in column should have correct type and default" time="0.006">
    </testcase>
    <testcase classname="GuildDatabaseManager._runMigrations() › column properties" name="preferences column should have correct type and default" time="0.005">
    </testcase>
  </testsuite>
  <testsuite name="Database Performance &amp; Optimization" errors="0" failures="0" skipped="0" timestamp="2026-06-29T10:38:41" time="0.194" tests="20">
    <testcase classname="Database Performance &amp; Optimization › Large Dataset Handling" name="should efficiently add 1000+ quotes" time="0.007">
    </testcase>
    <testcase classname="Database Performance &amp; Optimization › Large Dataset Handling" name="should maintain constant-time ID lookup in large dataset" time="0.006">
    </testcase>
    <testcase classname="Database Performance &amp; Optimization › Large Dataset Handling" name="should handle getAllQuotes() with 1000+ quotes" time="0.005">
    </testcase>
    <testcase classname="Database Performance &amp; Optimization › Large Dataset Handling" name="should efficiently handle 500+ concurrent operations" time="0.003">
    </testcase>
    <testcase classname="Database Performance &amp; Optimization › Large Dataset Handling" name="should handle mixed operations on large dataset" time="0.007">
    </testcase>
    <testcase classname="Database Performance &amp; Optimization › Search Efficiency &amp; Optimization" name="should perform substring search efficiently" time="0.003">
    </testcase>
    <testcase classname="Database Performance &amp; Optimization › Search Efficiency &amp; Optimization" name="should search progressively across different dataset sizes" time="0.008">
    </testcase>
    <testcase classname="Database Performance &amp; Optimization › Search Efficiency &amp; Optimization" name="should handle regex-safe search with special characters" time="0.001">
    </testcase>
    <testcase classname="Database Performance &amp; Optimization › Search Efficiency &amp; Optimization" name="should search case-insensitively without performance penalty" time="0.002">
    </testcase>
    <testcase classname="Database Performance &amp; Optimization › Memory Efficiency &amp; Leak Detection" name="should handle repeated add/delete operations without errors" time="0.01">
    </testcase>
    <testcase classname="Database Performance &amp; Optimization › Memory Efficiency &amp; Leak Detection" name="should handle bulk delete operations correctly" time="0.004">
    </testcase>
    <testcase classname="Database Performance &amp; Optimization › Memory Efficiency &amp; Leak Detection" name="should handle rapid rating operations successfully" time="0.01">
    </testcase>
    <testcase classname="Database Performance &amp; Optimization › Bulk Operation Optimization" name="should optimize bulk adds with batching" time="0.003">
    </testcase>
    <testcase classname="Database Performance &amp; Optimization › Bulk Operation Optimization" name="should efficiently handle bulk deletes" time="0.003">
    </testcase>
    <testcase classname="Database Performance &amp; Optimization › Bulk Operation Optimization" name="should optimize batch search across large dataset" time="0.003">
    </testcase>
    <testcase classname="Database Performance &amp; Optimization › Scalability &amp; Growth Patterns" name="should support all operations across dataset sizes" time="0.028">
    </testcase>
    <testcase classname="Database Performance &amp; Optimization › Scalability &amp; Growth Patterns" name="should handle maximum practical dataset (10000 quotes)" time="0.063">
    </testcase>
    <testcase classname="Database Performance &amp; Optimization › Scalability &amp; Growth Patterns" name="should support database snapshots without performance hit" time="0.003">
    </testcase>
    <testcase classname="Database Performance &amp; Optimization › Performance Baselines &amp; Benchmarks" name="should document baseline performance metrics" time="0.004">
    </testcase>
    <testcase classname="Database Performance &amp; Optimization › Performance Baselines &amp; Benchmarks" name="should handle operations with dataset expansion" time="0.002">
    </testcase>
  </testsuite>
  <testsuite name="Command Integration Tests - Phase 22.4" errors="0" failures="0" skipped="0" timestamp="2026-06-29T10:38:41" time="0.132" tests="33">
    <testcase classname="Command Integration Tests - Phase 22.4 › Misc Commands Integration" name="should load ping command successfully" time="0.076">
    </testcase>
    <testcase classname="Command Integration Tests - Phase 22.4 › Misc Commands Integration" name="should load help command successfully" time="0.001">
    </testcase>
    <testcase classname="Command Integration Tests - Phase 22.4 › Misc Commands Integration" name="should load hi command successfully" time="0.002">
    </testcase>
    <testcase classname="Command Integration Tests - Phase 22.4 › Misc Commands Integration" name="should load poem command successfully" time="0.011">
    </testcase>
    <testcase classname="Command Integration Tests - Phase 22.4 › CommandBase Integration" name="should have CommandBase class available" time="0.001">
    </testcase>
    <testcase classname="Command Integration Tests - Phase 22.4 › CommandBase Integration" name="should have CommandOptions builder available" time="0">
    </testcase>
    <testcase classname="Command Integration Tests - Phase 22.4 › CommandBase Integration" name="should have response helpers available" time="0.001">
    </testcase>
    <testcase classname="Command Integration Tests - Phase 22.4 › Mock Interaction Tests" name="should create valid mock interaction" time="0.001">
    </testcase>
    <testcase classname="Command Integration Tests - Phase 22.4 › Mock Interaction Tests" name="should create valid mock message" time="0.001">
    </testcase>
    <testcase classname="Command Integration Tests - Phase 22.4 › Mock Interaction Tests" name="should mock interaction reply correctly" time="0.002">
    </testcase>
    <testcase classname="Command Integration Tests - Phase 22.4 › Mock Interaction Tests" name="should mock message channel send correctly" time="0.001">
    </testcase>
    <testcase classname="Command Integration Tests - Phase 22.4 › Response Helpers Integration" name="should format success message" time="0">
    </testcase>
    <testcase classname="Command Integration Tests - Phase 22.4 › Response Helpers Integration" name="should format error message" time="0.001">
    </testcase>
    <testcase classname="Command Integration Tests - Phase 22.4 › Response Helpers Integration" name="should create quote embed" time="0">
    </testcase>
    <testcase classname="Command Integration Tests - Phase 22.4 › Guild Context Integration" name="should maintain guild context in interaction" time="0.001">
    </testcase>
    <testcase classname="Command Integration Tests - Phase 22.4 › Guild Context Integration" name="should maintain guild context in message" time="0.001">
    </testcase>
    <testcase classname="Command Integration Tests - Phase 22.4 › Guild Context Integration" name="should isolate context between different guilds" time="0">
    </testcase>
    <testcase classname="Command Integration Tests - Phase 22.4 › User Context Integration" name="should maintain user context in interaction" time="0.001">
    </testcase>
    <testcase classname="Command Integration Tests - Phase 22.4 › User Context Integration" name="should maintain user context in message" time="0.001">
    </testcase>
    <testcase classname="Command Integration Tests - Phase 22.4 › User Context Integration" name="should isolate context between different users" time="0">
    </testcase>
    <testcase classname="Command Integration Tests - Phase 22.4 › Command Options Integration" name="should build command options correctly" time="0">
    </testcase>
    <testcase classname="Command Integration Tests - Phase 22.4 › Command Options Integration" name="should handle empty option list" time="0.001">
    </testcase>
    <testcase classname="Command Integration Tests - Phase 22.4 › Command Options Integration" name="should handle multiple options" time="0">
    </testcase>
    <testcase classname="Command Integration Tests - Phase 22.4 › Error Handling in Mocks" name="should handle missing interaction user" time="0.001">
    </testcase>
    <testcase classname="Command Integration Tests - Phase 22.4 › Error Handling in Mocks" name="should handle null guild context" time="0.001">
    </testcase>
    <testcase classname="Command Integration Tests - Phase 22.4 › Error Handling in Mocks" name="should handle channel.send errors" time="0.001">
    </testcase>
    <testcase classname="Command Integration Tests - Phase 22.4 › Error Handling in Mocks" name="should handle reply errors" time="0">
    </testcase>
    <testcase classname="Command Integration Tests - Phase 22.4 › Permission Validation Integration" name="should check admin permissions in interaction" time="0.001">
    </testcase>
    <testcase classname="Command Integration Tests - Phase 22.4 › Permission Validation Integration" name="should check permissions in message member" time="0.001">
    </testcase>
    <testcase classname="Command Integration Tests - Phase 22.4 › Permission Validation Integration" name="should enforce permission checks before command execution" time="0">
    </testcase>
    <testcase classname="Command Integration Tests - Phase 22.4 › Cross-Cutting Concerns" name="should maintain context across multiple interactions" time="0.001">
    </testcase>
    <testcase classname="Command Integration Tests - Phase 22.4 › Cross-Cutting Concerns" name="should prevent guild context leakage" time="0.001">
    </testcase>
    <testcase classname="Command Integration Tests - Phase 22.4 › Cross-Cutting Concerns" name="should prevent user context leakage" time="0.001">
    </testcase>
  </testsuite>
  <testsuite name="Quote Service - Extended Coverage" errors="0" failures="0" skipped="0" timestamp="2026-06-29T10:38:41" time="0.149" tests="25">
    <testcase classname="Quote Service - Extended Coverage › Error Handling &amp; Validation" name="should reject missing guild ID" time="0.002">
    </testcase>
    <testcase classname="Quote Service - Extended Coverage › Error Handling &amp; Validation" name="should reject empty quote text" time="0.001">
    </testcase>
    <testcase classname="Quote Service - Extended Coverage › Error Handling &amp; Validation" name="should reject invalid rating values" time="0.001">
    </testcase>
    <testcase classname="Quote Service - Extended Coverage › Error Handling &amp; Validation" name="should handle operations on non-existent quotes" time="0.001">
    </testcase>
    <testcase classname="Quote Service - Extended Coverage › Error Handling &amp; Validation" name="should validate tag names" time="0.001">
    </testcase>
    <testcase classname="Quote Service - Extended Coverage › Guild Isolation &amp; Security" name="should maintain guild isolation in searches" time="0.001">
    </testcase>
    <testcase classname="Quote Service - Extended Coverage › Guild Isolation &amp; Security" name="should not leak ratings across guilds" time="0.001">
    </testcase>
    <testcase classname="Quote Service - Extended Coverage › Guild Isolation &amp; Security" name="should cascade delete only within guild" time="0.002">
    </testcase>
    <testcase classname="Quote Service - Extended Coverage › Complex Query Operations" name="should find quotes by exact author match" time="0.001">
    </testcase>
    <testcase classname="Quote Service - Extended Coverage › Complex Query Operations" name="should find quotes by date range" time="0.001">
    </testcase>
    <testcase classname="Quote Service - Extended Coverage › Complex Query Operations" name="should provide comprehensive guild statistics" time="0.001">
    </testcase>
    <testcase classname="Quote Service - Extended Coverage › Rating &amp; Tag Operations" name="should support multiple ratings per quote" time="0.001">
    </testcase>
    <testcase classname="Quote Service - Extended Coverage › Rating &amp; Tag Operations" name="should allow users to update their ratings" time="0.001">
    </testcase>
    <testcase classname="Quote Service - Extended Coverage › Rating &amp; Tag Operations" name="should support multiple tags per quote" time="0.001">
    </testcase>
    <testcase classname="Quote Service - Extended Coverage › Rating &amp; Tag Operations" name="should find quotes by tag" time="0.001">
    </testcase>
    <testcase classname="Quote Service - Extended Coverage › Rating &amp; Tag Operations" name="should handle tag case-insensitivity" time="0.001">
    </testcase>
    <testcase classname="Quote Service - Extended Coverage › Update &amp; Edit Operations" name="should update quote text and author" time="0.001">
    </testcase>
    <testcase classname="Quote Service - Extended Coverage › Update &amp; Edit Operations" name="should preserve created_at on update" time="0.001">
    </testcase>
    <testcase classname="Quote Service - Extended Coverage › Update &amp; Edit Operations" name="should update updated_at on edit" time="0.104">
    </testcase>
    <testcase classname="Quote Service - Extended Coverage › Operation Auditing &amp; Logging" name="should log all quote modifications" time="0.001">
    </testcase>
    <testcase classname="Quote Service - Extended Coverage › Operation Auditing &amp; Logging" name="should include guild context in operation logs" time="0.001">
    </testcase>
    <testcase classname="Quote Service - Extended Coverage › Random Quote Selection" name="should return random quotes from guild" time="0.001">
    </testcase>
    <testcase classname="Quote Service - Extended Coverage › Random Quote Selection" name="should return null for empty guild" time="0.001">
    </testcase>
    <testcase classname="Quote Service - Extended Coverage › Performance Characteristics" name="should handle 100 quotes efficiently" time="0.001">
    </testcase>
    <testcase classname="Quote Service - Extended Coverage › Performance Characteristics" name="should provide consistent performance with tags" time="0.002">
    </testcase>
  </testsuite>
  <testsuite name="Phase 22.7: Advanced Scenarios - Error Handling" errors="0" failures="0" skipped="0" timestamp="2026-06-29T10:38:41" time="0.096" tests="73">
    <testcase classname="Phase 22.7: Advanced Scenarios - Error Handling › Database Connection Errors" name="should handle database timeout gracefully" time="0.002">
    </testcase>
    <testcase classname="Phase 22.7: Advanced Scenarios - Error Handling › Database Connection Errors" name="should handle database query errors" time="0.001">
    </testcase>
    <testcase classname="Phase 22.7: Advanced Scenarios - Error Handling › Database Connection Errors" name="should handle database connection pool exhaustion" time="0.001">
    </testcase>
    <testcase classname="Phase 22.7: Advanced Scenarios - Error Handling › Database Connection Errors" name="should handle database lock timeout" time="0.001">
    </testcase>
    <testcase classname="Phase 22.7: Advanced Scenarios - Error Handling › Database Connection Errors" name="should recover from transient database errors" time="0.001">
    </testcase>
    <testcase classname="Phase 22.7: Advanced Scenarios - Error Handling › Discord API Errors" name="should handle Discord API rate limiting" time="0.001">
    </testcase>
    <testcase classname="Phase 22.7: Advanced Scenarios - Error Handling › Discord API Errors" name="should handle Discord permission denied errors" time="0.001">
    </testcase>
    <testcase classname="Phase 22.7: Advanced Scenarios - Error Handling › Discord API Errors" name="should handle Discord channel not found errors" time="0.001">
    </testcase>
    <testcase classname="Phase 22.7: Advanced Scenarios - Error Handling › Discord API Errors" name="should handle Discord embed validation errors" time="0.001">
    </testcase>
    <testcase classname="Phase 22.7: Advanced Scenarios - Error Handling › Discord API Errors" name="should handle Discord user fetch errors" time="0.001">
    </testcase>
    <testcase classname="Phase 22.7: Advanced Scenarios - Error Handling › Service Timeout &amp; Concurrency Errors" name="should handle service method timeout" time="0.001">
    </testcase>
    <testcase classname="Phase 22.7: Advanced Scenarios - Error Handling › Service Timeout &amp; Concurrency Errors" name="should handle race condition in concurrent writes" time="0">
    </testcase>
    <testcase classname="Phase 22.7: Advanced Scenarios - Error Handling › Service Timeout &amp; Concurrency Errors" name="should handle deadlock in transaction" time="0">
    </testcase>
    <testcase classname="Phase 22.7: Advanced Scenarios - Error Handling › Service Timeout &amp; Concurrency Errors" name="should handle network interruption during long operation" time="0.001">
    </testcase>
    <testcase classname="Phase 22.7: Advanced Scenarios - Error Handling › Input Processing Errors" name="should handle quote text encoding errors" time="0.001">
    </testcase>
    <testcase classname="Phase 22.7: Advanced Scenarios - Error Handling › Input Processing Errors" name="should handle oversized attachment processing" time="0.001">
    </testcase>
    <testcase classname="Phase 22.7: Advanced Scenarios - Error Handling › Input Processing Errors" name="should handle null/undefined parameter errors" time="0.001">
    </testcase>
    <testcase classname="Phase 22.7: Advanced Scenarios - Permissions &amp; Authorization › Admin Command Access Control" name="should allow admin user to execute admin commands" time="0.001">
    </testcase>
    <testcase classname="Phase 22.7: Advanced Scenarios - Permissions &amp; Authorization › Admin Command Access Control" name="should reject non-admin user from admin commands" time="0">
    </testcase>
    <testcase classname="Phase 22.7: Advanced Scenarios - Permissions &amp; Authorization › Admin Command Access Control" name="should allow owner from any guild to run sensitive commands" time="0.001">
    </testcase>
    <testcase classname="Phase 22.7: Advanced Scenarios - Permissions &amp; Authorization › Admin Command Access Control" name="should reject regular user from sensitive commands" time="0.001">
    </testcase>
    <testcase classname="Phase 22.7: Advanced Scenarios - Permissions &amp; Authorization › Admin Command Access Control" name="should allow moderator from moderation commands" time="0">
    </testcase>
    <testcase classname="Phase 22.7: Advanced Scenarios - Permissions &amp; Authorization › Admin Command Access Control" name="should reject user without moderation permission" time="0.001">
    </testcase>
    <testcase classname="Phase 22.7: Advanced Scenarios - Permissions &amp; Authorization › Guild Isolation &amp; Cross-Guild Access" name="should prevent accessing other guild&apos;s quotes" time="0">
    </testcase>
    <testcase classname="Phase 22.7: Advanced Scenarios - Permissions &amp; Authorization › Guild Isolation &amp; Cross-Guild Access" name="should prevent cross-guild reminder access" time="0">
    </testcase>
    <testcase classname="Phase 22.7: Advanced Scenarios - Permissions &amp; Authorization › Guild Isolation &amp; Cross-Guild Access" name="should prevent user from accessing other user&apos;s private data" time="0.001">
    </testcase>
    <testcase classname="Phase 22.7: Advanced Scenarios - Permissions &amp; Authorization › Guild Isolation &amp; Cross-Guild Access" name="should allow bot owner global admin access" time="0">
    </testcase>
    <testcase classname="Phase 22.7: Advanced Scenarios - Permissions &amp; Authorization › Permission Caching &amp; Refresh" name="should refresh permissions on command execution" time="0.001">
    </testcase>
    <testcase classname="Phase 22.7: Advanced Scenarios - Permissions &amp; Authorization › Permission Caching &amp; Refresh" name="should detect permission changes after role update" time="0">
    </testcase>
    <testcase classname="Phase 22.7: Advanced Scenarios - Permissions &amp; Authorization › Command-Specific Permission Requirements" name="should enforce MANAGE_MESSAGES for message management commands" time="0">
    </testcase>
    <testcase classname="Phase 22.7: Advanced Scenarios - Permissions &amp; Authorization › Command-Specific Permission Requirements" name="should enforce MANAGE_ROLES for role commands" time="0.001">
    </testcase>
    <testcase classname="Phase 22.7: Advanced Scenarios - Permissions &amp; Authorization › Command-Specific Permission Requirements" name="should reject user missing specific command permission" time="0">
    </testcase>
    <testcase classname="Phase 22.7: Advanced Scenarios - Concurrent Operations › Parallel Quote Operations" name="should handle 5 concurrent quote additions" time="0.001">
    </testcase>
    <testcase classname="Phase 22.7: Advanced Scenarios - Concurrent Operations › Parallel Quote Operations" name="should handle 10 concurrent quote deletions" time="0.001">
    </testcase>
    <testcase classname="Phase 22.7: Advanced Scenarios - Concurrent Operations › Parallel Quote Operations" name="should preserve quote consistency during parallel updates" time="0.001">
    </testcase>
    <testcase classname="Phase 22.7: Advanced Scenarios - Concurrent Operations › Concurrent Reminder Operations" name="should safely handle 5 parallel reminder additions" time="0.001">
    </testcase>
    <testcase classname="Phase 22.7: Advanced Scenarios - Concurrent Operations › Concurrent Reminder Operations" name="should maintain reminder state integrity during concurrent updates" time="0.001">
    </testcase>
    <testcase classname="Phase 22.7: Advanced Scenarios - Concurrent Operations › Last-Write-Wins Conflict Resolution" name="should apply last write when concurrent updates conflict" time="0.001">
    </testcase>
    <testcase classname="Phase 22.7: Advanced Scenarios - Concurrent Operations › Last-Write-Wins Conflict Resolution" name="should handle concurrent deletes safely" time="0.001">
    </testcase>
    <testcase classname="Phase 22.7: Advanced Scenarios - Concurrent Operations › Transaction Safety Under Load" name="should maintain atomicity during high-volume operations" time="0.009">
    </testcase>
    <testcase classname="Phase 22.7: Advanced Scenarios - Input Validation › XSS Prevention" name="should sanitize quote text containing HTML tags" time="0">
    </testcase>
    <testcase classname="Phase 22.7: Advanced Scenarios - Input Validation › XSS Prevention" name="should escape HTML special characters in quote author" time="0">
    </testcase>
    <testcase classname="Phase 22.7: Advanced Scenarios - Input Validation › XSS Prevention" name="should prevent DOM-based XSS in discord embeds" time="0.001">
    </testcase>
    <testcase classname="Phase 22.7: Advanced Scenarios - Input Validation › SQL Injection Prevention" name="should use prepared statements for all database queries" time="0.001">
    </testcase>
    <testcase classname="Phase 22.7: Advanced Scenarios - Input Validation › SQL Injection Prevention" name="should sanitize user IDs to prevent query injection" time="0.001">
    </testcase>
    <testcase classname="Phase 22.7: Advanced Scenarios - Input Validation › Length &amp; Size Validation" name="should reject quote text exceeding maximum length" time="0.001">
    </testcase>
    <testcase classname="Phase 22.7: Advanced Scenarios - Input Validation › Length &amp; Size Validation" name="should allow quote text at maximum length" time="0">
    </testcase>
    <testcase classname="Phase 22.7: Advanced Scenarios - Input Validation › Length &amp; Size Validation" name="should reject author names exceeding limits" time="0">
    </testcase>
    <testcase classname="Phase 22.7: Advanced Scenarios - Input Validation › Length &amp; Size Validation" name="should handle empty string quotes" time="0.001">
    </testcase>
    <testcase classname="Phase 22.7: Advanced Scenarios - Input Validation › Special Character Handling" name="should handle quotes with unicode characters" time="0.001">
    </testcase>
    <testcase classname="Phase 22.7: Advanced Scenarios - Input Validation › Special Character Handling" name="should escape markdown characters in quotes" time="0.001">
    </testcase>
    <testcase classname="Phase 22.7: Advanced Scenarios - Input Validation › Special Character Handling" name="should handle quotes with mentions (@user)" time="0">
    </testcase>
    <testcase classname="Phase 22.7: Advanced Scenarios - Input Validation › Special Character Handling" name="should handle quotes with URLs" time="0.001">
    </testcase>
    <testcase classname="Phase 22.7: Advanced Scenarios - Input Validation › Special Character Handling" name="should handle quotes with newlines" time="0.001">
    </testcase>
    <testcase classname="Phase 22.7: Advanced Scenarios - Input Validation › Number &amp; Type Validation" name="should validate rating value is between 1-5" time="0.001">
    </testcase>
    <testcase classname="Phase 22.7: Advanced Scenarios - Input Validation › Number &amp; Type Validation" name="should validate reminder date is in future" time="0.001">
    </testcase>
    <testcase classname="Phase 22.7: Advanced Scenarios - Edge Cases › Large Dataset Handling" name="should handle search results with 1000+ quotes" time="0.001">
    </testcase>
    <testcase classname="Phase 22.7: Advanced Scenarios - Edge Cases › Large Dataset Handling" name="should paginate large result sets efficiently" time="0">
    </testcase>
    <testcase classname="Phase 22.7: Advanced Scenarios - Edge Cases › Large Dataset Handling" name="should handle empty result sets" time="0.001">
    </testcase>
    <testcase classname="Phase 22.7: Advanced Scenarios - Edge Cases › Null &amp; Undefined Handling" name="should handle null quote author gracefully" time="0.001">
    </testcase>
    <testcase classname="Phase 22.7: Advanced Scenarios - Edge Cases › Null &amp; Undefined Handling" name="should handle undefined optional parameters" time="0.001">
    </testcase>
    <testcase classname="Phase 22.7: Advanced Scenarios - Edge Cases › Null &amp; Undefined Handling" name="should handle missing optional fields in response" time="0.001">
    </testcase>
    <testcase classname="Phase 22.7: Advanced Scenarios - Edge Cases › Boundary Condition Testing" name="should handle minimum allowed guild ID" time="0.001">
    </testcase>
    <testcase classname="Phase 22.7: Advanced Scenarios - Edge Cases › Boundary Condition Testing" name="should handle maximum allowed guild ID" time="0.001">
    </testcase>
    <testcase classname="Phase 22.7: Advanced Scenarios - Edge Cases › Boundary Condition Testing" name="should handle zero as valid reminder days offset" time="0.001">
    </testcase>
    <testcase classname="Phase 22.7: Advanced Scenarios - Edge Cases › Boundary Condition Testing" name="should handle maximum pagination offset" time="0.001">
    </testcase>
    <testcase classname="Phase 22.7: Advanced Scenarios - Edge Cases › Unicode &amp; Character Encoding" name="should preserve emoji in quotes" time="0">
    </testcase>
    <testcase classname="Phase 22.7: Advanced Scenarios - Edge Cases › Unicode &amp; Character Encoding" name="should handle right-to-left text correctly" time="0.001">
    </testcase>
    <testcase classname="Phase 22.7: Advanced Scenarios - Edge Cases › Unicode &amp; Character Encoding" name="should handle mixed character scripts" time="0.001">
    </testcase>
    <testcase classname="Phase 22.7: Advanced Scenarios - Edge Cases › Unicode &amp; Character Encoding" name="should handle combining characters and diacritics" time="0.001">
    </testcase>
    <testcase classname="Phase 22.7: Advanced Scenarios - Edge Cases › State Consistency After Operations" name="should maintain state after successful quote addition" time="0.001">
    </testcase>
    <testcase classname="Phase 22.7: Advanced Scenarios - Edge Cases › State Consistency After Operations" name="should rollback state on failed operation" time="0.001">
    </testcase>
    <testcase classname="Phase 22.7: Advanced Scenarios - Edge Cases › Circular Reference Prevention" name="should handle quote with tag referencing same quote" time="0.001">
    </testcase>
  </testsuite>
  <testsuite name="Phase 17: DatabaseService" errors="0" failures="0" skipped="0" timestamp="2026-06-29T10:38:41" time="0.175" tests="43">
    <testcase classname="Phase 17: DatabaseService › Module Initialization &amp; Exports" name="should be importable and return a module object" time="0.001">
    </testcase>
    <testcase classname="Phase 17: DatabaseService › Module Initialization &amp; Exports" name="should export all required CRUD methods" time="0.001">
    </testcase>
    <testcase classname="Phase 17: DatabaseService › Module Initialization &amp; Exports" name="should export rating methods" time="0.001">
    </testcase>
    <testcase classname="Phase 17: DatabaseService › Module Initialization &amp; Exports" name="should export tag methods" time="0">
    </testcase>
    <testcase classname="Phase 17: DatabaseService › Module Initialization &amp; Exports" name="should export export methods" time="0.001">
    </testcase>
    <testcase classname="Phase 17: DatabaseService › Module Initialization &amp; Exports" name="should export proxy configuration methods" time="0.001">
    </testcase>
    <testcase classname="Phase 17: DatabaseService › Database Connection Management" name="should initialize database connection" time="0.001">
    </testcase>
    <testcase classname="Phase 17: DatabaseService › Database Connection Management" name="should get database connection" time="0.007">
    </testcase>
    <testcase classname="Phase 17: DatabaseService › Database Connection Management" name="should close database connection cleanly" time="0.002">
    </testcase>
    <testcase classname="Phase 17: DatabaseService › Database Connection Management" name="should handle setupSchema call" time="0.001">
    </testcase>
    <testcase classname="Phase 17: DatabaseService › Quote CRUD Operations" name="should add a new quote successfully (CREATE)" time="0.005">
    </testcase>
    <testcase classname="Phase 17: DatabaseService › Quote CRUD Operations" name="should retrieve all quotes (READ ALL)" time="0.003">
    </testcase>
    <testcase classname="Phase 17: DatabaseService › Quote CRUD Operations" name="should retrieve quote by ID" time="0.002">
    </testcase>
    <testcase classname="Phase 17: DatabaseService › Quote CRUD Operations" name="should search quotes by text" time="0.002">
    </testcase>
    <testcase classname="Phase 17: DatabaseService › Quote CRUD Operations" name="should update an existing quote" time="0.002">
    </testcase>
    <testcase classname="Phase 17: DatabaseService › Quote CRUD Operations" name="should delete a quote" time="0.001">
    </testcase>
    <testcase classname="Phase 17: DatabaseService › Quote CRUD Operations" name="should get quote count" time="0.002">
    </testcase>
    <testcase classname="Phase 17: DatabaseService › Quote Rating Operations" name="should rate a quote" time="0.026">
    </testcase>
    <testcase classname="Phase 17: DatabaseService › Quote Rating Operations" name="should get quote rating" time="0.003">
    </testcase>
    <testcase classname="Phase 17: DatabaseService › Quote Tag Operations" name="should add a tag" time="0.002">
    </testcase>
    <testcase classname="Phase 17: DatabaseService › Quote Tag Operations" name="should get tag by name" time="0.003">
    </testcase>
    <testcase classname="Phase 17: DatabaseService › Quote Tag Operations" name="should add tag to quote" time="0.003">
    </testcase>
    <testcase classname="Phase 17: DatabaseService › Quote Tag Operations" name="should get quotes by tag" time="0.001">
    </testcase>
    <testcase classname="Phase 17: DatabaseService › Quote Tag Operations" name="should get all tags" time="0.002">
    </testcase>
    <testcase classname="Phase 17: DatabaseService › Export Functionality" name="should export quotes as JSON" time="0.002">
    </testcase>
    <testcase classname="Phase 17: DatabaseService › Export Functionality" name="should export quotes as CSV" time="0.002">
    </testcase>
    <testcase classname="Phase 17: DatabaseService › Proxy Configuration Management" name="should set proxy configuration" time="0.002">
    </testcase>
    <testcase classname="Phase 17: DatabaseService › Proxy Configuration Management" name="should get proxy configuration" time="0.002">
    </testcase>
    <testcase classname="Phase 17: DatabaseService › Proxy Configuration Management" name="should delete proxy configuration" time="0.003">
    </testcase>
    <testcase classname="Phase 17: DatabaseService › Proxy Configuration Management" name="should get all proxy configuration" time="0.001">
    </testcase>
    <testcase classname="Phase 17: DatabaseService › Error Handling &amp; Validation" name="should handle quote retrieval for non-existent ID" time="0.002">
    </testcase>
    <testcase classname="Phase 17: DatabaseService › Error Handling &amp; Validation" name="should handle invalid search queries gracefully" time="0.001">
    </testcase>
    <testcase classname="Phase 17: DatabaseService › Error Handling &amp; Validation" name="should handle rating non-existent quote" time="0.003">
    </testcase>
    <testcase classname="Phase 17: DatabaseService › Error Handling &amp; Validation" name="should handle invalid rating values" time="0">
    </testcase>
    <testcase classname="Phase 17: DatabaseService › Error Handling &amp; Validation" name="should handle tag operations on non-existent quote" time="0.002">
    </testcase>
    <testcase classname="Phase 17: DatabaseService › Guild-Aware API Compatibility" name="should detect guild-aware API calls" time="0.001">
    </testcase>
    <testcase classname="Phase 17: DatabaseService › Guild-Aware API Compatibility" name="should route guild-aware calls appropriately" time="0.036">
    </testcase>
    <testcase classname="Phase 17: DatabaseService › Quote Category Operations" name="should retrieve quotes by category" time="0.003">
    </testcase>
    <testcase classname="Phase 17: DatabaseService › Database Lifecycle" name="should cleanly close database without errors" time="0.001">
    </testcase>
    <testcase classname="Phase 17: DatabaseService › Database Lifecycle" name="should handle getDatabase() safely" time="0.001">
    </testcase>
    <testcase classname="Phase 17: DatabaseService › Integration Tests" name="should support full quote lifecycle" time="0.003">
    </testcase>
    <testcase classname="Phase 17: DatabaseService › Integration Tests" name="should support rating and tagging workflow" time="0.012">
    </testcase>
    <testcase classname="Phase 17: DatabaseService › Integration Tests" name="should handle export workflow" time="0.002">
    </testcase>
  </testsuite>
  <testsuite name="Phase 6: Guild-Aware ReminderNotificationService" errors="0" failures="0" skipped="0" timestamp="2026-06-29T10:38:42" time="0.133" tests="35">
    <testcase classname="Phase 6: Guild-Aware ReminderNotificationService › Guild Isolation - Data Separation" name="should isolate reminders by guild - guild 1 reminders not visible in guild 2" time="0.001">
    </testcase>
    <testcase classname="Phase 6: Guild-Aware ReminderNotificationService › Guild Isolation - Data Separation" name="should create reminders scoped to specific guild" time="0.013">
    </testcase>
    <testcase classname="Phase 6: Guild-Aware ReminderNotificationService › Guild Isolation - Data Separation" name="should not allow cross-guild reminder access" time="0.001">
    </testcase>
    <testcase classname="Phase 6: Guild-Aware ReminderNotificationService › Guild Isolation - Data Separation" name="should isolate notification history per guild" time="0.003">
    </testcase>
    <testcase classname="Phase 6: Guild-Aware ReminderNotificationService › Guild Isolation - Data Separation" name="should prevent guild deletion from affecting other guilds" time="0.001">
    </testcase>
    <testcase classname="Phase 6: Guild-Aware ReminderNotificationService › Guild Isolation - Data Separation" name="should isolate reminder statistics per guild" time="0.001">
    </testcase>
    <testcase classname="Phase 6: Guild-Aware ReminderNotificationService › Guild Isolation - Data Separation" name="should isolate reminder searches per guild" time="0.003">
    </testcase>
    <testcase classname="Phase 6: Guild-Aware ReminderNotificationService › Guild Isolation - Data Separation" name="should isolate reminder updates per guild" time="0.004">
    </testcase>
    <testcase classname="Phase 6: Guild-Aware ReminderNotificationService › Notification Delivery - Per-Guild Delivery" name="should send DM notification for valid user" time="0.001">
    </testcase>
    <testcase classname="Phase 6: Guild-Aware ReminderNotificationService › Notification Delivery - Per-Guild Delivery" name="should send channel notification for valid channel" time="0.001">
    </testcase>
    <testcase classname="Phase 6: Guild-Aware ReminderNotificationService › Notification Delivery - Per-Guild Delivery" name="should handle invalid guild gracefully" time="0">
    </testcase>
    <testcase classname="Phase 6: Guild-Aware ReminderNotificationService › Notification Delivery - Per-Guild Delivery" name="should handle missing user gracefully" time="0.001">
    </testcase>
    <testcase classname="Phase 6: Guild-Aware ReminderNotificationService › Notification Delivery - Per-Guild Delivery" name="should handle missing channel gracefully" time="0.001">
    </testcase>
    <testcase classname="Phase 6: Guild-Aware ReminderNotificationService › Notification Delivery - Per-Guild Delivery" name="should record successful notification" time="0.003">
    </testcase>
    <testcase classname="Phase 6: Guild-Aware ReminderNotificationService › Notification Delivery - Per-Guild Delivery" name="should record failed notification" time="0.003">
    </testcase>
    <testcase classname="Phase 6: Guild-Aware ReminderNotificationService › Notification Delivery - Per-Guild Delivery" name="should handle batch notification delivery" time="0.001">
    </testcase>
    <testcase classname="Phase 6: Guild-Aware ReminderNotificationService › Service Integration - Guild-Aware Pattern" name="should initialize scheduler with guild context" time="0.001">
    </testcase>
    <testcase classname="Phase 6: Guild-Aware ReminderNotificationService › Service Integration - Guild-Aware Pattern" name="should accept interval configuration" time="0.001">
    </testcase>
    <testcase classname="Phase 6: Guild-Aware ReminderNotificationService › Service Integration - Guild-Aware Pattern" name="should get active guild IDs from Discord client" time="0">
    </testcase>
    <testcase classname="Phase 6: Guild-Aware ReminderNotificationService › Service Integration - Guild-Aware Pattern" name="should process guild notifications sequentially within batches" time="0.001">
    </testcase>
    <testcase classname="Phase 6: Guild-Aware ReminderNotificationService › Service Integration - Guild-Aware Pattern" name="should record notification attempts per guild" time="0.001">
    </testcase>
    <testcase classname="Phase 6: Guild-Aware ReminderNotificationService › Multi-Guild Concurrency - Isolation Under Load" name="should process multiple guilds without cross-contamination" time="0">
    </testcase>
    <testcase classname="Phase 6: Guild-Aware ReminderNotificationService › Multi-Guild Concurrency - Isolation Under Load" name="should batch process guilds (batch size &lt;= 10)" time="0">
    </testcase>
    <testcase classname="Phase 6: Guild-Aware ReminderNotificationService › Multi-Guild Concurrency - Isolation Under Load" name="should handle error in one guild without affecting others" time="0.001">
    </testcase>
    <testcase classname="Phase 6: Guild-Aware ReminderNotificationService › Multi-Guild Concurrency - Isolation Under Load" name="should process concurrent reminders per guild safely" time="0.001">
    </testcase>
    <testcase classname="Phase 6: Guild-Aware ReminderNotificationService › Multi-Guild Concurrency - Isolation Under Load" name="should collect results from all guild batches" time="0">
    </testcase>
    <testcase classname="Phase 6: Guild-Aware ReminderNotificationService › Error Handling - Graceful Degradation" name="should handle deleted guild gracefully" time="0.001">
    </testcase>
    <testcase classname="Phase 6: Guild-Aware ReminderNotificationService › Error Handling - Graceful Degradation" name="should handle offline user gracefully" time="0.001">
    </testcase>
    <testcase classname="Phase 6: Guild-Aware ReminderNotificationService › Error Handling - Graceful Degradation" name="should handle database connection error" time="0">
    </testcase>
    <testcase classname="Phase 6: Guild-Aware ReminderNotificationService › Error Handling - Graceful Degradation" name="should handle timeout on user creation" time="0.001">
    </testcase>
    <testcase classname="Phase 6: Guild-Aware ReminderNotificationService › Error Handling - Graceful Degradation" name="should continue processing other reminders on failure" time="0.001">
    </testcase>
    <testcase classname="Phase 6: Guild-Aware ReminderNotificationService › Error Handling - Graceful Degradation" name="should log errors without stopping service" time="0">
    </testcase>
    <testcase classname="Phase 6: Guild-Aware ReminderNotificationService › Performance - Multi-Guild Scale" name="should handle 50 guilds in active cache" time="0.001">
    </testcase>
    <testcase classname="Phase 6: Guild-Aware ReminderNotificationService › Performance - Multi-Guild Scale" name="should process batches within reasonable time" time="0.001">
    </testcase>
    <testcase classname="Phase 6: Guild-Aware ReminderNotificationService › Performance - Multi-Guild Scale" name="should not leak memory with many reminders" time="0.06">
    </testcase>
  </testsuite>
  <testsuite name="InputValidator" errors="0" failures="0" skipped="0" timestamp="2026-06-29T10:38:42" time="0.102" tests="92">
    <testcase classname="InputValidator › validateTextInput()" name="should accept valid text input" time="0.001">
    </testcase>
    <testcase classname="InputValidator › validateTextInput()" name="should reject null input" time="0.001">
    </testcase>
    <testcase classname="InputValidator › validateTextInput()" name="should reject undefined input" time="0.001">
    </testcase>
    <testcase classname="InputValidator › validateTextInput()" name="should reject non-string types (number)" time="0">
    </testcase>
    <testcase classname="InputValidator › validateTextInput()" name="should reject non-string types (object)" time="0.001">
    </testcase>
    <testcase classname="InputValidator › validateTextInput()" name="should reject empty string when allowEmpty is false" time="0">
    </testcase>
    <testcase classname="InputValidator › validateTextInput()" name="should reject whitespace-only string" time="0">
    </testcase>
    <testcase classname="InputValidator › validateTextInput()" name="should allow empty string when allowEmpty is true" time="0.001">
    </testcase>
    <testcase classname="InputValidator › validateTextInput()" name="should reject text shorter than minLength" time="0.001">
    </testcase>
    <testcase classname="InputValidator › validateTextInput()" name="should accept text at exact minLength boundary" time="0">
    </testcase>
    <testcase classname="InputValidator › validateTextInput()" name="should reject text longer than maxLength" time="0.001">
    </testcase>
    <testcase classname="InputValidator › validateTextInput()" name="should accept text at exact maxLength boundary" time="0">
    </testcase>
    <testcase classname="InputValidator › validateTextInput()" name="should trim whitespace from input" time="0.001">
    </testcase>
    <testcase classname="InputValidator › validateTextInput()" name="should detect SQL injection with UNION keyword" time="0.006">
    </testcase>
    <testcase classname="InputValidator › validateTextInput()" name="should detect SQL injection with SELECT keyword" time="0">
    </testcase>
    <testcase classname="InputValidator › validateTextInput()" name="should detect SQL injection with DROP keyword" time="0.003">
    </testcase>
    <testcase classname="InputValidator › validateTextInput()" name="should allow normal text with common words" time="0.001">
    </testcase>
    <testcase classname="InputValidator › validateTextInput()" name="should skip SQL injection check when disabled" time="0">
    </testcase>
    <testcase classname="InputValidator › validateTextInput()" name="should detect XSS with &lt;script&gt; tag" time="0.003">
    </testcase>
    <testcase classname="InputValidator › validateTextInput()" name="should detect XSS with &lt;iframe&gt; tag" time="0.009">
    </testcase>
    <testcase classname="InputValidator › validateTextInput()" name="should detect XSS with onclick attribute" time="0.005">
    </testcase>
    <testcase classname="InputValidator › validateTextInput()" name="should detect XSS with javascript: protocol" time="0.004">
    </testcase>
    <testcase classname="InputValidator › validateTextInput()" name="should skip XSS check when disabled" time="0.001">
    </testcase>
    <testcase classname="InputValidator › validateTextInput()" name="should validate against custom regex pattern" time="0">
    </testcase>
    <testcase classname="InputValidator › validateTextInput()" name="should accept input matching custom pattern" time="0.001">
    </testcase>
    <testcase classname="InputValidator › validateTextInput()" name="should use fieldName in error messages" time="0">
    </testcase>
    <testcase classname="InputValidator › validateTextInput()" name="should handle special characters safely" time="0">
    </testcase>
    <testcase classname="InputValidator › validateTextInput()" name="should sanitize output string" time="0.001">
    </testcase>
    <testcase classname="InputValidator › validateTextInput()" name="should return sanitized property even when invalid" time="0">
    </testcase>
    <testcase classname="InputValidator › validateTextInput()" name="should handle very long valid input" time="0">
    </testcase>
    <testcase classname="InputValidator › validateTextInput()" name="should handle multiple validation errors" time="0.001">
    </testcase>
    <testcase classname="InputValidator › detectSQLInjection()" name="should detect UNION-based injection" time="0">
    </testcase>
    <testcase classname="InputValidator › detectSQLInjection()" name="should detect INSERT injection" time="0.001">
    </testcase>
    <testcase classname="InputValidator › detectSQLInjection()" name="should detect UPDATE injection" time="0">
    </testcase>
    <testcase classname="InputValidator › detectSQLInjection()" name="should detect DELETE injection" time="0.001">
    </testcase>
    <testcase classname="InputValidator › detectSQLInjection()" name="should detect hex encoding (0x)" time="0">
    </testcase>
    <testcase classname="InputValidator › detectSQLInjection()" name="should detect SQL comment injection (--)" time="0.001">
    </testcase>
    <testcase classname="InputValidator › detectSQLInjection()" name="should not flag normal text" time="0">
    </testcase>
    <testcase classname="InputValidator › detectSQLInjection()" name="should be case-insensitive" time="0.001">
    </testcase>
    <testcase classname="InputValidator › detectSQLInjection()" name="should detect OR injection with comparison" time="0">
    </testcase>
    <testcase classname="InputValidator › detectSQLInjection()" name="should detect AND injection with comparison" time="0.001">
    </testcase>
    <testcase classname="InputValidator › detectXSS()" name="should detect &lt;script&gt; tag" time="0">
    </testcase>
    <testcase classname="InputValidator › detectXSS()" name="should detect &lt;iframe&gt; tag" time="0.001">
    </testcase>
    <testcase classname="InputValidator › detectXSS()" name="should detect &lt;object&gt; tag" time="0">
    </testcase>
    <testcase classname="InputValidator › detectXSS()" name="should detect &lt;embed&gt; tag" time="0.001">
    </testcase>
    <testcase classname="InputValidator › detectXSS()" name="should detect event handler (onclick)" time="0">
    </testcase>
    <testcase classname="InputValidator › detectXSS()" name="should detect event handler (onload)" time="0.001">
    </testcase>
    <testcase classname="InputValidator › detectXSS()" name="should detect javascript: protocol" time="0">
    </testcase>
    <testcase classname="InputValidator › detectXSS()" name="should detect data: protocol with html" time="0">
    </testcase>
    <testcase classname="InputValidator › detectXSS()" name="should not flag normal HTML-like text" time="0">
    </testcase>
    <testcase classname="InputValidator › detectXSS()" name="should not flag normal links" time="0">
    </testcase>
    <testcase classname="InputValidator › detectXSS()" name="should be case-insensitive for tags" time="0">
    </testcase>
    <testcase classname="InputValidator › sanitizeString()" name="should return a string" time="0">
    </testcase>
    <testcase classname="InputValidator › sanitizeString()" name="should preserve normal text" time="0.001">
    </testcase>
    <testcase classname="InputValidator › sanitizeString()" name="should handle empty string" time="0">
    </testcase>
    <testcase classname="InputValidator › sanitizeString()" name="should handle whitespace" time="0.001">
    </testcase>
    <testcase classname="InputValidator › sanitizeString()" name="should handle special characters" time="0">
    </testcase>
    <testcase classname="InputValidator › validateNumericInput()" name="should accept valid integer" time="0.001">
    </testcase>
    <testcase classname="InputValidator › validateNumericInput()" name="should accept zero" time="0.001">
    </testcase>
    <testcase classname="InputValidator › validateNumericInput()" name="should accept negative integer" time="0">
    </testcase>
    <testcase classname="InputValidator › validateNumericInput()" name="should reject non-numeric string" time="0.001">
    </testcase>
    <testcase classname="InputValidator › validateNumericInput()" name="should reject NaN" time="0">
    </testcase>
    <testcase classname="InputValidator › validateNumericInput()" name="should reject null" time="0.001">
    </testcase>
    <testcase classname="InputValidator › validateNumericInput()" name="should reject undefined" time="0">
    </testcase>
    <testcase classname="InputValidator › validateNumericInput()" name="should enforce minimum value" time="0.001">
    </testcase>
    <testcase classname="InputValidator › validateNumericInput()" name="should enforce maximum value" time="0">
    </testcase>
    <testcase classname="InputValidator › validateNumericInput()" name="should accept value within range" time="0.001">
    </testcase>
    <testcase classname="InputValidator › validateNumericInput()" name="should reject floating point when integer required" time="0">
    </testcase>
    <testcase classname="InputValidator › validateNumericInput()" name="should accept floating point when allowed" time="0">
    </testcase>
    <testcase classname="InputValidator › validateNumericInput()" name="should enforce positive numbers" time="0">
    </testcase>
    <testcase classname="InputValidator › validateDiscordId()" name="should accept valid 17-digit Discord ID" time="0">
    </testcase>
    <testcase classname="InputValidator › validateDiscordId()" name="should accept valid 18-digit Discord ID" time="0.001">
    </testcase>
    <testcase classname="InputValidator › validateDiscordId()" name="should accept valid 19-digit Discord ID" time="0.001">
    </testcase>
    <testcase classname="InputValidator › validateDiscordId()" name="should reject non-numeric string" time="0">
    </testcase>
    <testcase classname="InputValidator › validateDiscordId()" name="should reject ID with letters" time="0.001">
    </testcase>
    <testcase classname="InputValidator › validateDiscordId()" name="should reject too short ID (16 digits)" time="0">
    </testcase>
    <testcase classname="InputValidator › validateDiscordId()" name="should reject too long ID (20 digits)" time="0.001">
    </testcase>
    <testcase classname="InputValidator › validateDiscordId()" name="should reject empty string" time="0">
    </testcase>
    <testcase classname="InputValidator › validateDiscordId()" name="should reject null" time="0.001">
    </testcase>
    <testcase classname="InputValidator › validateDiscordId()" name="should reject undefined" time="0">
    </testcase>
    <testcase classname="InputValidator › validateDiscordId()" name="should reject non-string types" time="0.001">
    </testcase>
    <testcase classname="InputValidator › validateDiscordId()" name="should accept ID with leading zeros" time="0">
    </testcase>
    <testcase classname="InputValidator › validateDiscordId()" name="should return errors array" time="0">
    </testcase>
    <testcase classname="InputValidator › validateDiscordId()" name="should provide error message for invalid ID" time="0">
    </testcase>
    <testcase classname="InputValidator › Edge Cases &amp; Integration" name="should handle input with multiple validation errors" time="0">
    </testcase>
    <testcase classname="InputValidator › Edge Cases &amp; Integration" name="should handle rapid sequential validations" time="0.001">
    </testcase>
    <testcase classname="InputValidator › Edge Cases &amp; Integration" name="should handle concurrent validation calls" time="0">
    </testcase>
    <testcase classname="InputValidator › Edge Cases &amp; Integration" name="should preserve input integrity for valid data" time="0.001">
    </testcase>
    <testcase classname="InputValidator › Edge Cases &amp; Integration" name="should handle unicode and emoji correctly" time="0">
    </testcase>
    <testcase classname="InputValidator › Edge Cases &amp; Integration" name="should handle newlines and tabs safely" time="0.001">
    </testcase>
    <testcase classname="InputValidator › Edge Cases &amp; Integration" name="should handle very long strings efficiently" time="0">
    </testcase>
    <testcase classname="InputValidator › Edge Cases &amp; Integration" name="should handle numeric validation range checks" time="0.001">
    </testcase>
  </testsuite>
  <testsuite name="QuoteService" errors="0" failures="0" skipped="0" timestamp="2026-06-29T10:38:42" time="0.091" tests="62">
    <testcase classname="QuoteService › CRUD Operations › addQuote()" name="should add quote with default author &quot;Anonymous&quot;" time="0.001">
    </testcase>
    <testcase classname="QuoteService › CRUD Operations › addQuote()" name="should add quote with provided author" time="0.001">
    </testcase>
    <testcase classname="QuoteService › CRUD Operations › addQuote()" name="should throw error when guildId is missing" time="0.001">
    </testcase>
    <testcase classname="QuoteService › CRUD Operations › addQuote()" name="should increment quote ID for sequential adds" time="0.001">
    </testcase>
    <testcase classname="QuoteService › CRUD Operations › addQuote()" name="should handle special characters in quote text" time="0.001">
    </testcase>
    <testcase classname="QuoteService › CRUD Operations › getQuoteById()" name="should retrieve quote by ID" time="0.001">
    </testcase>
    <testcase classname="QuoteService › CRUD Operations › getQuoteById()" name="should return null for non-existent quote" time="0.001">
    </testcase>
    <testcase classname="QuoteService › CRUD Operations › getQuoteById()" name="should throw error when guildId is missing" time="0.001">
    </testcase>
    <testcase classname="QuoteService › CRUD Operations › getQuoteById()" name="should maintain quote metadata (addedAt)" time="0.001">
    </testcase>
    <testcase classname="QuoteService › CRUD Operations › getAllQuotes()" name="should return empty array for guild with no quotes" time="0.001">
    </testcase>
    <testcase classname="QuoteService › CRUD Operations › getAllQuotes()" name="should return all quotes from a guild" time="0.001">
    </testcase>
    <testcase classname="QuoteService › CRUD Operations › getAllQuotes()" name="should throw error when guildId is missing" time="0.001">
    </testcase>
    <testcase classname="QuoteService › CRUD Operations › getAllQuotes()" name="should maintain quote order in results" time="0">
    </testcase>
    <testcase classname="QuoteService › CRUD Operations › updateQuote()" name="should update quote text" time="0">
    </testcase>
    <testcase classname="QuoteService › CRUD Operations › updateQuote()" name="should update quote author" time="0">
    </testcase>
    <testcase classname="QuoteService › CRUD Operations › updateQuote()" name="should return false for non-existent quote" time="0.001">
    </testcase>
    <testcase classname="QuoteService › CRUD Operations › updateQuote()" name="should throw error when guildId is missing" time="0.001">
    </testcase>
    <testcase classname="QuoteService › CRUD Operations › deleteQuote()" name="should delete quote from guild" time="0.001">
    </testcase>
    <testcase classname="QuoteService › CRUD Operations › deleteQuote()" name="should return false for non-existent quote" time="0.001">
    </testcase>
    <testcase classname="QuoteService › CRUD Operations › deleteQuote()" name="should throw error when guildId is missing" time="0.001">
    </testcase>
    <testcase classname="QuoteService › CRUD Operations › deleteQuote()" name="should not affect other guild quotes" time="0.001">
    </testcase>
    <testcase classname="QuoteService › CRUD Operations › getQuoteCount()" name="should return 0 for empty guild" time="0.001">
    </testcase>
    <testcase classname="QuoteService › CRUD Operations › getQuoteCount()" name="should return correct quote count" time="0.001">
    </testcase>
    <testcase classname="QuoteService › CRUD Operations › getQuoteCount()" name="should throw error when guildId is missing" time="0.001">
    </testcase>
    <testcase classname="QuoteService › Search Operations › searchQuotes()" name="should find quotes by text keyword" time="0.001">
    </testcase>
    <testcase classname="QuoteService › Search Operations › searchQuotes()" name="should find quotes by author keyword" time="0.001">
    </testcase>
    <testcase classname="QuoteService › Search Operations › searchQuotes()" name="should return empty array for no matches" time="0.002">
    </testcase>
    <testcase classname="QuoteService › Search Operations › searchQuotes()" name="should be case-insensitive" time="0.001">
    </testcase>
    <testcase classname="QuoteService › Search Operations › searchQuotes()" name="should throw error when guildId is missing" time="0.001">
    </testcase>
    <testcase classname="QuoteService › Rating Operations › rateQuote()" name="should add rating to quote" time="0.001">
    </testcase>
    <testcase classname="QuoteService › Rating Operations › rateQuote()" name="should accept ratings from 1 to 5" time="0.001">
    </testcase>
    <testcase classname="QuoteService › Rating Operations › rateQuote()" name="should update rating for duplicate user" time="0.001">
    </testcase>
    <testcase classname="QuoteService › Rating Operations › rateQuote()" name="should throw error when guildId is missing" time="0.001">
    </testcase>
    <testcase classname="QuoteService › Rating Operations › getQuoteRating()" name="should return { average: 0, count: 0 } for unrated quote" time="0.001">
    </testcase>
    <testcase classname="QuoteService › Rating Operations › getQuoteRating()" name="should calculate average rating correctly" time="0.001">
    </testcase>
    <testcase classname="QuoteService › Rating Operations › getQuoteRating()" name="should throw error when guildId is missing" time="0.001">
    </testcase>
    <testcase classname="QuoteService › Tagging Operations › tagQuote()" name="should add tag to quote" time="0.001">
    </testcase>
    <testcase classname="QuoteService › Tagging Operations › tagQuote()" name="should add multiple tags to quote" time="0.001">
    </testcase>
    <testcase classname="QuoteService › Tagging Operations › tagQuote()" name="should throw error when guildId is missing" time="0.001">
    </testcase>
    <testcase classname="QuoteService › Tagging Operations › getQuotesByTag()" name="should return empty array for non-existent tag" time="0.001">
    </testcase>
    <testcase classname="QuoteService › Tagging Operations › getQuotesByTag()" name="should return all quotes with tag" time="0.001">
    </testcase>
    <testcase classname="QuoteService › Tagging Operations › getQuotesByTag()" name="should throw error when guildId is missing" time="0.001">
    </testcase>
    <testcase classname="QuoteService › Export Operations › exportGuildData()" name="should export empty guild data" time="0.001">
    </testcase>
    <testcase classname="QuoteService › Export Operations › exportGuildData()" name="should export all quotes with metadata" time="0.001">
    </testcase>
    <testcase classname="QuoteService › Export Operations › exportGuildData()" name="should throw error when guildId is missing" time="0.001">
    </testcase>
    <testcase classname="QuoteService › Export Operations › exportAsJson()" name="should export quotes as JSON string" time="0.001">
    </testcase>
    <testcase classname="QuoteService › Export Operations › exportAsJson()" name="should handle special characters in JSON export" time="0.001">
    </testcase>
    <testcase classname="QuoteService › Export Operations › exportAsJson()" name="should throw error when guildId is missing" time="0.001">
    </testcase>
    <testcase classname="QuoteService › Export Operations › exportAsCSV()" name="should export empty guild as CSV with headers" time="0.001">
    </testcase>
    <testcase classname="QuoteService › Export Operations › exportAsCSV()" name="should export quotes as CSV with proper formatting" time="0.001">
    </testcase>
    <testcase classname="QuoteService › Export Operations › exportAsCSV()" name="should escape quotes in CSV" time="0.001">
    </testcase>
    <testcase classname="QuoteService › Export Operations › exportAsCSV()" name="should throw error when guildId is missing" time="0.001">
    </testcase>
    <testcase classname="QuoteService › Statistics and GDPR › getGuildStatistics()" name="should return zero statistics for empty guild" time="0.001">
    </testcase>
    <testcase classname="QuoteService › Statistics and GDPR › getGuildStatistics()" name="should calculate correct statistics" time="0.001">
    </testcase>
    <testcase classname="QuoteService › Statistics and GDPR › getGuildStatistics()" name="should throw error when guildId is missing" time="0">
    </testcase>
    <testcase classname="QuoteService › Statistics and GDPR › deleteGuildData()" name="should delete all guild data" time="0">
    </testcase>
    <testcase classname="QuoteService › Statistics and GDPR › deleteGuildData()" name="should comply with GDPR requirements" time="0.001">
    </testcase>
    <testcase classname="QuoteService › Statistics and GDPR › deleteGuildData()" name="should not affect other guild data" time="0.001">
    </testcase>
    <testcase classname="QuoteService › Statistics and GDPR › deleteGuildData()" name="should throw error when guildId is missing" time="0.001">
    </testcase>
    <testcase classname="QuoteService › Special Cases and Edge Cases" name="should handle empty search results gracefully" time="0.001">
    </testcase>
    <testcase classname="QuoteService › Special Cases and Edge Cases" name="should isolate data between guilds" time="0.001">
    </testcase>
    <testcase classname="QuoteService › Special Cases and Edge Cases" name="should maintain data consistency across operations" time="0.001">
    </testcase>
  </testsuite>
  <testsuite name="Phase 17: Datetime &amp; Security Utilities" errors="0" failures="0" skipped="0" timestamp="2026-06-29T10:38:42" time="0.07" tests="58">
    <testcase classname="Phase 17: Datetime &amp; Security Utilities › DateTime Parsing" name="should parse ISO date string" time="0.001">
    </testcase>
    <testcase classname="Phase 17: Datetime &amp; Security Utilities › DateTime Parsing" name="should parse date in YYYY-MM-DD format" time="0.001">
    </testcase>
    <testcase classname="Phase 17: Datetime &amp; Security Utilities › DateTime Parsing" name="should parse time in HH:MM:SS format" time="0">
    </testcase>
    <testcase classname="Phase 17: Datetime &amp; Security Utilities › DateTime Parsing" name="should parse relative date &quot;tomorrow&quot;" time="0.001">
    </testcase>
    <testcase classname="Phase 17: Datetime &amp; Security Utilities › DateTime Parsing" name="should parse relative date &quot;next week&quot;" time="0">
    </testcase>
    <testcase classname="Phase 17: Datetime &amp; Security Utilities › DateTime Parsing" name="should parse relative date &quot;next month&quot;" time="0">
    </testcase>
    <testcase classname="Phase 17: Datetime &amp; Security Utilities › DateTime Parsing" name="should handle duration parsing in minutes" time="0.001">
    </testcase>
    <testcase classname="Phase 17: Datetime &amp; Security Utilities › DateTime Parsing" name="should handle duration parsing in hours" time="0">
    </testcase>
    <testcase classname="Phase 17: Datetime &amp; Security Utilities › DateTime Parsing" name="should handle duration parsing in days" time="0.001">
    </testcase>
    <testcase classname="Phase 17: Datetime &amp; Security Utilities › DateTime Parsing" name="should reject invalid date format" time="0.003">
    </testcase>
    <testcase classname="Phase 17: Datetime &amp; Security Utilities › DateTime Parsing" name="should reject past date for future date requirement" time="0">
    </testcase>
    <testcase classname="Phase 17: Datetime &amp; Security Utilities › DateTime Parsing" name="should handle timezone conversion" time="0.001">
    </testcase>
    <testcase classname="Phase 17: Datetime &amp; Security Utilities › DateTime Parsing" name="should calculate time until date" time="0">
    </testcase>
    <testcase classname="Phase 17: Datetime &amp; Security Utilities › DateTime Parsing" name="should format date for display" time="0.014">
    </testcase>
    <testcase classname="Phase 17: Datetime &amp; Security Utilities › DateTime Parsing" name="should compare two dates" time="0.001">
    </testcase>
    <testcase classname="Phase 17: Datetime &amp; Security Utilities › DateTime Parsing" name="should get day of week" time="0">
    </testcase>
    <testcase classname="Phase 17: Datetime &amp; Security Utilities › DateTime Parsing" name="should check if date is today" time="0.001">
    </testcase>
    <testcase classname="Phase 17: Datetime &amp; Security Utilities › DateTime Parsing" name="should check if date is in past" time="0">
    </testcase>
    <testcase classname="Phase 17: Datetime &amp; Security Utilities › DateTime Parsing" name="should check if date is in future" time="0">
    </testcase>
    <testcase classname="Phase 17: Datetime &amp; Security Utilities › Security &amp; Input Sanitization" name="should validate command permissions" time="0.001">
    </testcase>
    <testcase classname="Phase 17: Datetime &amp; Security Utilities › Security &amp; Input Sanitization" name="should reject unauthorized command" time="0">
    </testcase>
    <testcase classname="Phase 17: Datetime &amp; Security Utilities › Security &amp; Input Sanitization" name="should validate guild ownership" time="0.001">
    </testcase>
    <testcase classname="Phase 17: Datetime &amp; Security Utilities › Security &amp; Input Sanitization" name="should prevent unauthorized guild access" time="0">
    </testcase>
    <testcase classname="Phase 17: Datetime &amp; Security Utilities › Security &amp; Input Sanitization" name="should sanitize SQL injection in search terms" time="0">
    </testcase>
    <testcase classname="Phase 17: Datetime &amp; Security Utilities › Security &amp; Input Sanitization" name="should prevent XSS in embed descriptions" time="0.001">
    </testcase>
    <testcase classname="Phase 17: Datetime &amp; Security Utilities › Security &amp; Input Sanitization" name="should validate file upload size" time="0">
    </testcase>
    <testcase classname="Phase 17: Datetime &amp; Security Utilities › Security &amp; Input Sanitization" name="should reject oversized file uploads" time="0.001">
    </testcase>
    <testcase classname="Phase 17: Datetime &amp; Security Utilities › Security &amp; Input Sanitization" name="should validate file MIME type" time="0">
    </testcase>
    <testcase classname="Phase 17: Datetime &amp; Security Utilities › Security &amp; Input Sanitization" name="should reject invalid file MIME type" time="0.001">
    </testcase>
    <testcase classname="Phase 17: Datetime &amp; Security Utilities › Security &amp; Input Sanitization" name="should validate token format" time="0">
    </testcase>
    <testcase classname="Phase 17: Datetime &amp; Security Utilities › Security &amp; Input Sanitization" name="should reject malformed token" time="0">
    </testcase>
    <testcase classname="Phase 17: Datetime &amp; Security Utilities › Security &amp; Input Sanitization" name="should validate API key format" time="0.001">
    </testcase>
    <testcase classname="Phase 17: Datetime &amp; Security Utilities › Security &amp; Input Sanitization" name="should hash sensitive data" time="0">
    </testcase>
    <testcase classname="Phase 17: Datetime &amp; Security Utilities › Security &amp; Input Sanitization" name="should never log sensitive data" time="0.001">
    </testcase>
    <testcase classname="Phase 17: Datetime &amp; Security Utilities › Security &amp; Input Sanitization" name="should validate rate limit headers" time="0">
    </testcase>
    <testcase classname="Phase 17: Datetime &amp; Security Utilities › Validation Patterns" name="should validate email format" time="0">
    </testcase>
    <testcase classname="Phase 17: Datetime &amp; Security Utilities › Validation Patterns" name="should validate URL format" time="0.001">
    </testcase>
    <testcase classname="Phase 17: Datetime &amp; Security Utilities › Validation Patterns" name="should validate Discord channel ID" time="0">
    </testcase>
    <testcase classname="Phase 17: Datetime &amp; Security Utilities › Validation Patterns" name="should validate Discord user ID" time="0.001">
    </testcase>
    <testcase classname="Phase 17: Datetime &amp; Security Utilities › Validation Patterns" name="should validate Discord role ID" time="0">
    </testcase>
    <testcase classname="Phase 17: Datetime &amp; Security Utilities › Validation Patterns" name="should validate username format" time="0.001">
    </testcase>
    <testcase classname="Phase 17: Datetime &amp; Security Utilities › Validation Patterns" name="should reject invalid username" time="0">
    </testcase>
    <testcase classname="Phase 17: Datetime &amp; Security Utilities › Validation Patterns" name="should validate hex color code" time="0">
    </testcase>
    <testcase classname="Phase 17: Datetime &amp; Security Utilities › Validation Patterns" name="should validate JSON structure" time="0">
    </testcase>
    <testcase classname="Phase 17: Datetime &amp; Security Utilities › Validation Patterns" name="should reject invalid JSON" time="0">
    </testcase>
    <testcase classname="Phase 17: Datetime &amp; Security Utilities › Validation Patterns" name="should validate semantic versioning" time="0.001">
    </testcase>
    <testcase classname="Phase 17: Datetime &amp; Security Utilities › Validation Patterns" name="should validate UUID format" time="0">
    </testcase>
    <testcase classname="Phase 17: Datetime &amp; Security Utilities › Validation Patterns" name="should validate IPv4 address" time="0.001">
    </testcase>
    <testcase classname="Phase 17: Datetime &amp; Security Utilities › Validation Patterns" name="should validate phone number" time="0">
    </testcase>
    <testcase classname="Phase 17: Datetime &amp; Security Utilities › Cryptographic Operations" name="should generate secure random string" time="0">
    </testcase>
    <testcase classname="Phase 17: Datetime &amp; Security Utilities › Cryptographic Operations" name="should hash passwords consistently" time="0">
    </testcase>
    <testcase classname="Phase 17: Datetime &amp; Security Utilities › Cryptographic Operations" name="should verify hashed passwords" time="0">
    </testcase>
    <testcase classname="Phase 17: Datetime &amp; Security Utilities › Cryptographic Operations" name="should reject mismatched password hashes" time="0.001">
    </testcase>
    <testcase classname="Phase 17: Datetime &amp; Security Utilities › Access Control" name="should check admin role" time="0">
    </testcase>
    <testcase classname="Phase 17: Datetime &amp; Security Utilities › Access Control" name="should check moderator role" time="0.001">
    </testcase>
    <testcase classname="Phase 17: Datetime &amp; Security Utilities › Access Control" name="should reject insufficient permissions" time="0">
    </testcase>
    <testcase classname="Phase 17: Datetime &amp; Security Utilities › Access Control" name="should validate permission inheritance" time="0">
    </testcase>
    <testcase classname="Phase 17: Datetime &amp; Security Utilities › Access Control" name="should enforce resource-level permissions" time="0.001">
    </testcase>
  </testsuite>
  <testsuite name="Logger Middleware - Comprehensive Coverage" errors="0" failures="0" skipped="0" timestamp="2026-06-29T10:38:42" time="0.101" tests="77">
    <testcase classname="Logger Middleware - Comprehensive Coverage › LOG_LEVELS Export" name="should export LOG_LEVELS object with all levels" time="0.001">
    </testcase>
    <testcase classname="Logger Middleware - Comprehensive Coverage › LOG_LEVELS Export" name="should export exactly 4 log levels" time="0.001">
    </testcase>
    <testcase classname="Logger Middleware - Comprehensive Coverage › LOG_LEVELS Export" name="should have all levels as uppercase strings" time="0.001">
    </testcase>
    <testcase classname="Logger Middleware - Comprehensive Coverage › log() Function - Basic Execution" name="should call console.log when invoked" time="0">
    </testcase>
    <testcase classname="Logger Middleware - Comprehensive Coverage › log() Function - Basic Execution" name="should log to console exactly once per call" time="0">
    </testcase>
    <testcase classname="Logger Middleware - Comprehensive Coverage › log() Function - Basic Execution" name="should accept log level parameter" time="0.001">
    </testcase>
    <testcase classname="Logger Middleware - Comprehensive Coverage › log() Function - Basic Execution" name="should accept context parameter" time="0.001">
    </testcase>
    <testcase classname="Logger Middleware - Comprehensive Coverage › log() Function - Basic Execution" name="should accept message parameter" time="0.001">
    </testcase>
    <testcase classname="Logger Middleware - Comprehensive Coverage › Timestamp Generation" name="should include ISO timestamp in output" time="0.001">
    </testcase>
    <testcase classname="Logger Middleware - Comprehensive Coverage › Timestamp Generation" name="should generate different timestamps for separate calls" time="0.002">
    </testcase>
    <testcase classname="Logger Middleware - Comprehensive Coverage › Timestamp Generation" name="should format timestamp in brackets" time="0.001">
    </testcase>
    <testcase classname="Logger Middleware - Comprehensive Coverage › Log Format Structure" name="should follow format: [timestamp] [level] [context] message" time="0.001">
    </testcase>
    <testcase classname="Logger Middleware - Comprehensive Coverage › Log Format Structure" name="should separate bracketed sections with spaces" time="0.001">
    </testcase>
    <testcase classname="Logger Middleware - Comprehensive Coverage › Log Format Structure" name="should include message after all bracketed sections" time="0">
    </testcase>
    <testcase classname="Logger Middleware - Comprehensive Coverage › DEBUG Log Level" name="should log with DEBUG level identifier" time="0">
    </testcase>
    <testcase classname="Logger Middleware - Comprehensive Coverage › DEBUG Log Level" name="should preserve exact DEBUG text" time="0.001">
    </testcase>
    <testcase classname="Logger Middleware - Comprehensive Coverage › DEBUG Log Level" name="should work when passed as string literal" time="0.001">
    </testcase>
    <testcase classname="Logger Middleware - Comprehensive Coverage › INFO Log Level" name="should log with INFO level identifier" time="0.001">
    </testcase>
    <testcase classname="Logger Middleware - Comprehensive Coverage › INFO Log Level" name="should preserve exact INFO text" time="0.001">
    </testcase>
    <testcase classname="Logger Middleware - Comprehensive Coverage › INFO Log Level" name="should be default level for information" time="0.001">
    </testcase>
    <testcase classname="Logger Middleware - Comprehensive Coverage › WARN Log Level" name="should log with WARN level identifier" time="0">
    </testcase>
    <testcase classname="Logger Middleware - Comprehensive Coverage › WARN Log Level" name="should preserve exact WARN text" time="0">
    </testcase>
    <testcase classname="Logger Middleware - Comprehensive Coverage › WARN Log Level" name="should differentiate from ERROR level" time="0.001">
    </testcase>
    <testcase classname="Logger Middleware - Comprehensive Coverage › ERROR Log Level" name="should log with ERROR level identifier" time="0.001">
    </testcase>
    <testcase classname="Logger Middleware - Comprehensive Coverage › ERROR Log Level" name="should preserve exact ERROR text" time="0.001">
    </testcase>
    <testcase classname="Logger Middleware - Comprehensive Coverage › ERROR Log Level" name="should be suitable for exception logging" time="0.001">
    </testcase>
    <testcase classname="Logger Middleware - Comprehensive Coverage › Data Parameter - Default Value" name="should accept no data parameter" time="0.001">
    </testcase>
    <testcase classname="Logger Middleware - Comprehensive Coverage › Data Parameter - Default Value" name="should work with undefined data parameter" time="0.001">
    </testcase>
    <testcase classname="Logger Middleware - Comprehensive Coverage › Data Parameter - Default Value" name="should default to empty object when omitted" time="0">
    </testcase>
    <testcase classname="Logger Middleware - Comprehensive Coverage › Data Parameter - Default Value" name="should pass empty object to console.log" time="0">
    </testcase>
    <testcase classname="Logger Middleware - Comprehensive Coverage › Data Parameter - Object Handling" name="should accept empty object as data" time="0.001">
    </testcase>
    <testcase classname="Logger Middleware - Comprehensive Coverage › Data Parameter - Object Handling" name="should accept object with single property" time="0.001">
    </testcase>
    <testcase classname="Logger Middleware - Comprehensive Coverage › Data Parameter - Object Handling" name="should accept object with multiple properties" time="0.001">
    </testcase>
    <testcase classname="Logger Middleware - Comprehensive Coverage › Data Parameter - Object Handling" name="should preserve data structure in console output" time="0.001">
    </testcase>
    <testcase classname="Logger Middleware - Comprehensive Coverage › Data Parameter - Object Handling" name="should handle nested objects in data" time="0.001">
    </testcase>
    <testcase classname="Logger Middleware - Comprehensive Coverage › Data Parameter - Object Handling" name="should handle arrays in data object" time="0.001">
    </testcase>
    <testcase classname="Logger Middleware - Comprehensive Coverage › Data Parameter - Object Handling" name="should handle null values in data object" time="0.001">
    </testcase>
    <testcase classname="Logger Middleware - Comprehensive Coverage › Data Parameter - Object Handling" name="should handle boolean values in data object" time="0.001">
    </testcase>
    <testcase classname="Logger Middleware - Comprehensive Coverage › Data Parameter - Object Handling" name="should pass data as second argument to console.log" time="0">
    </testcase>
    <testcase classname="Logger Middleware - Comprehensive Coverage › Context Parameter - Format and Content" name="should include single-word context" time="0">
    </testcase>
    <testcase classname="Logger Middleware - Comprehensive Coverage › Context Parameter - Format and Content" name="should include multi-word context with underscores" time="0.001">
    </testcase>
    <testcase classname="Logger Middleware - Comprehensive Coverage › Context Parameter - Format and Content" name="should include hyphenated context" time="0.001">
    </testcase>
    <testcase classname="Logger Middleware - Comprehensive Coverage › Context Parameter - Format and Content" name="should preserve context case" time="0.001">
    </testcase>
    <testcase classname="Logger Middleware - Comprehensive Coverage › Context Parameter - Format and Content" name="should handle empty string context" time="0.001">
    </testcase>
    <testcase classname="Logger Middleware - Comprehensive Coverage › Context Parameter - Format and Content" name="should bracket context with brackets" time="0.001">
    </testcase>
    <testcase classname="Logger Middleware - Comprehensive Coverage › Context Parameter - Format and Content" name="should position context after level" time="0.001">
    </testcase>
    <testcase classname="Logger Middleware - Comprehensive Coverage › Message Parameter - Content and Format" name="should include simple string message" time="0.001">
    </testcase>
    <testcase classname="Logger Middleware - Comprehensive Coverage › Message Parameter - Content and Format" name="should include message with special characters" time="0.001">
    </testcase>
    <testcase classname="Logger Middleware - Comprehensive Coverage › Message Parameter - Content and Format" name="should include message with numbers" time="0.001">
    </testcase>
    <testcase classname="Logger Middleware - Comprehensive Coverage › Message Parameter - Content and Format" name="should preserve message case" time="0.001">
    </testcase>
    <testcase classname="Logger Middleware - Comprehensive Coverage › Message Parameter - Content and Format" name="should include empty string message" time="0">
    </testcase>
    <testcase classname="Logger Middleware - Comprehensive Coverage › Message Parameter - Content and Format" name="should include long message" time="0">
    </testcase>
    <testcase classname="Logger Middleware - Comprehensive Coverage › Message Parameter - Content and Format" name="should position message after context bracket" time="0.001">
    </testcase>
    <testcase classname="Logger Middleware - Comprehensive Coverage › Edge Cases - Boundary Testing" name="should handle null context by converting to string" time="0.001">
    </testcase>
    <testcase classname="Logger Middleware - Comprehensive Coverage › Edge Cases - Boundary Testing" name="should handle number context by converting to string" time="0.001">
    </testcase>
    <testcase classname="Logger Middleware - Comprehensive Coverage › Edge Cases - Boundary Testing" name="should handle null message by converting to string" time="0.001">
    </testcase>
    <testcase classname="Logger Middleware - Comprehensive Coverage › Edge Cases - Boundary Testing" name="should handle number message by converting to string" time="0.001">
    </testcase>
    <testcase classname="Logger Middleware - Comprehensive Coverage › Edge Cases - Boundary Testing" name="should handle whitespace-only context" time="0">
    </testcase>
    <testcase classname="Logger Middleware - Comprehensive Coverage › Edge Cases - Boundary Testing" name="should handle whitespace-only message" time="0">
    </testcase>
    <testcase classname="Logger Middleware - Comprehensive Coverage › Edge Cases - Boundary Testing" name="should handle data with circular reference gracefully" time="0.001">
    </testcase>
    <testcase classname="Logger Middleware - Comprehensive Coverage › Edge Cases - Boundary Testing" name="should handle very large data object" time="0.002">
    </testcase>
    <testcase classname="Logger Middleware - Comprehensive Coverage › Edge Cases - Multiple Calls" name="should handle sequential calls to all log levels" time="0.001">
    </testcase>
    <testcase classname="Logger Middleware - Comprehensive Coverage › Edge Cases - Multiple Calls" name="should maintain isolation between calls" time="0">
    </testcase>
    <testcase classname="Logger Middleware - Comprehensive Coverage › Edge Cases - Multiple Calls" name="should not affect previous logs when calling new ones" time="0">
    </testcase>
    <testcase classname="Logger Middleware - Comprehensive Coverage › Module Exports" name="should export log function" time="0.001">
    </testcase>
    <testcase classname="Logger Middleware - Comprehensive Coverage › Module Exports" name="should export LOG_LEVELS object" time="0.001">
    </testcase>
    <testcase classname="Logger Middleware - Comprehensive Coverage › Module Exports" name="should export only two items" time="0.001">
    </testcase>
    <testcase classname="Logger Middleware - Comprehensive Coverage › Module Exports" name="log function should be callable" time="0.001">
    </testcase>
    <testcase classname="Logger Middleware - Comprehensive Coverage › Module Exports" name="log function should return undefined" time="0.001">
    </testcase>
    <testcase classname="Logger Middleware - Comprehensive Coverage › Real-World Usage Scenarios" name="should log Discord command execution" time="0.001">
    </testcase>
    <testcase classname="Logger Middleware - Comprehensive Coverage › Real-World Usage Scenarios" name="should log database operation" time="0">
    </testcase>
    <testcase classname="Logger Middleware - Comprehensive Coverage › Real-World Usage Scenarios" name="should log error with stack trace metadata" time="0">
    </testcase>
    <testcase classname="Logger Middleware - Comprehensive Coverage › Real-World Usage Scenarios" name="should log warning with deprecation notice" time="0.001">
    </testcase>
    <testcase classname="Logger Middleware - Comprehensive Coverage › Real-World Usage Scenarios" name="should log async operation completion" time="0.001">
    </testcase>
    <testcase classname="Logger Middleware - Comprehensive Coverage › Consistency and Reliability" name="should produce deterministic output for same input" time="0.001">
    </testcase>
    <testcase classname="Logger Middleware - Comprehensive Coverage › Consistency and Reliability" name="should not modify input parameters" time="0.001">
    </testcase>
    <testcase classname="Logger Middleware - Comprehensive Coverage › Consistency and Reliability" name="should handle rapid successive calls" time="0.001">
    </testcase>
  </testsuite>
  <testsuite name="Phase 22.5: Real Command Execution Integration" errors="0" failures="0" skipped="0" timestamp="2026-06-29T10:38:42" time="0.121" tests="22">
    <testcase classname="Phase 22.5: Real Command Execution Integration › CommandExecutor" name="should instantiate without errors" time="0.001">
    </testcase>
    <testcase classname="Phase 22.5: Real Command Execution Integration › CommandExecutor" name="should have executeCommand method" time="0.001">
    </testcase>
    <testcase classname="Phase 22.5: Real Command Execution Integration › CommandExecutor" name="should validate command structure" time="0.001">
    </testcase>
    <testcase classname="Phase 22.5: Real Command Execution Integration › CommandExecutor" name="should execute batch commands" time="0.001">
    </testcase>
    <testcase classname="Phase 22.5: Real Command Execution Integration › MockInteractionBuilder" name="should create basic interaction" time="0.001">
    </testcase>
    <testcase classname="Phase 22.5: Real Command Execution Integration › MockInteractionBuilder" name="should support guild customization" time="0.001">
    </testcase>
    <testcase classname="Phase 22.5: Real Command Execution Integration › MockInteractionBuilder" name="should support user customization" time="0">
    </testcase>
    <testcase classname="Phase 22.5: Real Command Execution Integration › MockInteractionBuilder" name="should support options" time="0">
    </testcase>
    <testcase classname="Phase 22.5: Real Command Execution Integration › MockInteractionBuilder" name="should support batch options" time="0.001">
    </testcase>
    <testcase classname="Phase 22.5: Real Command Execution Integration › MockInteractionBuilder" name="should support admin permissions" time="0.001">
    </testcase>
    <testcase classname="Phase 22.5: Real Command Execution Integration › MockInteractionBuilder" name="should track response calls" time="0.001">
    </testcase>
    <testcase classname="Phase 22.5: Real Command Execution Integration › MockInteractionBuilder" name="should support slash command type" time="0.001">
    </testcase>
    <testcase classname="Phase 22.5: Real Command Execution Integration › MockInteractionBuilder" name="should support prefix command type" time="0">
    </testcase>
    <testcase classname="Phase 22.5: Real Command Execution Integration › MockInteractionBuilder" name="should batch create interactions" time="0">
    </testcase>
    <testcase classname="Phase 22.5: Real Command Execution Integration › Real Command Execution" name="should execute a command that extends CommandBase" time="0.07">
    </testcase>
    <testcase classname="Phase 22.5: Real Command Execution Integration › Real Command Execution" name="should capture execution errors" time="0.012">
    </testcase>
    <testcase classname="Phase 22.5: Real Command Execution Integration › Real Command Execution" name="should verify response helpers are called" time="0.001">
    </testcase>
    <testcase classname="Phase 22.5: Real Command Execution Integration › Coverage Measurement" name="should track command execution metrics" time="0.001">
    </testcase>
    <testcase classname="Phase 22.5: Real Command Execution Integration › Coverage Measurement" name="should identify failed command executions" time="0.001">
    </testcase>
    <testcase classname="Phase 22.5: Real Command Execution Integration › Integration Patterns" name="should support option-based command patterns" time="0.002">
    </testcase>
    <testcase classname="Phase 22.5: Real Command Execution Integration › Integration Patterns" name="should support guild context preservation" time="0.001">
    </testcase>
    <testcase classname="Phase 22.5: Real Command Execution Integration › Integration Patterns" name="should support user context preservation" time="0.001">
    </testcase>
  </testsuite>
  <testsuite name="Database Service" errors="0" failures="0" skipped="0" timestamp="2026-06-29T10:38:42" time="0.1" tests="71">
    <testcase classname="Database Service › Quote CRUD Operations › addQuote()" name="should add a quote with text and author" time="0.001">
    </testcase>
    <testcase classname="Database Service › Quote CRUD Operations › addQuote()" name="should add quote with default Anonymous author" time="0.001">
    </testcase>
    <testcase classname="Database Service › Quote CRUD Operations › addQuote()" name="should require quote text" time="0.001">
    </testcase>
    <testcase classname="Database Service › Quote CRUD Operations › addQuote()" name="should return incremental IDs" time="0.001">
    </testcase>
    <testcase classname="Database Service › Quote CRUD Operations › addQuote()" name="should set created_at timestamp" time="0.001">
    </testcase>
    <testcase classname="Database Service › Quote CRUD Operations › getAllQuotes()" name="should return empty array for new database" time="0.001">
    </testcase>
    <testcase classname="Database Service › Quote CRUD Operations › getAllQuotes()" name="should return all added quotes" time="0.001">
    </testcase>
    <testcase classname="Database Service › Quote CRUD Operations › getAllQuotes()" name="should not be affected by modifications to returned array" time="0">
    </testcase>
    <testcase classname="Database Service › Quote CRUD Operations › getQuoteById()" name="should retrieve quote by ID" time="0">
    </testcase>
    <testcase classname="Database Service › Quote CRUD Operations › getQuoteById()" name="should return null for non-existent quote" time="0">
    </testcase>
    <testcase classname="Database Service › Quote CRUD Operations › getQuoteById()" name="should return quote with all properties" time="0.001">
    </testcase>
    <testcase classname="Database Service › Quote CRUD Operations › updateQuote()" name="should update quote text and author" time="0.001">
    </testcase>
    <testcase classname="Database Service › Quote CRUD Operations › updateQuote()" name="should set updated_at timestamp" time="0.001">
    </testcase>
    <testcase classname="Database Service › Quote CRUD Operations › updateQuote()" name="should return false for non-existent quote" time="0.001">
    </testcase>
    <testcase classname="Database Service › Quote CRUD Operations › updateQuote()" name="should use default Anonymous if no author provided" time="0.001">
    </testcase>
    <testcase classname="Database Service › Quote CRUD Operations › deleteQuote()" name="should delete a quote" time="0.008">
    </testcase>
    <testcase classname="Database Service › Quote CRUD Operations › deleteQuote()" name="should return false for non-existent quote" time="0">
    </testcase>
    <testcase classname="Database Service › Quote CRUD Operations › deleteQuote()" name="should decrease quote count" time="0">
    </testcase>
    <testcase classname="Database Service › Quote CRUD Operations › deleteQuote()" name="should cascade delete ratings" time="0.001">
    </testcase>
    <testcase classname="Database Service › Quote CRUD Operations › deleteQuote()" name="should cascade delete tags" time="0.001">
    </testcase>
    <testcase classname="Database Service › Quote CRUD Operations › getQuoteCount()" name="should return 0 for empty database" time="0.001">
    </testcase>
    <testcase classname="Database Service › Quote CRUD Operations › getQuoteCount()" name="should return correct count" time="0.001">
    </testcase>
    <testcase classname="Database Service › Quote CRUD Operations › getQuoteCount()" name="should decrement after delete" time="0.001">
    </testcase>
    <testcase classname="Database Service › Search Operations" name="should search by quote text" time="0.001">
    </testcase>
    <testcase classname="Database Service › Search Operations" name="should search by author name" time="0">
    </testcase>
    <testcase classname="Database Service › Search Operations" name="should be case-insensitive" time="0">
    </testcase>
    <testcase classname="Database Service › Search Operations" name="should return empty array for no matches" time="0.001">
    </testcase>
    <testcase classname="Database Service › Search Operations" name="should handle empty search keyword" time="0.001">
    </testcase>
    <testcase classname="Database Service › Rating System › rateQuote()" name="should add rating to quote" time="0.001">
    </testcase>
    <testcase classname="Database Service › Rating System › rateQuote()" name="should enforce 1-5 rating range" time="0.001">
    </testcase>
    <testcase classname="Database Service › Rating System › rateQuote()" name="should reject zero rating" time="0.001">
    </testcase>
    <testcase classname="Database Service › Rating System › rateQuote()" name="should reject non-existent quote" time="0.001">
    </testcase>
    <testcase classname="Database Service › Rating System › rateQuote()" name="should update existing rating" time="0.001">
    </testcase>
    <testcase classname="Database Service › Rating System › getQuoteRating()" name="should return average and count" time="0.001">
    </testcase>
    <testcase classname="Database Service › Rating System › getQuoteRating()" name="should return 0 for unrated quote" time="0.001">
    </testcase>
    <testcase classname="Database Service › Rating System › getQuoteRating()" name="should calculate correct average" time="0.001">
    </testcase>
    <testcase classname="Database Service › Tag System › addTag()" name="should add a tag" time="0.001">
    </testcase>
    <testcase classname="Database Service › Tag System › addTag()" name="should normalize tag names to lowercase" time="0.001">
    </testcase>
    <testcase classname="Database Service › Tag System › addTag()" name="should require tag name" time="0">
    </testcase>
    <testcase classname="Database Service › Tag System › getTagByName()" name="should retrieve tag by name" time="0">
    </testcase>
    <testcase classname="Database Service › Tag System › getTagByName()" name="should be case-insensitive" time="0.001">
    </testcase>
    <testcase classname="Database Service › Tag System › getTagByName()" name="should return null for non-existent tag" time="0.001">
    </testcase>
    <testcase classname="Database Service › Tag System › addTagToQuote()" name="should tag a quote" time="0.001">
    </testcase>
    <testcase classname="Database Service › Tag System › addTagToQuote()" name="should reject duplicate tags" time="0.001">
    </testcase>
    <testcase classname="Database Service › Tag System › addTagToQuote()" name="should reject non-existent quote" time="0.001">
    </testcase>
    <testcase classname="Database Service › Tag System › addTagToQuote()" name="should reject non-existent tag" time="0.001">
    </testcase>
    <testcase classname="Database Service › Tag System › getQuotesByTag()" name="should retrieve quotes by tag" time="0.001">
    </testcase>
    <testcase classname="Database Service › Tag System › getQuotesByTag()" name="should return empty array for untagged quotes" time="0.001">
    </testcase>
    <testcase classname="Database Service › Tag System › getAllTags()" name="should return all tags" time="0.001">
    </testcase>
    <testcase classname="Database Service › Tag System › getAllTags()" name="should return empty array for new database" time="0.001">
    </testcase>
    <testcase classname="Database Service › Export Operations" name="exportQuotesAsJson should return valid JSON" time="0.001">
    </testcase>
    <testcase classname="Database Service › Export Operations" name="exportQuotesAsJson should format with indentation" time="0.001">
    </testcase>
    <testcase classname="Database Service › Export Operations" name="exportQuotesAsCSV should return valid CSV" time="0.001">
    </testcase>
    <testcase classname="Database Service › Export Operations" name="exportQuotesAsCSV should handle special characters" time="0.001">
    </testcase>
    <testcase classname="Database Service › Export Operations" name="exportQuotesAsJson with custom quotes" time="0.001">
    </testcase>
    <testcase classname="Database Service › Proxy Configuration › setProxyConfig()" name="should set configuration value" time="0.001">
    </testcase>
    <testcase classname="Database Service › Proxy Configuration › setProxyConfig()" name="should accept encrypted flag" time="0.001">
    </testcase>
    <testcase classname="Database Service › Proxy Configuration › getProxyConfig()" name="should retrieve configuration" time="0">
    </testcase>
    <testcase classname="Database Service › Proxy Configuration › getProxyConfig()" name="should return null for non-existent key" time="0">
    </testcase>
    <testcase classname="Database Service › Proxy Configuration › deleteProxyConfig()" name="should delete configuration" time="0.001">
    </testcase>
    <testcase classname="Database Service › Proxy Configuration › deleteProxyConfig()" name="should return false for non-existent key" time="0.001">
    </testcase>
    <testcase classname="Database Service › Proxy Configuration › getAllProxyConfig()" name="should return all configurations" time="0.001">
    </testcase>
    <testcase classname="Database Service › Proxy Configuration › getAllProxyConfig()" name="should return empty array for no configs" time="0.001">
    </testcase>
    <testcase classname="Database Service › Integration - Complex Workflows" name="should handle complete quote lifecycle with ratings and tags" time="0.001">
    </testcase>
    <testcase classname="Database Service › Integration - Complex Workflows" name="should maintain referential integrity with multiple quotes" time="0.001">
    </testcase>
    <testcase classname="Database Service › Edge Cases" name="should handle very long quote text" time="0.001">
    </testcase>
    <testcase classname="Database Service › Edge Cases" name="should handle special characters in quotes" time="0.001">
    </testcase>
    <testcase classname="Database Service › Edge Cases" name="should handle unicode characters" time="0.001">
    </testcase>
    <testcase classname="Database Service › Edge Cases" name="should handle rapid sequential operations" time="0.001">
    </testcase>
    <testcase classname="Database Service › Edge Cases" name="should handle empty database operations" time="0.001">
    </testcase>
    <testcase classname="Database Service › Edge Cases" name="should handle whitespace in search" time="0.001">
    </testcase>
  </testsuite>
  <testsuite name="Response Helpers - Advanced Edge Cases" errors="0" failures="0" skipped="0" timestamp="2026-06-29T10:38:42" time="0.111" tests="33">
    <testcase classname="Response Helpers - Advanced Edge Cases › sendQuoteEmbed()" name="should send embed to fresh interaction with reply" time="0.001">
    </testcase>
    <testcase classname="Response Helpers - Advanced Edge Cases › sendQuoteEmbed()" name="should send embed to deferred interaction with editReply" time="0.001">
    </testcase>
    <testcase classname="Response Helpers - Advanced Edge Cases › sendQuoteEmbed()" name="should use editReply for already replied interaction" time="0.001">
    </testcase>
    <testcase classname="Response Helpers - Advanced Edge Cases › sendQuoteEmbed()" name="should include quote text in embed" time="0.001">
    </testcase>
    <testcase classname="Response Helpers - Advanced Edge Cases › sendQuoteEmbed()" name="should include author in embed footer" time="0">
    </testcase>
    <testcase classname="Response Helpers - Advanced Edge Cases › sendQuoteEmbed()" name="should handle quote with very long text" time="0.001">
    </testcase>
    <testcase classname="Response Helpers - Advanced Edge Cases › sendQuoteEmbed()" name="should use default title when not provided" time="0.001">
    </testcase>
    <testcase classname="Response Helpers - Advanced Edge Cases › sendQuoteEmbed()" name="should handle quote with special characters" time="0">
    </testcase>
    <testcase classname="Response Helpers - Advanced Edge Cases › sendQuoteEmbed()" name="should handle quote with null author" time="0.001">
    </testcase>
    <testcase classname="Response Helpers - Advanced Edge Cases › sendQuoteEmbed()" name="should set appropriate embed color" time="0.001">
    </testcase>
    <testcase classname="Response Helpers - Advanced Edge Cases › sendSuccess()" name="should send success message to fresh interaction" time="0">
    </testcase>
    <testcase classname="Response Helpers - Advanced Edge Cases › sendSuccess()" name="should set ephemeral flag when specified" time="0.001">
    </testcase>
    <testcase classname="Response Helpers - Advanced Edge Cases › sendSuccess()" name="should not set ephemeral when false" time="0">
    </testcase>
    <testcase classname="Response Helpers - Advanced Edge Cases › sendSuccess()" name="should use editReply for deferred interaction" time="0.001">
    </testcase>
    <testcase classname="Response Helpers - Advanced Edge Cases › sendSuccess()" name="should handle very long success message" time="0">
    </testcase>
    <testcase classname="Response Helpers - Advanced Edge Cases › sendSuccess()" name="should handle empty success message" time="0.001">
    </testcase>
    <testcase classname="Response Helpers - Advanced Edge Cases › sendSuccess()" name="should handle special characters in message" time="0">
    </testcase>
    <testcase classname="Response Helpers - Advanced Edge Cases › sendSuccess()" name="should handle message with newlines" time="0">
    </testcase>
    <testcase classname="Response Helpers - Advanced Edge Cases › sendSuccess()" name="should default ephemeral to false" time="0.001">
    </testcase>
    <testcase classname="Response Helpers - Advanced Edge Cases › sendError()" name="should send error message to fresh interaction" time="0">
    </testcase>
    <testcase classname="Response Helpers - Advanced Edge Cases › sendError()" name="should default ephemeral to true for errors" time="0.001">
    </testcase>
    <testcase classname="Response Helpers - Advanced Edge Cases › sendError()" name="should allow overriding ephemeral" time="0">
    </testcase>
    <testcase classname="Response Helpers - Advanced Edge Cases › sendError()" name="should use editReply for deferred interaction" time="0.001">
    </testcase>
    <testcase classname="Response Helpers - Advanced Edge Cases › sendError()" name="should handle very long error message" time="0">
    </testcase>
    <testcase classname="Response Helpers - Advanced Edge Cases › sendError()" name="should handle error with technical details" time="0.001">
    </testcase>
    <testcase classname="Response Helpers - Advanced Edge Cases › sendError()" name="should handle empty error message" time="0">
    </testcase>
    <testcase classname="Response Helpers - Advanced Edge Cases › Interaction State Combinations" name="should handle fresh interaction correctly" time="0.001">
    </testcase>
    <testcase classname="Response Helpers - Advanced Edge Cases › Interaction State Combinations" name="should handle deferred then edit" time="0">
    </testcase>
    <testcase classname="Response Helpers - Advanced Edge Cases › Interaction State Combinations" name="should handle already replied interaction" time="0.001">
    </testcase>
    <testcase classname="Response Helpers - Advanced Edge Cases › Interaction State Combinations" name="should handle multiple sequential responses" time="0">
    </testcase>
    <testcase classname="Response Helpers - Advanced Edge Cases › Error Handling &amp; Edge Cases" name="should not throw on unexpected interaction state" time="0">
    </testcase>
    <testcase classname="Response Helpers - Advanced Edge Cases › Error Handling &amp; Edge Cases" name="should handle concurrent message sends" time="0.001">
    </testcase>
    <testcase classname="Response Helpers - Advanced Edge Cases › Error Handling &amp; Edge Cases" name="should preserve message content for audit trails" time="0">
    </testcase>
  </testsuite>
  <testsuite name="Command Validator Middleware - Comprehensive Coverage" errors="0" failures="0" skipped="0" timestamp="2026-06-29T10:38:42" time="0.073" tests="77">
    <testcase classname="Command Validator Middleware - Comprehensive Coverage › Valid Command Validation - isCommand()" name="should accept interaction with isCommand returning true" time="0.001">
    </testcase>
    <testcase classname="Command Validator Middleware - Comprehensive Coverage › Valid Command Validation - isCommand()" name="should accept interaction with both isCommand and isChatInputCommand returning true" time="0.001">
    </testcase>
    <testcase classname="Command Validator Middleware - Comprehensive Coverage › Valid Command Validation - isCommand()" name="should accept interaction where isCommand returns true and isChatInputCommand false" time="0">
    </testcase>
    <testcase classname="Command Validator Middleware - Comprehensive Coverage › Valid Command Validation - isCommand()" name="should be case-sensitive for method name isCommand" time="0.001">
    </testcase>
    <testcase classname="Command Validator Middleware - Comprehensive Coverage › Valid Command Validation - isCommand()" name="should work with actual Discord.js-like interaction structure" time="0.001">
    </testcase>
    <testcase classname="Command Validator Middleware - Comprehensive Coverage › Valid Command Validation - isChatInputCommand()" name="should accept interaction with isChatInputCommand returning true" time="0">
    </testcase>
    <testcase classname="Command Validator Middleware - Comprehensive Coverage › Valid Command Validation - isChatInputCommand()" name="should accept interaction with isChatInputCommand true and isCommand undefined" time="0.001">
    </testcase>
    <testcase classname="Command Validator Middleware - Comprehensive Coverage › Valid Command Validation - isChatInputCommand()" name="should accept interaction where isChatInputCommand is true with other properties" time="0">
    </testcase>
    <testcase classname="Command Validator Middleware - Comprehensive Coverage › Valid Command Validation - isChatInputCommand()" name="should accept when isCommand is false but isChatInputCommand is true" time="0.001">
    </testcase>
    <testcase classname="Command Validator Middleware - Comprehensive Coverage › Invalid - Missing isCommand Method" name="should reject interaction without isCommand method" time="0">
    </testcase>
    <testcase classname="Command Validator Middleware - Comprehensive Coverage › Invalid - Missing isCommand Method" name="should reject when isCommand is null" time="0.001">
    </testcase>
    <testcase classname="Command Validator Middleware - Comprehensive Coverage › Invalid - Missing isCommand Method" name="should reject when isCommand is undefined" time="0">
    </testcase>
    <testcase classname="Command Validator Middleware - Comprehensive Coverage › Invalid - Missing isCommand Method" name="should reject when isCommand is not a function" time="0.001">
    </testcase>
    <testcase classname="Command Validator Middleware - Comprehensive Coverage › Invalid - Missing isCommand Method" name="should reject when isCommand is a string value" time="0">
    </testcase>
    <testcase classname="Command Validator Middleware - Comprehensive Coverage › Invalid - Missing isCommand Method" name="should reject when isCommand is a boolean instead of function" time="0">
    </testcase>
    <testcase classname="Command Validator Middleware - Comprehensive Coverage › Invalid - Missing isCommand Method" name="should reject when isCommand is a number" time="0.001">
    </testcase>
    <testcase classname="Command Validator Middleware - Comprehensive Coverage › Invalid - Missing isCommand Method" name="should reject when isCommand is an object but not a function" time="0">
    </testcase>
    <testcase classname="Command Validator Middleware - Comprehensive Coverage › Invalid - Both Methods Return False" name="should reject when isCommand returns false and isChatInputCommand is missing" time="0.001">
    </testcase>
    <testcase classname="Command Validator Middleware - Comprehensive Coverage › Invalid - Both Methods Return False" name="should reject when isCommand returns false and isChatInputCommand returns false" time="0">
    </testcase>
    <testcase classname="Command Validator Middleware - Comprehensive Coverage › Invalid - Both Methods Return False" name="should reject when both methods exist but return falsy values" time="0.001">
    </testcase>
    <testcase classname="Command Validator Middleware - Comprehensive Coverage › Invalid - Both Methods Return False" name="should reject when isCommand returns false with complex interaction" time="0">
    </testcase>
    <testcase classname="Command Validator Middleware - Comprehensive Coverage › Invalid - Both Methods Return False" name="should reject when isCommand returns explicitly null" time="0.001">
    </testcase>
    <testcase classname="Command Validator Middleware - Comprehensive Coverage › Invalid - Both Methods Return False" name="should reject when isCommand returns empty string" time="0">
    </testcase>
    <testcase classname="Command Validator Middleware - Comprehensive Coverage › Invalid - Both Methods Return False" name="should reject when isChatInputCommand returns empty string" time="0.001">
    </testcase>
    <testcase classname="Command Validator Middleware - Comprehensive Coverage › Invalid - Null/Undefined Interaction Parameter" name="should reject null interaction" time="0">
    </testcase>
    <testcase classname="Command Validator Middleware - Comprehensive Coverage › Invalid - Null/Undefined Interaction Parameter" name="should reject undefined interaction" time="0.001">
    </testcase>
    <testcase classname="Command Validator Middleware - Comprehensive Coverage › Invalid - Null/Undefined Interaction Parameter" name="should reject false as interaction" time="0">
    </testcase>
    <testcase classname="Command Validator Middleware - Comprehensive Coverage › Invalid - Null/Undefined Interaction Parameter" name="should reject 0 as interaction" time="0">
    </testcase>
    <testcase classname="Command Validator Middleware - Comprehensive Coverage › Invalid - Null/Undefined Interaction Parameter" name="should reject empty string as interaction" time="0">
    </testcase>
    <testcase classname="Command Validator Middleware - Comprehensive Coverage › Invalid - Null/Undefined Interaction Parameter" name="should reject NaN as interaction" time="0">
    </testcase>
    <testcase classname="Command Validator Middleware - Comprehensive Coverage › Invalid - Null/Undefined Interaction Parameter" name="should call typeof check before accessing isCommand" time="0.001">
    </testcase>
    <testcase classname="Command Validator Middleware - Comprehensive Coverage › Invalid - Empty or Incomplete Objects" name="should reject empty object" time="0">
    </testcase>
    <testcase classname="Command Validator Middleware - Comprehensive Coverage › Invalid - Empty or Incomplete Objects" name="should reject object with properties but no isCommand" time="0.001">
    </testcase>
    <testcase classname="Command Validator Middleware - Comprehensive Coverage › Invalid - Empty or Incomplete Objects" name="should accept interaction with only isChatInputCommand" time="0">
    </testcase>
    <testcase classname="Command Validator Middleware - Comprehensive Coverage › Invalid - Empty or Incomplete Objects" name="should reject object with user/guild info but no command methods" time="0.001">
    </testcase>
    <testcase classname="Command Validator Middleware - Comprehensive Coverage › Invalid - isCommand Not a Function" name="should reject when isCommand is a string" time="0">
    </testcase>
    <testcase classname="Command Validator Middleware - Comprehensive Coverage › Invalid - isCommand Not a Function" name="should reject when isCommand is a boolean" time="0.001">
    </testcase>
    <testcase classname="Command Validator Middleware - Comprehensive Coverage › Invalid - isCommand Not a Function" name="should reject when isCommand is a number" time="0">
    </testcase>
    <testcase classname="Command Validator Middleware - Comprehensive Coverage › Invalid - isCommand Not a Function" name="should reject when isCommand is an object" time="0.001">
    </testcase>
    <testcase classname="Command Validator Middleware - Comprehensive Coverage › Invalid - isCommand Not a Function" name="should reject when isCommand is an array" time="0">
    </testcase>
    <testcase classname="Command Validator Middleware - Comprehensive Coverage › Invalid - isCommand Not a Function" name="should verify typeof check against function specifically" time="0.001">
    </testcase>
    <testcase classname="Command Validator Middleware - Comprehensive Coverage › Error Handling - isCommand Throws Error" name="should propagate error if isCommand throws" time="0">
    </testcase>
    <testcase classname="Command Validator Middleware - Comprehensive Coverage › Error Handling - isCommand Throws Error" name="should propagate error if isChatInputCommand throws" time="0.001">
    </testcase>
    <testcase classname="Command Validator Middleware - Comprehensive Coverage › Error Handling - isCommand Throws Error" name="should not catch and suppress errors from isCommand" time="0.007">
    </testcase>
    <testcase classname="Command Validator Middleware - Comprehensive Coverage › Error Handling - isCommand Throws Error" name="should handle error from isChatInputCommand if reached" time="0.001">
    </testcase>
    <testcase classname="Command Validator Middleware - Comprehensive Coverage › Error Handling - isCommand Throws Error" name="should propagate custom errors" time="0.001">
    </testcase>
    <testcase classname="Command Validator Middleware - Comprehensive Coverage › Return Value Truthiness" name="should accept isCommand returning explicit true" time="0">
    </testcase>
    <testcase classname="Command Validator Middleware - Comprehensive Coverage › Return Value Truthiness" name="should accept isCommand returning explicit false but isChatInputCommand true" time="0.001">
    </testcase>
    <testcase classname="Command Validator Middleware - Comprehensive Coverage › Return Value Truthiness" name="should reject isCommand returning non-boolean truthy value without isChatInputCommand" time="0">
    </testcase>
    <testcase classname="Command Validator Middleware - Comprehensive Coverage › Return Value Truthiness" name="should accept isChatInputCommand returning non-boolean truthy value" time="0.001">
    </testcase>
    <testcase classname="Command Validator Middleware - Comprehensive Coverage › Return Value Truthiness" name="should handle isChatInputCommand returning 0 (falsy)" time="0">
    </testcase>
    <testcase classname="Command Validator Middleware - Comprehensive Coverage › Return Value Truthiness" name="should handle isChatInputCommand returning empty object (truthy)" time="0.001">
    </testcase>
    <testcase classname="Command Validator Middleware - Comprehensive Coverage › Return Value Truthiness" name="should handle isChatInputCommand returning array (truthy)" time="0">
    </testcase>
    <testcase classname="Command Validator Middleware - Comprehensive Coverage › Logical AND Short-Circuit Behavior" name="should short-circuit if isCommand returns false (not call second check if no isChatInputCommand)" time="0">
    </testcase>
    <testcase classname="Command Validator Middleware - Comprehensive Coverage › Logical AND Short-Circuit Behavior" name="should evaluate both methods when isCommand is false" time="0.001">
    </testcase>
    <testcase classname="Command Validator Middleware - Comprehensive Coverage › Real-World Discord.js Interaction Scenarios" name="should validate typical slash command interaction" time="0">
    </testcase>
    <testcase classname="Command Validator Middleware - Comprehensive Coverage › Real-World Discord.js Interaction Scenarios" name="should validate interaction with multiple options" time="0.001">
    </testcase>
    <testcase classname="Command Validator Middleware - Comprehensive Coverage › Real-World Discord.js Interaction Scenarios" name="should validate interaction with subcommands" time="0">
    </testcase>
    <testcase classname="Command Validator Middleware - Comprehensive Coverage › Real-World Discord.js Interaction Scenarios" name="should reject non-command interaction (button click)" time="0.001">
    </testcase>
    <testcase classname="Command Validator Middleware - Comprehensive Coverage › Real-World Discord.js Interaction Scenarios" name="should reject interaction from different interaction type (select menu)" time="0">
    </testcase>
    <testcase classname="Command Validator Middleware - Comprehensive Coverage › Real-World Discord.js Interaction Scenarios" name="should validate only slash command from mixed interaction" time="0.001">
    </testcase>
    <testcase classname="Command Validator Middleware - Comprehensive Coverage › Real-World Discord.js Interaction Scenarios" name="should handle interaction with complex user object" time="0">
    </testcase>
    <testcase classname="Command Validator Middleware - Comprehensive Coverage › Module Export and Function Interface" name="should export validateCommand function" time="0">
    </testcase>
    <testcase classname="Command Validator Middleware - Comprehensive Coverage › Module Export and Function Interface" name="should return boolean value" time="0">
    </testcase>
    <testcase classname="Command Validator Middleware - Comprehensive Coverage › Module Export and Function Interface" name="should accept single parameter" time="0">
    </testcase>
    <testcase classname="Command Validator Middleware - Comprehensive Coverage › Module Export and Function Interface" name="should not require second parameter" time="0.001">
    </testcase>
    <testcase classname="Command Validator Middleware - Comprehensive Coverage › Module Export and Function Interface" name="should ignore additional parameters" time="0">
    </testcase>
    <testcase classname="Command Validator Middleware - Comprehensive Coverage › Edge Cases and Boundary Conditions" name="should handle interaction with same method for isCommand and isChatInputCommand" time="0.001">
    </testcase>
    <testcase classname="Command Validator Middleware - Comprehensive Coverage › Edge Cases and Boundary Conditions" name="should handle Object.create(null) based interaction" time="0">
    </testcase>
    <testcase classname="Command Validator Middleware - Comprehensive Coverage › Edge Cases and Boundary Conditions" name="should handle interaction with getter properties" time="0.001">
    </testcase>
    <testcase classname="Command Validator Middleware - Comprehensive Coverage › Edge Cases and Boundary Conditions" name="should handle interaction with getter that returns function" time="0.001">
    </testcase>
    <testcase classname="Command Validator Middleware - Comprehensive Coverage › Edge Cases and Boundary Conditions" name="should handle frozen interaction object" time="0">
    </testcase>
    <testcase classname="Command Validator Middleware - Comprehensive Coverage › Edge Cases and Boundary Conditions" name="should handle interaction with toString method conflict" time="0.001">
    </testcase>
    <testcase classname="Command Validator Middleware - Comprehensive Coverage › Edge Cases and Boundary Conditions" name="should handle very deeply nested interaction structure" time="0">
    </testcase>
    <testcase classname="Command Validator Middleware - Comprehensive Coverage › Consistency and Determinism" name="should produce same result for same input multiple times" time="0.001">
    </testcase>
    <testcase classname="Command Validator Middleware - Comprehensive Coverage › Consistency and Determinism" name="should not modify input interaction object" time="0.001">
    </testcase>
    <testcase classname="Command Validator Middleware - Comprehensive Coverage › Consistency and Determinism" name="should handle stateful methods correctly" time="0">
    </testcase>
  </testsuite>
  <testsuite name="Phase 8A: Quote Commands" errors="0" failures="0" skipped="0" timestamp="2026-06-29T10:38:43" time="0.069" tests="50">
    <testcase classname="Phase 8A: Quote Commands › Quote Discovery Commands › search-quotes command" name="should search quotes by text (case-insensitive)" time="0.001">
    </testcase>
    <testcase classname="Phase 8A: Quote Commands › Quote Discovery Commands › search-quotes command" name="should search quotes by author" time="0">
    </testcase>
    <testcase classname="Phase 8A: Quote Commands › Quote Discovery Commands › search-quotes command" name="should handle search with pagination" time="0.001">
    </testcase>
    <testcase classname="Phase 8A: Quote Commands › Quote Discovery Commands › search-quotes command" name="should return empty array when no matches found" time="0.001">
    </testcase>
    <testcase classname="Phase 8A: Quote Commands › Quote Discovery Commands › search-quotes command" name="should search with tag filtering" time="0.001">
    </testcase>
    <testcase classname="Phase 8A: Quote Commands › Quote Discovery Commands › random-quote command" name="should return a random quote from guild" time="0">
    </testcase>
    <testcase classname="Phase 8A: Quote Commands › Quote Discovery Commands › random-quote command" name="should support weighted random selection by rating" time="0">
    </testcase>
    <testcase classname="Phase 8A: Quote Commands › Quote Discovery Commands › random-quote command" name="should return null when guild has no quotes" time="0.001">
    </testcase>
    <testcase classname="Phase 8A: Quote Commands › Quote Discovery Commands › random-quote command" name="should handle single quote edge case" time="0.001">
    </testcase>
    <testcase classname="Phase 8A: Quote Commands › Quote Discovery Commands › quote-stats command" name="should calculate total quote count" time="0.001">
    </testcase>
    <testcase classname="Phase 8A: Quote Commands › Quote Discovery Commands › quote-stats command" name="should calculate average rating" time="0.001">
    </testcase>
    <testcase classname="Phase 8A: Quote Commands › Quote Discovery Commands › quote-stats command" name="should count unique authors" time="0.001">
    </testcase>
    <testcase classname="Phase 8A: Quote Commands › Quote Discovery Commands › quote-stats command" name="should handle empty guild" time="0">
    </testcase>
    <testcase classname="Phase 8A: Quote Commands › Quote Management Commands › add-quote command" name="should create quote with text and author" time="0.001">
    </testcase>
    <testcase classname="Phase 8A: Quote Commands › Quote Management Commands › add-quote command" name="should reject empty text" time="0.001">
    </testcase>
    <testcase classname="Phase 8A: Quote Commands › Quote Management Commands › add-quote command" name="should reject empty author" time="0.001">
    </testcase>
    <testcase classname="Phase 8A: Quote Commands › Quote Management Commands › add-quote command" name="should enforce max text length (2000 chars)" time="0.001">
    </testcase>
    <testcase classname="Phase 8A: Quote Commands › Quote Management Commands › add-quote command" name="should handle duplicate detection" time="0.001">
    </testcase>
    <testcase classname="Phase 8A: Quote Commands › Quote Management Commands › add-quote command" name="should allow duplicate text with different author" time="0">
    </testcase>
    <testcase classname="Phase 8A: Quote Commands › Quote Management Commands › delete-quote command" name="should delete quote by ID" time="0">
    </testcase>
    <testcase classname="Phase 8A: Quote Commands › Quote Management Commands › delete-quote command" name="should throw error for nonexistent quote" time="0.001">
    </testcase>
    <testcase classname="Phase 8A: Quote Commands › Quote Management Commands › delete-quote command" name="should return confirmation message" time="0.001">
    </testcase>
    <testcase classname="Phase 8A: Quote Commands › Quote Management Commands › update-quote command" name="should update quote text" time="0.001">
    </testcase>
    <testcase classname="Phase 8A: Quote Commands › Quote Management Commands › update-quote command" name="should update quote author" time="0.001">
    </testcase>
    <testcase classname="Phase 8A: Quote Commands › Quote Management Commands › update-quote command" name="should reject text exceeding 2000 chars" time="0">
    </testcase>
    <testcase classname="Phase 8A: Quote Commands › Quote Management Commands › update-quote command" name="should allow partial updates" time="0.001">
    </testcase>
    <testcase classname="Phase 8A: Quote Commands › Quote Management Commands › list-quotes command" name="should list all quotes for guild" time="0.001">
    </testcase>
    <testcase classname="Phase 8A: Quote Commands › Quote Management Commands › list-quotes command" name="should support pagination" time="0.001">
    </testcase>
    <testcase classname="Phase 8A: Quote Commands › Quote Management Commands › list-quotes command" name="should return empty list for guild with no quotes" time="0.001">
    </testcase>
    <testcase classname="Phase 8A: Quote Commands › Quote Management Commands › list-quotes command" name="should sort by creation date descending" time="0.001">
    </testcase>
    <testcase classname="Phase 8A: Quote Commands › Quote Social Commands › rate-quote command" name="should rate quote from 1-5" time="0.001">
    </testcase>
    <testcase classname="Phase 8A: Quote Commands › Quote Social Commands › rate-quote command" name="should reject rating &lt; 1" time="0">
    </testcase>
    <testcase classname="Phase 8A: Quote Commands › Quote Social Commands › rate-quote command" name="should reject rating &gt; 5" time="0.001">
    </testcase>
    <testcase classname="Phase 8A: Quote Commands › Quote Social Commands › rate-quote command" name="should allow user to update their rating" time="0.001">
    </testcase>
    <testcase classname="Phase 8A: Quote Commands › Quote Social Commands › rate-quote command" name="should calculate average rating" time="0.001">
    </testcase>
    <testcase classname="Phase 8A: Quote Commands › Quote Social Commands › tag-quote command" name="should add tag to quote" time="0.001">
    </testcase>
    <testcase classname="Phase 8A: Quote Commands › Quote Social Commands › tag-quote command" name="should enforce tag naming rules" time="0">
    </testcase>
    <testcase classname="Phase 8A: Quote Commands › Quote Social Commands › tag-quote command" name="should remove tag from quote" time="0">
    </testcase>
    <testcase classname="Phase 8A: Quote Commands › Quote Social Commands › tag-quote command" name="should prevent duplicate tags" time="0.001">
    </testcase>
    <testcase classname="Phase 8A: Quote Commands › Quote Social Commands › tag-quote command" name="should list all tags for quote" time="0.001">
    </testcase>
    <testcase classname="Phase 8A: Quote Commands › Quote Export Commands › export-quotes command" name="should export all quotes as JSON" time="0.001">
    </testcase>
    <testcase classname="Phase 8A: Quote Commands › Quote Export Commands › export-quotes command" name="should export quotes as CSV" time="0.001">
    </testcase>
    <testcase classname="Phase 8A: Quote Commands › Quote Export Commands › export-quotes command" name="should filter export by date range" time="0.001">
    </testcase>
    <testcase classname="Phase 8A: Quote Commands › Quote Export Commands › export-quotes command" name="should handle empty export" time="0.001">
    </testcase>
    <testcase classname="Phase 8A: Quote Commands › Quote Export Commands › export-quotes command" name="should include metadata in export" time="0">
    </testcase>
    <testcase classname="Phase 8A: Quote Commands › Quote Commands Integration" name="should handle full quote lifecycle: add -&gt; search -&gt; rate -&gt; export" time="0.001">
    </testcase>
    <testcase classname="Phase 8A: Quote Commands › Quote Commands Integration" name="should enforce guild isolation between quote searches" time="0.001">
    </testcase>
    <testcase classname="Phase 8A: Quote Commands › Quote Commands Integration" name="should handle concurrent quote operations" time="0.001">
    </testcase>
    <testcase classname="Phase 8A: Quote Commands › Quote Commands Integration" name="should maintain tag consistency across operations" time="0.001">
    </testcase>
    <testcase classname="Phase 8A: Quote Commands › Quote Commands Integration" name="should handle batch operations efficiently" time="0.001">
    </testcase>
  </testsuite>
  <testsuite name="Script Error Handler Utility" errors="0" failures="0" skipped="0" timestamp="2026-06-29T10:38:43" time="0.079" tests="41">
    <testcase classname="Script Error Handler Utility › createErrorContext()" name="should create error context with script name and operation" time="0">
    </testcase>
    <testcase classname="Script Error Handler Utility › createErrorContext()" name="should include timestamp in context" time="0">
    </testcase>
    <testcase classname="Script Error Handler Utility › createErrorContext()" name="should accept optional details" time="0.001">
    </testcase>
    <testcase classname="Script Error Handler Utility › createErrorContext()" name="should handle undefined details gracefully" time="0">
    </testcase>
    <testcase classname="Script Error Handler Utility › isRecoverableError()" name="should identify ENOENT (file not found) as recoverable" time="0">
    </testcase>
    <testcase classname="Script Error Handler Utility › isRecoverableError()" name="should identify EACCES (permission denied) as recoverable" time="0.001">
    </testcase>
    <testcase classname="Script Error Handler Utility › isRecoverableError()" name="should identify ETIMEDOUT as recoverable" time="0">
    </testcase>
    <testcase classname="Script Error Handler Utility › isRecoverableError()" name="should identify ECONNREFUSED as recoverable" time="0">
    </testcase>
    <testcase classname="Script Error Handler Utility › isRecoverableError()" name="should identify other errors as non-recoverable" time="0">
    </testcase>
    <testcase classname="Script Error Handler Utility › isRecoverableError()" name="should handle errors without code property" time="0">
    </testcase>
    <testcase classname="Script Error Handler Utility › isRecoverableError()" name="should handle null/undefined gracefully" time="0.001">
    </testcase>
    <testcase classname="Script Error Handler Utility › formatErrorOutput()" name="should format error with script name and message" time="0">
    </testcase>
    <testcase classname="Script Error Handler Utility › formatErrorOutput()" name="should include operation name in formatted output" time="0.001">
    </testcase>
    <testcase classname="Script Error Handler Utility › formatErrorOutput()" name="should include error code if present" time="0">
    </testcase>
    <testcase classname="Script Error Handler Utility › formatErrorOutput()" name="should include recovery hint for recoverable errors" time="0.001">
    </testcase>
    <testcase classname="Script Error Handler Utility › formatErrorOutput()" name="should include details if provided in context" time="0">
    </testcase>
    <testcase classname="Script Error Handler Utility › handleCommandError()" name="should throw error with proper exit code for failed commands" time="0.005">
    </testcase>
    <testcase classname="Script Error Handler Utility › handleCommandError()" name="should include command name in error message" time="0.003">
    </testcase>
    <testcase classname="Script Error Handler Utility › handleCommandError()" name="should include exit code in error details" time="0.003">
    </testcase>
    <testcase classname="Script Error Handler Utility › handleCommandError()" name="should handle command failures gracefully" time="0.002">
    </testcase>
    <testcase classname="Script Error Handler Utility › handleFileError()" name="should handle file not found errors" time="0.002">
    </testcase>
    <testcase classname="Script Error Handler Utility › handleFileError()" name="should handle permission denied errors" time="0.002">
    </testcase>
    <testcase classname="Script Error Handler Utility › handleFileError()" name="should include file path in error message" time="0.002">
    </testcase>
    <testcase classname="Script Error Handler Utility › handleFileError()" name="should include operation type in error message" time="0.002">
    </testcase>
    <testcase classname="Script Error Handler Utility › handleFileError()" name="should suggest recovery steps for recoverable errors" time="0.002">
    </testcase>
    <testcase classname="Script Error Handler Utility › handleProcessError()" name="should handle process errors with exit code" time="0.002">
    </testcase>
    <testcase classname="Script Error Handler Utility › handleProcessError()" name="should format process error with context" time="0.001">
    </testcase>
    <testcase classname="Script Error Handler Utility › handleProcessError()" name="should include exit code information" time="0.001">
    </testcase>
    <testcase classname="Script Error Handler Utility › handleProcessError()" name="should handle timeout errors" time="0.002">
    </testcase>
    <testcase classname="Script Error Handler Utility › logErrorWithContext()" name="should log error to console.error" time="0.001">
    </testcase>
    <testcase classname="Script Error Handler Utility › logErrorWithContext()" name="should include script name in log" time="0.001">
    </testcase>
    <testcase classname="Script Error Handler Utility › logErrorWithContext()" name="should include operation name in log" time="0.001">
    </testcase>
    <testcase classname="Script Error Handler Utility › logErrorWithContext()" name="should include error code if present" time="0.001">
    </testcase>
    <testcase classname="Script Error Handler Utility › logErrorWithContext()" name="should format with color codes for terminal output" time="0.001">
    </testcase>
    <testcase classname="Script Error Handler Utility › handleScriptError()" name="should exit process with error code" time="0.003">
    </testcase>
    <testcase classname="Script Error Handler Utility › handleScriptError()" name="should log error before exiting" time="0">
    </testcase>
    <testcase classname="Script Error Handler Utility › handleScriptError()" name="should use provided exit code" time="0">
    </testcase>
    <testcase classname="Script Error Handler Utility › Error handling integration scenarios" name="should handle missing file scenario" time="0.002">
    </testcase>
    <testcase classname="Script Error Handler Utility › Error handling integration scenarios" name="should handle permission denied scenario" time="0.002">
    </testcase>
    <testcase classname="Script Error Handler Utility › Error handling integration scenarios" name="should handle command failure scenario" time="0.002">
    </testcase>
    <testcase classname="Script Error Handler Utility › Error handling integration scenarios" name="should handle timeout scenario" time="0">
    </testcase>
  </testsuite>
  <testsuite name="Guild-Aware Reminder Service" errors="0" failures="0" skipped="0" timestamp="2026-06-29T10:38:43" time="0.068" tests="51">
    <testcase classname="Guild-Aware Reminder Service › createReminder()" name="should create a reminder with required fields" time="0.001">
    </testcase>
    <testcase classname="Guild-Aware Reminder Service › createReminder()" name="should use default category if not provided" time="0.001">
    </testcase>
    <testcase classname="Guild-Aware Reminder Service › createReminder()" name="should use default notification method" time="0.001">
    </testcase>
    <testcase classname="Guild-Aware Reminder Service › createReminder()" name="should require guild ID" time="0.001">
    </testcase>
    <testcase classname="Guild-Aware Reminder Service › createReminder()" name="should require reminder subject" time="0">
    </testcase>
    <testcase classname="Guild-Aware Reminder Service › createReminder()" name="should set ACTIVE status" time="0">
    </testcase>
    <testcase classname="Guild-Aware Reminder Service › createReminder()" name="should include optional fields when provided" time="0.001">
    </testcase>
    <testcase classname="Guild-Aware Reminder Service › createReminder()" name="should enforce guild isolation" time="0.001">
    </testcase>
    <testcase classname="Guild-Aware Reminder Service › getReminderById()" name="should retrieve reminder by ID" time="0">
    </testcase>
    <testcase classname="Guild-Aware Reminder Service › getReminderById()" name="should return null for non-existent reminder" time="0">
    </testcase>
    <testcase classname="Guild-Aware Reminder Service › getReminderById()" name="should return null for non-existent guild" time="0.001">
    </testcase>
    <testcase classname="Guild-Aware Reminder Service › getReminderById()" name="should enforce guild isolation" time="0.001">
    </testcase>
    <testcase classname="Guild-Aware Reminder Service › getReminderById()" name="should require guild ID" time="0">
    </testcase>
    <testcase classname="Guild-Aware Reminder Service › updateReminder()" name="should update reminder fields" time="0.001">
    </testcase>
    <testcase classname="Guild-Aware Reminder Service › updateReminder()" name="should set updated_at timestamp" time="0.001">
    </testcase>
    <testcase classname="Guild-Aware Reminder Service › updateReminder()" name="should return false for non-existent reminder" time="0.001">
    </testcase>
    <testcase classname="Guild-Aware Reminder Service › updateReminder()" name="should enforce guild isolation for updates" time="0">
    </testcase>
    <testcase classname="Guild-Aware Reminder Service › deleteReminder()" name="should soft delete reminder by default" time="0">
    </testcase>
    <testcase classname="Guild-Aware Reminder Service › deleteReminder()" name="should hard delete reminder when requested" time="0.001">
    </testcase>
    <testcase classname="Guild-Aware Reminder Service › deleteReminder()" name="should return false for non-existent reminder" time="0.001">
    </testcase>
    <testcase classname="Guild-Aware Reminder Service › deleteReminder()" name="should cascade delete assignments on hard delete" time="0.001">
    </testcase>
    <testcase classname="Guild-Aware Reminder Service › addReminderAssignment()" name="should add user assignment" time="0">
    </testcase>
    <testcase classname="Guild-Aware Reminder Service › addReminderAssignment()" name="should add role assignment" time="0.008">
    </testcase>
    <testcase classname="Guild-Aware Reminder Service › addReminderAssignment()" name="should reject invalid assignee type" time="0.001">
    </testcase>
    <testcase classname="Guild-Aware Reminder Service › addReminderAssignment()" name="should reject non-existent reminder" time="0">
    </testcase>
    <testcase classname="Guild-Aware Reminder Service › addReminderAssignment()" name="should return existing assignment ID for duplicates" time="0">
    </testcase>
    <testcase classname="Guild-Aware Reminder Service › getAllReminders()" name="should return empty array for new guild" time="0.001">
    </testcase>
    <testcase classname="Guild-Aware Reminder Service › getAllReminders()" name="should return all guild reminders" time="0.001">
    </testcase>
    <testcase classname="Guild-Aware Reminder Service › getAllReminders()" name="should filter by status" time="0">
    </testcase>
    <testcase classname="Guild-Aware Reminder Service › getAllReminders()" name="should filter by category" time="0">
    </testcase>
    <testcase classname="Guild-Aware Reminder Service › getAllReminders()" name="should enforce guild isolation" time="0.001">
    </testcase>
    <testcase classname="Guild-Aware Reminder Service › searchReminders()" name="should find reminders by subject" time="0.001">
    </testcase>
    <testcase classname="Guild-Aware Reminder Service › searchReminders()" name="should find reminders by category" time="0">
    </testcase>
    <testcase classname="Guild-Aware Reminder Service › searchReminders()" name="should find reminders by content" time="0">
    </testcase>
    <testcase classname="Guild-Aware Reminder Service › searchReminders()" name="should be case-insensitive" time="0.001">
    </testcase>
    <testcase classname="Guild-Aware Reminder Service › searchReminders()" name="should return empty for no matches" time="0.001">
    </testcase>
    <testcase classname="Guild-Aware Reminder Service › searchReminders()" name="should enforce guild isolation in search" time="0">
    </testcase>
    <testcase classname="Guild-Aware Reminder Service › deleteGuildReminders()" name="should delete all guild reminders" time="0.001">
    </testcase>
    <testcase classname="Guild-Aware Reminder Service › deleteGuildReminders()" name="should return false for non-existent guild" time="0.001">
    </testcase>
    <testcase classname="Guild-Aware Reminder Service › deleteGuildReminders()" name="should not affect other guilds" time="0.001">
    </testcase>
    <testcase classname="Guild-Aware Reminder Service › getGuildReminderStats()" name="should return stats for new guild" time="0">
    </testcase>
    <testcase classname="Guild-Aware Reminder Service › getGuildReminderStats()" name="should calculate correct statistics" time="0.001">
    </testcase>
    <testcase classname="Guild-Aware Reminder Service › getGuildReminderStats()" name="should return stats for non-existent guild" time="0.001">
    </testcase>
    <testcase classname="Guild-Aware Reminder Service › Integration - Complete Workflows" name="should handle complete reminder lifecycle" time="0.001">
    </testcase>
    <testcase classname="Guild-Aware Reminder Service › Integration - Complete Workflows" name="should handle search and filter workflow" time="0">
    </testcase>
    <testcase classname="Guild-Aware Reminder Service › Integration - Complete Workflows" name="should maintain guild isolation across operations" time="0">
    </testcase>
    <testcase classname="Guild-Aware Reminder Service › Edge Cases" name="should handle very long reminder subjects" time="0.001">
    </testcase>
    <testcase classname="Guild-Aware Reminder Service › Edge Cases" name="should handle special characters in subject" time="0.001">
    </testcase>
    <testcase classname="Guild-Aware Reminder Service › Edge Cases" name="should handle unicode characters" time="0">
    </testcase>
    <testcase classname="Guild-Aware Reminder Service › Edge Cases" name="should handle rapid sequential operations" time="0.001">
    </testcase>
    <testcase classname="Guild-Aware Reminder Service › Edge Cases" name="should handle empty search queries" time="0.001">
    </testcase>
  </testsuite>
  <testsuite name="Phase 6: Multi-Guild Integration Tests" errors="0" failures="0" skipped="0" timestamp="2026-06-29T10:38:43" time="0.073" tests="30">
    <testcase classname="Phase 6: Multi-Guild Integration Tests › Guild Discovery and Client Integration" name="should identify all active guilds from Discord client" time="0.001">
    </testcase>
    <testcase classname="Phase 6: Multi-Guild Integration Tests › Guild Discovery and Client Integration" name="should filter unavailable guilds correctly" time="0.001">
    </testcase>
    <testcase classname="Phase 6: Multi-Guild Integration Tests › Guild Discovery and Client Integration" name="should handle empty guild list" time="0.001">
    </testcase>
    <testcase classname="Phase 6: Multi-Guild Integration Tests › Guild Discovery and Client Integration" name="should handle null client gracefully" time="0">
    </testcase>
    <testcase classname="Phase 6: Multi-Guild Integration Tests › Guild Data Isolation" name="should maintain separate reminder lists for each guild" time="0.001">
    </testcase>
    <testcase classname="Phase 6: Multi-Guild Integration Tests › Guild Data Isolation" name="should prevent cross-guild reminder leakage" time="0">
    </testcase>
    <testcase classname="Phase 6: Multi-Guild Integration Tests › Guild Data Isolation" name="should isolate reminder counts per guild" time="0.001">
    </testcase>
    <testcase classname="Phase 6: Multi-Guild Integration Tests › Guild Data Isolation" name="should maintain independent reminder state across guilds" time="0.001">
    </testcase>
    <testcase classname="Phase 6: Multi-Guild Integration Tests › Concurrent Guild Operations" name="should handle concurrent reminder creation across guilds" time="0.001">
    </testcase>
    <testcase classname="Phase 6: Multi-Guild Integration Tests › Concurrent Guild Operations" name="should maintain data integrity with concurrent operations" time="0.001">
    </testcase>
    <testcase classname="Phase 6: Multi-Guild Integration Tests › Concurrent Guild Operations" name="should handle concurrent guild iteration without data loss" time="0.001">
    </testcase>
    <testcase classname="Phase 6: Multi-Guild Integration Tests › Batch Processing Scenarios" name="should process large guild sets in batches" time="0">
    </testcase>
    <testcase classname="Phase 6: Multi-Guild Integration Tests › Batch Processing Scenarios" name="should maintain order in batch processing" time="0.001">
    </testcase>
    <testcase classname="Phase 6: Multi-Guild Integration Tests › Batch Processing Scenarios" name="should handle batch delays without data loss" time="0.024">
    </testcase>
    <testcase classname="Phase 6: Multi-Guild Integration Tests › Error Isolation and Recovery" name="should handle guild-specific errors without affecting others" time="0.001">
    </testcase>
    <testcase classname="Phase 6: Multi-Guild Integration Tests › Error Isolation and Recovery" name="should continue processing after error in one guild" time="0.001">
    </testcase>
    <testcase classname="Phase 6: Multi-Guild Integration Tests › Error Isolation and Recovery" name="should not corrupt guild data during error recovery" time="0">
    </testcase>
    <testcase classname="Phase 6: Multi-Guild Integration Tests › Performance and Scalability" name="should handle large number of guilds efficiently" time="0">
    </testcase>
    <testcase classname="Phase 6: Multi-Guild Integration Tests › Performance and Scalability" name="should process many reminders per guild" time="0.003">
    </testcase>
    <testcase classname="Phase 6: Multi-Guild Integration Tests › Performance and Scalability" name="should distribute load evenly across guilds" time="0">
    </testcase>
    <testcase classname="Phase 6: Multi-Guild Integration Tests › Performance and Scalability" name="should complete processing within reasonable time" time="0.004">
    </testcase>
    <testcase classname="Phase 6: Multi-Guild Integration Tests › State Consistency Across Guilds" name="should maintain consistent reminder state per guild" time="0">
    </testcase>
    <testcase classname="Phase 6: Multi-Guild Integration Tests › State Consistency Across Guilds" name="should track reminder updates independently per guild" time="0">
    </testcase>
    <testcase classname="Phase 6: Multi-Guild Integration Tests › Discord Client Integration Details" name="should properly fetch user for DM notifications" time="0.001">
    </testcase>
    <testcase classname="Phase 6: Multi-Guild Integration Tests › Discord Client Integration Details" name="should properly fetch channel for channel notifications" time="0.001">
    </testcase>
    <testcase classname="Phase 6: Multi-Guild Integration Tests › Discord Client Integration Details" name="should handle notification delivery to DM" time="0.001">
    </testcase>
    <testcase classname="Phase 6: Multi-Guild Integration Tests › Discord Client Integration Details" name="should handle notification delivery to channel" time="0">
    </testcase>
    <testcase classname="Phase 6: Multi-Guild Integration Tests › Multi-Guild Scenario Workflows" name="should complete full notification workflow for single guild" time="0.001">
    </testcase>
    <testcase classname="Phase 6: Multi-Guild Integration Tests › Multi-Guild Scenario Workflows" name="should complete workflow across multiple guilds concurrently" time="0.001">
    </testcase>
    <testcase classname="Phase 6: Multi-Guild Integration Tests › Multi-Guild Scenario Workflows" name="should handle guild discovery -&gt; reminder processing -&gt; notification flow" time="0.001">
    </testcase>
  </testsuite>
  <testsuite name="Phase 22.6d: State Transition Scenarios" errors="0" failures="0" skipped="0" timestamp="2026-06-29T10:38:43" time="0.075" tests="52">
    <testcase classname="Phase 22.6d: State Transition Scenarios › Quote add idempotency (gap: add-quote line 27-81)" name="should handle adding same quote twice (duplicate constraint)" time="0.002">
    </testcase>
    <testcase classname="Phase 22.6d: State Transition Scenarios › Quote add idempotency (gap: add-quote line 27-81)" name="should allow same quote text in different guilds" time="0.001">
    </testcase>
    <testcase classname="Phase 22.6d: State Transition Scenarios › Quote update state transitions (gap: update-quote line 28-133)" name="should preserve quote ID during update" time="0.001">
    </testcase>
    <testcase classname="Phase 22.6d: State Transition Scenarios › Quote update state transitions (gap: update-quote line 28-133)" name="should handle update with same values (idempotent)" time="0.001">
    </testcase>
    <testcase classname="Phase 22.6d: State Transition Scenarios › Quote update state transitions (gap: update-quote line 28-133)" name="should reject update with changed author but same text" time="0.001">
    </testcase>
    <testcase classname="Phase 22.6d: State Transition Scenarios › Reminder lifecycle transitions (gap: create/delete/update reminders)" name="should transition reminder from pending to active to completed" time="0.001">
    </testcase>
    <testcase classname="Phase 22.6d: State Transition Scenarios › Reminder lifecycle transitions (gap: create/delete/update reminders)" name="should handle concurrent reminder updates safely" time="0.001">
    </testcase>
    <testcase classname="Phase 22.6d: State Transition Scenarios › User preference opt-in/opt-out idempotency (gap: opt-in, opt-out, comm-status)" name="should handle opt-in when already opted in" time="0.001">
    </testcase>
    <testcase classname="Phase 22.6d: State Transition Scenarios › User preference opt-in/opt-out idempotency (gap: opt-in, opt-out, comm-status)" name="should handle opt-out when not currently opted in" time="0">
    </testcase>
    <testcase classname="Phase 22.6d: State Transition Scenarios › User preference opt-in/opt-out idempotency (gap: opt-in, opt-out, comm-status)" name="should maintain preference state across getStatus calls" time="0.001">
    </testcase>
    <testcase classname="Phase 22.6d: Boundary Conditions › Quote text boundaries (gap: Discord 2000 char limit)" name="should accept quote at exactly 2000 characters (Discord limit)" time="0.001">
    </testcase>
    <testcase classname="Phase 22.6d: Boundary Conditions › Quote text boundaries (gap: Discord 2000 char limit)" name="should reject quote exceeding 2000 characters" time="0.001">
    </testcase>
    <testcase classname="Phase 22.6d: Boundary Conditions › Quote text boundaries (gap: Discord 2000 char limit)" name="should reject quote with only whitespace" time="0.001">
    </testcase>
    <testcase classname="Phase 22.6d: Boundary Conditions › Quote text boundaries (gap: Discord 2000 char limit)" name="should handle quote with special characters and formatting" time="0.001">
    </testcase>
    <testcase classname="Phase 22.6d: Boundary Conditions › Quote text boundaries (gap: Discord 2000 char limit)" name="should handle quote with embedded newlines and code blocks" time="0">
    </testcase>
    <testcase classname="Phase 22.6d: Boundary Conditions › Rating boundaries (gap: rate-quote line 26-92)" name="should accept rating at minimum (1)" time="0.001">
    </testcase>
    <testcase classname="Phase 22.6d: Boundary Conditions › Rating boundaries (gap: rate-quote line 26-92)" name="should accept rating at maximum (5)" time="0.011">
    </testcase>
    <testcase classname="Phase 22.6d: Boundary Conditions › Rating boundaries (gap: rate-quote line 26-92)" name="should reject rating below minimum (0)" time="0">
    </testcase>
    <testcase classname="Phase 22.6d: Boundary Conditions › Rating boundaries (gap: rate-quote line 26-92)" name="should reject rating above maximum (6)" time="0">
    </testcase>
    <testcase classname="Phase 22.6d: Boundary Conditions › Tag count boundaries (gap: tag-quote line 26-90)" name="should accept first tag on quote" time="0.001">
    </testcase>
    <testcase classname="Phase 22.6d: Boundary Conditions › Tag count boundaries (gap: tag-quote line 26-90)" name="should handle quote with maximum tags (10)" time="0.001">
    </testcase>
    <testcase classname="Phase 22.6d: Boundary Conditions › Tag count boundaries (gap: tag-quote line 26-90)" name="should reject adding tag when at maximum (10)" time="0.001">
    </testcase>
    <testcase classname="Phase 22.6d: Boundary Conditions › Tag count boundaries (gap: tag-quote line 26-90)" name="should handle duplicate tag gracefully" time="0.001">
    </testcase>
    <testcase classname="Phase 22.6d: Boundary Conditions › Pagination boundaries (gap: list-quotes line 23-68)" name="should handle pagination at boundary (exactly page size)" time="0">
    </testcase>
    <testcase classname="Phase 22.6d: Boundary Conditions › Pagination boundaries (gap: list-quotes line 23-68)" name="should handle pagination with offset at start (0)" time="0.001">
    </testcase>
    <testcase classname="Phase 22.6d: Boundary Conditions › Pagination boundaries (gap: list-quotes line 23-68)" name="should handle pagination with large offset" time="0.001">
    </testcase>
    <testcase classname="Phase 22.6d: Integration Paths › Quote lifecycle: add → tag → rate → search (gap: all quote operations)" name="should maintain state through complete quote workflow" time="0.001">
    </testcase>
    <testcase classname="Phase 22.6d: Integration Paths › Quote lifecycle: add → tag → rate → search (gap: all quote operations)" name="should handle multiple users rating same quote" time="0.001">
    </testcase>
    <testcase classname="Phase 22.6d: Integration Paths › Reminder workflow: create → update → get → delete" name="should maintain reminder state through full lifecycle" time="0.001">
    </testcase>
    <testcase classname="Phase 22.6d: Integration Paths › Cross-guild isolation (gap: guild-aware operations)" name="should not expose Guild A quotes in Guild B search" time="0.001">
    </testcase>
    <testcase classname="Phase 22.6d: Integration Paths › Cross-guild isolation (gap: guild-aware operations)" name="should isolate reminders between users in same guild" time="0">
    </testcase>
    <testcase classname="Phase 22.6d: Error Recovery Scenarios › Partial failure recovery (gap: cascade operations)" name="should handle partial update success (1 of N items)" time="0.001">
    </testcase>
    <testcase classname="Phase 22.6d: Error Recovery Scenarios › Partial failure recovery (gap: cascade operations)" name="should handle database connection loss with retry logic" time="0.001">
    </testcase>
    <testcase classname="Phase 22.6d: Error Recovery Scenarios › Concurrency conflict resolution (gap: concurrent operations)" name="should handle simultaneous updates with last-write-wins" time="0.001">
    </testcase>
    <testcase classname="Phase 22.6d: Error Recovery Scenarios › Concurrency conflict resolution (gap: concurrent operations)" name="should handle concurrent tag additions preventing duplicates" time="0.001">
    </testcase>
    <testcase classname="Phase 22.6d: Error Recovery Scenarios › Concurrency conflict resolution (gap: concurrent operations)" name="should rollback reminder creation on validation failure" time="0.001">
    </testcase>
    <testcase classname="Phase 22.6d: Error Recovery Scenarios › Timeout and resource exhaustion handling" name="should handle export timeout with partial result" time="0.001">
    </testcase>
    <testcase classname="Phase 22.6d: Error Recovery Scenarios › Timeout and resource exhaustion handling" name="should handle service unavailable with graceful degradation" time="0.001">
    </testcase>
    <testcase classname="Phase 22.6d: Command-Specific Gaps › quote command (gap: 0% coverage)" name="should handle getting single quote by ID" time="0">
    </testcase>
    <testcase classname="Phase 22.6d: Command-Specific Gaps › quote command (gap: 0% coverage)" name="should handle quote not found error" time="0.001">
    </testcase>
    <testcase classname="Phase 22.6d: Command-Specific Gaps › search-quotes command (gap: 16% coverage)" name="should handle search with empty results" time="0.001">
    </testcase>
    <testcase classname="Phase 22.6d: Command-Specific Gaps › search-quotes command (gap: 16% coverage)" name="should handle search with multiple results" time="0">
    </testcase>
    <testcase classname="Phase 22.6d: Command-Specific Gaps › search-quotes command (gap: 16% coverage)" name="should handle search with special characters" time="0.001">
    </testcase>
    <testcase classname="Phase 22.6d: Command-Specific Gaps › random-quote command (gap: 19% coverage)" name="should return single random quote" time="0.001">
    </testcase>
    <testcase classname="Phase 22.6d: Command-Specific Gaps › random-quote command (gap: 19% coverage)" name="should handle random quote from empty guild" time="0">
    </testcase>
    <testcase classname="Phase 22.6d: Command-Specific Gaps › export-quotes command (gap: 14% coverage)" name="should export quotes in JSON format" time="0.001">
    </testcase>
    <testcase classname="Phase 22.6d: Command-Specific Gaps › export-quotes command (gap: 14% coverage)" name="should export quotes in CSV format" time="0">
    </testcase>
    <testcase classname="Phase 22.6d: Command-Specific Gaps › list-quotes command (gap: 17% coverage)" name="should list quotes with default pagination" time="0">
    </testcase>
    <testcase classname="Phase 22.6d: Command-Specific Gaps › list-quotes command (gap: 17% coverage)" name="should list quotes with custom limit" time="0.001">
    </testcase>
    <testcase classname="Phase 22.6d: Command-Specific Gaps › list-quotes command (gap: 17% coverage)" name="should list quotes with sort order" time="0">
    </testcase>
    <testcase classname="Phase 22.6d: Command-Specific Gaps › delete-reminder command (gap: 33% coverage)" name="should delete reminder successfully" time="0.001">
    </testcase>
    <testcase classname="Phase 22.6d: Command-Specific Gaps › delete-reminder command (gap: 33% coverage)" name="should handle delete of non-existent reminder" time="0.001">
    </testcase>
  </testsuite>
  <testsuite name="DiscordService" errors="0" failures="0" skipped="0" timestamp="2026-06-29T10:38:43" time="0.078" tests="64">
    <testcase classname="DiscordService › sendEmbed()" name="should send embed with valid interaction and embed" time="0.001">
    </testcase>
    <testcase classname="DiscordService › sendEmbed()" name="should use followUp when interaction is already replied" time="0">
    </testcase>
    <testcase classname="DiscordService › sendEmbed()" name="should use followUp when interaction is deferred" time="0.001">
    </testcase>
    <testcase classname="DiscordService › sendEmbed()" name="should throw error when interaction is null" time="0.001">
    </testcase>
    <testcase classname="DiscordService › sendEmbed()" name="should throw error when embed is missing" time="0.001">
    </testcase>
    <testcase classname="DiscordService › sendEmbed()" name="should throw error when embed title is missing" time="0.001">
    </testcase>
    <testcase classname="DiscordService › sendEmbed()" name="should throw error when title exceeds 256 characters" time="0">
    </testcase>
    <testcase classname="DiscordService › sendEmbed()" name="should throw error when description exceeds 4096 characters" time="0.001">
    </testcase>
    <testcase classname="DiscordService › sendEmbed()" name="should accept valid embed with maximum length fields" time="0.001">
    </testcase>
    <testcase classname="DiscordService › sendEmbed()" name="should include timestamp in created embeds" time="0.001">
    </testcase>
    <testcase classname="DiscordService › sendEphemeral()" name="should send ephemeral message with valid interaction and content" time="0">
    </testcase>
    <testcase classname="DiscordService › sendEphemeral()" name="should use followUp when interaction is already replied" time="0">
    </testcase>
    <testcase classname="DiscordService › sendEphemeral()" name="should use followUp when interaction is deferred" time="0.001">
    </testcase>
    <testcase classname="DiscordService › sendEphemeral()" name="should throw error when interaction is null" time="0.001">
    </testcase>
    <testcase classname="DiscordService › sendEphemeral()" name="should throw error when content is not a string" time="0">
    </testcase>
    <testcase classname="DiscordService › sendEphemeral()" name="should throw error when content is empty" time="0.001">
    </testcase>
    <testcase classname="DiscordService › sendEphemeral()" name="should throw error when content exceeds 2000 characters" time="0.001">
    </testcase>
    <testcase classname="DiscordService › sendEphemeral()" name="should accept message with exactly 2000 characters" time="0">
    </testcase>
    <testcase classname="DiscordService › createQuoteEmbed()" name="should create embed for valid quote" time="0">
    </testcase>
    <testcase classname="DiscordService › createQuoteEmbed()" name="should include tags in embed if present" time="0.001">
    </testcase>
    <testcase classname="DiscordService › createQuoteEmbed()" name="should show &quot;No tags&quot; when tags array is empty" time="0.001">
    </testcase>
    <testcase classname="DiscordService › createQuoteEmbed()" name="should throw error when quote is null" time="0.001">
    </testcase>
    <testcase classname="DiscordService › createQuoteEmbed()" name="should throw error when quote text is missing" time="0">
    </testcase>
    <testcase classname="DiscordService › createQuoteEmbed()" name="should throw error when quote author is missing" time="0.001">
    </testcase>
    <testcase classname="DiscordService › createQuoteEmbed()" name="should handle quotes without ID" time="0.001">
    </testcase>
    <testcase classname="DiscordService › createSuccessEmbed()" name="should create success embed with title and description" time="0.001">
    </testcase>
    <testcase classname="DiscordService › createSuccessEmbed()" name="should use default description if not provided" time="0">
    </testcase>
    <testcase classname="DiscordService › createSuccessEmbed()" name="should throw error when title is missing" time="0.001">
    </testcase>
    <testcase classname="DiscordService › createErrorEmbed()" name="should create error embed with title and description" time="0.001">
    </testcase>
    <testcase classname="DiscordService › createErrorEmbed()" name="should use default description if not provided" time="0">
    </testcase>
    <testcase classname="DiscordService › createErrorEmbed()" name="should throw error when title is missing" time="0.001">
    </testcase>
    <testcase classname="DiscordService › resolveUser()" name="should resolve user by valid ID" time="0.001">
    </testcase>
    <testcase classname="DiscordService › resolveUser()" name="should throw error when user ID is missing" time="0.001">
    </testcase>
    <testcase classname="DiscordService › resolveUser()" name="should throw error when user ID is not a string" time="0">
    </testcase>
    <testcase classname="DiscordService › resolveUser()" name="should throw error when user ID format is invalid" time="0.001">
    </testcase>
    <testcase classname="DiscordService › resolveUser()" name="should handle user ID with special characters rejected" time="0.001">
    </testcase>
    <testcase classname="DiscordService › resolveRole()" name="should resolve role by valid ID" time="0.001">
    </testcase>
    <testcase classname="DiscordService › resolveRole()" name="should throw error when role ID is missing" time="0">
    </testcase>
    <testcase classname="DiscordService › resolveRole()" name="should throw error when role ID is not a string" time="0.001">
    </testcase>
    <testcase classname="DiscordService › resolveRole()" name="should throw error when role ID format is invalid" time="0.001">
    </testcase>
    <testcase classname="DiscordService › sendDM()" name="should send direct message to valid user" time="0.001">
    </testcase>
    <testcase classname="DiscordService › sendDM()" name="should throw error when user is null" time="0">
    </testcase>
    <testcase classname="DiscordService › sendDM()" name="should throw error when user has no ID" time="0.001">
    </testcase>
    <testcase classname="DiscordService › sendDM()" name="should throw error when content is missing" time="0.001">
    </testcase>
    <testcase classname="DiscordService › sendDM()" name="should throw error when content is not a string" time="0.001">
    </testcase>
    <testcase classname="DiscordService › sendDM()" name="should throw error when content exceeds 2000 characters" time="0">
    </testcase>
    <testcase classname="DiscordService › sendDM()" name="should accept message with exactly 2000 characters" time="0">
    </testcase>
    <testcase classname="DiscordService › hasPermission()" name="should return true when member has permission" time="0.001">
    </testcase>
    <testcase classname="DiscordService › hasPermission()" name="should return false when member does not have permission" time="0.001">
    </testcase>
    <testcase classname="DiscordService › hasPermission()" name="should throw error when member is null" time="0">
    </testcase>
    <testcase classname="DiscordService › hasPermission()" name="should throw error when permission is missing" time="0.001">
    </testcase>
    <testcase classname="DiscordService › hasPermission()" name="should throw error when permission is not a string" time="0.001">
    </testcase>
    <testcase classname="DiscordService › hasPermission()" name="should handle member with no permissions" time="0">
    </testcase>
    <testcase classname="DiscordService › hasPermission()" name="should be case-sensitive for permission names" time="0.001">
    </testcase>
    <testcase classname="DiscordService › Integration - Multiple Operations" name="should handle complete message sending workflow" time="0.001">
    </testcase>
    <testcase classname="DiscordService › Integration - Multiple Operations" name="should handle ephemeral success notification workflow" time="0.001">
    </testcase>
    <testcase classname="DiscordService › Integration - Multiple Operations" name="should handle error notification workflow" time="0">
    </testcase>
    <testcase classname="DiscordService › Integration - Multiple Operations" name="should send DM to resolved user" time="0">
    </testcase>
    <testcase classname="DiscordService › Integration - Multiple Operations" name="should check permission for member before operation" time="0.001">
    </testcase>
    <testcase classname="DiscordService › Edge Cases" name="should handle embed with special characters" time="0.001">
    </testcase>
    <testcase classname="DiscordService › Edge Cases" name="should handle message with newlines" time="0.008">
    </testcase>
    <testcase classname="DiscordService › Edge Cases" name="should handle very long quote author name" time="0.001">
    </testcase>
    <testcase classname="DiscordService › Edge Cases" name="should handle role with special ID format" time="0.001">
    </testcase>
    <testcase classname="DiscordService › Edge Cases" name="should handle interaction already replied and deferred simultaneously" time="0.001">
    </testcase>
  </testsuite>
  <testsuite name="Reminder Management Commands" errors="0" failures="0" skipped="0" timestamp="2026-06-29T10:38:43" time="0.069" tests="57">
    <testcase classname="Reminder Management Commands › create-reminder command" name="should create reminder with text and due date" time="0.001">
    </testcase>
    <testcase classname="Reminder Management Commands › create-reminder command" name="should validate reminder text length" time="0.001">
    </testcase>
    <testcase classname="Reminder Management Commands › create-reminder command" name="should require valid due date" time="0.001">
    </testcase>
    <testcase classname="Reminder Management Commands › create-reminder command" name="should accept due date in future" time="0.001">
    </testcase>
    <testcase classname="Reminder Management Commands › create-reminder command" name="should parse natural language dates" time="0.001">
    </testcase>
    <testcase classname="Reminder Management Commands › create-reminder command" name="should confirm reminder created" time="0">
    </testcase>
    <testcase classname="Reminder Management Commands › create-reminder command" name="should work with slash command" time="0">
    </testcase>
    <testcase classname="Reminder Management Commands › create-reminder command" name="should work with prefix command" time="0.001">
    </testcase>
    <testcase classname="Reminder Management Commands › create-reminder command" name="should set reminder for specific time" time="0.001">
    </testcase>
    <testcase classname="Reminder Management Commands › create-reminder command" name="should support relative date formats" time="0.001">
    </testcase>
    <testcase classname="Reminder Management Commands › create-reminder command" name="should store creation timestamp" time="0.001">
    </testcase>
    <testcase classname="Reminder Management Commands › delete-reminder command" name="should delete reminder by ID" time="0.001">
    </testcase>
    <testcase classname="Reminder Management Commands › delete-reminder command" name="should validate reminder exists" time="0.001">
    </testcase>
    <testcase classname="Reminder Management Commands › delete-reminder command" name="should handle non-existent reminder" time="0">
    </testcase>
    <testcase classname="Reminder Management Commands › delete-reminder command" name="should confirm deletion" time="0">
    </testcase>
    <testcase classname="Reminder Management Commands › delete-reminder command" name="should prevent deletion of other user&apos;s reminder" time="0.001">
    </testcase>
    <testcase classname="Reminder Management Commands › delete-reminder command" name="should work with slash command" time="0.001">
    </testcase>
    <testcase classname="Reminder Management Commands › delete-reminder command" name="should work with prefix command" time="0.001">
    </testcase>
    <testcase classname="Reminder Management Commands › delete-reminder command" name="should allow reminders own creator to delete" time="0">
    </testcase>
    <testcase classname="Reminder Management Commands › get-reminder command" name="should retrieve reminder by ID" time="0.001">
    </testcase>
    <testcase classname="Reminder Management Commands › get-reminder command" name="should display reminder details" time="0.001">
    </testcase>
    <testcase classname="Reminder Management Commands › get-reminder command" name="should show time until due date" time="0.001">
    </testcase>
    <testcase classname="Reminder Management Commands › get-reminder command" name="should indicate if reminder is overdue" time="0.001">
    </testcase>
    <testcase classname="Reminder Management Commands › get-reminder command" name="should handle non-existent reminder" time="0">
    </testcase>
    <testcase classname="Reminder Management Commands › get-reminder command" name="should work with slash command" time="0">
    </testcase>
    <testcase classname="Reminder Management Commands › get-reminder command" name="should work with prefix command" time="0.001">
    </testcase>
    <testcase classname="Reminder Management Commands › update-reminder command" name="should update reminder text" time="0.001">
    </testcase>
    <testcase classname="Reminder Management Commands › update-reminder command" name="should update due date" time="0.001">
    </testcase>
    <testcase classname="Reminder Management Commands › update-reminder command" name="should mark reminder as completed" time="0.001">
    </testcase>
    <testcase classname="Reminder Management Commands › update-reminder command" name="should validate new text" time="0">
    </testcase>
    <testcase classname="Reminder Management Commands › update-reminder command" name="should validate new due date" time="0.001">
    </testcase>
    <testcase classname="Reminder Management Commands › update-reminder command" name="should confirm update" time="0.001">
    </testcase>
    <testcase classname="Reminder Management Commands › update-reminder command" name="should work with slash command" time="0.001">
    </testcase>
    <testcase classname="Reminder Management Commands › update-reminder command" name="should preserve other fields during update" time="0.001">
    </testcase>
    <testcase classname="Reminder Management Commands › list-reminders command" name="should list all user reminders" time="0">
    </testcase>
    <testcase classname="Reminder Management Commands › list-reminders command" name="should show pending reminders" time="0">
    </testcase>
    <testcase classname="Reminder Management Commands › list-reminders command" name="should sort by due date" time="0.001">
    </testcase>
    <testcase classname="Reminder Management Commands › list-reminders command" name="should handle empty list" time="0.001">
    </testcase>
    <testcase classname="Reminder Management Commands › list-reminders command" name="should show reminder count" time="0.001">
    </testcase>
    <testcase classname="Reminder Management Commands › list-reminders command" name="should format as numbered list" time="0.001">
    </testcase>
    <testcase classname="Reminder Management Commands › list-reminders command" name="should work with slash command" time="0">
    </testcase>
    <testcase classname="Reminder Management Commands › list-reminders command" name="should work with prefix command" time="0.001">
    </testcase>
    <testcase classname="Reminder Management Commands › search-reminders command" name="should search reminders by text" time="0.001">
    </testcase>
    <testcase classname="Reminder Management Commands › search-reminders command" name="should be case-insensitive" time="0.001">
    </testcase>
    <testcase classname="Reminder Management Commands › search-reminders command" name="should return empty array when no matches" time="0.001">
    </testcase>
    <testcase classname="Reminder Management Commands › search-reminders command" name="should support partial text matching" time="0.001">
    </testcase>
    <testcase classname="Reminder Management Commands › search-reminders command" name="should work with slash command" time="0">
    </testcase>
    <testcase classname="Reminder Management Commands › search-reminders command" name="should work with prefix command" time="0.001">
    </testcase>
    <testcase classname="Reminder Management Commands › Guild &amp; User Context" name="should isolate reminders by guild" time="0.001">
    </testcase>
    <testcase classname="Reminder Management Commands › Guild &amp; User Context" name="should isolate reminders by user" time="0.001">
    </testcase>
    <testcase classname="Reminder Management Commands › Guild &amp; User Context" name="should prevent viewing other user reminders" time="0.001">
    </testcase>
    <testcase classname="Reminder Management Commands › Guild &amp; User Context" name="should allow viewing own reminders" time="0">
    </testcase>
    <testcase classname="Reminder Management Commands › Error Handling" name="should handle missing reminder text" time="0">
    </testcase>
    <testcase classname="Reminder Management Commands › Error Handling" name="should handle missing due date" time="0.001">
    </testcase>
    <testcase classname="Reminder Management Commands › Error Handling" name="should handle invalid reminder ID" time="0.001">
    </testcase>
    <testcase classname="Reminder Management Commands › Error Handling" name="should handle database errors" time="0.001">
    </testcase>
    <testcase classname="Reminder Management Commands › Error Handling" name="should provide helpful error messages" time="0.001">
    </testcase>
  </testsuite>
  <testsuite name="User Preference Commands" errors="0" failures="0" skipped="0" timestamp="2026-06-29T10:38:43" time="0.081" tests="62">
    <testcase classname="User Preference Commands › opt-in command" name="should opt user into communications" time="0.002">
    </testcase>
    <testcase classname="User Preference Commands › opt-in command" name="should store opt-in timestamp" time="0.001">
    </testcase>
    <testcase classname="User Preference Commands › opt-in command" name="should create preference if not exists" time="0.001">
    </testcase>
    <testcase classname="User Preference Commands › opt-in command" name="should handle already opted-in user" time="0">
    </testcase>
    <testcase classname="User Preference Commands › opt-in command" name="should send confirmation message" time="0">
    </testcase>
    <testcase classname="User Preference Commands › opt-in command" name="should work with slash command" time="0.001">
    </testcase>
    <testcase classname="User Preference Commands › opt-in command" name="should work with prefix command" time="0.001">
    </testcase>
    <testcase classname="User Preference Commands › opt-in command" name="should allow subsequent messages" time="0.001">
    </testcase>
    <testcase classname="User Preference Commands › opt-out command" name="should opt user out of communications" time="0.001">
    </testcase>
    <testcase classname="User Preference Commands › opt-out command" name="should mark user as opted out" time="0.001">
    </testcase>
    <testcase classname="User Preference Commands › opt-out command" name="should handle already opted-out user" time="0.001">
    </testcase>
    <testcase classname="User Preference Commands › opt-out command" name="should confirm opt-out action" time="0">
    </testcase>
    <testcase classname="User Preference Commands › opt-out command" name="should explain opt-out consequences" time="0.001">
    </testcase>
    <testcase classname="User Preference Commands › opt-out command" name="should work with slash command" time="0.001">
    </testcase>
    <testcase classname="User Preference Commands › opt-out command" name="should work with prefix command" time="0.001">
    </testcase>
    <testcase classname="User Preference Commands › opt-out command" name="should stop messages after opt-out" time="0.001">
    </testcase>
    <testcase classname="User Preference Commands › comm-status command" name="should show opt-in status" time="0">
    </testcase>
    <testcase classname="User Preference Commands › comm-status command" name="should handle no preference set" time="0.008">
    </testcase>
    <testcase classname="User Preference Commands › comm-status command" name="should show last update timestamp" time="0.001">
    </testcase>
    <testcase classname="User Preference Commands › comm-status command" name="should list all guild preferences for user" time="0.001">
    </testcase>
    <testcase classname="User Preference Commands › comm-status command" name="should work with slash command" time="0.001">
    </testcase>
    <testcase classname="User Preference Commands › comm-status command" name="should work with prefix command" time="0">
    </testcase>
    <testcase classname="User Preference Commands › comm-status command" name="should display status clearly" time="0">
    </testcase>
    <testcase classname="User Preference Commands › opt-in-request command" name="should create opt-in request" time="0.001">
    </testcase>
    <testcase classname="User Preference Commands › opt-in-request command" name="should store reason for request" time="0.001">
    </testcase>
    <testcase classname="User Preference Commands › opt-in-request command" name="should set initial status as pending" time="0.001">
    </testcase>
    <testcase classname="User Preference Commands › opt-in-request command" name="should record creation timestamp" time="0">
    </testcase>
    <testcase classname="User Preference Commands › opt-in-request command" name="should require non-empty reason" time="0">
    </testcase>
    <testcase classname="User Preference Commands › opt-in-request command" name="should work with slash command" time="0.001">
    </testcase>
    <testcase classname="User Preference Commands › opt-in-request command" name="should work with prefix command" time="0.001">
    </testcase>
    <testcase classname="User Preference Commands › opt-in-request command" name="should confirm request submitted" time="0">
    </testcase>
    <testcase classname="User Preference Commands › opt-in-request command" name="should allow admin review of requests" time="0">
    </testcase>
    <testcase classname="User Preference Commands › Preference Isolation" name="should isolate preferences by guild" time="0.001">
    </testcase>
    <testcase classname="User Preference Commands › Preference Isolation" name="should isolate preferences by user" time="0.001">
    </testcase>
    <testcase classname="User Preference Commands › Preference Isolation" name="should allow different preferences per guild" time="0.001">
    </testcase>
    <testcase classname="Admin Commands › broadcast command" name="should validate message not empty" time="0.001">
    </testcase>
    <testcase classname="Admin Commands › broadcast command" name="should validate target exists" time="0.001">
    </testcase>
    <testcase classname="Admin Commands › broadcast command" name="should validate target type" time="0">
    </testcase>
    <testcase classname="Admin Commands › broadcast command" name="should handle broadcast to user" time="0.001">
    </testcase>
    <testcase classname="Admin Commands › broadcast command" name="should handle broadcast to role" time="0.001">
    </testcase>
    <testcase classname="Admin Commands › broadcast command" name="should handle broadcast to channel" time="0.001">
    </testcase>
    <testcase classname="Admin Commands › broadcast command" name="should require admin permission" time="0">
    </testcase>
    <testcase classname="Admin Commands › broadcast command" name="should confirm broadcast sent" time="0">
    </testcase>
    <testcase classname="Admin Commands › broadcast command" name="should work with slash command" time="0.001">
    </testcase>
    <testcase classname="Admin Commands › broadcast command" name="should work with prefix command" time="0.001">
    </testcase>
    <testcase classname="Admin Commands › proxy configuration commands" name="should validate proxy URL format" time="0.001">
    </testcase>
    <testcase classname="Admin Commands › proxy configuration commands" name="should validate proxy port is numeric" time="0">
    </testcase>
    <testcase classname="Admin Commands › proxy configuration commands" name="should validate proxy port range" time="0">
    </testcase>
    <testcase classname="Admin Commands › proxy configuration commands" name="should handle proxy authentication" time="0.001">
    </testcase>
    <testcase classname="Admin Commands › proxy configuration commands" name="should get proxy status" time="0.001">
    </testcase>
    <testcase classname="Admin Commands › proxy configuration commands" name="should enable/disable proxy" time="0.001">
    </testcase>
    <testcase classname="Admin Commands › proxy configuration commands" name="should require admin permission" time="0.001">
    </testcase>
    <testcase classname="Admin Commands › proxy configuration commands" name="should confirm configuration saved" time="0">
    </testcase>
    <testcase classname="Admin Commands › Admin Permission Requirements" name="should require ADMINISTRATOR permission" time="0.001">
    </testcase>
    <testcase classname="Admin Commands › Admin Permission Requirements" name="should prevent non-admins from broadcasting" time="0.001">
    </testcase>
    <testcase classname="Admin Commands › Admin Permission Requirements" name="should prevent non-admins from proxy config" time="0.001">
    </testcase>
    <testcase classname="Admin Commands › Admin Permission Requirements" name="should log admin actions" time="0.001">
    </testcase>
    <testcase classname="Admin Commands › Admin Permission Requirements" name="should audit admin commands" time="0.001">
    </testcase>
    <testcase classname="Admin Commands › Error Handling" name="should handle invalid permissions error" time="0">
    </testcase>
    <testcase classname="Admin Commands › Error Handling" name="should handle network errors" time="0">
    </testcase>
    <testcase classname="Admin Commands › Error Handling" name="should handle invalid target" time="0.001">
    </testcase>
    <testcase classname="Admin Commands › Error Handling" name="should provide helpful error messages" time="0.001">
    </testcase>
  </testsuite>
  <testsuite name="RolePermissionService" errors="0" failures="0" skipped="0" timestamp="2026-06-29T10:38:43" time="0.065" tests="48">
    <testcase classname="RolePermissionService › validateRoleName()" name="should validate a correct role name" time="0.001">
    </testcase>
    <testcase classname="RolePermissionService › validateRoleName()" name="should reject empty role name" time="0">
    </testcase>
    <testcase classname="RolePermissionService › validateRoleName()" name="should reject role name with special characters" time="0.001">
    </testcase>
    <testcase classname="RolePermissionService › validateRoleName()" name="should reject role name exceeding 100 characters" time="0.001">
    </testcase>
    <testcase classname="RolePermissionService › validateRoleName()" name="should accept role name with hyphens and underscores" time="0.001">
    </testcase>
    <testcase classname="RolePermissionService › validateRoleName()" name="should reject non-string input" time="0">
    </testcase>
    <testcase classname="RolePermissionService › validatePermissionName()" name="should validate a correct permission name" time="0">
    </testcase>
    <testcase classname="RolePermissionService › validatePermissionName()" name="should reject uppercase in permission name" time="0.001">
    </testcase>
    <testcase classname="RolePermissionService › validatePermissionName()" name="should reject permission name exceeding 50 characters" time="0.001">
    </testcase>
    <testcase classname="RolePermissionService › validatePermissionName()" name="should reject permission name with special characters" time="0">
    </testcase>
    <testcase classname="RolePermissionService › validatePermissionName()" name="should accept permission name with underscores" time="0.001">
    </testcase>
    <testcase classname="RolePermissionService › createRole()" name="should create a role with valid parameters" time="0.001">
    </testcase>
    <testcase classname="RolePermissionService › createRole()" name="should reject invalid role name" time="0.001">
    </testcase>
    <testcase classname="RolePermissionService › createRole()" name="should require guild ID" time="0">
    </testcase>
    <testcase classname="RolePermissionService › createRole()" name="should track validation statistics" time="0.001">
    </testcase>
    <testcase classname="RolePermissionService › createRole()" name="should track role creation count" time="0.001">
    </testcase>
    <testcase classname="RolePermissionService › deleteRole()" name="should delete an existing role" time="0.001">
    </testcase>
    <testcase classname="RolePermissionService › deleteRole()" name="should reject deletion of non-existent role" time="0">
    </testcase>
    <testcase classname="RolePermissionService › deleteRole()" name="should reject deletion with wrong guild ID" time="0.001">
    </testcase>
    <testcase classname="RolePermissionService › deleteRole()" name="should require both guild ID and role ID" time="0.001">
    </testcase>
    <testcase classname="RolePermissionService › assignPermissionToRole()" name="should assign a permission to a role" time="0.001">
    </testcase>
    <testcase classname="RolePermissionService › assignPermissionToRole()" name="should not duplicate permissions" time="0.001">
    </testcase>
    <testcase classname="RolePermissionService › assignPermissionToRole()" name="should reject invalid permission name" time="0">
    </testcase>
    <testcase classname="RolePermissionService › assignPermissionToRole()" name="should reject assignment to non-existent role" time="0.001">
    </testcase>
    <testcase classname="RolePermissionService › assignPermissionToRole()" name="should track permission assignment count" time="0.001">
    </testcase>
    <testcase classname="RolePermissionService › removePermissionFromRole()" name="should remove a permission from a role" time="0.001">
    </testcase>
    <testcase classname="RolePermissionService › removePermissionFromRole()" name="should handle removal of non-existent permission" time="0">
    </testcase>
    <testcase classname="RolePermissionService › removePermissionFromRole()" name="should reject removal from non-existent role" time="0.001">
    </testcase>
    <testcase classname="RolePermissionService › checkPermission()" name="should grant permission that is assigned" time="0.001">
    </testcase>
    <testcase classname="RolePermissionService › checkPermission()" name="should deny permission that is not assigned" time="0.001">
    </testcase>
    <testcase classname="RolePermissionService › checkPermission()" name="should return false for non-existent role" time="0">
    </testcase>
    <testcase classname="RolePermissionService › checkPermission()" name="should deny permission for wrong guild" time="0.001">
    </testcase>
    <testcase classname="RolePermissionService › checkPermission()" name="should track permission check count" time="0.001">
    </testcase>
    <testcase classname="RolePermissionService › getRolePermissions()" name="should return list of permissions for a role" time="0.001">
    </testcase>
    <testcase classname="RolePermissionService › getRolePermissions()" name="should return empty array for role with no permissions" time="0">
    </testcase>
    <testcase classname="RolePermissionService › getRolePermissions()" name="should reject non-existent role" time="0.001">
    </testcase>
    <testcase classname="RolePermissionService › getGuildRoles()" name="should return all roles for a guild" time="0.001">
    </testcase>
    <testcase classname="RolePermissionService › getGuildRoles()" name="should return only roles for specified guild" time="0.001">
    </testcase>
    <testcase classname="RolePermissionService › getGuildRoles()" name="should return empty array if guild has no roles" time="0">
    </testcase>
    <testcase classname="RolePermissionService › getGuildRoles()" name="should require guild ID" time="0.001">
    </testcase>
    <testcase classname="RolePermissionService › validateRoleHierarchy()" name="should validate correct role hierarchy" time="0.001">
    </testcase>
    <testcase classname="RolePermissionService › validateRoleHierarchy()" name="should reject non-array input" time="0">
    </testcase>
    <testcase classname="RolePermissionService › validateRoleHierarchy()" name="should reject empty hierarchy" time="0">
    </testcase>
    <testcase classname="RolePermissionService › validateRoleHierarchy()" name="should reject hierarchy with duplicates" time="0.001">
    </testcase>
    <testcase classname="RolePermissionService › validateRoleHierarchy()" name="should track validation statistics" time="0.009">
    </testcase>
    <testcase classname="RolePermissionService › Integration Scenarios" name="should handle complete role permission workflow" time="0.001">
    </testcase>
    <testcase classname="RolePermissionService › Integration Scenarios" name="should manage multiple roles for same guild independently" time="0.001">
    </testcase>
    <testcase classname="RolePermissionService › Integration Scenarios" name="should track statistics across operations" time="0.001">
    </testcase>
  </testsuite>
  <testsuite name="ValidationService.validateQuoteText()" errors="0" failures="0" skipped="0" timestamp="2026-06-29T10:38:43" time="0.059" tests="72">
    <testcase classname="ValidationService.validateQuoteText()" name="should accept valid quote text" time="0.001">
    </testcase>
    <testcase classname="ValidationService.validateQuoteText()" name="should accept quote at minimum boundary (3 characters)" time="0">
    </testcase>
    <testcase classname="ValidationService.validateQuoteText()" name="should accept quote at maximum boundary (500 characters)" time="0">
    </testcase>
    <testcase classname="ValidationService.validateQuoteText()" name="should reject quote below minimum (2 characters)" time="0.001">
    </testcase>
    <testcase classname="ValidationService.validateQuoteText()" name="should reject quote above maximum (501 characters)" time="0">
    </testcase>
    <testcase classname="ValidationService.validateQuoteText()" name="should reject null quote" time="0.001">
    </testcase>
    <testcase classname="ValidationService.validateQuoteText()" name="should reject undefined quote" time="0">
    </testcase>
    <testcase classname="ValidationService.validateQuoteText()" name="should reject empty string" time="0.001">
    </testcase>
    <testcase classname="ValidationService.validateQuoteText()" name="should reject whitespace-only string" time="0">
    </testcase>
    <testcase classname="ValidationService.validateQuoteText()" name="should reject number type" time="0">
    </testcase>
    <testcase classname="ValidationService.validateQuoteText()" name="should reject boolean type" time="0">
    </testcase>
    <testcase classname="ValidationService.validateQuoteText()" name="should reject array type" time="0">
    </testcase>
    <testcase classname="ValidationService.validateQuoteText()" name="should reject object type" time="0.001">
    </testcase>
    <testcase classname="ValidationService.validateQuoteText()" name="should reject function type" time="0">
    </testcase>
    <testcase classname="ValidationService.validateQuoteText()" name="should handle quotes with special characters" time="0.001">
    </testcase>
    <testcase classname="ValidationService.validateQuoteText()" name="should handle quotes with unicode characters" time="0">
    </testcase>
    <testcase classname="ValidationService.validateQuoteText()" name="should handle quotes with newlines and tabs" time="0.001">
    </testcase>
    <testcase classname="ValidationService.validateQuoteText()" name="should trim whitespace from quote text" time="0">
    </testcase>
    <testcase classname="ValidationService.validateQuoteText()" name="should count characters after trimming" time="0.001">
    </testcase>
    <testcase classname="ValidationService.validateAuthor()" name="should accept valid author name" time="0">
    </testcase>
    <testcase classname="ValidationService.validateAuthor()" name="should accept author at maximum boundary (100 characters)" time="0.001">
    </testcase>
    <testcase classname="ValidationService.validateAuthor()" name="should reject author above maximum (101 characters)" time="0">
    </testcase>
    <testcase classname="ValidationService.validateAuthor()" name="should reject null author" time="0.001">
    </testcase>
    <testcase classname="ValidationService.validateAuthor()" name="should reject undefined author" time="0">
    </testcase>
    <testcase classname="ValidationService.validateAuthor()" name="should reject empty string" time="0.001">
    </testcase>
    <testcase classname="ValidationService.validateAuthor()" name="should reject whitespace-only" time="0">
    </testcase>
    <testcase classname="ValidationService.validateAuthor()" name="should reject number type" time="0.001">
    </testcase>
    <testcase classname="ValidationService.validateAuthor()" name="should reject boolean type" time="0">
    </testcase>
    <testcase classname="ValidationService.validateAuthor()" name="should reject array type" time="0.001">
    </testcase>
    <testcase classname="ValidationService.validateAuthor()" name="should reject object type" time="0">
    </testcase>
    <testcase classname="ValidationService.validateAuthor()" name="should handle author names with special characters" time="0.001">
    </testcase>
    <testcase classname="ValidationService.validateAuthor()" name="should handle author names with unicode" time="0">
    </testcase>
    <testcase classname="ValidationService.validateAuthor()" name="should trim whitespace from author" time="0.001">
    </testcase>
    <testcase classname="ValidationService.validateQuoteNumber()" name="should accept valid positive integer" time="0">
    </testcase>
    <testcase classname="ValidationService.validateQuoteNumber()" name="should accept quote number 1" time="0.001">
    </testcase>
    <testcase classname="ValidationService.validateQuoteNumber()" name="should accept large valid number" time="0">
    </testcase>
    <testcase classname="ValidationService.validateQuoteNumber()" name="should reject zero" time="0.001">
    </testcase>
    <testcase classname="ValidationService.validateQuoteNumber()" name="should reject negative number" time="0">
    </testcase>
    <testcase classname="ValidationService.validateQuoteNumber()" name="should reject non-numeric string" time="0.001">
    </testcase>
    <testcase classname="ValidationService.validateQuoteNumber()" name="should reject decimal number string" time="0">
    </testcase>
    <testcase classname="ValidationService.validateQuoteNumber()" name="should reject null" time="0.001">
    </testcase>
    <testcase classname="ValidationService.validateQuoteNumber()" name="should reject undefined" time="0">
    </testcase>
    <testcase classname="ValidationService.validateQuoteNumber()" name="should reject empty string" time="0.001">
    </testcase>
    <testcase classname="ValidationService.validateQuoteNumber()" name="should reject NaN" time="0">
    </testcase>
    <testcase classname="ValidationService.validateQuoteNumber()" name="should reject Infinity string" time="0.001">
    </testcase>
    <testcase classname="ValidationService.validateQuoteNumber()" name="should handle whitespace around number" time="0">
    </testcase>
    <testcase classname="ValidationService.validateQuoteNumber()" name="should accept array type (coerced to 5 by parseInt)" time="0.001">
    </testcase>
    <testcase classname="ValidationService.validateQuoteNumber()" name="should reject object type" time="0">
    </testcase>
    <testcase classname="ValidationService.validateQuoteNumber()" name="should reject boolean type" time="0.001">
    </testcase>
    <testcase classname="ValidationService.validateQuoteNumber()" name="should parse numeric string correctly" time="0">
    </testcase>
    <testcase classname="ValidationService.validateQuoteNumber()" name="should accept string starting with numbers (parseInt behavior)" time="0.001">
    </testcase>
    <testcase classname="ValidationService.validateQuoteNumber()" name="should reject string starting with non-numeric" time="0">
    </testcase>
    <testcase classname="ValidationService.validateQuoteNumber()" name="should handle leading zeros" time="0.001">
    </testcase>
    <testcase classname="ValidationService: Integration Scenarios" name="should validate complete quote data successfully" time="0">
    </testcase>
    <testcase classname="ValidationService: Integration Scenarios" name="should validate with valid author" time="0.001">
    </testcase>
    <testcase classname="ValidationService: Integration Scenarios" name="should handle validation with all boundary values" time="0">
    </testcase>
    <testcase classname="ValidationService: Integration Scenarios" name="should reject when quote text fails validation" time="0.001">
    </testcase>
    <testcase classname="ValidationService: Integration Scenarios" name="should reject when author fails validation" time="0">
    </testcase>
    <testcase classname="ValidationService: Integration Scenarios" name="should reject when number fails validation" time="0.001">
    </testcase>
    <testcase classname="ValidationService: Integration Scenarios" name="should handle all validations failing" time="0">
    </testcase>
    <testcase classname="ValidationService: Integration Scenarios" name="should validate special characters in all fields" time="0.001">
    </testcase>
    <testcase classname="ValidationService: Integration Scenarios" name="should validate unicode in all fields" time="0">
    </testcase>
    <testcase classname="ValidationService: Integration Scenarios" name="should handle whitespace trimming in all fields" time="0.001">
    </testcase>
    <testcase classname="ValidationService: Integration Scenarios" name="should validate at all boundaries simultaneously" time="0">
    </testcase>
    <testcase classname="ValidationService: Integration Scenarios" name="should reject all types just outside boundaries" time="0.001">
    </testcase>
    <testcase classname="ValidationService: Edge Cases and Type Coercion" name="should handle quote text type coercion gracefully" time="0">
    </testcase>
    <testcase classname="ValidationService: Edge Cases and Type Coercion" name="should handle author type coercion with validation" time="0.001">
    </testcase>
    <testcase classname="ValidationService: Edge Cases and Type Coercion" name="should handle number string edge cases" time="0">
    </testcase>
    <testcase classname="ValidationService: Edge Cases and Type Coercion" name="should handle very large numbers" time="0.001">
    </testcase>
    <testcase classname="ValidationService: Edge Cases and Type Coercion" name="should handle scientific notation as invalid" time="0">
    </testcase>
    <testcase classname="ValidationService: Edge Cases and Type Coercion" name="should handle quote with only numbers" time="0.001">
    </testcase>
    <testcase classname="ValidationService: Edge Cases and Type Coercion" name="should handle author with only numbers" time="0.001">
    </testcase>
  </testsuite>
  <testsuite name="errorHandler.validateQuoteText()" errors="0" failures="0" skipped="0" timestamp="2026-06-29T10:38:43" time="0.085" tests="63">
    <testcase classname="errorHandler.validateQuoteText()" name="should accept valid quote text" time="0">
    </testcase>
    <testcase classname="errorHandler.validateQuoteText()" name="should reject null/undefined quote" time="0">
    </testcase>
    <testcase classname="errorHandler.validateQuoteText()" name="should reject non-string types" time="0.001">
    </testcase>
    <testcase classname="errorHandler.validateQuoteText()" name="should reject empty string" time="0">
    </testcase>
    <testcase classname="errorHandler.validateQuoteText()" name="should reject string with only whitespace" time="0">
    </testcase>
    <testcase classname="errorHandler.validateQuoteText()" name="should reject quote shorter than 3 characters" time="0.001">
    </testcase>
    <testcase classname="errorHandler.validateQuoteText()" name="should accept quote with exactly 3 characters" time="0">
    </testcase>
    <testcase classname="errorHandler.validateQuoteText()" name="should reject quote exceeding 500 characters" time="0.001">
    </testcase>
    <testcase classname="errorHandler.validateQuoteText()" name="should accept quote with exactly 500 characters" time="0">
    </testcase>
    <testcase classname="errorHandler.validateQuoteText()" name="should trim whitespace from valid quote" time="0.001">
    </testcase>
    <testcase classname="errorHandler.validateQuoteText()" name="should handle quotes with special characters" time="0">
    </testcase>
    <testcase classname="errorHandler.validateAuthor()" name="should accept valid author name" time="0">
    </testcase>
    <testcase classname="errorHandler.validateAuthor()" name="should default to Anonymous for null/undefined" time="0.001">
    </testcase>
    <testcase classname="errorHandler.validateAuthor()" name="should default to Anonymous for empty string" time="0">
    </testcase>
    <testcase classname="errorHandler.validateAuthor()" name="should default to Anonymous for whitespace-only string" time="0.001">
    </testcase>
    <testcase classname="errorHandler.validateAuthor()" name="should reject non-string types" time="0">
    </testcase>
    <testcase classname="errorHandler.validateAuthor()" name="should reject author exceeding 100 characters" time="0.001">
    </testcase>
    <testcase classname="errorHandler.validateAuthor()" name="should accept author with exactly 100 characters" time="0">
    </testcase>
    <testcase classname="errorHandler.validateAuthor()" name="should trim whitespace from author" time="0.001">
    </testcase>
    <testcase classname="errorHandler.validateAuthor()" name="should handle authors with special characters" time="0">
    </testcase>
    <testcase classname="errorHandler.validateQuoteNumber()" name="should accept valid quote number" time="0.001">
    </testcase>
    <testcase classname="errorHandler.validateQuoteNumber()" name="should accept quote number 1" time="0">
    </testcase>
    <testcase classname="errorHandler.validateQuoteNumber()" name="should reject non-integer numbers" time="0.001">
    </testcase>
    <testcase classname="errorHandler.validateQuoteNumber()" name="should reject non-numeric types" time="0">
    </testcase>
    <testcase classname="errorHandler.validateQuoteNumber()" name="should reject zero" time="0.001">
    </testcase>
    <testcase classname="errorHandler.validateQuoteNumber()" name="should reject negative numbers" time="0">
    </testcase>
    <testcase classname="errorHandler.validateQuoteNumber()" name="should reject number exceeding max" time="0.001">
    </testcase>
    <testcase classname="errorHandler.validateQuoteNumber()" name="should accept number at max boundary" time="0">
    </testcase>
    <testcase classname="errorHandler.validateQuoteNumber()" name="should handle null/undefined" time="0.001">
    </testcase>
    <testcase classname="errorHandler.validateQuoteNumber()" name="should reject NaN" time="0">
    </testcase>
    <testcase classname="errorHandler.validateQuoteNumber()" name="should handle Infinity" time="0.001">
    </testcase>
    <testcase classname="errorHandler.logError()" name="should log error with correct context" time="0.001">
    </testcase>
    <testcase classname="errorHandler.logError()" name="should log error with LOW level" time="0.001">
    </testcase>
    <testcase classname="errorHandler.logError()" name="should log error with MEDIUM level" time="0.001">
    </testcase>
    <testcase classname="errorHandler.logError()" name="should log error with HIGH level" time="0">
    </testcase>
    <testcase classname="errorHandler.logError()" name="should log error with CRITICAL level" time="0">
    </testcase>
    <testcase classname="errorHandler.logError()" name="should default to MEDIUM level when not specified" time="0.001">
    </testcase>
    <testcase classname="errorHandler.logError()" name="should extract stack trace from Error objects" time="0.012">
    </testcase>
    <testcase classname="errorHandler.logError()" name="should handle string errors without stack" time="0.001">
    </testcase>
    <testcase classname="errorHandler.logError()" name="should include metadata in log output" time="0.009">
    </testcase>
    <testcase classname="errorHandler.logError()" name="should handle empty metadata" time="0.001">
    </testcase>
    <testcase classname="errorHandler.logError()" name="should format error with Error object" time="0.001">
    </testcase>
    <testcase classname="errorHandler.handleInteractionError()" name="should send error reply to fresh interaction" time="0.001">
    </testcase>
    <testcase classname="errorHandler.handleInteractionError()" name="should send followUp to already replied interaction" time="0.001">
    </testcase>
    <testcase classname="errorHandler.handleInteractionError()" name="should send followUp to deferred interaction" time="0.001">
    </testcase>
    <testcase classname="errorHandler.handleInteractionError()" name="should log error with user context in metadata" time="0.001">
    </testcase>
    <testcase classname="errorHandler.handleInteractionError()" name="should log error with command name in metadata" time="0">
    </testcase>
    <testcase classname="errorHandler.handleInteractionError()" name="should handle string errors" time="0">
    </testcase>
    <testcase classname="errorHandler.handleInteractionError()" name="should set ephemeral flag (flags: 64)" time="0">
    </testcase>
    <testcase classname="errorHandler.handleInteractionError()" name="should handle missing user object gracefully" time="0">
    </testcase>
    <testcase classname="errorHandler.handleInteractionError()" name="should handle interaction errors during reply attempt" time="0.002">
    </testcase>
    <testcase classname="errorHandler.handleInteractionError()" name="should extract error message from Error object" time="0.001">
    </testcase>
    <testcase classname="errorHandler.handleInteractionError()" name="should extract error message from string" time="0.001">
    </testcase>
    <testcase classname="errorHandler.ERROR_LEVELS" name="should define LOW level" time="0.001">
    </testcase>
    <testcase classname="errorHandler.ERROR_LEVELS" name="should define MEDIUM level" time="0">
    </testcase>
    <testcase classname="errorHandler.ERROR_LEVELS" name="should define HIGH level" time="0.001">
    </testcase>
    <testcase classname="errorHandler.ERROR_LEVELS" name="should define CRITICAL level" time="0">
    </testcase>
    <testcase classname="errorHandler.ERROR_LEVELS" name="should have 4 levels total" time="0.001">
    </testcase>
    <testcase classname="errorHandler: Integration Scenarios" name="should validate complete quote data (happy path)" time="0">
    </testcase>
    <testcase classname="errorHandler: Integration Scenarios" name="should validate quote with all edge cases (boundaries)" time="0">
    </testcase>
    <testcase classname="errorHandler: Integration Scenarios" name="should handle quote validation with missing author (Anonymous)" time="0.001">
    </testcase>
    <testcase classname="errorHandler: Integration Scenarios" name="should reject quote when any validation fails" time="0">
    </testcase>
    <testcase classname="errorHandler: Integration Scenarios" name="should handle multiple validation errors" time="0.001">
    </testcase>
  </testsuite>
  <testsuite name="Quote Management Commands" errors="0" failures="0" skipped="0" timestamp="2026-06-29T10:38:43" time="0.067" tests="55">
    <testcase classname="Quote Management Commands › add-quote command" name="should add quote with text and author" time="0.001">
    </testcase>
    <testcase classname="Quote Management Commands › add-quote command" name="should validate quote text length" time="0.001">
    </testcase>
    <testcase classname="Quote Management Commands › add-quote command" name="should reject quote that is too long" time="0.001">
    </testcase>
    <testcase classname="Quote Management Commands › add-quote command" name="should validate author name" time="0.001">
    </testcase>
    <testcase classname="Quote Management Commands › add-quote command" name="should reject invalid author name" time="0.001">
    </testcase>
    <testcase classname="Quote Management Commands › add-quote command" name="should trim whitespace from quote and author" time="0.001">
    </testcase>
    <testcase classname="Quote Management Commands › add-quote command" name="should return quote ID on success" time="0.001">
    </testcase>
    <testcase classname="Quote Management Commands › add-quote command" name="should confirm quote added in response" time="0.001">
    </testcase>
    <testcase classname="Quote Management Commands › add-quote command" name="should handle slash command options" time="0">
    </testcase>
    <testcase classname="Quote Management Commands › add-quote command" name="should handle prefix command args" time="0">
    </testcase>
    <testcase classname="Quote Management Commands › add-quote command" name="should provide helpful error messages" time="0.001">
    </testcase>
    <testcase classname="Quote Management Commands › delete-quote command" name="should delete quote by ID" time="0.001">
    </testcase>
    <testcase classname="Quote Management Commands › delete-quote command" name="should validate quote exists before deletion" time="0.001">
    </testcase>
    <testcase classname="Quote Management Commands › delete-quote command" name="should handle deletion of non-existent quote" time="0.001">
    </testcase>
    <testcase classname="Quote Management Commands › delete-quote command" name="should require valid quote ID" time="0.001">
    </testcase>
    <testcase classname="Quote Management Commands › delete-quote command" name="should confirm deletion in response" time="0">
    </testcase>
    <testcase classname="Quote Management Commands › delete-quote command" name="should prevent deletion without permission" time="0.001">
    </testcase>
    <testcase classname="Quote Management Commands › delete-quote command" name="should work with slash command" time="0.001">
    </testcase>
    <testcase classname="Quote Management Commands › delete-quote command" name="should work with prefix command" time="0.001">
    </testcase>
    <testcase classname="Quote Management Commands › delete-quote command" name="should handle cascade deletion (remove ratings, tags)" time="0">
    </testcase>
    <testcase classname="Quote Management Commands › update-quote command" name="should update quote text" time="0">
    </testcase>
    <testcase classname="Quote Management Commands › update-quote command" name="should update quote author" time="0.001">
    </testcase>
    <testcase classname="Quote Management Commands › update-quote command" name="should validate updated quote text" time="0.001">
    </testcase>
    <testcase classname="Quote Management Commands › update-quote command" name="should validate updated author" time="0.001">
    </testcase>
    <testcase classname="Quote Management Commands › update-quote command" name="should confirm update in response" time="0.001">
    </testcase>
    <testcase classname="Quote Management Commands › update-quote command" name="should handle update of non-existent quote" time="0">
    </testcase>
    <testcase classname="Quote Management Commands › update-quote command" name="should work with slash command" time="0">
    </testcase>
    <testcase classname="Quote Management Commands › update-quote command" name="should work with prefix command" time="0.001">
    </testcase>
    <testcase classname="Quote Management Commands › update-quote command" name="should preserve quote metadata during update" time="0.001">
    </testcase>
    <testcase classname="Quote Management Commands › list-quotes command" name="should list all quotes from guild" time="0.001">
    </testcase>
    <testcase classname="Quote Management Commands › list-quotes command" name="should show pagination controls" time="0.001">
    </testcase>
    <testcase classname="Quote Management Commands › list-quotes command" name="should format quotes as numbered list" time="0">
    </testcase>
    <testcase classname="Quote Management Commands › list-quotes command" name="should handle empty guild" time="0.001">
    </testcase>
    <testcase classname="Quote Management Commands › list-quotes command" name="should support filtering by author" time="0.001">
    </testcase>
    <testcase classname="Quote Management Commands › list-quotes command" name="should support pagination" time="0.001">
    </testcase>
    <testcase classname="Quote Management Commands › list-quotes command" name="should work with prefix command" time="0.001">
    </testcase>
    <testcase classname="Quote Management Commands › list-quotes command" name="should work with slash command" time="0">
    </testcase>
    <testcase classname="Quote Management Commands › list-quotes command" name="should show quote count" time="0">
    </testcase>
    <testcase classname="Quote Management Commands › quote command" name="should get quote by ID" time="0.001">
    </testcase>
    <testcase classname="Quote Management Commands › quote command" name="should display quote as embed" time="0.001">
    </testcase>
    <testcase classname="Quote Management Commands › quote command" name="should handle non-existent quote" time="0.001">
    </testcase>
    <testcase classname="Quote Management Commands › quote command" name="should show error for invalid quote ID" time="0.001">
    </testcase>
    <testcase classname="Quote Management Commands › quote command" name="should work with slash command" time="0">
    </testcase>
    <testcase classname="Quote Management Commands › quote command" name="should work with prefix command" time="0.001">
    </testcase>
    <testcase classname="Quote Management Commands › quote command" name="should display rating if available" time="0.001">
    </testcase>
    <testcase classname="Quote Management Commands › quote command" name="should display tags if available" time="0.001">
    </testcase>
    <testcase classname="Quote Management Commands › Guild Context &amp; Permissions" name="should isolate quotes by guild" time="0.001">
    </testcase>
    <testcase classname="Quote Management Commands › Guild Context &amp; Permissions" name="should require minimum tier for add-quote" time="0">
    </testcase>
    <testcase classname="Quote Management Commands › Guild Context &amp; Permissions" name="should require minimum tier for delete-quote" time="0.001">
    </testcase>
    <testcase classname="Quote Management Commands › Guild Context &amp; Permissions" name="should require minimum tier for update-quote" time="0.001">
    </testcase>
    <testcase classname="Quote Management Commands › Guild Context &amp; Permissions" name="should allow all tiers to view quotes" time="0.001">
    </testcase>
    <testcase classname="Quote Management Commands › Error Handling &amp; Validation" name="should handle missing guildId" time="0.001">
    </testcase>
    <testcase classname="Quote Management Commands › Error Handling &amp; Validation" name="should handle database errors gracefully" time="0">
    </testcase>
    <testcase classname="Quote Management Commands › Error Handling &amp; Validation" name="should provide user-friendly error messages" time="0">
    </testcase>
    <testcase classname="Quote Management Commands › Error Handling &amp; Validation" name="should sanitize input to prevent injection" time="0.001">
    </testcase>
  </testsuite>
  <testsuite name="Phase 8B: User Preference &amp; Admin Commands" errors="0" failures="0" skipped="0" timestamp="2026-06-29T10:38:44" time="0.06" tests="46">
    <testcase classname="Phase 8B: User Preference &amp; Admin Commands › User Preference Commands › opt-in command" name="should opt user into communications" time="0.001">
    </testcase>
    <testcase classname="Phase 8B: User Preference &amp; Admin Commands › User Preference Commands › opt-in command" name="should handle already opted-in user" time="0.001">
    </testcase>
    <testcase classname="Phase 8B: User Preference &amp; Admin Commands › User Preference Commands › opt-in command" name="should create preference entry if not exists" time="0.001">
    </testcase>
    <testcase classname="Phase 8B: User Preference &amp; Admin Commands › User Preference Commands › opt-in command" name="should send confirmation message to user" time="0.001">
    </testcase>
    <testcase classname="Phase 8B: User Preference &amp; Admin Commands › User Preference Commands › opt-in command" name="should store opt-in timestamp" time="0.001">
    </testcase>
    <testcase classname="Phase 8B: User Preference &amp; Admin Commands › User Preference Commands › opt-out command" name="should opt user out of communications" time="0.001">
    </testcase>
    <testcase classname="Phase 8B: User Preference &amp; Admin Commands › User Preference Commands › opt-out command" name="should handle already opted-out user" time="0.001">
    </testcase>
    <testcase classname="Phase 8B: User Preference &amp; Admin Commands › User Preference Commands › opt-out command" name="should mark user as opted out in preferences" time="0.001">
    </testcase>
    <testcase classname="Phase 8B: User Preference &amp; Admin Commands › User Preference Commands › opt-out command" name="should confirm opt-out action" time="0">
    </testcase>
    <testcase classname="Phase 8B: User Preference &amp; Admin Commands › User Preference Commands › comm-status command" name="should return opt-in status" time="0">
    </testcase>
    <testcase classname="Phase 8B: User Preference &amp; Admin Commands › User Preference Commands › comm-status command" name="should handle no preference set" time="0.001">
    </testcase>
    <testcase classname="Phase 8B: User Preference &amp; Admin Commands › User Preference Commands › comm-status command" name="should show last update timestamp" time="0.001">
    </testcase>
    <testcase classname="Phase 8B: User Preference &amp; Admin Commands › User Preference Commands › comm-status command" name="should list all guild preferences for user" time="0.001">
    </testcase>
    <testcase classname="Phase 8B: User Preference &amp; Admin Commands › User Preference Commands › opt-in-request command" name="should create opt-in request" time="0.001">
    </testcase>
    <testcase classname="Phase 8B: User Preference &amp; Admin Commands › User Preference Commands › opt-in-request command" name="should send request to guild admins" time="0">
    </testcase>
    <testcase classname="Phase 8B: User Preference &amp; Admin Commands › User Preference Commands › opt-in-request command" name="should track request approval" time="0">
    </testcase>
    <testcase classname="Phase 8B: User Preference &amp; Admin Commands › User Preference Commands › opt-in-request command" name="should reject opt-in requests" time="0.001">
    </testcase>
    <testcase classname="Phase 8B: User Preference &amp; Admin Commands › Admin Commands › Admin permission checking" name="should verify admin permissions" time="0.001">
    </testcase>
    <testcase classname="Phase 8B: User Preference &amp; Admin Commands › Admin Commands › Admin permission checking" name="should reject non-admin users" time="0.001">
    </testcase>
    <testcase classname="Phase 8B: User Preference &amp; Admin Commands › Admin Commands › Admin permission checking" name="should check guild ownership" time="0">
    </testcase>
    <testcase classname="Phase 8B: User Preference &amp; Admin Commands › Admin Commands › Admin permission checking" name="should support tiered admin levels" time="0">
    </testcase>
    <testcase classname="Phase 8B: User Preference &amp; Admin Commands › Admin Commands › Guild configuration" name="should update guild prefix" time="0.001">
    </testcase>
    <testcase classname="Phase 8B: User Preference &amp; Admin Commands › Admin Commands › Guild configuration" name="should get guild configuration" time="0.001">
    </testcase>
    <testcase classname="Phase 8B: User Preference &amp; Admin Commands › Admin Commands › Guild configuration" name="should set guild language" time="0.001">
    </testcase>
    <testcase classname="Phase 8B: User Preference &amp; Admin Commands › Admin Commands › Guild configuration" name="should manage guild roles" time="0">
    </testcase>
    <testcase classname="Phase 8B: User Preference &amp; Admin Commands › Admin Commands › Guild configuration" name="should purge guild data if authorized" time="0">
    </testcase>
    <testcase classname="Phase 8B: User Preference &amp; Admin Commands › Admin Commands › User management" name="should ban user from guild" time="0.001">
    </testcase>
    <testcase classname="Phase 8B: User Preference &amp; Admin Commands › Admin Commands › User management" name="should unban user from guild" time="0.001">
    </testcase>
    <testcase classname="Phase 8B: User Preference &amp; Admin Commands › Admin Commands › User management" name="should list banned users" time="0.001">
    </testcase>
    <testcase classname="Phase 8B: User Preference &amp; Admin Commands › Admin Commands › User management" name="should warn user" time="0.001">
    </testcase>
    <testcase classname="Phase 8B: User Preference &amp; Admin Commands › Admin Commands › User management" name="should kick user from guild" time="0">
    </testcase>
    <testcase classname="Phase 8B: User Preference &amp; Admin Commands › Miscellaneous Commands › hi command" name="should greet user" time="0">
    </testcase>
    <testcase classname="Phase 8B: User Preference &amp; Admin Commands › Miscellaneous Commands › hi command" name="should vary greeting messages" time="0.001">
    </testcase>
    <testcase classname="Phase 8B: User Preference &amp; Admin Commands › Miscellaneous Commands › ping command" name="should respond to ping" time="0.001">
    </testcase>
    <testcase classname="Phase 8B: User Preference &amp; Admin Commands › Miscellaneous Commands › ping command" name="should include bot latency" time="0.001">
    </testcase>
    <testcase classname="Phase 8B: User Preference &amp; Admin Commands › Miscellaneous Commands › help command" name="should list available commands" time="0.001">
    </testcase>
    <testcase classname="Phase 8B: User Preference &amp; Admin Commands › Miscellaneous Commands › help command" name="should show help for specific command" time="0">
    </testcase>
    <testcase classname="Phase 8B: User Preference &amp; Admin Commands › Miscellaneous Commands › help command" name="should show usage examples" time="0.001">
    </testcase>
    <testcase classname="Phase 8B: User Preference &amp; Admin Commands › Miscellaneous Commands › poem command" name="should generate poem via HuggingFace" time="0.001">
    </testcase>
    <testcase classname="Phase 8B: User Preference &amp; Admin Commands › Miscellaneous Commands › poem command" name="should handle missing prompt gracefully" time="0.001">
    </testcase>
    <testcase classname="Phase 8B: User Preference &amp; Admin Commands › Miscellaneous Commands › poem command" name="should apply optional style filter" time="0">
    </testcase>
    <testcase classname="Phase 8B: User Preference &amp; Admin Commands › Admin &amp; User Preference Integration" name="should enforce admin-only commands" time="0">
    </testcase>
    <testcase classname="Phase 8B: User Preference &amp; Admin Commands › Admin &amp; User Preference Integration" name="should maintain audit log for admin actions" time="0.001">
    </testcase>
    <testcase classname="Phase 8B: User Preference &amp; Admin Commands › Admin &amp; User Preference Integration" name="should respect user preferences in admin notifications" time="0.001">
    </testcase>
    <testcase classname="Phase 8B: User Preference &amp; Admin Commands › Admin &amp; User Preference Integration" name="should track user command usage" time="0.001">
    </testcase>
    <testcase classname="Phase 8B: User Preference &amp; Admin Commands › Admin &amp; User Preference Integration" name="should support bulk admin operations" time="0">
    </testcase>
  </testsuite>
  <testsuite name="Setup-CI-Pipeline Script Enhancement" errors="0" failures="0" skipped="0" timestamp="2026-06-29T10:38:44" time="0.079" tests="52">
    <testcase classname="Setup-CI-Pipeline Script Enhancement › Dry-Run Mode" name="should detect dry-run flag from command line" time="0.001">
    </testcase>
    <testcase classname="Setup-CI-Pipeline Script Enhancement › Dry-Run Mode" name="should not write files in dry-run mode" time="0.001">
    </testcase>
    <testcase classname="Setup-CI-Pipeline Script Enhancement › Dry-Run Mode" name="should indicate dry-run in output messages" time="0.001">
    </testcase>
    <testcase classname="Setup-CI-Pipeline Script Enhancement › Dry-Run Mode" name="should display preview of changes in dry-run mode" time="0.001">
    </testcase>
    <testcase classname="Setup-CI-Pipeline Script Enhancement › Flag Parsing" name="should parse --init flag correctly" time="0">
    </testcase>
    <testcase classname="Setup-CI-Pipeline Script Enhancement › Flag Parsing" name="should parse --validate flag correctly" time="0">
    </testcase>
    <testcase classname="Setup-CI-Pipeline Script Enhancement › Flag Parsing" name="should parse --help flag correctly" time="0.001">
    </testcase>
    <testcase classname="Setup-CI-Pipeline Script Enhancement › Flag Parsing" name="should support multiple flags together" time="0.001">
    </testcase>
    <testcase classname="Setup-CI-Pipeline Script Enhancement › Flag Parsing" name="should handle --validate with --dry-run" time="0.001">
    </testcase>
    <testcase classname="Setup-CI-Pipeline Script Enhancement › Workflow File Creation" name="should define test workflow path" time="0.001">
    </testcase>
    <testcase classname="Setup-CI-Pipeline Script Enhancement › Workflow File Creation" name="should define coverage workflow path" time="0.001">
    </testcase>
    <testcase classname="Setup-CI-Pipeline Script Enhancement › Workflow File Creation" name="should create workflows directory structure" time="0.001">
    </testcase>
    <testcase classname="Setup-CI-Pipeline Script Enhancement › Workflow File Creation" name="should have proper directory permissions for workflows" time="0.001">
    </testcase>
    <testcase classname="Setup-CI-Pipeline Script Enhancement › Package.json Updates" name="should identify npm scripts to add" time="0">
    </testcase>
    <testcase classname="Setup-CI-Pipeline Script Enhancement › Package.json Updates" name="should preserve existing scripts" time="0">
    </testcase>
    <testcase classname="Setup-CI-Pipeline Script Enhancement › Package.json Updates" name="should track updated scripts count" time="0.001">
    </testcase>
    <testcase classname="Setup-CI-Pipeline Script Enhancement › Package.json Updates" name="should skip scripts that already exist" time="0.001">
    </testcase>
    <testcase classname="Setup-CI-Pipeline Script Enhancement › Configuration Files" name="should define .nycrc.json path" time="0.001">
    </testcase>
    <testcase classname="Setup-CI-Pipeline Script Enhancement › Configuration Files" name="should configure coverage thresholds" time="0.001">
    </testcase>
    <testcase classname="Setup-CI-Pipeline Script Enhancement › Configuration Files" name="should set proper coverage reporters" time="0.001">
    </testcase>
    <testcase classname="Setup-CI-Pipeline Script Enhancement › Configuration Files" name="should configure coverage report directory" time="0.001">
    </testcase>
    <testcase classname="Setup-CI-Pipeline Script Enhancement › Error Handling" name="should catch file system errors" time="0.001">
    </testcase>
    <testcase classname="Setup-CI-Pipeline Script Enhancement › Error Handling" name="should handle permission errors" time="0">
    </testcase>
    <testcase classname="Setup-CI-Pipeline Script Enhancement › Error Handling" name="should log errors with context" time="0">
    </testcase>
    <testcase classname="Setup-CI-Pipeline Script Enhancement › Error Handling" name="should handle JSON parsing errors" time="0.001">
    </testcase>
    <testcase classname="Setup-CI-Pipeline Script Enhancement › Error Handling" name="should handle file write failures gracefully" time="0.001">
    </testcase>
    <testcase classname="Setup-CI-Pipeline Script Enhancement › Helper Functions" name="should have info() for informational messages" time="0.001">
    </testcase>
    <testcase classname="Setup-CI-Pipeline Script Enhancement › Helper Functions" name="should have success() for success messages" time="0.01">
    </testcase>
    <testcase classname="Setup-CI-Pipeline Script Enhancement › Helper Functions" name="should have warn() for warning messages" time="0.001">
    </testcase>
    <testcase classname="Setup-CI-Pipeline Script Enhancement › Helper Functions" name="should support ANSI color formatting" time="0.001">
    </testcase>
    <testcase classname="Setup-CI-Pipeline Script Enhancement › Execution Flow" name="should handle --init command execution" time="0.001">
    </testcase>
    <testcase classname="Setup-CI-Pipeline Script Enhancement › Execution Flow" name="should handle --validate command execution" time="0">
    </testcase>
    <testcase classname="Setup-CI-Pipeline Script Enhancement › Execution Flow" name="should return exit code 0 on success" time="0.001">
    </testcase>
    <testcase classname="Setup-CI-Pipeline Script Enhancement › Execution Flow" name="should return exit code 1 on error" time="0.001">
    </testcase>
    <testcase classname="Setup-CI-Pipeline Script Enhancement › Execution Flow" name="should handle promise rejections" time="0.001">
    </testcase>
    <testcase classname="Setup-CI-Pipeline Script Enhancement › Execution Flow" name="should clean up resources on exit" time="0.001">
    </testcase>
    <testcase classname="Setup-CI-Pipeline Script Enhancement › Workflow Content" name="should include test workflow name" time="0.001">
    </testcase>
    <testcase classname="Setup-CI-Pipeline Script Enhancement › Workflow Content" name="should include coverage workflow name" time="0">
    </testcase>
    <testcase classname="Setup-CI-Pipeline Script Enhancement › Workflow Content" name="should trigger on push events" time="0">
    </testcase>
    <testcase classname="Setup-CI-Pipeline Script Enhancement › Workflow Content" name="should trigger on pull request events" time="0.001">
    </testcase>
    <testcase classname="Setup-CI-Pipeline Script Enhancement › Workflow Content" name="should run on multiple Node versions" time="0.001">
    </testcase>
    <testcase classname="Setup-CI-Pipeline Script Enhancement › Workflow Content" name="should include dependency installation step" time="0.001">
    </testcase>
    <testcase classname="Setup-CI-Pipeline Script Enhancement › Workflow Content" name="should include linting step" time="0.001">
    </testcase>
    <testcase classname="Setup-CI-Pipeline Script Enhancement › Workflow Content" name="should include test execution step" time="0.001">
    </testcase>
    <testcase classname="Setup-CI-Pipeline Script Enhancement › Validation" name="should verify workflow files exist" time="0.001">
    </testcase>
    <testcase classname="Setup-CI-Pipeline Script Enhancement › Validation" name="should verify package.json has required scripts" time="0.001">
    </testcase>
    <testcase classname="Setup-CI-Pipeline Script Enhancement › Validation" name="should verify configuration files are valid JSON" time="0">
    </testcase>
    <testcase classname="Setup-CI-Pipeline Script Enhancement › Validation" name="should check for required directories" time="0">
    </testcase>
    <testcase classname="Setup-CI-Pipeline Script Enhancement › Integration" name="should coordinate multiple setup steps" time="0.001">
    </testcase>
    <testcase classname="Setup-CI-Pipeline Script Enhancement › Integration" name="should continue on recoverable errors" time="0.001">
    </testcase>
    <testcase classname="Setup-CI-Pipeline Script Enhancement › Integration" name="should stop on critical errors" time="0.001">
    </testcase>
    <testcase classname="Setup-CI-Pipeline Script Enhancement › Integration" name="should report summary of completed actions" time="0.001">
    </testcase>
  </testsuite>
  <testsuite name="Quote Service" errors="0" failures="0" skipped="0" timestamp="2026-06-29T10:38:44" time="0.067" tests="55">
    <testcase classname="Quote Service › addQuote()" name="should add a quote with text and author" time="0.001">
    </testcase>
    <testcase classname="Quote Service › addQuote()" name="should add a quote with default Anonymous author" time="0">
    </testcase>
    <testcase classname="Quote Service › addQuote()" name="should require guild ID" time="0.001">
    </testcase>
    <testcase classname="Quote Service › addQuote()" name="should require quote text" time="0.001">
    </testcase>
    <testcase classname="Quote Service › addQuote()" name="should enforce guild isolation" time="0.001">
    </testcase>
    <testcase classname="Quote Service › addQuote()" name="should return sequential IDs" time="0.001">
    </testcase>
    <testcase classname="Quote Service › getAllQuotes()" name="should return empty array for guild with no quotes" time="0">
    </testcase>
    <testcase classname="Quote Service › getAllQuotes()" name="should return all quotes for guild" time="0">
    </testcase>
    <testcase classname="Quote Service › getAllQuotes()" name="should return only guild-specific quotes" time="0.001">
    </testcase>
    <testcase classname="Quote Service › getAllQuotes()" name="should require guild ID" time="0.001">
    </testcase>
    <testcase classname="Quote Service › getQuoteById()" name="should return quote by ID" time="0">
    </testcase>
    <testcase classname="Quote Service › getQuoteById()" name="should return null for non-existent quote" time="0.001">
    </testcase>
    <testcase classname="Quote Service › getQuoteById()" name="should enforce guild isolation for ID lookup" time="0.001">
    </testcase>
    <testcase classname="Quote Service › getQuoteById()" name="should require guild ID" time="0">
    </testcase>
    <testcase classname="Quote Service › getRandomQuote()" name="should return null for guild with no quotes" time="0">
    </testcase>
    <testcase classname="Quote Service › getRandomQuote()" name="should return a random quote" time="0.001">
    </testcase>
    <testcase classname="Quote Service › getRandomQuote()" name="should return a quote from same guild" time="0.001">
    </testcase>
    <testcase classname="Quote Service › getRandomQuote()" name="should require guild ID" time="0">
    </testcase>
    <testcase classname="Quote Service › searchQuotes()" name="should find quotes by text match" time="0.001">
    </testcase>
    <testcase classname="Quote Service › searchQuotes()" name="should find quotes by author match" time="0.001">
    </testcase>
    <testcase classname="Quote Service › searchQuotes()" name="should be case-insensitive" time="0.001">
    </testcase>
    <testcase classname="Quote Service › searchQuotes()" name="should return empty array for no matches" time="0">
    </testcase>
    <testcase classname="Quote Service › searchQuotes()" name="should enforce guild isolation in search" time="0.001">
    </testcase>
    <testcase classname="Quote Service › updateQuote()" name="should update quote text and author" time="0.001">
    </testcase>
    <testcase classname="Quote Service › updateQuote()" name="should return false for non-existent quote" time="0.001">
    </testcase>
    <testcase classname="Quote Service › updateQuote()" name="should enforce guild isolation for update" time="0">
    </testcase>
    <testcase classname="Quote Service › updateQuote()" name="should require guild ID" time="0.001">
    </testcase>
    <testcase classname="Quote Service › deleteQuote()" name="should delete a quote" time="0.001">
    </testcase>
    <testcase classname="Quote Service › deleteQuote()" name="should return false for non-existent quote" time="0">
    </testcase>
    <testcase classname="Quote Service › deleteQuote()" name="should enforce guild isolation for delete" time="0">
    </testcase>
    <testcase classname="Quote Service › getQuoteCount()" name="should return 0 for new guild" time="0.001">
    </testcase>
    <testcase classname="Quote Service › getQuoteCount()" name="should return correct quote count" time="0.001">
    </testcase>
    <testcase classname="Quote Service › getQuoteCount()" name="should count only guild-specific quotes" time="0">
    </testcase>
    <testcase classname="Quote Service › Quote Rating" name="rateQuote should accept 1-5 ratings" time="0.001">
    </testcase>
    <testcase classname="Quote Service › Quote Rating" name="rateQuote should reject invalid ratings" time="0.001">
    </testcase>
    <testcase classname="Quote Service › Quote Rating" name="getQuoteRating should return rating info" time="0.001">
    </testcase>
    <testcase classname="Quote Service › Quote Tagging" name="tagQuote should add tag to quote" time="0">
    </testcase>
    <testcase classname="Quote Service › Quote Tagging" name="getQuotesByTag should return tagged quotes" time="0.001">
    </testcase>
    <testcase classname="Quote Service › Quote Export" name="exportGuildData should include quotes and metadata" time="0.001">
    </testcase>
    <testcase classname="Quote Service › Quote Export" name="exportAsJson should return valid JSON" time="0.001">
    </testcase>
    <testcase classname="Quote Service › Quote Export" name="exportAsCSV should return CSV format" time="0">
    </testcase>
    <testcase classname="Quote Service › Quote Export" name="exportAsJson with custom quotes parameter" time="0.001">
    </testcase>
    <testcase classname="Quote Service › getGuildStatistics()" name="should return statistics for new guild" time="0.001">
    </testcase>
    <testcase classname="Quote Service › getGuildStatistics()" name="should return correct statistics" time="0.001">
    </testcase>
    <testcase classname="Quote Service › deleteGuildData()" name="should delete all guild data" time="0">
    </testcase>
    <testcase classname="Quote Service › deleteGuildData()" name="should return false for non-existent guild" time="0.001">
    </testcase>
    <testcase classname="Quote Service › deleteGuildData()" name="should not affect other guilds" time="0.001">
    </testcase>
    <testcase classname="Quote Service › Integration - Complete Workflows" name="should handle complete quote lifecycle" time="0.001">
    </testcase>
    <testcase classname="Quote Service › Integration - Complete Workflows" name="should handle search and export workflow" time="0">
    </testcase>
    <testcase classname="Quote Service › Integration - Complete Workflows" name="should maintain guild isolation across operations" time="0.001">
    </testcase>
    <testcase classname="Quote Service › Edge Cases" name="should handle empty string search" time="0.001">
    </testcase>
    <testcase classname="Quote Service › Edge Cases" name="should handle very long quote text" time="0">
    </testcase>
    <testcase classname="Quote Service › Edge Cases" name="should handle special characters in search" time="0">
    </testcase>
    <testcase classname="Quote Service › Edge Cases" name="should handle unicode characters" time="0.001">
    </testcase>
    <testcase classname="Quote Service › Edge Cases" name="should handle rapid sequential operations" time="0.001">
    </testcase>
  </testsuite>
  <testsuite name="WebhookListenerService" errors="0" failures="0" skipped="0" timestamp="2026-06-29T10:38:44" time="0.065" tests="54">
    <testcase classname="WebhookListenerService › processIncomingMessage()" name="should successfully process valid webhook message" time="0.001">
    </testcase>
    <testcase classname="WebhookListenerService › processIncomingMessage()" name="should fail when channel ID is missing" time="0.001">
    </testcase>
    <testcase classname="WebhookListenerService › processIncomingMessage()" name="should fail when both content and embed are missing" time="0.001">
    </testcase>
    <testcase classname="WebhookListenerService › processIncomingMessage()" name="should fail when channel does not exist" time="0.001">
    </testcase>
    <testcase classname="WebhookListenerService › processIncomingMessage()" name="should track statistics on successful message processing" time="0">
    </testcase>
    <testcase classname="WebhookListenerService › processIncomingMessage()" name="should track statistics on failed message processing" time="0">
    </testcase>
    <testcase classname="WebhookListenerService › registerWebhookListener()" name="should register a webhook listener" time="0.001">
    </testcase>
    <testcase classname="WebhookListenerService › registerWebhookListener()" name="should handle multiple webhook registrations" time="0.001">
    </testcase>
    <testcase classname="WebhookListenerService › unregisterWebhookListener()" name="should unregister a webhook listener" time="0">
    </testcase>
    <testcase classname="WebhookListenerService › unregisterWebhookListener()" name="should return false when unregistering non-existent webhook" time="0">
    </testcase>
    <testcase classname="WebhookListenerService › validateIncomingPayload()" name="should validate correct payload structure" time="0.001">
    </testcase>
    <testcase classname="WebhookListenerService › validateIncomingPayload()" name="should reject payload with invalid structure" time="0.001">
    </testcase>
    <testcase classname="WebhookListenerService › validateIncomingPayload()" name="should track validation statistics" time="0">
    </testcase>
    <testcase classname="ProxyConfigService › setWebhookUrl()" name="should set webhook URL" time="0.001">
    </testcase>
    <testcase classname="ProxyConfigService › setWebhookUrl()" name="should reject invalid URL" time="0.001">
    </testcase>
    <testcase classname="ProxyConfigService › setWebhookUrl()" name="should track configuration set count" time="0.001">
    </testcase>
    <testcase classname="ProxyConfigService › getWebhookUrl()" name="should retrieve webhook URL" time="0">
    </testcase>
    <testcase classname="ProxyConfigService › getWebhookUrl()" name="should return null when URL not set" time="0.001">
    </testcase>
    <testcase classname="ProxyConfigService › setWebhookToken()" name="should set webhook token" time="0.001">
    </testcase>
    <testcase classname="ProxyConfigService › setWebhookToken()" name="should reject null token" time="0.001">
    </testcase>
    <testcase classname="ProxyConfigService › setWebhookToken()" name="should encrypt token during storage" time="0">
    </testcase>
    <testcase classname="ProxyConfigService › getWebhookToken()" name="should retrieve webhook token" time="0.001">
    </testcase>
    <testcase classname="ProxyConfigService › setMonitoredChannels()" name="should set monitored channels array" time="0.001">
    </testcase>
    <testcase classname="ProxyConfigService › setMonitoredChannels()" name="should reject non-array input" time="0.001">
    </testcase>
    <testcase classname="ProxyConfigService › setMonitoredChannels()" name="should handle empty channels array" time="0">
    </testcase>
    <testcase classname="ProxyConfigService › getMonitoredChannels()" name="should retrieve monitored channels" time="0.001">
    </testcase>
    <testcase classname="ProxyConfigService › getMonitoredChannels()" name="should return empty array when no channels set" time="0.001">
    </testcase>
    <testcase classname="ProxyConfigService › deleteConfig()" name="should delete configuration entry" time="0">
    </testcase>
    <testcase classname="ProxyConfigService › deleteConfig()" name="should handle deletion of non-existent config" time="0">
    </testcase>
    <testcase classname="ProxyConfigService › validateProxyConfig()" name="should validate complete proxy configuration" time="0.001">
    </testcase>
    <testcase classname="ProxyConfigService › validateProxyConfig()" name="should reject incomplete proxy configuration" time="0.001">
    </testcase>
    <testcase classname="ProxyConfigService › validateProxyConfig()" name="should require all three components for validity" time="0">
    </testcase>
    <testcase classname="WebhookProxyService › registerWebhookProxy()" name="should register webhook proxy with valid parameters" time="0">
    </testcase>
    <testcase classname="WebhookProxyService › registerWebhookProxy()" name="should reject when missing webhook ID" time="0.001">
    </testcase>
    <testcase classname="WebhookProxyService › registerWebhookProxy()" name="should reject when missing target URL" time="0.001">
    </testcase>
    <testcase classname="WebhookProxyService › registerWebhookProxy()" name="should reject when missing secret" time="0.001">
    </testcase>
    <testcase classname="WebhookProxyService › registerWebhookProxy()" name="should handle multiple proxy registrations" time="0">
    </testcase>
    <testcase classname="WebhookProxyService › forwardWebhookPayload()" name="should forward webhook payload successfully" time="0.001">
    </testcase>
    <testcase classname="WebhookProxyService › forwardWebhookPayload()" name="should reject when webhook ID is missing" time="0.001">
    </testcase>
    <testcase classname="WebhookProxyService › forwardWebhookPayload()" name="should reject when payload is missing" time="0.001">
    </testcase>
    <testcase classname="WebhookProxyService › forwardWebhookPayload()" name="should track failed forwards" time="0">
    </testcase>
    <testcase classname="WebhookProxyService › forwardWebhookPayload()" name="should store payload with timestamp" time="0.001">
    </testcase>
    <testcase classname="WebhookProxyService › validateProxyTarget()" name="should validate correct proxy target" time="0.001">
    </testcase>
    <testcase classname="WebhookProxyService › validateProxyTarget()" name="should reject target missing URL" time="0.001">
    </testcase>
    <testcase classname="WebhookProxyService › validateProxyTarget()" name="should reject target missing secret" time="0">
    </testcase>
    <testcase classname="WebhookProxyService › validateProxyTarget()" name="should reject target missing channel ID" time="0.001">
    </testcase>
    <testcase classname="WebhookProxyService › validateProxyTarget()" name="should accumulate all validation errors" time="0.001">
    </testcase>
    <testcase classname="WebhookProxyService › getProxyStatus()" name="should return proxy status with forward count" time="0">
    </testcase>
    <testcase classname="WebhookProxyService › getProxyStatus()" name="should show zero forwards for unforwarded webhook" time="0">
    </testcase>
    <testcase classname="WebhookProxyService › getProxyStatus()" name="should track forwards per webhook independently" time="0.001">
    </testcase>
    <testcase classname="Webhook Services Integration" name="should handle complete webhook flow: register, forward, verify" time="0.001">
    </testcase>
    <testcase classname="Webhook Services Integration" name="should handle concurrent webhook processing" time="0.001">
    </testcase>
    <testcase classname="Webhook Services Integration" name="should handle configuration validation across services" time="0.001">
    </testcase>
    <testcase classname="Webhook Services Integration" name="should track statistics across multiple operations" time="0.001">
    </testcase>
  </testsuite>
  <testsuite name="Misc Commands" errors="0" failures="0" skipped="0" timestamp="2026-06-29T10:38:44" time="0.073" tests="46">
    <testcase classname="Misc Commands › ping command" name="should respond to slash command with pong and latency" time="0.001">
    </testcase>
    <testcase classname="Misc Commands › ping command" name="should respond to prefix command with pong" time="0.001">
    </testcase>
    <testcase classname="Misc Commands › ping command" name="should extract latency from client websocket" time="0.001">
    </testcase>
    <testcase classname="Misc Commands › ping command" name="should handle missing client.ws gracefully" time="0.001">
    </testcase>
    <testcase classname="Misc Commands › ping command" name="should work with interaction reply method" time="0.001">
    </testcase>
    <testcase classname="Misc Commands › ping command" name="should work with message channel send method" time="0.001">
    </testcase>
    <testcase classname="Misc Commands › ping command" name="should work with message reply method" time="0.001">
    </testcase>
    <testcase classname="Misc Commands › hi command" name="should greet with default name when no argument provided" time="0.001">
    </testcase>
    <testcase classname="Misc Commands › hi command" name="should greet with provided name" time="0">
    </testcase>
    <testcase classname="Misc Commands › hi command" name="should handle special characters in name" time="0">
    </testcase>
    <testcase classname="Misc Commands › hi command" name="should trim whitespace from name" time="0.001">
    </testcase>
    <testcase classname="Misc Commands › hi command" name="should work with slash command using options.getString" time="0.001">
    </testcase>
    <testcase classname="Misc Commands › hi command" name="should work with prefix command using args array" time="0.001">
    </testcase>
    <testcase classname="Misc Commands › hi command" name="should handle multiple word names with prefix command" time="0">
    </testcase>
    <testcase classname="Misc Commands › hi command" name="should format response correctly for interaction reply" time="0.001">
    </testcase>
    <testcase classname="Misc Commands › hi command" name="should format response correctly for message channel" time="0.001">
    </testcase>
    <testcase classname="Misc Commands › help command" name="should list all command categories" time="0.001">
    </testcase>
    <testcase classname="Misc Commands › help command" name="should include command descriptions" time="0.001">
    </testcase>
    <testcase classname="Misc Commands › help command" name="should group commands by category" time="0">
    </testcase>
    <testcase classname="Misc Commands › help command" name="should show usage for each command" time="0">
    </testcase>
    <testcase classname="Misc Commands › help command" name="should handle specific command help request" time="0.001">
    </testcase>
    <testcase classname="Misc Commands › help command" name="should return error for unknown command" time="0.001">
    </testcase>
    <testcase classname="Misc Commands › help command" name="should format help as embed for interaction" time="0.001">
    </testcase>
    <testcase classname="Misc Commands › poem command" name="should fetch poem from HuggingFace API" time="0.001">
    </testcase>
    <testcase classname="Misc Commands › poem command" name="should handle API response with poem text" time="0.001">
    </testcase>
    <testcase classname="Misc Commands › poem command" name="should format poem as response" time="0.001">
    </testcase>
    <testcase classname="Misc Commands › poem command" name="should handle API errors gracefully" time="0.001">
    </testcase>
    <testcase classname="Misc Commands › poem command" name="should check for HUGGINGFACE_API_KEY" time="0">
    </testcase>
    <testcase classname="Misc Commands › poem command" name="should return error message if API key not configured" time="0">
    </testcase>
    <testcase classname="Misc Commands › poem command" name="should work with interaction reply" time="0.002">
    </testcase>
    <testcase classname="Misc Commands › poem command" name="should work with message channel send" time="0.001">
    </testcase>
    <testcase classname="Misc Commands › poem command" name="should handle long poem text" time="0.001">
    </testcase>
    <testcase classname="Misc Commands › poem command" name="should handle special characters in poem" time="0.008">
    </testcase>
    <testcase classname="Misc Commands › Command Base Class Integration" name="should have command name" time="0.001">
    </testcase>
    <testcase classname="Misc Commands › Command Base Class Integration" name="should have command description" time="0">
    </testcase>
    <testcase classname="Misc Commands › Command Base Class Integration" name="should have execute method for prefix commands" time="0">
    </testcase>
    <testcase classname="Misc Commands › Command Base Class Integration" name="should have executeInteraction method for slash commands" time="0.001">
    </testcase>
    <testcase classname="Misc Commands › Command Base Class Integration" name="should register command with base class" time="0.001">
    </testcase>
    <testcase classname="Misc Commands › Error Handling" name="should handle missing interaction" time="0.001">
    </testcase>
    <testcase classname="Misc Commands › Error Handling" name="should handle missing message channel" time="0">
    </testcase>
    <testcase classname="Misc Commands › Error Handling" name="should fall back to reply if send not available" time="0.001">
    </testcase>
    <testcase classname="Misc Commands › Error Handling" name="should handle API response errors" time="0.001">
    </testcase>
    <testcase classname="Misc Commands › Error Handling" name="should timeout on slow API response" time="0.001">
    </testcase>
    <testcase classname="Misc Commands › Permission &amp; Visibility" name="should be visible to all tiers" time="0.001">
    </testcase>
    <testcase classname="Misc Commands › Permission &amp; Visibility" name="should be visible in help" time="0">
    </testcase>
    <testcase classname="Misc Commands › Permission &amp; Visibility" name="should allow guest users (tier 0)" time="0">
    </testcase>
  </testsuite>
  <testsuite name="Phase 17: Response Helpers" errors="0" failures="0" skipped="0" timestamp="2026-06-29T10:38:44" time="0.058" tests="57">
    <testcase classname="Phase 17: Response Helpers › Basic Response Formatting" name="should create a basic success response" time="0.001">
    </testcase>
    <testcase classname="Phase 17: Response Helpers › Basic Response Formatting" name="should create an ephemeral success response" time="0.001">
    </testcase>
    <testcase classname="Phase 17: Response Helpers › Basic Response Formatting" name="should create a basic error response" time="0">
    </testcase>
    <testcase classname="Phase 17: Response Helpers › Basic Response Formatting" name="should create an info response" time="0">
    </testcase>
    <testcase classname="Phase 17: Response Helpers › Basic Response Formatting" name="should create a warning response" time="0.001">
    </testcase>
    <testcase classname="Phase 17: Response Helpers › Basic Response Formatting" name="should add emoji to response" time="0">
    </testcase>
    <testcase classname="Phase 17: Response Helpers › Basic Response Formatting" name="should format response with code block" time="0.001">
    </testcase>
    <testcase classname="Phase 17: Response Helpers › Basic Response Formatting" name="should format response with bold text" time="0">
    </testcase>
    <testcase classname="Phase 17: Response Helpers › Basic Response Formatting" name="should format response with italic text" time="0.001">
    </testcase>
    <testcase classname="Phase 17: Response Helpers › Basic Response Formatting" name="should format response with underline text" time="0">
    </testcase>
    <testcase classname="Phase 17: Response Helpers › Embed Creation" name="should create basic embed" time="0">
    </testcase>
    <testcase classname="Phase 17: Response Helpers › Embed Creation" name="should create embed with author" time="0.001">
    </testcase>
    <testcase classname="Phase 17: Response Helpers › Embed Creation" name="should create embed with footer" time="0">
    </testcase>
    <testcase classname="Phase 17: Response Helpers › Embed Creation" name="should add fields to embed" time="0.001">
    </testcase>
    <testcase classname="Phase 17: Response Helpers › Embed Creation" name="should validate embed title length" time="0">
    </testcase>
    <testcase classname="Phase 17: Response Helpers › Embed Creation" name="should reject oversized embed title" time="0.003">
    </testcase>
    <testcase classname="Phase 17: Response Helpers › Embed Creation" name="should validate embed description length" time="0.001">
    </testcase>
    <testcase classname="Phase 17: Response Helpers › Embed Creation" name="should validate field count" time="0">
    </testcase>
    <testcase classname="Phase 17: Response Helpers › Embed Creation" name="should reject too many fields" time="0">
    </testcase>
    <testcase classname="Phase 17: Response Helpers › Embed Creation" name="should set embed timestamp" time="0.001">
    </testcase>
    <testcase classname="Phase 17: Response Helpers › Embed Creation" name="should create thumbnail for embed" time="0">
    </testcase>
    <testcase classname="Phase 17: Response Helpers › Embed Creation" name="should create image for embed" time="0.001">
    </testcase>
    <testcase classname="Phase 17: Response Helpers › Error Response Formatting" name="should format validation error" time="0">
    </testcase>
    <testcase classname="Phase 17: Response Helpers › Error Response Formatting" name="should format permission error" time="0">
    </testcase>
    <testcase classname="Phase 17: Response Helpers › Error Response Formatting" name="should format not found error" time="0.001">
    </testcase>
    <testcase classname="Phase 17: Response Helpers › Error Response Formatting" name="should format database error" time="0">
    </testcase>
    <testcase classname="Phase 17: Response Helpers › Error Response Formatting" name="should format timeout error" time="0.001">
    </testcase>
    <testcase classname="Phase 17: Response Helpers › Error Response Formatting" name="should format rate limit error" time="0">
    </testcase>
    <testcase classname="Phase 17: Response Helpers › Error Response Formatting" name="should format generic error" time="0.001">
    </testcase>
    <testcase classname="Phase 17: Response Helpers › Error Response Formatting" name="should include stack trace in error (development)" time="0">
    </testcase>
    <testcase classname="Phase 17: Response Helpers › Error Response Formatting" name="should hide stack trace in error (production)" time="0.001">
    </testcase>
    <testcase classname="Phase 17: Response Helpers › Direct Message Formatting" name="should create simple DM" time="0">
    </testcase>
    <testcase classname="Phase 17: Response Helpers › Direct Message Formatting" name="should create DM with embed" time="0.001">
    </testcase>
    <testcase classname="Phase 17: Response Helpers › Direct Message Formatting" name="should create DM with file attachment" time="0">
    </testcase>
    <testcase classname="Phase 17: Response Helpers › Direct Message Formatting" name="should validate recipient ID" time="0.001">
    </testcase>
    <testcase classname="Phase 17: Response Helpers › Direct Message Formatting" name="should reject invalid recipient ID" time="0.001">
    </testcase>
    <testcase classname="Phase 17: Response Helpers › Response Helper Utilities" name="should paginate response results" time="0">
    </testcase>
    <testcase classname="Phase 17: Response Helpers › Response Helper Utilities" name="should format list as embed fields" time="0.001">
    </testcase>
    <testcase classname="Phase 17: Response Helpers › Response Helper Utilities" name="should truncate long content for display" time="0">
    </testcase>
    <testcase classname="Phase 17: Response Helpers › Response Helper Utilities" name="should escape markdown in content" time="0.001">
    </testcase>
    <testcase classname="Phase 17: Response Helpers › Response Helper Utilities" name="should format table for display" time="0">
    </testcase>
    <testcase classname="Phase 17: Response Helpers › Response Helper Utilities" name="should color code by severity" time="0.001">
    </testcase>
    <testcase classname="Phase 17: Response Helpers › Response Helper Utilities" name="should select appropriate emoji for response type" time="0">
    </testcase>
    <testcase classname="Phase 17: Response Helpers › Response Helper Utilities" name="should handle null/undefined gracefully" time="0">
    </testcase>
    <testcase classname="Phase 17: Response Helpers › Response Helper Utilities" name="should format timestamps consistently" time="0">
    </testcase>
    <testcase classname="Phase 17: Response Helpers › Response Helper Utilities" name="should convert seconds to readable duration" time="0">
    </testcase>
    <testcase classname="Phase 17: Response Helpers › Response Validation" name="should validate response has required fields" time="0.001">
    </testcase>
    <testcase classname="Phase 17: Response Helpers › Response Validation" name="should reject response without content" time="0">
    </testcase>
    <testcase classname="Phase 17: Response Helpers › Response Validation" name="should validate content length" time="0.001">
    </testcase>
    <testcase classname="Phase 17: Response Helpers › Response Validation" name="should reject oversized content" time="0">
    </testcase>
    <testcase classname="Phase 17: Response Helpers › Response Validation" name="should validate color format" time="0">
    </testcase>
    <testcase classname="Phase 17: Response Helpers › Response Validation" name="should reject invalid color" time="0.001">
    </testcase>
    <testcase classname="Phase 17: Response Helpers › Component Responses" name="should create button component" time="0">
    </testcase>
    <testcase classname="Phase 17: Response Helpers › Component Responses" name="should create select menu component" time="0.001">
    </testcase>
    <testcase classname="Phase 17: Response Helpers › Component Responses" name="should create action row with components" time="0">
    </testcase>
    <testcase classname="Phase 17: Response Helpers › Component Responses" name="should validate component custom ID" time="0.001">
    </testcase>
    <testcase classname="Phase 17: Response Helpers › Component Responses" name="should reject oversized custom ID" time="0.001">
    </testcase>
  </testsuite>
  <testsuite name="Database Service - Error Handling &amp; Robustness" errors="0" failures="0" skipped="0" timestamp="2026-06-29T10:38:44" time="0.076" tests="37">
    <testcase classname="Database Service - Error Handling &amp; Robustness › Parameter Validation &amp; Error Handling" name="should convert number text to string" time="0.002">
    </testcase>
    <testcase classname="Database Service - Error Handling &amp; Robustness › Parameter Validation &amp; Error Handling" name="should handle very long quote text" time="0.001">
    </testcase>
    <testcase classname="Database Service - Error Handling &amp; Robustness › Parameter Validation &amp; Error Handling" name="should handle special characters in text" time="0.001">
    </testcase>
    <testcase classname="Database Service - Error Handling &amp; Robustness › Parameter Validation &amp; Error Handling" name="should handle unicode characters" time="0.001">
    </testcase>
    <testcase classname="Database Service - Error Handling &amp; Robustness › Parameter Validation &amp; Error Handling" name="should reject rating of non-existent quote (async)" time="0.001">
    </testcase>
    <testcase classname="Database Service - Error Handling &amp; Robustness › Parameter Validation &amp; Error Handling" name="should handle undefined author" time="0.001">
    </testcase>
    <testcase classname="Database Service - Error Handling &amp; Robustness › Parameter Validation &amp; Error Handling" name="should reject non-existent quote ID on update" time="0.001">
    </testcase>
    <testcase classname="Database Service - Error Handling &amp; Robustness › Data Integrity &amp; Cascade Operations" name="should cascade delete ratings when quote is deleted" time="0.001">
    </testcase>
    <testcase classname="Database Service - Error Handling &amp; Robustness › Data Integrity &amp; Cascade Operations" name="should not affect other quotes when deleting" time="0.001">
    </testcase>
    <testcase classname="Database Service - Error Handling &amp; Robustness › Data Integrity &amp; Cascade Operations" name="should handle delete of non-existent quote" time="0.001">
    </testcase>
    <testcase classname="Database Service - Error Handling &amp; Robustness › Data Integrity &amp; Cascade Operations" name="should maintain quote count accuracy" time="0.001">
    </testcase>
    <testcase classname="Database Service - Error Handling &amp; Robustness › Data Integrity &amp; Cascade Operations" name="should handle rapid delete operations" time="0.001">
    </testcase>
    <testcase classname="Database Service - Error Handling &amp; Robustness › Search &amp; Query Edge Cases" name="should handle search with regex special characters" time="0.001">
    </testcase>
    <testcase classname="Database Service - Error Handling &amp; Robustness › Search &amp; Query Edge Cases" name="should be case-insensitive in search" time="0.001">
    </testcase>
    <testcase classname="Database Service - Error Handling &amp; Robustness › Search &amp; Query Edge Cases" name="should find partial text matches" time="0.001">
    </testcase>
    <testcase classname="Database Service - Error Handling &amp; Robustness › Search &amp; Query Edge Cases" name="should return empty array for null search" time="0">
    </testcase>
    <testcase classname="Database Service - Error Handling &amp; Robustness › Search &amp; Query Edge Cases" name="should return empty array for undefined search" time="0">
    </testcase>
    <testcase classname="Database Service - Error Handling &amp; Robustness › Search &amp; Query Edge Cases" name="should handle numeric search keyword" time="0.001">
    </testcase>
    <testcase classname="Database Service - Error Handling &amp; Robustness › Search &amp; Query Edge Cases" name="should not find non-matching text" time="0.001">
    </testcase>
    <testcase classname="Database Service - Error Handling &amp; Robustness › Concurrent Operation Safety" name="should handle multiple rapid additions without duplication" time="0.001">
    </testcase>
    <testcase classname="Database Service - Error Handling &amp; Robustness › Concurrent Operation Safety" name="should handle mixed operations correctly" time="0.001">
    </testcase>
    <testcase classname="Database Service - Error Handling &amp; Robustness › Concurrent Operation Safety" name="should maintain operation order" time="0.009">
    </testcase>
    <testcase classname="Database Service - Error Handling &amp; Robustness › Recovery &amp; Resilience" name="should continue after failed rating" time="0.001">
    </testcase>
    <testcase classname="Database Service - Error Handling &amp; Robustness › Recovery &amp; Resilience" name="should continue after failed delete" time="0.001">
    </testcase>
    <testcase classname="Database Service - Error Handling &amp; Robustness › Recovery &amp; Resilience" name="should handle update with same text and author" time="0.001">
    </testcase>
    <testcase classname="Database Service - Error Handling &amp; Robustness › Recovery &amp; Resilience" name="should update rating if exists for same user" time="0">
    </testcase>
    <testcase classname="Database Service - Error Handling &amp; Robustness › Boundary Conditions" name="should handle single character quote" time="0">
    </testcase>
    <testcase classname="Database Service - Error Handling &amp; Robustness › Boundary Conditions" name="should handle quote ID as string" time="0.001">
    </testcase>
    <testcase classname="Database Service - Error Handling &amp; Robustness › Boundary Conditions" name="should handle negative quote ID" time="0.001">
    </testcase>
    <testcase classname="Database Service - Error Handling &amp; Robustness › Boundary Conditions" name="should handle zero quote ID" time="0.001">
    </testcase>
    <testcase classname="Database Service - Error Handling &amp; Robustness › Boundary Conditions" name="should handle very large quote ID" time="0.001">
    </testcase>
    <testcase classname="Database Service - Error Handling &amp; Robustness › Boundary Conditions" name="should handle very long author name" time="0.001">
    </testcase>
    <testcase classname="Database Service - Error Handling &amp; Robustness › State Management" name="should preserve timestamps on add" time="0.001">
    </testcase>
    <testcase classname="Database Service - Error Handling &amp; Robustness › State Management" name="should update timestamp on update" time="0.013">
    </testcase>
    <testcase classname="Database Service - Error Handling &amp; Robustness › State Management" name="should not affect created_at on update" time="0.001">
    </testcase>
    <testcase classname="Database Service - Error Handling &amp; Robustness › Clear State Management" name="should properly close/reset database" time="0.001">
    </testcase>
    <testcase classname="Database Service - Error Handling &amp; Robustness › Clear State Management" name="should be reusable after close" time="0">
    </testcase>
  </testsuite>
  <testsuite name="Phase 17: Command Validation &amp; Integration" errors="0" failures="0" skipped="0" timestamp="2026-06-29T10:38:44" time="0.057" tests="56">
    <testcase classname="Phase 17: Command Validation &amp; Integration › Input Validation Framework" name="should validate string inputs" time="0.001">
    </testcase>
    <testcase classname="Phase 17: Command Validation &amp; Integration › Input Validation Framework" name="should trim whitespace from inputs" time="0.001">
    </testcase>
    <testcase classname="Phase 17: Command Validation &amp; Integration › Input Validation Framework" name="should validate numeric inputs" time="0">
    </testcase>
    <testcase classname="Phase 17: Command Validation &amp; Integration › Input Validation Framework" name="should reject invalid numeric inputs" time="0.003">
    </testcase>
    <testcase classname="Phase 17: Command Validation &amp; Integration › Input Validation Framework" name="should validate email format" time="0.001">
    </testcase>
    <testcase classname="Phase 17: Command Validation &amp; Integration › Input Validation Framework" name="should reject invalid email format" time="0.001">
    </testcase>
    <testcase classname="Phase 17: Command Validation &amp; Integration › Input Validation Framework" name="should validate URL format" time="0">
    </testcase>
    <testcase classname="Phase 17: Command Validation &amp; Integration › Input Validation Framework" name="should validate Discord ID format" time="0.001">
    </testcase>
    <testcase classname="Phase 17: Command Validation &amp; Integration › Input Validation Framework" name="should reject invalid Discord ID format" time="0.001">
    </testcase>
    <testcase classname="Phase 17: Command Validation &amp; Integration › Input Validation Framework" name="should validate date formats" time="0">
    </testcase>
    <testcase classname="Phase 17: Command Validation &amp; Integration › Input Validation Framework" name="should validate array inputs" time="0.001">
    </testcase>
    <testcase classname="Phase 17: Command Validation &amp; Integration › Input Sanitization" name="should remove HTML tags from input" time="0">
    </testcase>
    <testcase classname="Phase 17: Command Validation &amp; Integration › Input Sanitization" name="should escape special characters" time="0.001">
    </testcase>
    <testcase classname="Phase 17: Command Validation &amp; Integration › Input Sanitization" name="should normalize quotes in input" time="0">
    </testcase>
    <testcase classname="Phase 17: Command Validation &amp; Integration › Input Sanitization" name="should prevent SQL injection" time="0.001">
    </testcase>
    <testcase classname="Phase 17: Command Validation &amp; Integration › Input Sanitization" name="should limit input length" time="0">
    </testcase>
    <testcase classname="Phase 17: Command Validation &amp; Integration › Input Sanitization" name="should handle null/undefined gracefully" time="0">
    </testcase>
    <testcase classname="Phase 17: Command Validation &amp; Integration › Input Sanitization" name="should handle empty strings" time="0.001">
    </testcase>
    <testcase classname="Phase 17: Command Validation &amp; Integration › Input Sanitization" name="should normalize line endings" time="0">
    </testcase>
    <testcase classname="Phase 17: Command Validation &amp; Integration › Input Sanitization" name="should handle unicode characters" time="0.001">
    </testcase>
    <testcase classname="Phase 17: Command Validation &amp; Integration › Error Response Handling" name="should return user-friendly error messages" time="0">
    </testcase>
    <testcase classname="Phase 17: Command Validation &amp; Integration › Error Response Handling" name="should hide sensitive information in error messages" time="0.001">
    </testcase>
    <testcase classname="Phase 17: Command Validation &amp; Integration › Error Response Handling" name="should provide error codes for client handling" time="0">
    </testcase>
    <testcase classname="Phase 17: Command Validation &amp; Integration › Error Response Handling" name="should include recovery suggestions in errors" time="0">
    </testcase>
    <testcase classname="Phase 17: Command Validation &amp; Integration › Error Response Handling" name="should log error context for debugging" time="0.001">
    </testcase>
    <testcase classname="Phase 17: Command Validation &amp; Integration › Command Interaction Validation" name="should validate interaction object structure" time="0">
    </testcase>
    <testcase classname="Phase 17: Command Validation &amp; Integration › Command Interaction Validation" name="should validate required interaction properties" time="0.001">
    </testcase>
    <testcase classname="Phase 17: Command Validation &amp; Integration › Command Interaction Validation" name="should handle deferred interactions" time="0">
    </testcase>
    <testcase classname="Phase 17: Command Validation &amp; Integration › Command Interaction Validation" name="should handle ephemeral responses" time="0.001">
    </testcase>
    <testcase classname="Phase 17: Command Validation &amp; Integration › Command Interaction Validation" name="should validate response structure" time="0">
    </testcase>
    <testcase classname="Phase 17: Command Validation &amp; Integration › Command Interaction Validation" name="should handle modal submissions" time="0.001">
    </testcase>
    <testcase classname="Phase 17: Command Validation &amp; Integration › Command Interaction Validation" name="should handle button interactions" time="0">
    </testcase>
    <testcase classname="Phase 17: Command Validation &amp; Integration › Rate Limiting &amp; Throttling" name="should track command usage per user" time="0">
    </testcase>
    <testcase classname="Phase 17: Command Validation &amp; Integration › Rate Limiting &amp; Throttling" name="should enforce rate limits" time="0.001">
    </testcase>
    <testcase classname="Phase 17: Command Validation &amp; Integration › Rate Limiting &amp; Throttling" name="should reset rate limits after time period" time="0">
    </testcase>
    <testcase classname="Phase 17: Command Validation &amp; Integration › Rate Limiting &amp; Throttling" name="should provide rate limit information to users" time="0.001">
    </testcase>
    <testcase classname="Phase 17: Command Validation &amp; Integration › Rate Limiting &amp; Throttling" name="should implement exponential backoff for retries" time="0">
    </testcase>
    <testcase classname="Phase 17: Command Validation &amp; Integration › Command Integration Workflows" name="should handle command chaining" time="0.001">
    </testcase>
    <testcase classname="Phase 17: Command Validation &amp; Integration › Command Integration Workflows" name="should preserve state between related commands" time="0">
    </testcase>
    <testcase classname="Phase 17: Command Validation &amp; Integration › Command Integration Workflows" name="should handle command context propagation" time="0">
    </testcase>
    <testcase classname="Phase 17: Command Validation &amp; Integration › Command Integration Workflows" name="should support command help and documentation" time="0.001">
    </testcase>
    <testcase classname="Phase 17: Command Validation &amp; Integration › Command Integration Workflows" name="should provide command suggestions for typos" time="0">
    </testcase>
    <testcase classname="Phase 17: Command Validation &amp; Integration › Command Integration Workflows" name="should handle command pagination" time="0.001">
    </testcase>
    <testcase classname="Phase 17: Command Validation &amp; Integration › Command Integration Workflows" name="should support command filtering and sorting" time="0">
    </testcase>
    <testcase classname="Phase 17: Command Validation &amp; Integration › Command Integration Workflows" name="should handle async command completion" time="0.001">
    </testcase>
    <testcase classname="Phase 17: Command Validation &amp; Integration › Command Integration Workflows" name="should support command transactions" time="0">
    </testcase>
    <testcase classname="Phase 17: Command Validation &amp; Integration › Accessibility &amp; Usability" name="should provide accessible command descriptions" time="0.001">
    </testcase>
    <testcase classname="Phase 17: Command Validation &amp; Integration › Accessibility &amp; Usability" name="should support multiple command formats" time="0">
    </testcase>
    <testcase classname="Phase 17: Command Validation &amp; Integration › Accessibility &amp; Usability" name="should provide clear success feedback" time="0.001">
    </testcase>
    <testcase classname="Phase 17: Command Validation &amp; Integration › Accessibility &amp; Usability" name="should support command auto-completion" time="0">
    </testcase>
    <testcase classname="Phase 17: Command Validation &amp; Integration › Accessibility &amp; Usability" name="should handle screen reader compatibility" time="0">
    </testcase>
    <testcase classname="Phase 17: Command Validation &amp; Integration › Testing &amp; Quality Assurance" name="should pass validation checks" time="0.001">
    </testcase>
    <testcase classname="Phase 17: Command Validation &amp; Integration › Testing &amp; Quality Assurance" name="should maintain backwards compatibility" time="0">
    </testcase>
    <testcase classname="Phase 17: Command Validation &amp; Integration › Testing &amp; Quality Assurance" name="should support debug mode" time="0.001">
    </testcase>
    <testcase classname="Phase 17: Command Validation &amp; Integration › Testing &amp; Quality Assurance" name="should track performance metrics" time="0">
    </testcase>
    <testcase classname="Phase 17: Command Validation &amp; Integration › Testing &amp; Quality Assurance" name="should monitor command usage" time="0.001">
    </testcase>
  </testsuite>
  <testsuite name="Phase 17: Admin &amp; Preference Commands" errors="0" failures="0" skipped="0" timestamp="2026-06-29T10:38:44" time="0.063" tests="53">
    <testcase classname="Phase 17: Admin &amp; Preference Commands › Admin Command Validation" name="should validate broadcast message is not empty" time="0.003">
    </testcase>
    <testcase classname="Phase 17: Admin &amp; Preference Commands › Admin Command Validation" name="should validate broadcast recipient exists" time="0.001">
    </testcase>
    <testcase classname="Phase 17: Admin &amp; Preference Commands › Admin Command Validation" name="should validate broadcast target type" time="0.001">
    </testcase>
    <testcase classname="Phase 17: Admin &amp; Preference Commands › Admin Command Validation" name="should handle broadcast to user" time="0">
    </testcase>
    <testcase classname="Phase 17: Admin &amp; Preference Commands › Admin Command Validation" name="should handle broadcast to role" time="0.001">
    </testcase>
    <testcase classname="Phase 17: Admin &amp; Preference Commands › Admin Command Validation" name="should handle broadcast to channel" time="0.001">
    </testcase>
    <testcase classname="Phase 17: Admin &amp; Preference Commands › Embed Message Command" name="should validate embed title is not empty" time="0">
    </testcase>
    <testcase classname="Phase 17: Admin &amp; Preference Commands › Embed Message Command" name="should validate embed color is valid hex" time="0.001">
    </testcase>
    <testcase classname="Phase 17: Admin &amp; Preference Commands › Embed Message Command" name="should handle embed with description" time="0">
    </testcase>
    <testcase classname="Phase 17: Admin &amp; Preference Commands › Embed Message Command" name="should handle embed with fields" time="0.001">
    </testcase>
    <testcase classname="Phase 17: Admin &amp; Preference Commands › Embed Message Command" name="should handle embed with image URL" time="0">
    </testcase>
    <testcase classname="Phase 17: Admin &amp; Preference Commands › Embed Message Command" name="should validate embed content length" time="0">
    </testcase>
    <testcase classname="Phase 17: Admin &amp; Preference Commands › Proxy Configuration Command" name="should validate proxy URL format" time="0.001">
    </testcase>
    <testcase classname="Phase 17: Admin &amp; Preference Commands › Proxy Configuration Command" name="should validate proxy port is numeric" time="0">
    </testcase>
    <testcase classname="Phase 17: Admin &amp; Preference Commands › Proxy Configuration Command" name="should validate proxy port range" time="0.001">
    </testcase>
    <testcase classname="Phase 17: Admin &amp; Preference Commands › Proxy Configuration Command" name="should handle proxy authentication" time="0.001">
    </testcase>
    <testcase classname="Phase 17: Admin &amp; Preference Commands › Proxy Configuration Command" name="should validate encryption is enabled for sensitive data" time="0">
    </testcase>
    <testcase classname="Phase 17: Admin &amp; Preference Commands › Proxy Configuration Command" name="should handle proxy enable/disable toggle" time="0.001">
    </testcase>
    <testcase classname="Phase 17: Admin &amp; Preference Commands › Proxy Configuration Command" name="should get proxy status" time="0">
    </testcase>
    <testcase classname="Phase 17: Admin &amp; Preference Commands › Say/Whisper Commands" name="should validate say message content" time="0.001">
    </testcase>
    <testcase classname="Phase 17: Admin &amp; Preference Commands › Say/Whisper Commands" name="should validate target channel exists" time="0">
    </testcase>
    <testcase classname="Phase 17: Admin &amp; Preference Commands › Say/Whisper Commands" name="should validate whisper recipient exists" time="0">
    </testcase>
    <testcase classname="Phase 17: Admin &amp; Preference Commands › Say/Whisper Commands" name="should handle special characters in messages" time="0">
    </testcase>
    <testcase classname="Phase 17: Admin &amp; Preference Commands › Say/Whisper Commands" name="should prevent command injection" time="0">
    </testcase>
    <testcase classname="Phase 17: Admin &amp; Preference Commands › Say/Whisper Commands" name="should enforce message length limits" time="0.001">
    </testcase>
    <testcase classname="Phase 17: Admin &amp; Preference Commands › Opt-In/Opt-Out Commands" name="should validate user ID for opt-in" time="0">
    </testcase>
    <testcase classname="Phase 17: Admin &amp; Preference Commands › Opt-In/Opt-Out Commands" name="should prevent opting in twice" time="0.001">
    </testcase>
    <testcase classname="Phase 17: Admin &amp; Preference Commands › Opt-In/Opt-Out Commands" name="should handle opt-in confirmation" time="0">
    </testcase>
    <testcase classname="Phase 17: Admin &amp; Preference Commands › Opt-In/Opt-Out Commands" name="should prevent opting out twice" time="0.009">
    </testcase>
    <testcase classname="Phase 17: Admin &amp; Preference Commands › Opt-In/Opt-Out Commands" name="should handle opt-out confirmation" time="0.001">
    </testcase>
    <testcase classname="Phase 17: Admin &amp; Preference Commands › Opt-In/Opt-Out Commands" name="should provide opt-in request" time="0">
    </testcase>
    <testcase classname="Phase 17: Admin &amp; Preference Commands › Communication Status Command" name="should report opt-in status" time="0.001">
    </testcase>
    <testcase classname="Phase 17: Admin &amp; Preference Commands › Communication Status Command" name="should report communication preferences" time="0">
    </testcase>
    <testcase classname="Phase 17: Admin &amp; Preference Commands › Communication Status Command" name="should show last communication date" time="0.001">
    </testcase>
    <testcase classname="Phase 17: Admin &amp; Preference Commands › Communication Status Command" name="should track communication frequency" time="0">
    </testcase>
    <testcase classname="Phase 17: Admin &amp; Preference Commands › Communication Status Command" name="should respect do-not-disturb settings" time="0">
    </testcase>
    <testcase classname="Phase 17: Admin &amp; Preference Commands › Permission &amp; Authorization" name="should validate admin privileges" time="0.001">
    </testcase>
    <testcase classname="Phase 17: Admin &amp; Preference Commands › Permission &amp; Authorization" name="should prevent non-admin access to admin commands" time="0">
    </testcase>
    <testcase classname="Phase 17: Admin &amp; Preference Commands › Permission &amp; Authorization" name="should validate guild ownership" time="0.001">
    </testcase>
    <testcase classname="Phase 17: Admin &amp; Preference Commands › Permission &amp; Authorization" name="should check role permissions for broadcast" time="0.001">
    </testcase>
    <testcase classname="Phase 17: Admin &amp; Preference Commands › Permission &amp; Authorization" name="should audit admin commands" time="0">
    </testcase>
    <testcase classname="Phase 17: Admin &amp; Preference Commands › Permission &amp; Authorization" name="should rate limit admin commands" time="0.001">
    </testcase>
    <testcase classname="Phase 17: Admin &amp; Preference Commands › Guild-Specific Settings" name="should store guild-specific proxy config" time="0">
    </testcase>
    <testcase classname="Phase 17: Admin &amp; Preference Commands › Guild-Specific Settings" name="should store broadcast settings per guild" time="0.001">
    </testcase>
    <testcase classname="Phase 17: Admin &amp; Preference Commands › Guild-Specific Settings" name="should isolate settings between guilds" time="0">
    </testcase>
    <testcase classname="Phase 17: Admin &amp; Preference Commands › Guild-Specific Settings" name="should handle default settings for new guilds" time="0.001">
    </testcase>
    <testcase classname="Phase 17: Admin &amp; Preference Commands › Guild-Specific Settings" name="should allow settings override per guild" time="0">
    </testcase>
    <testcase classname="Phase 17: Admin &amp; Preference Commands › Admin Error Handling" name="should validate command syntax" time="0.001">
    </testcase>
    <testcase classname="Phase 17: Admin &amp; Preference Commands › Admin Error Handling" name="should handle missing required parameters" time="0.001">
    </testcase>
    <testcase classname="Phase 17: Admin &amp; Preference Commands › Admin Error Handling" name="should gracefully handle Discord API errors" time="0">
    </testcase>
    <testcase classname="Phase 17: Admin &amp; Preference Commands › Admin Error Handling" name="should handle network timeouts" time="0.001">
    </testcase>
    <testcase classname="Phase 17: Admin &amp; Preference Commands › Admin Error Handling" name="should sanitize input to prevent XSS" time="0">
    </testcase>
    <testcase classname="Phase 17: Admin &amp; Preference Commands › Admin Error Handling" name="should log all admin actions" time="0.001">
    </testcase>
  </testsuite>
  <testsuite name="Validation Service" errors="0" failures="0" skipped="0" timestamp="2026-06-29T10:38:44" time="0.056" tests="51">
    <testcase classname="Validation Service › validateQuoteText()" name="should accept valid quote text" time="0.001">
    </testcase>
    <testcase classname="Validation Service › validateQuoteText()" name="should accept quote at minimum length (3 chars)" time="0">
    </testcase>
    <testcase classname="Validation Service › validateQuoteText()" name="should accept quote at maximum length (500 chars)" time="0.001">
    </testcase>
    <testcase classname="Validation Service › validateQuoteText()" name="should trim whitespace from text" time="0.001">
    </testcase>
    <testcase classname="Validation Service › validateQuoteText()" name="should reject empty string" time="0.001">
    </testcase>
    <testcase classname="Validation Service › validateQuoteText()" name="should reject null" time="0">
    </testcase>
    <testcase classname="Validation Service › validateQuoteText()" name="should reject undefined" time="0">
    </testcase>
    <testcase classname="Validation Service › validateQuoteText()" name="should reject non-string types (number)" time="0.001">
    </testcase>
    <testcase classname="Validation Service › validateQuoteText()" name="should reject text shorter than 3 characters" time="0.001">
    </testcase>
    <testcase classname="Validation Service › validateQuoteText()" name="should reject text longer than 500 characters" time="0">
    </testcase>
    <testcase classname="Validation Service › validateQuoteText()" name="should handle whitespace-only strings" time="0.001">
    </testcase>
    <testcase classname="Validation Service › validateQuoteText()" name="should handle special characters" time="0.001">
    </testcase>
    <testcase classname="Validation Service › validateQuoteText()" name="should handle unicode characters" time="0">
    </testcase>
    <testcase classname="Validation Service › validateQuoteText()" name="should handle tabs and mixed whitespace" time="0.001">
    </testcase>
    <testcase classname="Validation Service › validateAuthor()" name="should accept valid author name" time="0.001">
    </testcase>
    <testcase classname="Validation Service › validateAuthor()" name="should accept single name" time="0">
    </testcase>
    <testcase classname="Validation Service › validateAuthor()" name="should accept author at maximum length (100 chars)" time="0.001">
    </testcase>
    <testcase classname="Validation Service › validateAuthor()" name="should accept single character author" time="0.001">
    </testcase>
    <testcase classname="Validation Service › validateAuthor()" name="should reject null" time="0">
    </testcase>
    <testcase classname="Validation Service › validateAuthor()" name="should reject undefined" time="0">
    </testcase>
    <testcase classname="Validation Service › validateAuthor()" name="should reject name longer than 100 characters" time="0.001">
    </testcase>
    <testcase classname="Validation Service › validateAuthor()" name="should handle special characters in author name" time="0">
    </testcase>
    <testcase classname="Validation Service › validateAuthor()" name="should handle unicode in author name" time="0">
    </testcase>
    <testcase classname="Validation Service › validateAuthor()" name="should handle apostrophes in author name" time="0.001">
    </testcase>
    <testcase classname="Validation Service › validateAuthor()" name="should handle numbers in author name" time="0">
    </testcase>
    <testcase classname="Validation Service › validateQuoteNumber()" name="should accept valid positive integer (1)" time="0">
    </testcase>
    <testcase classname="Validation Service › validateQuoteNumber()" name="should accept valid positive integer (string)" time="0.001">
    </testcase>
    <testcase classname="Validation Service › validateQuoteNumber()" name="should accept large positive integer" time="0">
    </testcase>
    <testcase classname="Validation Service › validateQuoteNumber()" name="should accept leading zeros" time="0">
    </testcase>
    <testcase classname="Validation Service › validateQuoteNumber()" name="should reject zero" time="0.001">
    </testcase>
    <testcase classname="Validation Service › validateQuoteNumber()" name="should reject negative number" time="0">
    </testcase>
    <testcase classname="Validation Service › validateQuoteNumber()" name="should reject NaN" time="0">
    </testcase>
    <testcase classname="Validation Service › validateQuoteNumber()" name="should reject non-numeric string" time="0.001">
    </testcase>
    <testcase classname="Validation Service › validateQuoteNumber()" name="should reject null" time="0">
    </testcase>
    <testcase classname="Validation Service › validateQuoteNumber()" name="should reject undefined" time="0">
    </testcase>
    <testcase classname="Validation Service › validateQuoteNumber()" name="should accept array with single number" time="0.001">
    </testcase>
    <testcase classname="Validation Service › validateQuoteNumber()" name="should handle decimal number" time="0.001">
    </testcase>
    <testcase classname="Validation Service › validateQuoteNumber()" name="should handle decimal string" time="0">
    </testcase>
    <testcase classname="Validation Service › validateQuoteNumber()" name="should reject boolean true" time="0.001">
    </testcase>
    <testcase classname="Validation Service › validateQuoteNumber()" name="should handle string with spaces" time="0.001">
    </testcase>
    <testcase classname="Validation Service › validateQuoteNumber()" name="should handle scientific notation" time="0">
    </testcase>
    <testcase classname="Validation Service › validateQuoteNumber()" name="should handle hex notation" time="0.001">
    </testcase>
    <testcase classname="Validation Service › validateQuoteNumber()" name="should reject infinity" time="0.001">
    </testcase>
    <testcase classname="Validation Service › validateQuoteNumber()" name="should reject negative infinity" time="0">
    </testcase>
    <testcase classname="Validation Service › Integration" name="should validate complete valid quote object" time="0.001">
    </testcase>
    <testcase classname="Validation Service › Integration" name="should validate batch of quotes" time="0.001">
    </testcase>
    <testcase classname="Validation Service › Edge Cases" name="should handle very long unicode text" time="0">
    </testcase>
    <testcase classname="Validation Service › Edge Cases" name="should handle mixed RTL and LTR text" time="0.001">
    </testcase>
    <testcase classname="Validation Service › Edge Cases" name="should handle zero-width characters" time="0.001">
    </testcase>
    <testcase classname="Validation Service › Edge Cases" name="should handle quote with only numbers" time="0">
    </testcase>
    <testcase classname="Validation Service › Edge Cases" name="should handle author with max-length unicode" time="0.001">
    </testcase>
  </testsuite>
  <testsuite name="Quote Discovery Commands" errors="0" failures="0" skipped="0" timestamp="2026-06-29T10:38:44" time="0.062" tests="41">
    <testcase classname="Quote Discovery Commands › search-quotes command" name="should search quotes by text content" time="0.002">
    </testcase>
    <testcase classname="Quote Discovery Commands › search-quotes command" name="should search quotes by author name" time="0.001">
    </testcase>
    <testcase classname="Quote Discovery Commands › search-quotes command" name="should be case-insensitive" time="0">
    </testcase>
    <testcase classname="Quote Discovery Commands › search-quotes command" name="should return empty array when no matches found" time="0">
    </testcase>
    <testcase classname="Quote Discovery Commands › search-quotes command" name="should handle pagination" time="0.001">
    </testcase>
    <testcase classname="Quote Discovery Commands › search-quotes command" name="should filter by tag" time="0.001">
    </testcase>
    <testcase classname="Quote Discovery Commands › search-quotes command" name="should display search results as embed" time="0.001">
    </testcase>
    <testcase classname="Quote Discovery Commands › search-quotes command" name="should handle search with no query" time="0.001">
    </testcase>
    <testcase classname="Quote Discovery Commands › search-quotes command" name="should limit displayed results to prevent spam" time="0.001">
    </testcase>
    <testcase classname="Quote Discovery Commands › search-quotes command" name="should work with interaction" time="0">
    </testcase>
    <testcase classname="Quote Discovery Commands › search-quotes command" name="should work with prefix command args" time="0">
    </testcase>
    <testcase classname="Quote Discovery Commands › random-quote command" name="should return a random quote from guild" time="0.001">
    </testcase>
    <testcase classname="Quote Discovery Commands › random-quote command" name="should support weighted selection by rating" time="0.001">
    </testcase>
    <testcase classname="Quote Discovery Commands › random-quote command" name="should return null when guild has no quotes" time="0.001">
    </testcase>
    <testcase classname="Quote Discovery Commands › random-quote command" name="should handle single quote edge case" time="0.001">
    </testcase>
    <testcase classname="Quote Discovery Commands › random-quote command" name="should format quote as embed" time="0">
    </testcase>
    <testcase classname="Quote Discovery Commands › random-quote command" name="should display rating" time="0.008">
    </testcase>
    <testcase classname="Quote Discovery Commands › random-quote command" name="should work with interaction" time="0">
    </testcase>
    <testcase classname="Quote Discovery Commands › random-quote command" name="should work with message command" time="0.001">
    </testcase>
    <testcase classname="Quote Discovery Commands › random-quote command" name="should handle API errors gracefully" time="0.001">
    </testcase>
    <testcase classname="Quote Discovery Commands › quote-stats command" name="should calculate total quote count" time="0.001">
    </testcase>
    <testcase classname="Quote Discovery Commands › quote-stats command" name="should calculate average rating" time="0.001">
    </testcase>
    <testcase classname="Quote Discovery Commands › quote-stats command" name="should calculate median rating" time="0">
    </testcase>
    <testcase classname="Quote Discovery Commands › quote-stats command" name="should count unique authors" time="0.001">
    </testcase>
    <testcase classname="Quote Discovery Commands › quote-stats command" name="should count quotes per author" time="0.001">
    </testcase>
    <testcase classname="Quote Discovery Commands › quote-stats command" name="should handle empty guild" time="0.001">
    </testcase>
    <testcase classname="Quote Discovery Commands › quote-stats command" name="should find highest rated quote" time="0.001">
    </testcase>
    <testcase classname="Quote Discovery Commands › quote-stats command" name="should find lowest rated quote" time="0">
    </testcase>
    <testcase classname="Quote Discovery Commands › quote-stats command" name="should calculate rating distribution" time="0.001">
    </testcase>
    <testcase classname="Quote Discovery Commands › quote-stats command" name="should format stats as embed" time="0.001">
    </testcase>
    <testcase classname="Quote Discovery Commands › quote-stats command" name="should work with interaction" time="0.001">
    </testcase>
    <testcase classname="Quote Discovery Commands › quote-stats command" name="should work with message command" time="0">
    </testcase>
    <testcase classname="Quote Discovery Commands › quote-stats command" name="should handle single quote stats" time="0">
    </testcase>
    <testcase classname="Quote Discovery Commands › Guild Context" name="should only show quotes from current guild" time="0.001">
    </testcase>
    <testcase classname="Quote Discovery Commands › Guild Context" name="should reject commands from users not in guild" time="0.001">
    </testcase>
    <testcase classname="Quote Discovery Commands › Guild Context" name="should respect guild isolation" time="0.001">
    </testcase>
    <testcase classname="Quote Discovery Commands › Error Handling" name="should handle search query validation" time="0">
    </testcase>
    <testcase classname="Quote Discovery Commands › Error Handling" name="should handle invalid page number" time="0">
    </testcase>
    <testcase classname="Quote Discovery Commands › Error Handling" name="should handle missing guildId" time="0.001">
    </testcase>
    <testcase classname="Quote Discovery Commands › Error Handling" name="should handle database errors" time="0.001">
    </testcase>
    <testcase classname="Quote Discovery Commands › Error Handling" name="should provide user-friendly error messages" time="0">
    </testcase>
  </testsuite>
  <testsuite name="user_communications ON CONFLICT functionality" errors="0" failures="0" skipped="0" timestamp="2026-06-29T10:38:44" time="0.057" tests="8">
    <testcase classname="user_communications ON CONFLICT functionality › INSERT with ON CONFLICT" name="should insert new user with opted_in=1" time="0.005">
    </testcase>
    <testcase classname="user_communications ON CONFLICT functionality › INSERT with ON CONFLICT" name="should update opted_in when user already exists" time="0.004">
    </testcase>
    <testcase classname="user_communications ON CONFLICT functionality › INSERT with ON CONFLICT" name="should handle opted_in=0 (opt-out) via ON CONFLICT" time="0.005">
    </testcase>
    <testcase classname="user_communications ON CONFLICT functionality › INSERT with ON CONFLICT" name="should not allow duplicate userId without conflict handling" time="0.004">
    </testcase>
    <testcase classname="user_communications ON CONFLICT functionality › schema verification" name="should have UNIQUE constraint on userId column" time="0.003">
    </testcase>
    <testcase classname="user_communications ON CONFLICT functionality › schema verification" name="column info should show userId as NOT NULL and UNIQUE" time="0.004">
    </testcase>
    <testcase classname="user_communications ON CONFLICT functionality › concurrent operations" name="should handle rapid opt-in/opt-out cycles" time="0.006">
    </testcase>
    <testcase classname="user_communications ON CONFLICT functionality › concurrent operations" name="should maintain data integrity across multiple users" time="0.005">
    </testcase>
  </testsuite>
  <testsuite name="Guild-Aware Database Operations" errors="0" failures="0" skipped="0" timestamp="2026-06-29T10:38:44" time="0.055" tests="26">
    <testcase classname="Guild-Aware Database Operations › Guild Context Preservation" name="should preserve guild ID on quote addition" time="0.001">
    </testcase>
    <testcase classname="Guild-Aware Database Operations › Guild Context Preservation" name="should require guild ID for quote operations" time="0.003">
    </testcase>
    <testcase classname="Guild-Aware Database Operations › Guild Context Preservation" name="should include guild ID in all returned quotes" time="0.001">
    </testcase>
    <testcase classname="Guild-Aware Database Operations › Guild Context Preservation" name="should preserve guild context through rating operations" time="0">
    </testcase>
    <testcase classname="Guild-Aware Database Operations › Multi-Guild Data Isolation" name="should isolate quotes between guilds" time="0.001">
    </testcase>
    <testcase classname="Guild-Aware Database Operations › Multi-Guild Data Isolation" name="should not leak data across guilds on search" time="0.001">
    </testcase>
    <testcase classname="Guild-Aware Database Operations › Multi-Guild Data Isolation" name="should maintain separate ID sequences per guild" time="0.001">
    </testcase>
    <testcase classname="Guild-Aware Database Operations › Multi-Guild Data Isolation" name="should cascade delete only within guild" time="0.001">
    </testcase>
    <testcase classname="Guild-Aware Database Operations › Multi-Guild Data Isolation" name="should support 100+ guilds independently" time="0.001">
    </testcase>
    <testcase classname="Guild-Aware Database Operations › Multi-Guild Data Isolation" name="should handle concurrent guild operations" time="0.001">
    </testcase>
    <testcase classname="Guild-Aware Database Operations › API Compatibility &amp; Detection" name="should accept guild ID as first parameter (new API)" time="0.001">
    </testcase>
    <testcase classname="Guild-Aware Database Operations › API Compatibility &amp; Detection" name="should enforce guild-aware requirement" time="0.001">
    </testcase>
    <testcase classname="Guild-Aware Database Operations › API Compatibility &amp; Detection" name="should handle Discord ID format (18-20 digits)" time="0.001">
    </testcase>
    <testcase classname="Guild-Aware Database Operations › API Compatibility &amp; Detection" name="should support non-numeric guild identifiers" time="0.001">
    </testcase>
    <testcase classname="Guild-Aware Database Operations › Guild-Aware Query Operations" name="should search only within guild context" time="0.001">
    </testcase>
    <testcase classname="Guild-Aware Database Operations › Guild-Aware Query Operations" name="should handle empty search results per guild" time="0.001">
    </testcase>
    <testcase classname="Guild-Aware Database Operations › Guild-Aware Query Operations" name="should return empty array for new guild" time="0.001">
    </testcase>
    <testcase classname="Guild-Aware Database Operations › Guild Statistics &amp; Analytics" name="should provide per-guild statistics" time="0.001">
    </testcase>
    <testcase classname="Guild-Aware Database Operations › Guild Statistics &amp; Analytics" name="should not share statistics across guilds" time="0.001">
    </testcase>
    <testcase classname="Guild-Aware Database Operations › Guild Data Management" name="should clear all guild data on close" time="0.001">
    </testcase>
    <testcase classname="Guild-Aware Database Operations › Guild Data Management" name="should allow reinitialization after close" time="0.001">
    </testcase>
    <testcase classname="Guild-Aware Database Operations › Guild Data Management" name="should track active guilds" time="0.001">
    </testcase>
    <testcase classname="Guild-Aware Database Operations › Guild-Aware Edge Cases" name="should handle operations on same quote ID across guilds" time="0.001">
    </testcase>
    <testcase classname="Guild-Aware Database Operations › Guild-Aware Edge Cases" name="should not find quote from guild A in guild B" time="0.001">
    </testcase>
    <testcase classname="Guild-Aware Database Operations › Guild-Aware Edge Cases" name="should handle guild ID with special characters" time="0.007">
    </testcase>
    <testcase classname="Guild-Aware Database Operations › Guild-Aware Edge Cases" name="should prevent cross-guild rating operations" time="0.001">
    </testcase>
  </testsuite>
  <testsuite name="Database Migration Script Enhancement" errors="0" failures="0" skipped="0" timestamp="2026-06-29T10:38:44" time="0.088" tests="67">
    <testcase classname="Database Migration Script Enhancement › Pre-Migration Checks" name="should verify source database exists" time="0.002">
    </testcase>
    <testcase classname="Database Migration Script Enhancement › Pre-Migration Checks" name="should check database accessibility" time="0.001">
    </testcase>
    <testcase classname="Database Migration Script Enhancement › Pre-Migration Checks" name="should verify backup directory exists or can be created" time="0.001">
    </testcase>
    <testcase classname="Database Migration Script Enhancement › Pre-Migration Checks" name="should validate guild database directory" time="0.001">
    </testcase>
    <testcase classname="Database Migration Script Enhancement › Pre-Migration Checks" name="should handle missing source database error" time="0.001">
    </testcase>
    <testcase classname="Database Migration Script Enhancement › Pre-Migration Checks" name="should handle permission denied errors" time="0.001">
    </testcase>
    <testcase classname="Database Migration Script Enhancement › Database Backup" name="should create backup with timestamp" time="0.001">
    </testcase>
    <testcase classname="Database Migration Script Enhancement › Database Backup" name="should preserve original database" time="0.001">
    </testcase>
    <testcase classname="Database Migration Script Enhancement › Database Backup" name="should verify backup success before proceeding" time="0.001">
    </testcase>
    <testcase classname="Database Migration Script Enhancement › Database Backup" name="should handle backup directory creation errors" time="0.012">
    </testcase>
    <testcase classname="Database Migration Script Enhancement › Database Backup" name="should handle out of disk space during backup" time="0.001">
    </testcase>
    <testcase classname="Database Migration Script Enhancement › Data Reading" name="should read all quotes from source database" time="0.001">
    </testcase>
    <testcase classname="Database Migration Script Enhancement › Data Reading" name="should read ratings associated with quotes" time="0.001">
    </testcase>
    <testcase classname="Database Migration Script Enhancement › Data Reading" name="should read tags associated with quotes" time="0.001">
    </testcase>
    <testcase classname="Database Migration Script Enhancement › Data Reading" name="should handle database read errors gracefully" time="0">
    </testcase>
    <testcase classname="Database Migration Script Enhancement › Data Reading" name="should detect database corruption" time="0">
    </testcase>
    <testcase classname="Database Migration Script Enhancement › Data Reading" name="should handle database lock errors" time="0.001">
    </testcase>
    <testcase classname="Database Migration Script Enhancement › Guild ID Extraction" name="should extract unique guild IDs from quotes" time="0">
    </testcase>
    <testcase classname="Database Migration Script Enhancement › Guild ID Extraction" name="should handle specific guild ID from CLI" time="0.001">
    </testcase>
    <testcase classname="Database Migration Script Enhancement › Guild ID Extraction" name="should validate guild ID format" time="0">
    </testcase>
    <testcase classname="Database Migration Script Enhancement › Guild ID Extraction" name="should handle empty guild ID list" time="0.001">
    </testcase>
    <testcase classname="Database Migration Script Enhancement › Guild ID Extraction" name="should handle very large guild ID count" time="0">
    </testcase>
    <testcase classname="Database Migration Script Enhancement › Guild Database Creation" name="should create guild database directory" time="0">
    </testcase>
    <testcase classname="Database Migration Script Enhancement › Guild Database Creation" name="should initialize guild database schema" time="0.001">
    </testcase>
    <testcase classname="Database Migration Script Enhancement › Guild Database Creation" name="should handle directory creation errors" time="0">
    </testcase>
    <testcase classname="Database Migration Script Enhancement › Guild Database Creation" name="should handle permission denied creating directories" time="0.001">
    </testcase>
    <testcase classname="Database Migration Script Enhancement › Guild Database Creation" name="should handle insufficient disk space" time="0">
    </testcase>
    <testcase classname="Database Migration Script Enhancement › Data Migration" name="should migrate quotes to guild database" time="0.001">
    </testcase>
    <testcase classname="Database Migration Script Enhancement › Data Migration" name="should preserve quote ID mapping" time="0">
    </testcase>
    <testcase classname="Database Migration Script Enhancement › Data Migration" name="should copy all quote attributes" time="0.001">
    </testcase>
    <testcase classname="Database Migration Script Enhancement › Data Migration" name="should handle insert conflicts gracefully" time="0">
    </testcase>
    <testcase classname="Database Migration Script Enhancement › Data Migration" name="should handle foreign key constraint errors" time="0.001">
    </testcase>
    <testcase classname="Database Migration Script Enhancement › Data Migration" name="should rollback failed migration" time="0">
    </testcase>
    <testcase classname="Database Migration Script Enhancement › State Checkpointing" name="should track migration progress" time="0.001">
    </testcase>
    <testcase classname="Database Migration Script Enhancement › State Checkpointing" name="should save checkpoint state" time="0">
    </testcase>
    <testcase classname="Database Migration Script Enhancement › State Checkpointing" name="should resume from checkpoint on retry" time="0">
    </testcase>
    <testcase classname="Database Migration Script Enhancement › State Checkpointing" name="should clear checkpoint on successful completion" time="0.001">
    </testcase>
    <testcase classname="Database Migration Script Enhancement › State Checkpointing" name="should detect partial migrations" time="0">
    </testcase>
    <testcase classname="Database Migration Script Enhancement › Verification &amp; Validation" name="should verify quote count matches" time="0.001">
    </testcase>
    <testcase classname="Database Migration Script Enhancement › Verification &amp; Validation" name="should check for missing data" time="0">
    </testcase>
    <testcase classname="Database Migration Script Enhancement › Verification &amp; Validation" name="should detect duplicate records" time="0.001">
    </testcase>
    <testcase classname="Database Migration Script Enhancement › Verification &amp; Validation" name="should verify referential integrity" time="0">
    </testcase>
    <testcase classname="Database Migration Script Enhancement › Verification &amp; Validation" name="should check data consistency" time="0.001">
    </testcase>
    <testcase classname="Database Migration Script Enhancement › Rollback Capability" name="should have backup for rollback" time="0">
    </testcase>
    <testcase classname="Database Migration Script Enhancement › Rollback Capability" name="should restore from backup on failure" time="0.001">
    </testcase>
    <testcase classname="Database Migration Script Enhancement › Rollback Capability" name="should clear guild databases on rollback" time="0">
    </testcase>
    <testcase classname="Database Migration Script Enhancement › Rollback Capability" name="should preserve rollback history" time="0.001">
    </testcase>
    <testcase classname="Database Migration Script Enhancement › Rollback Capability" name="should prevent accidental double rollback" time="0">
    </testcase>
    <testcase classname="Database Migration Script Enhancement › Error Recovery" name="should continue on recoverable errors" time="0.001">
    </testcase>
    <testcase classname="Database Migration Script Enhancement › Error Recovery" name="should retry failed operations" time="0">
    </testcase>
    <testcase classname="Database Migration Script Enhancement › Error Recovery" name="should use exponential backoff" time="0.001">
    </testcase>
    <testcase classname="Database Migration Script Enhancement › Error Recovery" name="should handle timeout errors" time="0">
    </testcase>
    <testcase classname="Database Migration Script Enhancement › Error Recovery" name="should stop on critical errors" time="0.001">
    </testcase>
    <testcase classname="Database Migration Script Enhancement › Logging &amp; Reporting" name="should log migration start" time="0">
    </testcase>
    <testcase classname="Database Migration Script Enhancement › Logging &amp; Reporting" name="should log progress per guild" time="0.001">
    </testcase>
    <testcase classname="Database Migration Script Enhancement › Logging &amp; Reporting" name="should log completion status" time="0">
    </testcase>
    <testcase classname="Database Migration Script Enhancement › Logging &amp; Reporting" name="should log errors with context" time="0.001">
    </testcase>
    <testcase classname="Database Migration Script Enhancement › Logging &amp; Reporting" name="should generate migration summary" time="0">
    </testcase>
    <testcase classname="Database Migration Script Enhancement › Execution Context" name="should handle CLI guild ID parameter" time="0">
    </testcase>
    <testcase classname="Database Migration Script Enhancement › Execution Context" name="should handle missing CLI parameter (migrate all)" time="0">
    </testcase>
    <testcase classname="Database Migration Script Enhancement › Execution Context" name="should parse command line arguments correctly" time="0">
    </testcase>
    <testcase classname="Database Migration Script Enhancement › Execution Context" name="should exit with code 0 on success" time="0">
    </testcase>
    <testcase classname="Database Migration Script Enhancement › Execution Context" name="should exit with code 1 on failure" time="0">
    </testcase>
    <testcase classname="Database Migration Script Enhancement › Performance" name="should complete migration in reasonable time" time="0.001">
    </testcase>
    <testcase classname="Database Migration Script Enhancement › Performance" name="should handle large datasets" time="0">
    </testcase>
    <testcase classname="Database Migration Script Enhancement › Performance" name="should manage memory efficiently" time="0.001">
    </testcase>
    <testcase classname="Database Migration Script Enhancement › Performance" name="should batch database writes" time="0">
    </testcase>
  </testsuite>
  <testsuite name="Quote Social Commands" errors="0" failures="0" skipped="0" timestamp="2026-06-29T10:38:44" time="0.054" tests="41">
    <testcase classname="Quote Social Commands › rate-quote command" name="should rate quote with 1-5 stars" time="0.002">
    </testcase>
    <testcase classname="Quote Social Commands › rate-quote command" name="should validate rating is 1-5" time="0.001">
    </testcase>
    <testcase classname="Quote Social Commands › rate-quote command" name="should allow user to update their rating" time="0.001">
    </testcase>
    <testcase classname="Quote Social Commands › rate-quote command" name="should calculate average rating" time="0">
    </testcase>
    <testcase classname="Quote Social Commands › rate-quote command" name="should show number of ratings" time="0">
    </testcase>
    <testcase classname="Quote Social Commands › rate-quote command" name="should display user rating history" time="0">
    </testcase>
    <testcase classname="Quote Social Commands › rate-quote command" name="should format rating as stars" time="0">
    </testcase>
    <testcase classname="Quote Social Commands › rate-quote command" name="should work with slash command" time="0.001">
    </testcase>
    <testcase classname="Quote Social Commands › rate-quote command" name="should work with prefix command" time="0.001">
    </testcase>
    <testcase classname="Quote Social Commands › rate-quote command" name="should confirm rating saved" time="0.001">
    </testcase>
    <testcase classname="Quote Social Commands › rate-quote command" name="should prevent rating non-existent quote" time="0.001">
    </testcase>
    <testcase classname="Quote Social Commands › tag-quote command" name="should add tag to quote" time="0">
    </testcase>
    <testcase classname="Quote Social Commands › tag-quote command" name="should remove tag from quote" time="0">
    </testcase>
    <testcase classname="Quote Social Commands › tag-quote command" name="should list quote tags" time="0.001">
    </testcase>
    <testcase classname="Quote Social Commands › tag-quote command" name="should show tag usage count" time="0.001">
    </testcase>
    <testcase classname="Quote Social Commands › tag-quote command" name="should validate tag name format" time="0.001">
    </testcase>
    <testcase classname="Quote Social Commands › tag-quote command" name="should allow multiple tags per quote" time="0.001">
    </testcase>
    <testcase classname="Quote Social Commands › tag-quote command" name="should prevent duplicate tags" time="0">
    </testcase>
    <testcase classname="Quote Social Commands › tag-quote command" name="should search quotes by tag" time="0.001">
    </testcase>
    <testcase classname="Quote Social Commands › tag-quote command" name="should work with slash command" time="0.001">
    </testcase>
    <testcase classname="Quote Social Commands › tag-quote command" name="should work with prefix command" time="0.001">
    </testcase>
    <testcase classname="Quote Social Commands › tag-quote command" name="should confirm tag added" time="0.001">
    </testcase>
    <testcase classname="Quote Export Commands › export-quotes command" name="should export quotes to JSON" time="0.001">
    </testcase>
    <testcase classname="Quote Export Commands › export-quotes command" name="should export quotes to CSV" time="0.001">
    </testcase>
    <testcase classname="Quote Export Commands › export-quotes command" name="should export quotes to Markdown" time="0">
    </testcase>
    <testcase classname="Quote Export Commands › export-quotes command" name="should include all quote data" time="0">
    </testcase>
    <testcase classname="Quote Export Commands › export-quotes command" name="should handle empty quote list" time="0.001">
    </testcase>
    <testcase classname="Quote Export Commands › export-quotes command" name="should escape special characters in CSV" time="0.001">
    </testcase>
    <testcase classname="Quote Export Commands › export-quotes command" name="should create downloadable file" time="0.001">
    </testcase>
    <testcase classname="Quote Export Commands › export-quotes command" name="should support multiple formats" time="0">
    </testcase>
    <testcase classname="Quote Export Commands › export-quotes command" name="should work with slash command" time="0">
    </testcase>
    <testcase classname="Quote Export Commands › export-quotes command" name="should work with prefix command" time="0.001">
    </testcase>
    <testcase classname="Quote Export Commands › export-quotes command" name="should confirm export" time="0.001">
    </testcase>
    <testcase classname="Quote Export Commands › export-quotes command" name="should handle large quote lists" time="0.001">
    </testcase>
    <testcase classname="Quote Export Commands › export-quotes command" name="should preserve quote metadata in export" time="0.001">
    </testcase>
    <testcase classname="Quote Export Commands › export-quotes command" name="should prevent exporting other guild quotes" time="0.001">
    </testcase>
    <testcase classname="Quote Export Commands › export-quotes command" name="should handle export errors gracefully" time="0.001">
    </testcase>
    <testcase classname="Export Format Validation" name="should validate JSON is valid JSON" time="0">
    </testcase>
    <testcase classname="Export Format Validation" name="should validate CSV has proper structure" time="0.001">
    </testcase>
    <testcase classname="Export Format Validation" name="should validate Markdown has headers" time="0">
    </testcase>
    <testcase classname="Export Format Validation" name="should handle unicode characters" time="0.001">
    </testcase>
  </testsuite>
  <testsuite name="ReminderNotificationService" errors="0" failures="0" skipped="0" timestamp="2026-06-29T10:38:45" time="0.055" tests="34">
    <testcase classname="ReminderNotificationService › Service Lifecycle" name="should initialize notification service" time="0.004">
    </testcase>
    <testcase classname="ReminderNotificationService › Service Lifecycle" name="should set check interval on initialization" time="0.001">
    </testcase>
    <testcase classname="ReminderNotificationService › Service Lifecycle" name="should not create duplicate intervals" time="0.001">
    </testcase>
    <testcase classname="ReminderNotificationService › Service Lifecycle" name="should stop notification service" time="0.001">
    </testcase>
    <testcase classname="ReminderNotificationService › Service Lifecycle" name="should handle multiple stop calls gracefully" time="0.001">
    </testcase>
    <testcase classname="ReminderNotificationService › sendReminderNotification()" name="should send notification for valid reminder" time="0.001">
    </testcase>
    <testcase classname="ReminderNotificationService › sendReminderNotification()" name="should track sent notifications" time="0.001">
    </testcase>
    <testcase classname="ReminderNotificationService › sendReminderNotification()" name="should increment sent counter" time="0.001">
    </testcase>
    <testcase classname="ReminderNotificationService › sendReminderNotification()" name="should throw error for invalid reminder" time="0.001">
    </testcase>
    <testcase classname="ReminderNotificationService › sendReminderNotification()" name="should throw error for reminder without userId" time="0.001">
    </testcase>
    <testcase classname="ReminderNotificationService › sendReminderNotification()" name="should handle multiple notifications" time="0.001">
    </testcase>
    <testcase classname="ReminderNotificationService › handleNotificationFailure()" name="should handle notification failure" time="0.001">
    </testcase>
    <testcase classname="ReminderNotificationService › handleNotificationFailure()" name="should track failed notifications" time="0.001">
    </testcase>
    <testcase classname="ReminderNotificationService › handleNotificationFailure()" name="should increment failed counter" time="0.001">
    </testcase>
    <testcase classname="ReminderNotificationService › handleNotificationFailure()" name="should prevent retry when max retries exceeded" time="0.001">
    </testcase>
    <testcase classname="ReminderNotificationService › handleNotificationFailure()" name="should allow retry for transient errors" time="0.001">
    </testcase>
    <testcase classname="ReminderNotificationService › retryFailedNotifications()" name="should retry failed notifications" time="0.001">
    </testcase>
    <testcase classname="ReminderNotificationService › retryFailedNotifications()" name="should reduce failed count after successful retry" time="0.001">
    </testcase>
    <testcase classname="ReminderNotificationService › retryFailedNotifications()" name="should return retry statistics" time="0">
    </testcase>
    <testcase classname="ReminderNotificationService › getFailedCount()" name="should return 0 for no failures" time="0">
    </testcase>
    <testcase classname="ReminderNotificationService › getFailedCount()" name="should return correct failure count" time="0.001">
    </testcase>
    <testcase classname="ReminderNotificationService › getFailedCount()" name="should update count after retry" time="0.001">
    </testcase>
    <testcase classname="ReminderNotificationService › checkAndSendNotifications()" name="should check for due notifications" time="0.001">
    </testcase>
    <testcase classname="ReminderNotificationService › checkAndSendNotifications()" name="should handle check errors gracefully" time="0.001">
    </testcase>
    <testcase classname="ReminderNotificationService › Statistics" name="should track notification statistics" time="0.001">
    </testcase>
    <testcase classname="ReminderNotificationService › Statistics" name="should initialize stats correctly" time="0.001">
    </testcase>
    <testcase classname="ReminderNotificationService › Statistics" name="should reset statistics" time="0.001">
    </testcase>
    <testcase classname="ReminderNotificationService › Error Scenarios" name="should handle DM delivery failures" time="0.001">
    </testcase>
    <testcase classname="ReminderNotificationService › Error Scenarios" name="should handle timeout errors" time="0">
    </testcase>
    <testcase classname="ReminderNotificationService › Error Scenarios" name="should handle permission errors" time="0.001">
    </testcase>
    <testcase classname="ReminderNotificationService › Edge Cases" name="should handle empty reminder list" time="0.001">
    </testcase>
    <testcase classname="ReminderNotificationService › Edge Cases" name="should handle concurrent notification sends" time="0.001">
    </testcase>
    <testcase classname="ReminderNotificationService › Edge Cases" name="should handle mixed success and failure" time="0.001">
    </testcase>
    <testcase classname="ReminderNotificationService › Edge Cases" name="should handle rapid operations" time="0.001">
    </testcase>
  </testsuite>
  <testsuite name="Phase 8C: Library Utilities &amp; Helpers" errors="0" failures="0" skipped="0" timestamp="2026-06-29T10:38:45" time="0.047" tests="45">
    <testcase classname="Phase 8C: Library Utilities &amp; Helpers › detectReadyEvent › Bot ready state detection" name="should detect bot as ready when connected" time="0.001">
    </testcase>
    <testcase classname="Phase 8C: Library Utilities &amp; Helpers › detectReadyEvent › Bot ready state detection" name="should detect bot as not ready when disconnected" time="0.001">
    </testcase>
    <testcase classname="Phase 8C: Library Utilities &amp; Helpers › detectReadyEvent › Bot ready state detection" name="should check for valid guild count" time="0.001">
    </testcase>
    <testcase classname="Phase 8C: Library Utilities &amp; Helpers › detectReadyEvent › Bot ready state detection" name="should handle zero guilds gracefully" time="0">
    </testcase>
    <testcase classname="Phase 8C: Library Utilities &amp; Helpers › detectReadyEvent › Bot ready state detection" name="should emit ready event after initialization" time="0.001">
    </testcase>
    <testcase classname="Phase 8C: Library Utilities &amp; Helpers › detectReadyEvent › Bot ready state detection" name="should wait for shard readiness in clustered setup" time="0.001">
    </testcase>
    <testcase classname="Phase 8C: Library Utilities &amp; Helpers › detectReadyEvent › Bot ready state detection" name="should log ready state changes" time="0">
    </testcase>
    <testcase classname="Phase 8C: Library Utilities &amp; Helpers › detectReadyEvent › Bot ready state detection" name="should trigger startup procedures after ready" time="0.001">
    </testcase>
    <testcase classname="Phase 8C: Library Utilities &amp; Helpers › detectReadyEvent › Bot ready state detection" name="should cache guild data on ready" time="0">
    </testcase>
    <testcase classname="Phase 8C: Library Utilities &amp; Helpers › detectReadyEvent › Bot ready state detection" name="should handle reconnection events" time="0.001">
    </testcase>
    <testcase classname="Phase 8C: Library Utilities &amp; Helpers › detectReadyEvent › Bot ready state detection" name="should clear stale cache on ready" time="0">
    </testcase>
    <testcase classname="Phase 8C: Library Utilities &amp; Helpers › Schema Enhancement › Table creation" name="should create quotes table with proper schema" time="0">
    </testcase>
    <testcase classname="Phase 8C: Library Utilities &amp; Helpers › Schema Enhancement › Table creation" name="should add constraints to tables" time="0.001">
    </testcase>
    <testcase classname="Phase 8C: Library Utilities &amp; Helpers › Schema Enhancement › Table creation" name="should create indexes for performance" time="0">
    </testcase>
    <testcase classname="Phase 8C: Library Utilities &amp; Helpers › Schema Enhancement › Table creation" name="should verify table exists before creating" time="0.001">
    </testcase>
    <testcase classname="Phase 8C: Library Utilities &amp; Helpers › Schema Enhancement › Table creation" name="should handle table creation idempotency" time="0">
    </testcase>
    <testcase classname="Phase 8C: Library Utilities &amp; Helpers › Schema Enhancement › Table creation" name="should add columns to existing tables" time="0.001">
    </testcase>
    <testcase classname="Phase 8C: Library Utilities &amp; Helpers › Schema Enhancement › Table creation" name="should drop and recreate tables" time="0">
    </testcase>
    <testcase classname="Phase 8C: Library Utilities &amp; Helpers › Schema Enhancement › Table creation" name="should version schema changes" time="0.001">
    </testcase>
    <testcase classname="Phase 8C: Library Utilities &amp; Helpers › Schema Enhancement › Index management" name="should create composite indexes" time="0">
    </testcase>
    <testcase classname="Phase 8C: Library Utilities &amp; Helpers › Schema Enhancement › Index management" name="should create unique indexes" time="0">
    </testcase>
    <testcase classname="Phase 8C: Library Utilities &amp; Helpers › Schema Enhancement › Index management" name="should manage index performance" time="0.001">
    </testcase>
    <testcase classname="Phase 8C: Library Utilities &amp; Helpers › Migration Framework › Migration registration and execution" name="should register migrations" time="0">
    </testcase>
    <testcase classname="Phase 8C: Library Utilities &amp; Helpers › Migration Framework › Migration registration and execution" name="should execute migrations in order" time="0.001">
    </testcase>
    <testcase classname="Phase 8C: Library Utilities &amp; Helpers › Migration Framework › Migration registration and execution" name="should track migration history" time="0">
    </testcase>
    <testcase classname="Phase 8C: Library Utilities &amp; Helpers › Migration Framework › Migration registration and execution" name="should rollback migrations" time="0.001">
    </testcase>
    <testcase classname="Phase 8C: Library Utilities &amp; Helpers › Migration Framework › Migration registration and execution" name="should detect pending migrations" time="0">
    </testcase>
    <testcase classname="Phase 8C: Library Utilities &amp; Helpers › Migration Framework › Migration registration and execution" name="should handle migration dependencies" time="0">
    </testcase>
    <testcase classname="Phase 8C: Library Utilities &amp; Helpers › Migration Framework › Migration registration and execution" name="should validate migration syntax" time="0.001">
    </testcase>
    <testcase classname="Phase 8C: Library Utilities &amp; Helpers › Migration Framework › Migration registration and execution" name="should handle migration errors gracefully" time="0">
    </testcase>
    <testcase classname="Phase 8C: Library Utilities &amp; Helpers › Migration Framework › Migration registration and execution" name="should lock database during migrations" time="0.001">
    </testcase>
    <testcase classname="Phase 8C: Library Utilities &amp; Helpers › Migration Framework › Migration registration and execution" name="should create migration files" time="0">
    </testcase>
    <testcase classname="Phase 8C: Library Utilities &amp; Helpers › Migration Framework › Migration registration and execution" name="should list all migration status" time="0.001">
    </testcase>
    <testcase classname="Phase 8C: Library Utilities &amp; Helpers › Type Definitions &amp; Validation" name="should validate quote object structure" time="0.001">
    </testcase>
    <testcase classname="Phase 8C: Library Utilities &amp; Helpers › Type Definitions &amp; Validation" name="should validate user preferences schema" time="0">
    </testcase>
    <testcase classname="Phase 8C: Library Utilities &amp; Helpers › Type Definitions &amp; Validation" name="should enforce type constraints" time="0.001">
    </testcase>
    <testcase classname="Phase 8C: Library Utilities &amp; Helpers › Type Definitions &amp; Validation" name="should define nullable fields" time="0">
    </testcase>
    <testcase classname="Phase 8C: Library Utilities &amp; Helpers › Type Definitions &amp; Validation" name="should support enum types" time="0.001">
    </testcase>
    <testcase classname="Phase 8C: Library Utilities &amp; Helpers › Type Definitions &amp; Validation" name="should validate nested structures" time="0">
    </testcase>
    <testcase classname="Phase 8C: Library Utilities &amp; Helpers › Type Definitions &amp; Validation" name="should export type definitions" time="0.001">
    </testcase>
    <testcase classname="Phase 8C: Library Utilities &amp; Helpers › Library Utilities Integration" name="should initialize bot with ready detection" time="0">
    </testcase>
    <testcase classname="Phase 8C: Library Utilities &amp; Helpers › Library Utilities Integration" name="should apply schema migrations on startup" time="0.001">
    </testcase>
    <testcase classname="Phase 8C: Library Utilities &amp; Helpers › Library Utilities Integration" name="should validate and store configuration" time="0.001">
    </testcase>
    <testcase classname="Phase 8C: Library Utilities &amp; Helpers › Library Utilities Integration" name="should handle library versioning" time="0">
    </testcase>
    <testcase classname="Phase 8C: Library Utilities &amp; Helpers › Library Utilities Integration" name="should coordinate all utilities on bot startup" time="0.001">
    </testcase>
  </testsuite>
  <testsuite name="Coverage Script Consolidation" errors="0" failures="0" skipped="0" timestamp="2026-06-29T10:38:45" time="0.044" tests="44">
    <testcase classname="Coverage Script Consolidation › Coverage Configuration" name="should have coverage directory configuration" time="0.001">
    </testcase>
    <testcase classname="Coverage Script Consolidation › Coverage Configuration" name="should have summary and final file paths configured" time="0.001">
    </testcase>
    <testcase classname="Coverage Script Consolidation › Coverage Configuration" name="should have baseline and history file paths" time="0.001">
    </testcase>
    <testcase classname="Coverage Script Consolidation › Coverage Metrics" name="should define statement coverage target" time="0">
    </testcase>
    <testcase classname="Coverage Script Consolidation › Coverage Metrics" name="should define branch coverage target" time="0.001">
    </testcase>
    <testcase classname="Coverage Script Consolidation › Coverage Metrics" name="should define function coverage target" time="0">
    </testcase>
    <testcase classname="Coverage Script Consolidation › Coverage Metrics" name="should define line coverage target" time="0.001">
    </testcase>
    <testcase classname="Coverage Script Consolidation › Coverage Report Generation" name="should have method to generate coverage report" time="0">
    </testcase>
    <testcase classname="Coverage Script Consolidation › Coverage Report Generation" name="should have method to validate coverage" time="0.001">
    </testcase>
    <testcase classname="Coverage Script Consolidation › Coverage Report Generation" name="should have method to compare against baseline" time="0">
    </testcase>
    <testcase classname="Coverage Script Consolidation › Coverage Report Generation" name="should have method to set baseline" time="0.001">
    </testcase>
    <testcase classname="Coverage Script Consolidation › Coverage Summary Parsing" name="should parse coverage summary structure" time="0">
    </testcase>
    <testcase classname="Coverage Script Consolidation › Coverage Summary Parsing" name="should extract percentage values from summary" time="0">
    </testcase>
    <testcase classname="Coverage Script Consolidation › Coverage Comparison" name="should compare current vs baseline coverage" time="0.001">
    </testcase>
    <testcase classname="Coverage Script Consolidation › Coverage Comparison" name="should detect coverage improvement" time="0">
    </testcase>
    <testcase classname="Coverage Script Consolidation › Coverage Comparison" name="should detect coverage regression" time="0.001">
    </testcase>
    <testcase classname="Coverage Script Consolidation › Coverage Comparison" name="should format percentage differences" time="0">
    </testcase>
    <testcase classname="Coverage Script Consolidation › Coverage History Tracking" name="should maintain coverage history structure" time="0.001">
    </testcase>
    <testcase classname="Coverage Script Consolidation › Coverage History Tracking" name="should add entries to history" time="0">
    </testcase>
    <testcase classname="Coverage Script Consolidation › Coverage History Tracking" name="should track coverage trends" time="0.001">
    </testcase>
    <testcase classname="Coverage Script Consolidation › Error Handling" name="should handle missing coverage directory" time="0">
    </testcase>
    <testcase classname="Coverage Script Consolidation › Error Handling" name="should handle missing coverage-summary.json" time="0.001">
    </testcase>
    <testcase classname="Coverage Script Consolidation › Error Handling" name="should handle invalid JSON in coverage files" time="0">
    </testcase>
    <testcase classname="Coverage Script Consolidation › Error Handling" name="should handle coverage validation failure gracefully" time="0.001">
    </testcase>
    <testcase classname="Coverage Script Consolidation › Color Formatting" name="should have ANSI color codes defined" time="0">
    </testcase>
    <testcase classname="Coverage Script Consolidation › Color Formatting" name="should use green for good coverage" time="0.001">
    </testcase>
    <testcase classname="Coverage Script Consolidation › Color Formatting" name="should use yellow for warning coverage" time="0">
    </testcase>
    <testcase classname="Coverage Script Consolidation › Color Formatting" name="should use red for poor coverage" time="0.001">
    </testcase>
    <testcase classname="Coverage Script Consolidation › Command-line Arguments" name="should support --report flag" time="0">
    </testcase>
    <testcase classname="Coverage Script Consolidation › Command-line Arguments" name="should support --validate flag" time="0.001">
    </testcase>
    <testcase classname="Coverage Script Consolidation › Command-line Arguments" name="should support --compare flag" time="0">
    </testcase>
    <testcase classname="Coverage Script Consolidation › Command-line Arguments" name="should support --baseline flag" time="0.001">
    </testcase>
    <testcase classname="Coverage Script Consolidation › Command-line Arguments" name="should support --all flag for comprehensive report" time="0">
    </testcase>
    <testcase classname="Coverage Script Consolidation › Command-line Arguments" name="should handle no arguments (default behavior)" time="0.001">
    </testcase>
    <testcase classname="Coverage Script Consolidation › Output Formatting" name="should display coverage as percentage" time="0">
    </testcase>
    <testcase classname="Coverage Script Consolidation › Output Formatting" name="should align columns in output" time="0.001">
    </testcase>
    <testcase classname="Coverage Script Consolidation › Output Formatting" name="should show total summary" time="0">
    </testcase>
    <testcase classname="Coverage Script Consolidation › Integration with npm scripts" name="should be callable via npm run coverage:report" time="0.001">
    </testcase>
    <testcase classname="Coverage Script Consolidation › Integration with npm scripts" name="should be callable via npm run coverage:validate" time="0">
    </testcase>
    <testcase classname="Coverage Script Consolidation › Integration with npm scripts" name="should be callable via npm run coverage:baseline" time="0.001">
    </testcase>
    <testcase classname="Coverage Script Consolidation › Integration with npm scripts" name="should be callable via npm run coverage:compare" time="0">
    </testcase>
    <testcase classname="Coverage Script Consolidation › Consolidated functionality" name="should combine coverage-tracking and coverage-unified features" time="0.001">
    </testcase>
    <testcase classname="Coverage Script Consolidation › Consolidated functionality" name="should have no duplicate code" time="0">
    </testcase>
    <testcase classname="Coverage Script Consolidation › Consolidated functionality" name="should maintain backward compatibility" time="0.001">
    </testcase>
  </testsuite>
  <testsuite name="Phase 22.6c: Quote Command Service Mocking" errors="0" failures="0" skipped="0" timestamp="2026-06-29T10:38:45" time="0.045" tests="32">
    <testcase classname="Phase 22.6c: Quote Command Service Mocking › add-quote command" name="should handle database connection error when adding quote" time="0.002">
    </testcase>
    <testcase classname="Phase 22.6c: Quote Command Service Mocking › add-quote command" name="should handle duplicate quote error" time="0.001">
    </testcase>
    <testcase classname="Phase 22.6c: Quote Command Service Mocking › add-quote command" name="should handle validation error for empty quote text" time="0.001">
    </testcase>
    <testcase classname="Phase 22.6c: Quote Command Service Mocking › add-quote command" name="should handle validation error for quote text too long" time="0">
    </testcase>
    <testcase classname="Phase 22.6c: Quote Command Service Mocking › delete-quote command" name="should handle quote not found error on delete" time="0">
    </testcase>
    <testcase classname="Phase 22.6c: Quote Command Service Mocking › delete-quote command" name="should handle permission denied when deleting another user quote" time="0">
    </testcase>
    <testcase classname="Phase 22.6c: Quote Command Service Mocking › delete-quote command" name="should handle cascade constraint when deleting quote with ratings" time="0.001">
    </testcase>
    <testcase classname="Phase 22.6c: Quote Command Service Mocking › delete-quote command" name="should handle database timeout during delete" time="0.001">
    </testcase>
    <testcase classname="Phase 22.6c: Quote Command Service Mocking › update-quote command" name="should handle quote not found error on update" time="0.001">
    </testcase>
    <testcase classname="Phase 22.6c: Quote Command Service Mocking › update-quote command" name="should handle validation error on update with empty text" time="0">
    </testcase>
    <testcase classname="Phase 22.6c: Quote Command Service Mocking › update-quote command" name="should handle permission denied on updating another user quote" time="0">
    </testcase>
    <testcase classname="Phase 22.6c: Quote Command Service Mocking › update-quote command" name="should handle duplicate after update" time="0.001">
    </testcase>
    <testcase classname="Phase 22.6c: Quote Command Service Mocking › list-quotes command" name="should handle database error when listing quotes" time="0.001">
    </testcase>
    <testcase classname="Phase 22.6c: Quote Command Service Mocking › list-quotes command" name="should handle timeout when retrieving large quote list" time="0.001">
    </testcase>
    <testcase classname="Phase 22.6c: Quote Command Service Mocking › list-quotes command" name="should return empty array when no quotes exist" time="0">
    </testcase>
    <testcase classname="Phase 22.6c: Quote Command Service Mocking › search-quotes command" name="should handle invalid search query format" time="0">
    </testcase>
    <testcase classname="Phase 22.6c: Quote Command Service Mocking › search-quotes command" name="should handle database error during search" time="0.001">
    </testcase>
    <testcase classname="Phase 22.6c: Quote Command Service Mocking › search-quotes command" name="should handle search timeout on large dataset" time="0.001">
    </testcase>
    <testcase classname="Phase 22.6c: Quote Command Service Mocking › search-quotes command" name="should return empty array for no search matches" time="0.001">
    </testcase>
    <testcase classname="Phase 22.6c: Quote Command Service Mocking › rate-quote command" name="should handle quote not found when rating" time="0">
    </testcase>
    <testcase classname="Phase 22.6c: Quote Command Service Mocking › rate-quote command" name="should handle invalid rating value" time="0.001">
    </testcase>
    <testcase classname="Phase 22.6c: Quote Command Service Mocking › rate-quote command" name="should handle duplicate rating (user already rated)" time="0.001">
    </testcase>
    <testcase classname="Phase 22.6c: Quote Command Service Mocking › tag-quote command" name="should handle quote not found when tagging" time="0.001">
    </testcase>
    <testcase classname="Phase 22.6c: Quote Command Service Mocking › tag-quote command" name="should handle invalid tag format" time="0.001">
    </testcase>
    <testcase classname="Phase 22.6c: Quote Command Service Mocking › tag-quote command" name="should handle duplicate tag assignment" time="0">
    </testcase>
    <testcase classname="Phase 22.6c: Quote Command Service Mocking › tag-quote command" name="should handle max tags limit exceeded" time="0.001">
    </testcase>
    <testcase classname="Phase 22.6c: Quote Command Service Mocking › export-quotes command" name="should handle database error during export" time="0.001">
    </testcase>
    <testcase classname="Phase 22.6c: Quote Command Service Mocking › export-quotes command" name="should handle no quotes to export" time="0.001">
    </testcase>
    <testcase classname="Phase 22.6c: Quote Command Service Mocking › export-quotes command" name="should handle permission denied on export" time="0">
    </testcase>
    <testcase classname="Phase 22.6c: Quote Command Service Mocking › quote command (get single quote)" name="should handle quote not found error" time="0.001">
    </testcase>
    <testcase classname="Phase 22.6c: Quote Command Service Mocking › quote command (get single quote)" name="should handle database timeout on single quote retrieval" time="0.001">
    </testcase>
    <testcase classname="Phase 22.6c: Quote Command Service Mocking › quote command (get single quote)" name="should return quote object on success" time="0.001">
    </testcase>
  </testsuite>
  <testsuite name="Phase 22.6c: Reminder Command Service Mocking" errors="0" failures="0" skipped="0" timestamp="2026-06-29T10:38:45" time="0.05" tests="28">
    <testcase classname="Phase 22.6c: Reminder Command Service Mocking › create-reminder command" name="should handle invalid date format" time="0.001">
    </testcase>
    <testcase classname="Phase 22.6c: Reminder Command Service Mocking › create-reminder command" name="should handle invalid time format" time="0">
    </testcase>
    <testcase classname="Phase 22.6c: Reminder Command Service Mocking › create-reminder command" name="should handle past date validation error" time="0.001">
    </testcase>
    <testcase classname="Phase 22.6c: Reminder Command Service Mocking › create-reminder command" name="should handle schedule conflict with existing reminder" time="0.001">
    </testcase>
    <testcase classname="Phase 22.6c: Reminder Command Service Mocking › create-reminder command" name="should handle invalid category validation" time="0.001">
    </testcase>
    <testcase classname="Phase 22.6c: Reminder Command Service Mocking › create-reminder command" name="should handle database error during create" time="0.001">
    </testcase>
    <testcase classname="Phase 22.6c: Reminder Command Service Mocking › create-reminder command" name="should handle subject too long validation" time="0.001">
    </testcase>
    <testcase classname="Phase 22.6c: Reminder Command Service Mocking › delete-reminder command" name="should handle reminder not found on delete" time="0">
    </testcase>
    <testcase classname="Phase 22.6c: Reminder Command Service Mocking › delete-reminder command" name="should handle permission denied when deleting another user reminder" time="0.001">
    </testcase>
    <testcase classname="Phase 22.6c: Reminder Command Service Mocking › delete-reminder command" name="should handle active reminder cannot delete conflict" time="0.001">
    </testcase>
    <testcase classname="Phase 22.6c: Reminder Command Service Mocking › delete-reminder command" name="should handle database timeout during delete" time="0.001">
    </testcase>
    <testcase classname="Phase 22.6c: Reminder Command Service Mocking › get-reminder command" name="should handle reminder not found" time="0.001">
    </testcase>
    <testcase classname="Phase 22.6c: Reminder Command Service Mocking › get-reminder command" name="should handle permission denied on get" time="0">
    </testcase>
    <testcase classname="Phase 22.6c: Reminder Command Service Mocking › get-reminder command" name="should handle database timeout on retrieval" time="0.001">
    </testcase>
    <testcase classname="Phase 22.6c: Reminder Command Service Mocking › get-reminder command" name="should return reminder on success" time="0.001">
    </testcase>
    <testcase classname="Phase 22.6c: Reminder Command Service Mocking › list-reminders command" name="should handle database error when listing" time="0.001">
    </testcase>
    <testcase classname="Phase 22.6c: Reminder Command Service Mocking › list-reminders command" name="should handle timeout on large reminder list" time="0">
    </testcase>
    <testcase classname="Phase 22.6c: Reminder Command Service Mocking › list-reminders command" name="should return empty array when no reminders exist" time="0.001">
    </testcase>
    <testcase classname="Phase 22.6c: Reminder Command Service Mocking › list-reminders command" name="should return list of reminders on success" time="0.001">
    </testcase>
    <testcase classname="Phase 22.6c: Reminder Command Service Mocking › search-reminders command" name="should handle invalid search query" time="0.001">
    </testcase>
    <testcase classname="Phase 22.6c: Reminder Command Service Mocking › search-reminders command" name="should handle database error during search" time="0">
    </testcase>
    <testcase classname="Phase 22.6c: Reminder Command Service Mocking › search-reminders command" name="should handle search timeout" time="0">
    </testcase>
    <testcase classname="Phase 22.6c: Reminder Command Service Mocking › search-reminders command" name="should return empty array for no matches" time="0.001">
    </testcase>
    <testcase classname="Phase 22.6c: Reminder Command Service Mocking › update-reminder command" name="should handle reminder not found on update" time="0.001">
    </testcase>
    <testcase classname="Phase 22.6c: Reminder Command Service Mocking › update-reminder command" name="should handle invalid date on update" time="0.001">
    </testcase>
    <testcase classname="Phase 22.6c: Reminder Command Service Mocking › update-reminder command" name="should handle schedule conflict on update" time="0">
    </testcase>
    <testcase classname="Phase 22.6c: Reminder Command Service Mocking › update-reminder command" name="should handle permission denied on update" time="0.001">
    </testcase>
    <testcase classname="Phase 22.6c: Reminder Command Service Mocking › update-reminder command" name="should update reminder successfully" time="0.001">
    </testcase>
  </testsuite>
  <testsuite name="Phase 22.6b: Reminder Command Parameter Validation" errors="0" failures="0" skipped="0" timestamp="2026-06-29T10:38:45" time="0.041" tests="40">
    <testcase classname="Phase 22.6b: Reminder Command Parameter Validation › create-reminder command" name="should define subject parameter as required string with constraints" time="0.001">
    </testcase>
    <testcase classname="Phase 22.6b: Reminder Command Parameter Validation › create-reminder command" name="should define category parameter as required string" time="0">
    </testcase>
    <testcase classname="Phase 22.6b: Reminder Command Parameter Validation › create-reminder command" name="should define when parameter as required string for date/time" time="0.001">
    </testcase>
    <testcase classname="Phase 22.6b: Reminder Command Parameter Validation › create-reminder command" name="should define who parameter as required (user/role ID)" time="0">
    </testcase>
    <testcase classname="Phase 22.6b: Reminder Command Parameter Validation › create-reminder command" name="should define content parameter as optional with max length" time="0">
    </testcase>
    <testcase classname="Phase 22.6b: Reminder Command Parameter Validation › create-reminder command" name="should define link parameter as optional URL" time="0.001">
    </testcase>
    <testcase classname="Phase 22.6b: Reminder Command Parameter Validation › create-reminder command" name="should define image parameter as optional URL" time="0">
    </testcase>
    <testcase classname="Phase 22.6b: Reminder Command Parameter Validation › delete-reminder command" name="should define reminder-id parameter as required positive integer" time="0.001">
    </testcase>
    <testcase classname="Phase 22.6b: Reminder Command Parameter Validation › delete-reminder command" name="should accept optional confirm parameter for safety" time="0">
    </testcase>
    <testcase classname="Phase 22.6b: Reminder Command Parameter Validation › get-reminder command" name="should define reminder-id parameter as required positive integer" time="0">
    </testcase>
    <testcase classname="Phase 22.6b: Reminder Command Parameter Validation › get-reminder command" name="should accept optional verbose parameter for extended details" time="0">
    </testcase>
    <testcase classname="Phase 22.6b: Reminder Command Parameter Validation › get-reminder command" name="should accept optional include-history parameter" time="0">
    </testcase>
    <testcase classname="Phase 22.6b: Reminder Command Parameter Validation › list-reminders command" name="should accept optional filter parameter" time="0.001">
    </testcase>
    <testcase classname="Phase 22.6b: Reminder Command Parameter Validation › list-reminders command" name="should accept optional category-filter parameter" time="0">
    </testcase>
    <testcase classname="Phase 22.6b: Reminder Command Parameter Validation › list-reminders command" name="should accept optional limit parameter for pagination" time="0.001">
    </testcase>
    <testcase classname="Phase 22.6b: Reminder Command Parameter Validation › list-reminders command" name="should accept optional sort parameter" time="0">
    </testcase>
    <testcase classname="Phase 22.6b: Reminder Command Parameter Validation › list-reminders command" name="should accept optional sort-order parameter (asc/desc)" time="0.001">
    </testcase>
    <testcase classname="Phase 22.6b: Reminder Command Parameter Validation › search-reminders command" name="should define search-term parameter as required string" time="0">
    </testcase>
    <testcase classname="Phase 22.6b: Reminder Command Parameter Validation › search-reminders command" name="should accept optional search-field parameter" time="0.001">
    </testcase>
    <testcase classname="Phase 22.6b: Reminder Command Parameter Validation › search-reminders command" name="should accept optional case-sensitive flag" time="0">
    </testcase>
    <testcase classname="Phase 22.6b: Reminder Command Parameter Validation › search-reminders command" name="should accept optional limit parameter" time="0.001">
    </testcase>
    <testcase classname="Phase 22.6b: Reminder Command Parameter Validation › update-reminder command" name="should define reminder-id parameter as required positive integer" time="0">
    </testcase>
    <testcase classname="Phase 22.6b: Reminder Command Parameter Validation › update-reminder command" name="should require at least one update field" time="0.001">
    </testcase>
    <testcase classname="Phase 22.6b: Reminder Command Parameter Validation › update-reminder command" name="should validate updated subject constraints" time="0">
    </testcase>
    <testcase classname="Phase 22.6b: Reminder Command Parameter Validation › update-reminder command" name="should validate updated when parameter format" time="0.001">
    </testcase>
    <testcase classname="Phase 22.6b: Reminder Command Parameter Validation › update-reminder command" name="should accept optional mark-completed parameter" time="0">
    </testcase>
    <testcase classname="Phase 22.6b: Reminder Command Parameter Validation › update-reminder command" name="should accept optional priority parameter" time="0.001">
    </testcase>
    <testcase classname="Phase 22.6b: Reminder Command Parameter Validation › reminder commands cross-validation" name="should consistently enforce reminder-id validation across commands" time="0">
    </testcase>
    <testcase classname="Phase 22.6b: Reminder Command Parameter Validation › reminder commands cross-validation" name="should enforce subject length constraints consistently" time="0.001">
    </testcase>
    <testcase classname="Phase 22.6b: Reminder Command Parameter Validation › reminder commands cross-validation" name="should handle optional limit/pagination consistently" time="0">
    </testcase>
    <testcase classname="Phase 22.6b: Reminder Command Parameter Validation › reminder commands cross-validation" name="should consistently handle filter enum values" time="0.001">
    </testcase>
    <testcase classname="Phase 22.6b: Reminder Command Parameter Validation › reminder date/time parameter validation" name="should accept natural language date formats in when parameter" time="0">
    </testcase>
    <testcase classname="Phase 22.6b: Reminder Command Parameter Validation › reminder date/time parameter validation" name="should handle past date rejection in when parameter" time="0.001">
    </testcase>
    <testcase classname="Phase 22.6b: Reminder Command Parameter Validation › reminder date/time parameter validation" name="should accept duration format for temporary reminders" time="0">
    </testcase>
    <testcase classname="Phase 22.6b: Reminder Command Parameter Validation › reminder command edge cases" name="should handle special characters in subject parameter" time="0.001">
    </testcase>
    <testcase classname="Phase 22.6b: Reminder Command Parameter Validation › reminder command edge cases" name="should handle subject text boundary conditions" time="0">
    </testcase>
    <testcase classname="Phase 22.6b: Reminder Command Parameter Validation › reminder command edge cases" name="should handle content text boundary conditions" time="0.001">
    </testcase>
    <testcase classname="Phase 22.6b: Reminder Command Parameter Validation › reminder command edge cases" name="should handle whitespace-only parameter rejection" time="0">
    </testcase>
    <testcase classname="Phase 22.6b: Reminder Command Parameter Validation › reminder command edge cases" name="should validate Discord entity IDs in who parameter" time="0.001">
    </testcase>
    <testcase classname="Phase 22.6b: Reminder Command Parameter Validation › reminder command edge cases" name="should handle limit parameter boundary conditions" time="0">
    </testcase>
  </testsuite>
  <testsuite name="Guild-Aware Operations - Phase 22.2 Expansion" errors="0" failures="0" skipped="0" timestamp="2026-06-29T10:38:45" time="0.039" tests="17">
    <testcase classname="Guild-Aware Operations - Phase 22.2 Expansion › Multi-Guild Operations" name="should isolate data between 10 different guilds" time="0.002">
    </testcase>
    <testcase classname="Guild-Aware Operations - Phase 22.2 Expansion › Multi-Guild Operations" name="should prevent cross-guild quote access" time="0">
    </testcase>
    <testcase classname="Guild-Aware Operations - Phase 22.2 Expansion › Multi-Guild Operations" name="should allow independent operations in parallel guilds" time="0.001">
    </testcase>
    <testcase classname="Guild-Aware Operations - Phase 22.2 Expansion › Multi-Guild Operations" name="should handle guild-specific query filters" time="0">
    </testcase>
    <testcase classname="Guild-Aware Operations - Phase 22.2 Expansion › Concurrent Guild Operations" name="should handle concurrent adds to same guild safely" time="0">
    </testcase>
    <testcase classname="Guild-Aware Operations - Phase 22.2 Expansion › Concurrent Guild Operations" name="should handle concurrent operations across multiple guilds" time="0.001">
    </testcase>
    <testcase classname="Guild-Aware Operations - Phase 22.2 Expansion › Concurrent Guild Operations" name="should handle concurrent deletes with proper isolation" time="0.001">
    </testcase>
    <testcase classname="Guild-Aware Operations - Phase 22.2 Expansion › Data Isolation Integrity" name="should prevent data leakage between guilds" time="0.001">
    </testcase>
    <testcase classname="Guild-Aware Operations - Phase 22.2 Expansion › Data Isolation Integrity" name="should maintain isolation during bulk operations" time="0.001">
    </testcase>
    <testcase classname="Guild-Aware Operations - Phase 22.2 Expansion › Data Isolation Integrity" name="should track operations separately per guild" time="0.001">
    </testcase>
    <testcase classname="Guild-Aware Operations - Phase 22.2 Expansion › Guild Lifecycle Management" name="should initialize guilds on first access" time="0.001">
    </testcase>
    <testcase classname="Guild-Aware Operations - Phase 22.2 Expansion › Guild Lifecycle Management" name="should support clean guild deletion" time="0.001">
    </testcase>
    <testcase classname="Guild-Aware Operations - Phase 22.2 Expansion › Guild Lifecycle Management" name="should allow guild recreation after deletion" time="0">
    </testcase>
    <testcase classname="Guild-Aware Operations - Phase 22.2 Expansion › Guild Lifecycle Management" name="should handle guild migration scenarios" time="0.001">
    </testcase>
    <testcase classname="Guild-Aware Operations - Phase 22.2 Expansion › Guild-Aware Error Handling" name="should handle missing guild ID gracefully" time="0.003">
    </testcase>
    <testcase classname="Guild-Aware Operations - Phase 22.2 Expansion › Guild-Aware Error Handling" name="should handle operations on non-existent quotes in guild" time="0.001">
    </testcase>
    <testcase classname="Guild-Aware Operations - Phase 22.2 Expansion › Guild-Aware Error Handling" name="should handle quota and limit scenarios per guild" time="0.002">
    </testcase>
  </testsuite>
  <testsuite name="Phase 22.6b: Quote Command Parameter Validation" errors="0" failures="0" skipped="0" timestamp="2026-06-29T10:38:45" time="0.044" tests="43">
    <testcase classname="Phase 22.6b: Quote Command Parameter Validation › add-quote command" name="should define quote parameter as required string with length constraints" time="0.001">
    </testcase>
    <testcase classname="Phase 22.6b: Quote Command Parameter Validation › add-quote command" name="should define author parameter as optional string" time="0">
    </testcase>
    <testcase classname="Phase 22.6b: Quote Command Parameter Validation › add-quote command" name="should accept optional category parameter" time="0.001">
    </testcase>
    <testcase classname="Phase 22.6b: Quote Command Parameter Validation › add-quote command" name="should accept optional source parameter" time="0.001">
    </testcase>
    <testcase classname="Phase 22.6b: Quote Command Parameter Validation › delete-quote command" name="should define quote-id parameter as required integer" time="0">
    </testcase>
    <testcase classname="Phase 22.6b: Quote Command Parameter Validation › delete-quote command" name="should accept optional confirm parameter for safety" time="0.001">
    </testcase>
    <testcase classname="Phase 22.6b: Quote Command Parameter Validation › update-quote command" name="should define quote-id parameter as required integer" time="0">
    </testcase>
    <testcase classname="Phase 22.6b: Quote Command Parameter Validation › update-quote command" name="should require at least one update field (quote text or author)" time="0.001">
    </testcase>
    <testcase classname="Phase 22.6b: Quote Command Parameter Validation › update-quote command" name="should validate updated quote text constraints" time="0">
    </testcase>
    <testcase classname="Phase 22.6b: Quote Command Parameter Validation › list-quotes command" name="should accept optional filter parameter" time="0">
    </testcase>
    <testcase classname="Phase 22.6b: Quote Command Parameter Validation › list-quotes command" name="should accept optional limit parameter for pagination" time="0">
    </testcase>
    <testcase classname="Phase 22.6b: Quote Command Parameter Validation › list-quotes command" name="should accept optional sort parameter" time="0">
    </testcase>
    <testcase classname="Phase 22.6b: Quote Command Parameter Validation › quote command" name="should define quote-id parameter as required integer" time="0.001">
    </testcase>
    <testcase classname="Phase 22.6b: Quote Command Parameter Validation › quote command" name="should accept optional format parameter" time="0">
    </testcase>
    <testcase classname="Phase 22.6b: Quote Command Parameter Validation › quote command" name="should accept optional include-metadata parameter" time="0.001">
    </testcase>
    <testcase classname="Phase 22.6b: Quote Command Parameter Validation › search-quotes command" name="should define search-term parameter as required string" time="0">
    </testcase>
    <testcase classname="Phase 22.6b: Quote Command Parameter Validation › search-quotes command" name="should accept optional search-field parameter" time="0.001">
    </testcase>
    <testcase classname="Phase 22.6b: Quote Command Parameter Validation › search-quotes command" name="should accept optional case-sensitive flag" time="0">
    </testcase>
    <testcase classname="Phase 22.6b: Quote Command Parameter Validation › search-quotes command" name="should accept optional limit parameter" time="0.001">
    </testcase>
    <testcase classname="Phase 22.6b: Quote Command Parameter Validation › random-quote command" name="should accept optional category filter" time="0">
    </testcase>
    <testcase classname="Phase 22.6b: Quote Command Parameter Validation › random-quote command" name="should accept optional format parameter" time="0.001">
    </testcase>
    <testcase classname="Phase 22.6b: Quote Command Parameter Validation › quote-stats command" name="should accept optional time-period parameter" time="0">
    </testcase>
    <testcase classname="Phase 22.6b: Quote Command Parameter Validation › quote-stats command" name="should accept optional include-authors parameter" time="0.001">
    </testcase>
    <testcase classname="Phase 22.6b: Quote Command Parameter Validation › quote-stats command" name="should accept optional sort-by parameter" time="0">
    </testcase>
    <testcase classname="Phase 22.6b: Quote Command Parameter Validation › rate-quote command" name="should define quote-id parameter as required integer" time="0.001">
    </testcase>
    <testcase classname="Phase 22.6b: Quote Command Parameter Validation › rate-quote command" name="should define rating parameter as required integer in range 1-5" time="0">
    </testcase>
    <testcase classname="Phase 22.6b: Quote Command Parameter Validation › rate-quote command" name="should accept optional comment parameter" time="0.001">
    </testcase>
    <testcase classname="Phase 22.6b: Quote Command Parameter Validation › tag-quote command" name="should define quote-id parameter as required integer" time="0">
    </testcase>
    <testcase classname="Phase 22.6b: Quote Command Parameter Validation › tag-quote command" name="should define tag parameter as required string" time="0.001">
    </testcase>
    <testcase classname="Phase 22.6b: Quote Command Parameter Validation › tag-quote command" name="should accept optional remove-tag parameter" time="0">
    </testcase>
    <testcase classname="Phase 22.6b: Quote Command Parameter Validation › export-quotes command" name="should accept optional format parameter" time="0.001">
    </testcase>
    <testcase classname="Phase 22.6b: Quote Command Parameter Validation › export-quotes command" name="should accept optional filter parameter" time="0">
    </testcase>
    <testcase classname="Phase 22.6b: Quote Command Parameter Validation › export-quotes command" name="should accept optional include-metadata parameter" time="0.001">
    </testcase>
    <testcase classname="Phase 22.6b: Quote Command Parameter Validation › export-quotes command" name="should accept optional destination parameter" time="0">
    </testcase>
    <testcase classname="Phase 22.6b: Quote Command Parameter Validation › quote commands cross-validation" name="should consistently enforce quote-id parameter validation" time="0.001">
    </testcase>
    <testcase classname="Phase 22.6b: Quote Command Parameter Validation › quote commands cross-validation" name="should enforce quote text length constraints consistently" time="0">
    </testcase>
    <testcase classname="Phase 22.6b: Quote Command Parameter Validation › quote commands cross-validation" name="should handle optional limit/pagination consistently" time="0.001">
    </testcase>
    <testcase classname="Phase 22.6b: Quote Command Parameter Validation › quote command edge cases" name="should handle special characters in quote text" time="0">
    </testcase>
    <testcase classname="Phase 22.6b: Quote Command Parameter Validation › quote command edge cases" name="should handle quote text boundary conditions" time="0">
    </testcase>
    <testcase classname="Phase 22.6b: Quote Command Parameter Validation › quote command edge cases" name="should handle whitespace and newlines in quote text" time="0">
    </testcase>
    <testcase classname="Phase 22.6b: Quote Command Parameter Validation › quote command edge cases" name="should reject whitespace-only quote text" time="0">
    </testcase>
    <testcase classname="Phase 22.6b: Quote Command Parameter Validation › quote command edge cases" name="should handle author name with special characters" time="0">
    </testcase>
    <testcase classname="Phase 22.6b: Quote Command Parameter Validation › quote command edge cases" name="should validate rating boundary conditions" time="0">
    </testcase>
  </testsuite>
  <testsuite name="Database Migration Error Handling" errors="0" failures="0" skipped="0" timestamp="2026-06-29T10:38:45" time="0.047" tests="51">
    <testcase classname="Database Migration Error Handling › Migration File Validation" name="should validate source database exists before migration" time="0">
    </testcase>
    <testcase classname="Database Migration Error Handling › Migration File Validation" name="should validate destination directory is writable" time="0.001">
    </testcase>
    <testcase classname="Database Migration Error Handling › Migration File Validation" name="should check backup exists before proceeding" time="0.001">
    </testcase>
    <testcase classname="Database Migration Error Handling › Migration File Validation" name="should validate backup file is readable" time="0">
    </testcase>
    <testcase classname="Database Migration Error Handling › Migration Progress Tracking" name="should initialize migration state" time="0.001">
    </testcase>
    <testcase classname="Database Migration Error Handling › Migration Progress Tracking" name="should track quotes migrated count" time="0.001">
    </testcase>
    <testcase classname="Database Migration Error Handling › Migration Progress Tracking" name="should track ratings migrated count" time="0">
    </testcase>
    <testcase classname="Database Migration Error Handling › Migration Progress Tracking" name="should record migration errors with context" time="0.001">
    </testcase>
    <testcase classname="Database Migration Error Handling › Migration Progress Tracking" name="should calculate migration duration" time="0">
    </testcase>
    <testcase classname="Database Migration Error Handling › Error Recovery - Database Errors" name="should handle connection errors gracefully" time="0.001">
    </testcase>
    <testcase classname="Database Migration Error Handling › Error Recovery - Database Errors" name="should handle locked database errors" time="0">
    </testcase>
    <testcase classname="Database Migration Error Handling › Error Recovery - Database Errors" name="should handle disk full errors" time="0.001">
    </testcase>
    <testcase classname="Database Migration Error Handling › Error Recovery - Database Errors" name="should handle corrupt database errors" time="0">
    </testcase>
    <testcase classname="Database Migration Error Handling › Error Recovery - Database Errors" name="should handle query errors" time="0.001">
    </testcase>
    <testcase classname="Database Migration Error Handling › Error Recovery - File System Errors" name="should handle ENOENT (file not found)" time="0">
    </testcase>
    <testcase classname="Database Migration Error Handling › Error Recovery - File System Errors" name="should handle EACCES (permission denied)" time="0.001">
    </testcase>
    <testcase classname="Database Migration Error Handling › Error Recovery - File System Errors" name="should handle ENOSPC (no space left)" time="0">
    </testcase>
    <testcase classname="Database Migration Error Handling › Error Recovery - File System Errors" name="should handle EEXIST (file exists)" time="0.001">
    </testcase>
    <testcase classname="Database Migration Error Handling › Rollback Mechanism" name="should have rollback capability" time="0">
    </testcase>
    <testcase classname="Database Migration Error Handling › Rollback Mechanism" name="should restore from backup on failure" time="0.001">
    </testcase>
    <testcase classname="Database Migration Error Handling › Rollback Mechanism" name="should track rolled back records" time="0">
    </testcase>
    <testcase classname="Database Migration Error Handling › Rollback Mechanism" name="should verify backup before rollback" time="0.001">
    </testcase>
    <testcase classname="Database Migration Error Handling › Rollback Mechanism" name="should prevent rollback if source corrupted" time="0">
    </testcase>
    <testcase classname="Database Migration Error Handling › Migration Validation" name="should validate record count before/after" time="0.001">
    </testcase>
    <testcase classname="Database Migration Error Handling › Migration Validation" name="should detect missing records" time="0">
    </testcase>
    <testcase classname="Database Migration Error Handling › Migration Validation" name="should validate data integrity" time="0.001">
    </testcase>
    <testcase classname="Database Migration Error Handling › Migration Validation" name="should check for duplicate records" time="0">
    </testcase>
    <testcase classname="Database Migration Error Handling › Migration Validation" name="should validate foreign key relationships" time="0">
    </testcase>
    <testcase classname="Database Migration Error Handling › CI Pipeline Error Handling" name="should check required environment variables" time="0.001">
    </testcase>
    <testcase classname="Database Migration Error Handling › CI Pipeline Error Handling" name="should fail if required env var missing" time="0">
    </testcase>
    <testcase classname="Database Migration Error Handling › CI Pipeline Error Handling" name="should validate database path exists" time="0.001">
    </testcase>
    <testcase classname="Database Migration Error Handling › CI Pipeline Error Handling" name="should check disk space before migration" time="0">
    </testcase>
    <testcase classname="Database Migration Error Handling › CI Pipeline Error Handling" name="should log migration summary" time="0.001">
    </testcase>
    <testcase classname="Database Migration Error Handling › Error Reporting" name="should include error code in report" time="0">
    </testcase>
    <testcase classname="Database Migration Error Handling › Error Reporting" name="should include error message" time="0.001">
    </testcase>
    <testcase classname="Database Migration Error Handling › Error Reporting" name="should include context information" time="0">
    </testcase>
    <testcase classname="Database Migration Error Handling › Error Reporting" name="should suggest recovery steps" time="0.001">
    </testcase>
    <testcase classname="Database Migration Error Handling › Dry-run Mode" name="should support dry-run flag" time="0">
    </testcase>
    <testcase classname="Database Migration Error Handling › Dry-run Mode" name="should not modify database in dry-run" time="0.001">
    </testcase>
    <testcase classname="Database Migration Error Handling › Dry-run Mode" name="should show what would be done in dry-run" time="0">
    </testcase>
    <testcase classname="Database Migration Error Handling › Dry-run Mode" name="should validate all checks in dry-run without modifying" time="0.001">
    </testcase>
    <testcase classname="Database Migration Error Handling › Verbose Logging" name="should support verbose flag" time="0">
    </testcase>
    <testcase classname="Database Migration Error Handling › Verbose Logging" name="should log each record processed in verbose mode" time="0.001">
    </testcase>
    <testcase classname="Database Migration Error Handling › Verbose Logging" name="should show timing information" time="0">
    </testcase>
    <testcase classname="Database Migration Error Handling › Force Override" name="should support force flag for dangerous operations" time="0.001">
    </testcase>
    <testcase classname="Database Migration Error Handling › Force Override" name="should require confirmation without force flag" time="0">
    </testcase>
    <testcase classname="Database Migration Error Handling › Force Override" name="should skip safety checks with force flag" time="0.001">
    </testcase>
    <testcase classname="Database Migration Error Handling › Force Override" name="should warn user about risks when using force" time="0">
    </testcase>
    <testcase classname="Database Migration Error Handling › Migration State Persistence" name="should save migration state checkpoint" time="0.001">
    </testcase>
    <testcase classname="Database Migration Error Handling › Migration State Persistence" name="should allow resume from checkpoint" time="0">
    </testcase>
    <testcase classname="Database Migration Error Handling › Migration State Persistence" name="should validate checkpoint integrity" time="0.001">
    </testcase>
  </testsuite>
  <testsuite name="Enhanced Run-Tests Script" errors="0" failures="0" skipped="0" timestamp="2026-06-29T10:38:45" time="0.048" tests="40">
    <testcase classname="Enhanced Run-Tests Script › Command File Discovery" name="should find command files recursively" time="0.001">
    </testcase>
    <testcase classname="Enhanced Run-Tests Script › Command File Discovery" name="should filter for .js files only" time="0">
    </testcase>
    <testcase classname="Enhanced Run-Tests Script › Command File Discovery" name="should exclude hidden files" time="0.001">
    </testcase>
    <testcase classname="Enhanced Run-Tests Script › Command File Discovery" name="should traverse subdirectories" time="0.001">
    </testcase>
    <testcase classname="Enhanced Run-Tests Script › Command Validation" name="should validate command exports an object" time="0">
    </testcase>
    <testcase classname="Enhanced Run-Tests Script › Command Validation" name="should require name property" time="0.001">
    </testcase>
    <testcase classname="Enhanced Run-Tests Script › Command Validation" name="should require description property" time="0">
    </testcase>
    <testcase classname="Enhanced Run-Tests Script › Command Validation" name="should require execute or executeInteraction function" time="0.001">
    </testcase>
    <testcase classname="Enhanced Run-Tests Script › Command Validation" name="should check for CommandBase inheritance" time="0">
    </testcase>
    <testcase classname="Enhanced Run-Tests Script › Command Validation" name="should validate slash command structure" time="0.001">
    </testcase>
    <testcase classname="Enhanced Run-Tests Script › Error Reporting" name="should track validation errors" time="0">
    </testcase>
    <testcase classname="Enhanced Run-Tests Script › Error Reporting" name="should format error messages" time="0">
    </testcase>
    <testcase classname="Enhanced Run-Tests Script › Error Reporting" name="should distinguish critical from warning errors" time="0">
    </testcase>
    <testcase classname="Enhanced Run-Tests Script › Error Reporting" name="should track valid command count" time="0">
    </testcase>
    <testcase classname="Enhanced Run-Tests Script › Utility Test Integration" name="should run additional unit tests" time="0.001">
    </testcase>
    <testcase classname="Enhanced Run-Tests Script › Utility Test Integration" name="should test version detection" time="0">
    </testcase>
    <testcase classname="Enhanced Run-Tests Script › Utility Test Integration" name="should compare semantic versions" time="0.001">
    </testcase>
    <testcase classname="Enhanced Run-Tests Script › Output Formatting" name="should display validation report header" time="0">
    </testcase>
    <testcase classname="Enhanced Run-Tests Script › Output Formatting" name="should use color codes for output" time="0.001">
    </testcase>
    <testcase classname="Enhanced Run-Tests Script › Output Formatting" name="should format success messages" time="0">
    </testcase>
    <testcase classname="Enhanced Run-Tests Script › Output Formatting" name="should format error messages" time="0.001">
    </testcase>
    <testcase classname="Enhanced Run-Tests Script › Output Formatting" name="should display validation summary" time="0.008">
    </testcase>
    <testcase classname="Enhanced Run-Tests Script › Exit Codes" name="should exit with 0 on success" time="0">
    </testcase>
    <testcase classname="Enhanced Run-Tests Script › Exit Codes" name="should exit with 1 on validation failure" time="0">
    </testcase>
    <testcase classname="Enhanced Run-Tests Script › Exit Codes" name="should exit with 1 on utility test failure" time="0">
    </testcase>
    <testcase classname="Enhanced Run-Tests Script › Performance" name="should handle large command sets" time="0">
    </testcase>
    <testcase classname="Enhanced Run-Tests Script › Performance" name="should process files efficiently" time="0.001">
    </testcase>
    <testcase classname="Enhanced Run-Tests Script › Integration with Error Handler" name="should use error handler for file errors" time="0">
    </testcase>
    <testcase classname="Enhanced Run-Tests Script › Integration with Error Handler" name="should provide error context" time="0.001">
    </testcase>
    <testcase classname="Enhanced Run-Tests Script › Integration with Error Handler" name="should log errors with context" time="0">
    </testcase>
    <testcase classname="Enhanced Run-Tests Script › Consolidation Features" name="should validate commands like validate-commands.js" time="0.001">
    </testcase>
    <testcase classname="Enhanced Run-Tests Script › Consolidation Features" name="should detect CommandBase pattern" time="0">
    </testcase>
    <testcase classname="Enhanced Run-Tests Script › Consolidation Features" name="should support modern and legacy patterns" time="0.001">
    </testcase>
    <testcase classname="Enhanced Run-Tests Script › Help and Documentation" name="should display usage information" time="0">
    </testcase>
    <testcase classname="Enhanced Run-Tests Script › Help and Documentation" name="should describe command options" time="0.001">
    </testcase>
    <testcase classname="Enhanced Run-Tests Script › Help and Documentation" name="should explain output" time="0">
    </testcase>
    <testcase classname="Enhanced Run-Tests Script › Edge Cases" name="should handle no commands found" time="0.001">
    </testcase>
    <testcase classname="Enhanced Run-Tests Script › Edge Cases" name="should handle invalid JSON in commands" time="0.001">
    </testcase>
    <testcase classname="Enhanced Run-Tests Script › Edge Cases" name="should handle circular require patterns" time="0">
    </testcase>
    <testcase classname="Enhanced Run-Tests Script › Edge Cases" name="should handle large file paths" time="0.001">
    </testcase>
  </testsuite>
  <testsuite name="Integration Tests - Phase 22.2" errors="0" failures="0" skipped="0" timestamp="2026-06-29T10:38:45" time="0.042" tests="15">
    <testcase classname="Integration Tests - Phase 22.2 › Real-World Workflows" name="should handle typical bot usage pattern" time="0.001">
    </testcase>
    <testcase classname="Integration Tests - Phase 22.2 › Real-World Workflows" name="should support multiple communities with independent data" time="0.001">
    </testcase>
    <testcase classname="Integration Tests - Phase 22.2 › Real-World Workflows" name="should handle progressive user engagement pattern" time="0.002">
    </testcase>
    <testcase classname="Integration Tests - Phase 22.2 › Concurrent Multi-Guild Operations" name="should handle concurrent adds across 5 guilds" time="0.001">
    </testcase>
    <testcase classname="Integration Tests - Phase 22.2 › Concurrent Multi-Guild Operations" name="should handle concurrent operations of mixed types" time="0.001">
    </testcase>
    <testcase classname="Integration Tests - Phase 22.2 › Performance Characteristics" name="should maintain responsiveness with 1000 quotes per guild" time="0.003">
    </testcase>
    <testcase classname="Integration Tests - Phase 22.2 › Performance Characteristics" name="should handle 10 guilds with 100 quotes each efficiently" time="0.003">
    </testcase>
    <testcase classname="Integration Tests - Phase 22.2 › Performance Characteristics" name="should efficiently compute stats across multiple guilds" time="0.002">
    </testcase>
    <testcase classname="Integration Tests - Phase 22.2 › Data Consistency &amp; Integrity" name="should maintain data consistency during concurrent operations" time="0.001">
    </testcase>
    <testcase classname="Integration Tests - Phase 22.2 › Data Consistency &amp; Integrity" name="should maintain referential integrity across operations" time="0.001">
    </testcase>
    <testcase classname="Integration Tests - Phase 22.2 › Data Consistency &amp; Integrity" name="should correctly handle multiple operations on same quote" time="0">
    </testcase>
    <testcase classname="Integration Tests - Phase 22.2 › Error Handling &amp; Recovery" name="should handle invalid input gracefully" time="0.002">
    </testcase>
    <testcase classname="Integration Tests - Phase 22.2 › Error Handling &amp; Recovery" name="should continue operating after errors" time="0.001">
    </testcase>
    <testcase classname="Integration Tests - Phase 22.2 › Global Metrics &amp; Reporting" name="should accurately track global operations" time="0.001">
    </testcase>
    <testcase classname="Integration Tests - Phase 22.2 › Global Metrics &amp; Reporting" name="should provide accurate guild distribution metrics" time="0.001">
    </testcase>
  </testsuite>
  <testsuite name="Phase 22.6b: Misc Command Parameter Validation" errors="0" failures="0" skipped="0" timestamp="2026-06-29T10:38:45" time="0.038" tests="33">
    <testcase classname="Phase 22.6b: Misc Command Parameter Validation › help command" name="should accept optional command-name parameter" time="0.001">
    </testcase>
    <testcase classname="Phase 22.6b: Misc Command Parameter Validation › help command" name="should accept optional category filter parameter" time="0">
    </testcase>
    <testcase classname="Phase 22.6b: Misc Command Parameter Validation › help command" name="should accept optional verbose parameter for detailed help" time="0.001">
    </testcase>
    <testcase classname="Phase 22.6b: Misc Command Parameter Validation › help command" name="should accept optional search-term parameter" time="0.001">
    </testcase>
    <testcase classname="Phase 22.6b: Misc Command Parameter Validation › help command" name="should accept optional format parameter" time="0">
    </testcase>
    <testcase classname="Phase 22.6b: Misc Command Parameter Validation › hi command" name="should accept optional name parameter for personalized greeting" time="0.001">
    </testcase>
    <testcase classname="Phase 22.6b: Misc Command Parameter Validation › hi command" name="should accept optional greeting-style parameter" time="0.001">
    </testcase>
    <testcase classname="Phase 22.6b: Misc Command Parameter Validation › hi command" name="should validate name parameter constraints" time="0">
    </testcase>
    <testcase classname="Phase 22.6b: Misc Command Parameter Validation › ping command" name="should accept optional detailed parameter for extended latency info" time="0.001">
    </testcase>
    <testcase classname="Phase 22.6b: Misc Command Parameter Validation › ping command" name="should accept optional include-stats parameter" time="0">
    </testcase>
    <testcase classname="Phase 22.6b: Misc Command Parameter Validation › ping command" name="should accept optional count parameter for multiple pings" time="0.001">
    </testcase>
    <testcase classname="Phase 22.6b: Misc Command Parameter Validation › poem command" name="should accept optional topic parameter for themed poem" time="0">
    </testcase>
    <testcase classname="Phase 22.6b: Misc Command Parameter Validation › poem command" name="should accept optional style parameter for poem type" time="0.001">
    </testcase>
    <testcase classname="Phase 22.6b: Misc Command Parameter Validation › poem command" name="should accept optional length parameter" time="0">
    </testcase>
    <testcase classname="Phase 22.6b: Misc Command Parameter Validation › poem command" name="should accept optional mood parameter" time="0.001">
    </testcase>
    <testcase classname="Phase 22.6b: Misc Command Parameter Validation › poem command" name="should validate topic parameter constraints" time="0">
    </testcase>
    <testcase classname="Phase 22.6b: Misc Command Parameter Validation › poem command" name="should accept optional model parameter for different AI models" time="0.001">
    </testcase>
    <testcase classname="Phase 22.6b: Misc Command Parameter Validation › misc commands cross-validation" name="should consistently handle optional verbosity flags" time="0">
    </testcase>
    <testcase classname="Phase 22.6b: Misc Command Parameter Validation › misc commands cross-validation" name="should handle enum parameter validation consistently" time="0.001">
    </testcase>
    <testcase classname="Phase 22.6b: Misc Command Parameter Validation › misc commands cross-validation" name="should enforce name/text parameter length constraints" time="0">
    </testcase>
    <testcase classname="Phase 22.6b: Misc Command Parameter Validation › misc command enum parameter validation" name="should reject invalid help categories" time="0.001">
    </testcase>
    <testcase classname="Phase 22.6b: Misc Command Parameter Validation › misc command enum parameter validation" name="should reject invalid poem styles" time="0">
    </testcase>
    <testcase classname="Phase 22.6b: Misc Command Parameter Validation › misc command enum parameter validation" name="should reject invalid ping count values" time="0">
    </testcase>
    <testcase classname="Phase 22.6b: Misc Command Parameter Validation › misc command enum parameter validation" name="should handle case sensitivity in enum values" time="0.001">
    </testcase>
    <testcase classname="Phase 22.6b: Misc Command Parameter Validation › misc command edge cases" name="should handle empty or missing optional parameters" time="0">
    </testcase>
    <testcase classname="Phase 22.6b: Misc Command Parameter Validation › misc command edge cases" name="should validate name parameter with special characters" time="0.001">
    </testcase>
    <testcase classname="Phase 22.6b: Misc Command Parameter Validation › misc command edge cases" name="should handle topic parameter with special characters" time="0">
    </testcase>
    <testcase classname="Phase 22.6b: Misc Command Parameter Validation › misc command edge cases" name="should validate search-term parameter constraints" time="0.001">
    </testcase>
    <testcase classname="Phase 22.6b: Misc Command Parameter Validation › misc command edge cases" name="should handle whitespace-only parameter rejection" time="0">
    </testcase>
    <testcase classname="Phase 22.6b: Misc Command Parameter Validation › misc command edge cases" name="should validate count parameter boundary conditions" time="0.001">
    </testcase>
    <testcase classname="Phase 22.6b: Misc Command Parameter Validation › misc command default parameter behavior" name="should use sensible defaults when optional parameters omitted" time="0">
    </testcase>
    <testcase classname="Phase 22.6b: Misc Command Parameter Validation › misc command default parameter behavior" name="should accept all-uppercase enum values case-insensitively if implemented" time="0.001">
    </testcase>
    <testcase classname="Phase 22.6b: Misc Command Parameter Validation › misc command default parameter behavior" name="should handle parameter combinations sensibly" time="0">
    </testcase>
  </testsuite>
  <testsuite name="Performance &amp; Optimization - Phase 22.2 Fixes" errors="0" failures="0" skipped="0" timestamp="2026-06-29T10:38:45" time="0.032" tests="13">
    <testcase classname="Performance &amp; Optimization - Phase 22.2 Fixes › Constant-Time Lookup (Deterministic)" name="should maintain constant operation count for ID lookups" time="0.001">
    </testcase>
    <testcase classname="Performance &amp; Optimization - Phase 22.2 Fixes › Constant-Time Lookup (Deterministic)" name="should provide O(1) lookup for quote by ID" time="0.001">
    </testcase>
    <testcase classname="Performance &amp; Optimization - Phase 22.2 Fixes › Search Efficiency (Deterministic)" name="should perform substring search efficiently" time="0.001">
    </testcase>
    <testcase classname="Performance &amp; Optimization - Phase 22.2 Fixes › Search Efficiency (Deterministic)" name="should scale search performance predictably" time="0.001">
    </testcase>
    <testcase classname="Performance &amp; Optimization - Phase 22.2 Fixes › Search Efficiency (Deterministic)" name="should handle large search results efficiently" time="0.002">
    </testcase>
    <testcase classname="Performance &amp; Optimization - Phase 22.2 Fixes › Memory Efficiency (Deterministic)" name="should track memory usage through operation lifecycle" time="0.001">
    </testcase>
    <testcase classname="Performance &amp; Optimization - Phase 22.2 Fixes › Memory Efficiency (Deterministic)" name="should maintain consistent memory with bulk deletes" time="0.001">
    </testcase>
    <testcase classname="Performance &amp; Optimization - Phase 22.2 Fixes › Memory Efficiency (Deterministic)" name="should handle rapid operations without bloat" time="0.001">
    </testcase>
    <testcase classname="Performance &amp; Optimization - Phase 22.2 Fixes › Scalability &amp; Growth Patterns (Deterministic)" name="should maintain linear performance with dataset growth" time="0.002">
    </testcase>
    <testcase classname="Performance &amp; Optimization - Phase 22.2 Fixes › Scalability &amp; Growth Patterns (Deterministic)" name="should handle maximum practical dataset efficiently" time="0.001">
    </testcase>
    <testcase classname="Performance &amp; Optimization - Phase 22.2 Fixes › Performance Baselines &amp; Benchmarks (Deterministic)" name="should establish baseline operation counts" time="0">
    </testcase>
    <testcase classname="Performance &amp; Optimization - Phase 22.2 Fixes › Performance Baselines &amp; Benchmarks (Deterministic)" name="should track operation count growth predictably" time="0.001">
    </testcase>
    <testcase classname="Performance &amp; Optimization - Phase 22.2 Fixes › Performance Baselines &amp; Benchmarks (Deterministic)" name="should identify operation count regressions" time="0">
    </testcase>
  </testsuite>
  <testsuite name="Phase 22.6a: Response Helper Mock Tests" errors="0" failures="0" skipped="0" timestamp="2026-06-29T10:38:45" time="0.04" tests="25">
    <testcase classname="Phase 22.6a: Response Helper Mock Tests › response helpers infrastructure" name="should have all response helpers available" time="0.001">
    </testcase>
    <testcase classname="Phase 22.6a: Response Helper Mock Tests › response helpers infrastructure" name="should be mockable with jest" time="0">
    </testcase>
    <testcase classname="Phase 22.6a: Response Helper Mock Tests › response helpers infrastructure" name="should track call counts" time="0.001">
    </testcase>
    <testcase classname="Phase 22.6a: Response Helper Mock Tests › response helpers infrastructure" name="should verify call arguments" time="0.001">
    </testcase>
    <testcase classname="Phase 22.6a: Response Helper Mock Tests › response helpers infrastructure" name="should support error response helpers" time="0.001">
    </testcase>
    <testcase classname="Phase 22.6a: Response Helper Mock Tests › response helpers infrastructure" name="should support quote-specific helpers" time="0">
    </testcase>
    <testcase classname="Phase 22.6a: Response Helper Mock Tests › response helpers infrastructure" name="should support direct messaging" time="0">
    </testcase>
    <testcase classname="Phase 22.6a: Response Helper Mock Tests › mock interaction patterns" name="should create mock interaction objects" time="0.001">
    </testcase>
    <testcase classname="Phase 22.6a: Response Helper Mock Tests › mock interaction patterns" name="should support command option retrieval" time="0.001">
    </testcase>
    <testcase classname="Phase 22.6a: Response Helper Mock Tests › mock interaction patterns" name="should support batch interaction creation" time="0">
    </testcase>
    <testcase classname="Phase 22.6a: Response Helper Mock Tests › helper call verification" name="should verify sendSuccess is called with correct args" time="0.001">
    </testcase>
    <testcase classname="Phase 22.6a: Response Helper Mock Tests › helper call verification" name="should verify sendError is called with message and ephemeral flag" time="0">
    </testcase>
    <testcase classname="Phase 22.6a: Response Helper Mock Tests › helper call verification" name="should track multiple sequential calls" time="0">
    </testcase>
    <testcase classname="Phase 22.6a: Response Helper Mock Tests › helper call verification" name="should verify quote embed calls with quote data" time="0.001">
    </testcase>
    <testcase classname="Phase 22.6a: Response Helper Mock Tests › helper call verification" name="should verify embed creation" time="0.001">
    </testcase>
    <testcase classname="Phase 22.6a: Response Helper Mock Tests › common helper call patterns" name="should support success pattern for all command types" time="0.001">
    </testcase>
    <testcase classname="Phase 22.6a: Response Helper Mock Tests › common helper call patterns" name="should support error pattern for all command types" time="0.001">
    </testcase>
    <testcase classname="Phase 22.6a: Response Helper Mock Tests › common helper call patterns" name="should support mixed success/error responses" time="0">
    </testcase>
    <testcase classname="Phase 22.6a: Response Helper Mock Tests › common helper call patterns" name="should support DM pattern" time="0.001">
    </testcase>
    <testcase classname="Phase 22.6a: Response Helper Mock Tests › Phase 22.6a Coverage Metrics" name="should support coverage improvement tracking" time="0.001">
    </testcase>
    <testcase classname="Phase 22.6a: Response Helper Mock Tests › Phase 22.6a Coverage Metrics" name="should provide foundation for per-command helper tests" time="0.001">
    </testcase>
    <testcase classname="Phase 22.6a: Response Helper Mock Tests › Phase 22.6a Coverage Metrics" name="should track 5 new test suites in Phase 22.6a" time="0">
    </testcase>
    <testcase classname="Phase 22.6a: Response Helper Mock Tests › batch response helper testing" name="should test response helpers for all command categories" time="0.001">
    </testcase>
    <testcase classname="Phase 22.6a: Response Helper Mock Tests › batch response helper testing" name="should verify response helper mocking works across multiple calls" time="0.001">
    </testcase>
    <testcase classname="Phase 22.6a: Response Helper Mock Tests › batch response helper testing" name="should support concurrent response helper calls" time="0.001">
    </testcase>
  </testsuite>
  <testsuite name="Link Validator - Auto-Fix Feature" errors="0" failures="0" skipped="0" timestamp="2026-06-29T10:38:45" time="0.044" tests="16">
    <testcase classname="Link Validator - Auto-Fix Feature › findCaseInsensitiveMatch()" name="should find file with case mismatch" time="0.002">
    </testcase>
    <testcase classname="Link Validator - Auto-Fix Feature › findCaseInsensitiveMatch()" name="should find file in nested directories with case mismatch" time="0.002">
    </testcase>
    <testcase classname="Link Validator - Auto-Fix Feature › findCaseInsensitiveMatch()" name="should return null when no case-insensitive match exists" time="0.001">
    </testcase>
    <testcase classname="Link Validator - Auto-Fix Feature › findCaseInsensitiveMatch()" name="should handle files with multiple case variations" time="0.001">
    </testcase>
    <testcase classname="Link Validator - Auto-Fix Feature › replaceLinkInFile()" name="should replace broken link with correct one" time="0.002">
    </testcase>
    <testcase classname="Link Validator - Auto-Fix Feature › replaceLinkInFile()" name="should replace all occurrences of broken link" time="0.001">
    </testcase>
    <testcase classname="Link Validator - Auto-Fix Feature › replaceLinkInFile()" name="should preserve anchor portions of links" time="0.002">
    </testcase>
    <testcase classname="Link Validator - Auto-Fix Feature › replaceLinkInFile()" name="should not modify non-link text" time="0.001">
    </testcase>
    <testcase classname="Link Validator - Auto-Fix Feature › autoFixLinks()" name="should fix all broken links in a file with case mismatches" time="0.004">
    </testcase>
    <testcase classname="Link Validator - Auto-Fix Feature › autoFixLinks()" name="should fix multiple broken links in one file" time="0.002">
    </testcase>
    <testcase classname="Link Validator - Auto-Fix Feature › autoFixLinks()" name="should not fail on valid links" time="0.001">
    </testcase>
    <testcase classname="Link Validator - Auto-Fix Feature › autoFixLinks()" name="should skip external links" time="0.001">
    </testcase>
    <testcase classname="Link Validator - Auto-Fix Feature › autoFixLinks()" name="should skip anchor-only links" time="0.001">
    </testcase>
    <testcase classname="Link Validator - Auto-Fix Feature › autoFixLinks()" name="should preserve relative path structure" time="0.002">
    </testcase>
    <testcase classname="Link Validator - Auto-Fix Feature › validateAndFixDocumentation()" name="should return summary with fix count" time="0.001">
    </testcase>
    <testcase classname="Link Validator - Auto-Fix Feature › validateAndFixDocumentation()" name="should only fix when --fix flag is enabled" time="0.001">
    </testcase>
  </testsuite>
  <testsuite name="Phase 22.6c: User Preference &amp; Misc Command Service Mocking" errors="0" failures="0" skipped="0" timestamp="2026-06-29T10:38:45" time="0.048" tests="30">
    <testcase classname="Phase 22.6c: User Preference &amp; Misc Command Service Mocking › opt-in command" name="should handle invalid preference type" time="0.001">
    </testcase>
    <testcase classname="Phase 22.6c: User Preference &amp; Misc Command Service Mocking › opt-in command" name="should handle user already opted in" time="0.001">
    </testcase>
    <testcase classname="Phase 22.6c: User Preference &amp; Misc Command Service Mocking › opt-in command" name="should handle communication service error on opt-in" time="0.001">
    </testcase>
    <testcase classname="Phase 22.6c: User Preference &amp; Misc Command Service Mocking › opt-in command" name="should handle database error on opt-in" time="0.001">
    </testcase>
    <testcase classname="Phase 22.6c: User Preference &amp; Misc Command Service Mocking › opt-out command" name="should handle invalid preference type on opt-out" time="0.001">
    </testcase>
    <testcase classname="Phase 22.6c: User Preference &amp; Misc Command Service Mocking › opt-out command" name="should handle user not opted in error" time="0">
    </testcase>
    <testcase classname="Phase 22.6c: User Preference &amp; Misc Command Service Mocking › opt-out command" name="should handle communication service error on opt-out" time="0.001">
    </testcase>
    <testcase classname="Phase 22.6c: User Preference &amp; Misc Command Service Mocking › opt-out command" name="should handle database error on opt-out" time="0.001">
    </testcase>
    <testcase classname="Phase 22.6c: User Preference &amp; Misc Command Service Mocking › opt-in-request command" name="should handle user not found on request" time="0.001">
    </testcase>
    <testcase classname="Phase 22.6c: User Preference &amp; Misc Command Service Mocking › opt-in-request command" name="should handle permission denied checking other user" time="0">
    </testcase>
    <testcase classname="Phase 22.6c: User Preference &amp; Misc Command Service Mocking › opt-in-request command" name="should handle communication service error on request" time="0">
    </testcase>
    <testcase classname="Phase 22.6c: User Preference &amp; Misc Command Service Mocking › comm-status command" name="should handle database error on status check" time="0.001">
    </testcase>
    <testcase classname="Phase 22.6c: User Preference &amp; Misc Command Service Mocking › comm-status command" name="should handle communication service timeout" time="0.001">
    </testcase>
    <testcase classname="Phase 22.6c: User Preference &amp; Misc Command Service Mocking › comm-status command" name="should return user preferences on success" time="0.001">
    </testcase>
    <testcase classname="Phase 22.6c: User Preference &amp; Misc Command Service Mocking › poem command" name="should handle HuggingFace API error" time="0">
    </testcase>
    <testcase classname="Phase 22.6c: User Preference &amp; Misc Command Service Mocking › poem command" name="should handle API timeout on poem generation" time="0.001">
    </testcase>
    <testcase classname="Phase 22.6c: User Preference &amp; Misc Command Service Mocking › poem command" name="should handle invalid API response format" time="0.001">
    </testcase>
    <testcase classname="Phase 22.6c: User Preference &amp; Misc Command Service Mocking › poem command" name="should handle rate limiting from HuggingFace" time="0">
    </testcase>
    <testcase classname="Phase 22.6c: User Preference &amp; Misc Command Service Mocking › poem command" name="should handle network error on poem request" time="0">
    </testcase>
    <testcase classname="Phase 22.6c: User Preference &amp; Misc Command Service Mocking › help command" name="should handle invalid help topic" time="0.001">
    </testcase>
    <testcase classname="Phase 22.6c: User Preference &amp; Misc Command Service Mocking › help command" name="should return help content successfully" time="0.001">
    </testcase>
    <testcase classname="Phase 22.6c: User Preference &amp; Misc Command Service Mocking › ping command" name="should handle network timeout on ping" time="0">
    </testcase>
    <testcase classname="Phase 22.6c: User Preference &amp; Misc Command Service Mocking › ping command" name="should handle interaction expired" time="0.001">
    </testcase>
    <testcase classname="Phase 22.6c: User Preference &amp; Misc Command Service Mocking › ping command" name="should return latency on success" time="0.001">
    </testcase>
    <testcase classname="Phase 22.6c: User Preference &amp; Misc Command Service Mocking › hi command" name="should return greeting successfully" time="0.001">
    </testcase>
    <testcase classname="Phase 22.6c: User Preference &amp; Misc Command Service Mocking › hi command" name="should handle null user gracefully" time="0">
    </testcase>
    <testcase classname="Phase 22.6c: User Preference &amp; Misc Command Service Mocking › user preference validation" name="should validate preference type enum" time="0.001">
    </testcase>
    <testcase classname="Phase 22.6c: User Preference &amp; Misc Command Service Mocking › user preference validation" name="should validate communication method" time="0.001">
    </testcase>
    <testcase classname="Phase 22.6c: User Preference &amp; Misc Command Service Mocking › user preference validation" name="should handle user privacy preferences" time="0">
    </testcase>
    <testcase classname="Phase 22.6c: User Preference &amp; Misc Command Service Mocking › user preference validation" name="should verify user ID matches interaction user" time="0.007">
    </testcase>
  </testsuite>
  <testsuite name="Phase 22.6b: Admin Command Parameter Validation" errors="0" failures="0" skipped="0" timestamp="2026-06-29T10:38:45" time="0.037" tests="31">
    <testcase classname="Phase 22.6b: Admin Command Parameter Validation › broadcast command" name="should define message parameter as required string" time="0">
    </testcase>
    <testcase classname="Phase 22.6b: Admin Command Parameter Validation › broadcast command" name="should enforce message length constraints" time="0">
    </testcase>
    <testcase classname="Phase 22.6b: Admin Command Parameter Validation › broadcast command" name="should validate channel parameter as optional" time="0.001">
    </testcase>
    <testcase classname="Phase 22.6b: Admin Command Parameter Validation › embed-message command" name="should define content parameter as required string" time="0">
    </testcase>
    <testcase classname="Phase 22.6b: Admin Command Parameter Validation › embed-message command" name="should enforce title and content length constraints" time="0">
    </testcase>
    <testcase classname="Phase 22.6b: Admin Command Parameter Validation › embed-message command" name="should accept optional color parameter in valid formats" time="0.001">
    </testcase>
    <testcase classname="Phase 22.6b: Admin Command Parameter Validation › external-action-send command" name="should define action parameter as required enum" time="0">
    </testcase>
    <testcase classname="Phase 22.6b: Admin Command Parameter Validation › external-action-send command" name="should require payload for action parameter" time="0.001">
    </testcase>
    <testcase classname="Phase 22.6b: Admin Command Parameter Validation › external-action-send command" name="should validate optional timeout parameter" time="0">
    </testcase>
    <testcase classname="Phase 22.6b: Admin Command Parameter Validation › external-action-status command" name="should define action-id parameter as required string" time="0.001">
    </testcase>
    <testcase classname="Phase 22.6b: Admin Command Parameter Validation › external-action-status command" name="should accept optional verbose parameter" time="0">
    </testcase>
    <testcase classname="Phase 22.6b: Admin Command Parameter Validation › proxy-config command" name="should define proxy-url parameter as required string" time="0">
    </testcase>
    <testcase classname="Phase 22.6b: Admin Command Parameter Validation › proxy-config command" name="should validate authentication parameters" time="0">
    </testcase>
    <testcase classname="Phase 22.6b: Admin Command Parameter Validation › proxy-config command" name="should accept optional port parameter as positive integer" time="0">
    </testcase>
    <testcase classname="Phase 22.6b: Admin Command Parameter Validation › proxy-enable and proxy-disable commands" name="should define proxy-name parameter as required string" time="0.001">
    </testcase>
    <testcase classname="Phase 22.6b: Admin Command Parameter Validation › proxy-enable and proxy-disable commands" name="should accept optional force parameter as boolean" time="0">
    </testcase>
    <testcase classname="Phase 22.6b: Admin Command Parameter Validation › proxy-status command" name="should accept optional proxy-name parameter" time="0.001">
    </testcase>
    <testcase classname="Phase 22.6b: Admin Command Parameter Validation › proxy-status command" name="should accept optional verbose parameter for detailed status" time="0">
    </testcase>
    <testcase classname="Phase 22.6b: Admin Command Parameter Validation › say command" name="should define message parameter as required string" time="0.001">
    </testcase>
    <testcase classname="Phase 22.6b: Admin Command Parameter Validation › say command" name="should enforce message length constraint (Discord 2000 char limit)" time="0">
    </testcase>
    <testcase classname="Phase 22.6b: Admin Command Parameter Validation › say command" name="should accept optional channel parameter" time="0.001">
    </testcase>
    <testcase classname="Phase 22.6b: Admin Command Parameter Validation › whisper command" name="should define user parameter as required" time="0">
    </testcase>
    <testcase classname="Phase 22.6b: Admin Command Parameter Validation › whisper command" name="should require message parameter for DM content" time="0.001">
    </testcase>
    <testcase classname="Phase 22.6b: Admin Command Parameter Validation › whisper command" name="should enforce message length constraint" time="0">
    </testcase>
    <testcase classname="Phase 22.6b: Admin Command Parameter Validation › whisper command" name="should accept optional anonymous flag" time="0.001">
    </testcase>
    <testcase classname="Phase 22.6b: Admin Command Parameter Validation › admin commands cross-validation" name="should consistently enforce string parameter validation across commands" time="0">
    </testcase>
    <testcase classname="Phase 22.6b: Admin Command Parameter Validation › admin commands cross-validation" name="should handle URL parameter validation across proxy and embed commands" time="0.001">
    </testcase>
    <testcase classname="Phase 22.6b: Admin Command Parameter Validation › admin commands cross-validation" name="should enforce Discord entity parameter format consistently" time="0">
    </testcase>
    <testcase classname="Phase 22.6b: Admin Command Parameter Validation › admin command edge cases" name="should handle special characters in message parameters" time="0">
    </testcase>
    <testcase classname="Phase 22.6b: Admin Command Parameter Validation › admin command edge cases" name="should handle whitespace-only parameter rejection" time="0">
    </testcase>
    <testcase classname="Phase 22.6b: Admin Command Parameter Validation › admin command edge cases" name="should handle very long parameter values gracefully" time="0">
    </testcase>
  </testsuite>
  <testsuite name="Validator Consolidation - validate-commands.js" errors="0" failures="0" skipped="0" timestamp="2026-06-29T10:38:45" time="0.037" tests="31">
    <testcase classname="Validator Consolidation - validate-commands.js › Script Existence &amp; Structure" name="should have validate-commands.js in scripts directory" time="0.001">
    </testcase>
    <testcase classname="Validator Consolidation - validate-commands.js › Script Existence &amp; Structure" name="should not have deprecated run-tests.js" time="0.001">
    </testcase>
    <testcase classname="Validator Consolidation - validate-commands.js › Script Existence &amp; Structure" name="should be executable" time="0">
    </testcase>
    <testcase classname="Validator Consolidation - validate-commands.js › Command Line Interface" name="should have CLI argument handling" time="0.001">
    </testcase>
    <testcase classname="Validator Consolidation - validate-commands.js › Command Line Interface" name="should support --commands mode for command validation" time="0.001">
    </testcase>
    <testcase classname="Validator Consolidation - validate-commands.js › Command Line Interface" name="should support --test mode for running tests" time="0">
    </testcase>
    <testcase classname="Validator Consolidation - validate-commands.js › Command Line Interface" name="should support --lint mode for linting validation" time="0.001">
    </testcase>
    <testcase classname="Validator Consolidation - validate-commands.js › Command Line Interface" name="should have help documentation" time="0">
    </testcase>
    <testcase classname="Validator Consolidation - validate-commands.js › Feature Consolidation from run-tests.js" name="should run test suite (from run-tests.js)" time="0.001">
    </testcase>
    <testcase classname="Validator Consolidation - validate-commands.js › Feature Consolidation from run-tests.js" name="should provide test summary (from run-tests.js)" time="0">
    </testcase>
    <testcase classname="Validator Consolidation - validate-commands.js › Feature Consolidation from validate-commands.js" name="should validate command structure (from validate-commands.js)" time="0">
    </testcase>
    <testcase classname="Validator Consolidation - validate-commands.js › Feature Consolidation from validate-commands.js" name="should check command exports (from validate-commands.js)" time="0.001">
    </testcase>
    <testcase classname="Validator Consolidation - validate-commands.js › Feature Consolidation from validate-commands.js" name="should validate command registration (from validate-commands.js)" time="0">
    </testcase>
    <testcase classname="Validator Consolidation - validate-commands.js › Error Handling" name="should have try-catch error handling" time="0.001">
    </testcase>
    <testcase classname="Validator Consolidation - validate-commands.js › Error Handling" name="should handle missing command directories" time="0">
    </testcase>
    <testcase classname="Validator Consolidation - validate-commands.js › Error Handling" name="should provide meaningful error messages" time="0.001">
    </testcase>
    <testcase classname="Validator Consolidation - validate-commands.js › Backward Compatibility" name="should maintain npm script compatibility" time="0">
    </testcase>
    <testcase classname="Validator Consolidation - validate-commands.js › Backward Compatibility" name="should use proper test execution" time="0">
    </testcase>
    <testcase classname="Validator Consolidation - validate-commands.js › Backward Compatibility" name="should provide validate-commands integration" time="0.001">
    </testcase>
    <testcase classname="Validator Consolidation - validate-commands.js › Integration with Test Framework" name="should work with Jest" time="0">
    </testcase>
    <testcase classname="Validator Consolidation - validate-commands.js › Integration with npm Scripts" name="should be accessible via npm run test" time="0.001">
    </testcase>
    <testcase classname="Validator Consolidation - validate-commands.js › Integration with npm Scripts" name="should be accessible via npm run validate" time="0">
    </testcase>
    <testcase classname="Validator Consolidation - validate-commands.js › Integration with npm Scripts" name="should be accessible via npm run validate:commands" time="0.001">
    </testcase>
    <testcase classname="Validator Consolidation - validate-commands.js › Output Format" name="should use utilities module" time="0">
    </testcase>
    <testcase classname="Validator Consolidation - validate-commands.js › Output Format" name="should have output formatting" time="0">
    </testcase>
    <testcase classname="Validator Consolidation - validate-commands.js › Output Format" name="should show validation status" time="0.001">
    </testcase>
    <testcase classname="Validator Consolidation - validate-commands.js › Exit Codes" name="should handle success and failure states" time="0">
    </testcase>
    <testcase classname="Consolidation Impact Analysis" name="should eliminate duplicate validation logic" time="0.001">
    </testcase>
    <testcase classname="Consolidation Impact Analysis" name="should maintain all npm scripts" time="0">
    </testcase>
    <testcase classname="Consolidation Impact Analysis" name="should not break existing workflow" time="0.001">
    </testcase>
    <testcase classname="Consolidation Impact Analysis" name="should reduce script count" time="0">
    </testcase>
  </testsuite>
  <testsuite name="Phase 22.6c: Admin Command Service Mocking" errors="0" failures="0" skipped="0" timestamp="2026-06-29T10:38:45" time="0.035" tests="31">
    <testcase classname="Phase 22.6c: Admin Command Service Mocking › broadcast command" name="should handle permission denied for non-admin user" time="0.001">
    </testcase>
    <testcase classname="Phase 22.6c: Admin Command Service Mocking › broadcast command" name="should handle message too long validation" time="0">
    </testcase>
    <testcase classname="Phase 22.6c: Admin Command Service Mocking › broadcast command" name="should handle channel not found error" time="0">
    </testcase>
    <testcase classname="Phase 22.6c: Admin Command Service Mocking › broadcast command" name="should handle no permission to send message in channel" time="0.001">
    </testcase>
    <testcase classname="Phase 22.6c: Admin Command Service Mocking › broadcast command" name="should handle rate limiting on broadcast" time="0">
    </testcase>
    <testcase classname="Phase 22.6c: Admin Command Service Mocking › broadcast command" name="should handle network error during broadcast" time="0.001">
    </testcase>
    <testcase classname="Phase 22.6c: Admin Command Service Mocking › say command" name="should handle channel not found on say" time="0.001">
    </testcase>
    <testcase classname="Phase 22.6c: Admin Command Service Mocking › say command" name="should handle permission denied to send in channel" time="0">
    </testcase>
    <testcase classname="Phase 22.6c: Admin Command Service Mocking › say command" name="should handle message too long on say" time="0.001">
    </testcase>
    <testcase classname="Phase 22.6c: Admin Command Service Mocking › say command" name="should handle channel deleted error" time="0">
    </testcase>
    <testcase classname="Phase 22.6c: Admin Command Service Mocking › say command" name="should handle Discord API timeout on say" time="0.001">
    </testcase>
    <testcase classname="Phase 22.6c: Admin Command Service Mocking › whisper command" name="should handle user not found on whisper" time="0">
    </testcase>
    <testcase classname="Phase 22.6c: Admin Command Service Mocking › whisper command" name="should handle user has blocked bot DMs" time="0.001">
    </testcase>
    <testcase classname="Phase 22.6c: Admin Command Service Mocking › whisper command" name="should handle DM open permission denied" time="0">
    </testcase>
    <testcase classname="Phase 22.6c: Admin Command Service Mocking › whisper command" name="should handle message too long on whisper" time="0.001">
    </testcase>
    <testcase classname="Phase 22.6c: Admin Command Service Mocking › whisper command" name="should handle network timeout on whisper" time="0">
    </testcase>
    <testcase classname="Phase 22.6c: Admin Command Service Mocking › proxy-config command" name="should handle invalid URL format" time="0">
    </testcase>
    <testcase classname="Phase 22.6c: Admin Command Service Mocking › proxy-config command" name="should handle proxy server unreachable" time="0.001">
    </testcase>
    <testcase classname="Phase 22.6c: Admin Command Service Mocking › proxy-config command" name="should handle invalid proxy response" time="0">
    </testcase>
    <testcase classname="Phase 22.6c: Admin Command Service Mocking › proxy-config command" name="should handle network timeout on proxy config" time="0.001">
    </testcase>
    <testcase classname="Phase 22.6c: Admin Command Service Mocking › proxy-config command" name="should handle database error on config save" time="0">
    </testcase>
    <testcase classname="Phase 22.6c: Admin Command Service Mocking › proxy-config command" name="should handle permission denied on proxy config" time="0.001">
    </testcase>
    <testcase classname="Phase 22.6c: Admin Command Service Mocking › proxy-enable and proxy-disable commands" name="should handle proxy not configured error" time="0">
    </testcase>
    <testcase classname="Phase 22.6c: Admin Command Service Mocking › proxy-enable and proxy-disable commands" name="should handle permission denied on proxy enable" time="0.001">
    </testcase>
    <testcase classname="Phase 22.6c: Admin Command Service Mocking › proxy-enable and proxy-disable commands" name="should handle proxy already enabled error" time="0">
    </testcase>
    <testcase classname="Phase 22.6c: Admin Command Service Mocking › proxy-enable and proxy-disable commands" name="should handle proxy already disabled error" time="0.001">
    </testcase>
    <testcase classname="Phase 22.6c: Admin Command Service Mocking › proxy-enable and proxy-disable commands" name="should handle database error on proxy state update" time="0">
    </testcase>
    <testcase classname="Phase 22.6c: Admin Command Service Mocking › admin commands permission checks" name="should verify administrator permission required" time="0.001">
    </testcase>
    <testcase classname="Phase 22.6c: Admin Command Service Mocking › admin commands permission checks" name="should deny access when user lacks admin role" time="0">
    </testcase>
    <testcase classname="Phase 22.6c: Admin Command Service Mocking › admin commands permission checks" name="should handle guild not found error" time="0.001">
    </testcase>
    <testcase classname="Phase 22.6c: Admin Command Service Mocking › admin commands permission checks" name="should handle bot missing ADMINISTRATOR permission in guild" time="0">
    </testcase>
  </testsuite>
  <testsuite name="Phase 22.6b: User Preference Command Parameter Validation" errors="0" failures="0" skipped="0" timestamp="2026-06-29T10:38:45" time="0.032" tests="23">
    <testcase classname="Phase 22.6b: User Preference Command Parameter Validation › opt-in command" name="should define preference-type parameter as required enum" time="0.001">
    </testcase>
    <testcase classname="Phase 22.6b: User Preference Command Parameter Validation › opt-in command" name="should accept optional reason parameter" time="0.001">
    </testcase>
    <testcase classname="Phase 22.6b: User Preference Command Parameter Validation › opt-in command" name="should accept optional notification-method parameter" time="0">
    </testcase>
    <testcase classname="Phase 22.6b: User Preference Command Parameter Validation › opt-out command" name="should define opt-out-type parameter as required enum" time="0.001">
    </testcase>
    <testcase classname="Phase 22.6b: User Preference Command Parameter Validation › opt-out command" name="should accept optional duration for temporary opt-out" time="0">
    </testcase>
    <testcase classname="Phase 22.6b: User Preference Command Parameter Validation › opt-out command" name="should accept optional reason for opt-out decision" time="0">
    </testcase>
    <testcase classname="Phase 22.6b: User Preference Command Parameter Validation › opt-in-request command" name="should define target-user parameter as required" time="0.001">
    </testcase>
    <testcase classname="Phase 22.6b: User Preference Command Parameter Validation › opt-in-request command" name="should accept optional message to send with request" time="0">
    </testcase>
    <testcase classname="Phase 22.6b: User Preference Command Parameter Validation › opt-in-request command" name="should accept optional preference-type parameter" time="0.001">
    </testcase>
    <testcase classname="Phase 22.6b: User Preference Command Parameter Validation › opt-in-request command" name="should accept optional expiration parameter" time="0">
    </testcase>
    <testcase classname="Phase 22.6b: User Preference Command Parameter Validation › comm-status command" name="should accept optional user parameter to check other users status" time="0.001">
    </testcase>
    <testcase classname="Phase 22.6b: User Preference Command Parameter Validation › comm-status command" name="should accept optional verbose parameter for detailed status" time="0">
    </testcase>
    <testcase classname="Phase 22.6b: User Preference Command Parameter Validation › user preference commands cross-validation" name="should consistently handle preference-type enum across commands" time="0.001">
    </testcase>
    <testcase classname="Phase 22.6b: User Preference Command Parameter Validation › user preference commands cross-validation" name="should validate duration strings consistently across opt-out" time="0">
    </testcase>
    <testcase classname="Phase 22.6b: User Preference Command Parameter Validation › user preference commands cross-validation" name="should enforce message length limits across opt-in-request" time="0">
    </testcase>
    <testcase classname="Phase 22.6b: User Preference Command Parameter Validation › user preference enum parameter validation" name="should reject invalid preference types" time="0.001">
    </testcase>
    <testcase classname="Phase 22.6b: User Preference Command Parameter Validation › user preference enum parameter validation" name="should handle case sensitivity in enum values" time="0">
    </testcase>
    <testcase classname="Phase 22.6b: User Preference Command Parameter Validation › user preference enum parameter validation" name="should validate notification method enum values" time="0.001">
    </testcase>
    <testcase classname="Phase 22.6b: User Preference Command Parameter Validation › user preference edge cases" name="should handle empty or missing optional parameters" time="0">
    </testcase>
    <testcase classname="Phase 22.6b: User Preference Command Parameter Validation › user preference edge cases" name="should validate reason text with special characters" time="0.001">
    </testcase>
    <testcase classname="Phase 22.6b: User Preference Command Parameter Validation › user preference edge cases" name="should handle whitespace-only parameter rejection in required fields" time="0">
    </testcase>
    <testcase classname="Phase 22.6b: User Preference Command Parameter Validation › user preference edge cases" name="should validate very long preference reason texts" time="0.001">
    </testcase>
    <testcase classname="Phase 22.6b: User Preference Command Parameter Validation › user preference edge cases" name="should handle Discord mention format in user parameters" time="0">
    </testcase>
  </testsuite>
  <testsuite name="Coverage Consolidation - coverage.js" errors="0" failures="0" skipped="0" timestamp="2026-06-29T10:38:46" time="0.032" tests="23">
    <testcase classname="Coverage Consolidation - coverage.js › Script Existence &amp; Structure" name="should have consolidated coverage.js in scripts directory" time="0.001">
    </testcase>
    <testcase classname="Coverage Consolidation - coverage.js › Script Existence &amp; Structure" name="should not have deprecated coverage-tracking.js" time="0">
    </testcase>
    <testcase classname="Coverage Consolidation - coverage.js › Script Existence &amp; Structure" name="should not have deprecated coverage-unified.js" time="0">
    </testcase>
    <testcase classname="Coverage Consolidation - coverage.js › Script Content &amp; Modes" name="should have CLI argument handling" time="0.001">
    </testcase>
    <testcase classname="Coverage Consolidation - coverage.js › Script Content &amp; Modes" name="should support --report mode for coverage reporting" time="0">
    </testcase>
    <testcase classname="Coverage Consolidation - coverage.js › Script Content &amp; Modes" name="should support --validate mode for coverage validation" time="0.001">
    </testcase>
    <testcase classname="Coverage Consolidation - coverage.js › Script Content &amp; Modes" name="should support --baseline mode for baseline tracking" time="0.001">
    </testcase>
    <testcase classname="Coverage Consolidation - coverage.js › Script Content &amp; Modes" name="should support --compare mode for coverage comparison" time="0">
    </testcase>
    <testcase classname="Coverage Consolidation - coverage.js › Script Content &amp; Modes" name="should have help documentation" time="0.001">
    </testcase>
    <testcase classname="Coverage Consolidation - coverage.js › Error Handling" name="should have try-catch error handling" time="0">
    </testcase>
    <testcase classname="Coverage Consolidation - coverage.js › Error Handling" name="should handle missing configuration files" time="0.001">
    </testcase>
    <testcase classname="Coverage Consolidation - coverage.js › Feature Consolidation" name="should include report generation from coverage-tracking.js" time="0">
    </testcase>
    <testcase classname="Coverage Consolidation - coverage.js › Feature Consolidation" name="should include baseline tracking from coverage-unified.js" time="0">
    </testcase>
    <testcase classname="Coverage Consolidation - coverage.js › Feature Consolidation" name="should include history comparison from coverage-unified.js" time="0">
    </testcase>
    <testcase classname="Coverage Consolidation - coverage.js › Feature Consolidation" name="should include threshold validation from coverage-tracking.js" time="0">
    </testcase>
    <testcase classname="Coverage Consolidation - coverage.js › Configuration &amp; Output" name="should import utilities from lib/utils.js" time="0.001">
    </testcase>
    <testcase classname="Coverage Consolidation - coverage.js › Configuration &amp; Output" name="should have logging or output formatting" time="0">
    </testcase>
    <testcase classname="Coverage Consolidation - coverage.js › Backward Compatibility" name="should maintain npm script compatibility" time="0.001">
    </testcase>
    <testcase classname="Coverage Consolidation - coverage.js › Backward Compatibility" name="should reference consolidated coverage.js in package.json" time="0">
    </testcase>
    <testcase classname="Coverage Consolidation - coverage.js › Integration with npm test" name="should work with npm run commands" time="0.001">
    </testcase>
    <testcase classname="Coverage Consolidation - coverage.js › Documentation &amp; Help" name="should have usage comments or help text" time="0.001">
    </testcase>
    <testcase classname="Consolidation Impact Analysis" name="should eliminate duplicate coverage scripts" time="0">
    </testcase>
    <testcase classname="Consolidation Impact Analysis" name="should maintain all npm coverage scripts" time="0.001">
    </testcase>
  </testsuite>
</testsuites>